OpenSTA 3.1.0  Copyright (c) 2026, Parallax Software, Inc.
License GPLv3: GNU GPL version 3 <http://gnu.org/licenses/gpl.html>

This is free software, and you are free to change and redistribute it
under certain conditions; type `show_copying' for details. 
This program comes with ABSOLUTELY NO WARRANTY; for details type `show_warranty'.
Warning 503: timing.tcl line 1, report_checks -group_count is deprecated. Use -group_path_count instead.
Startpoint: gen_col[0].u_pe_col/gen_pe[0].u_pe/_8885_
            (rising edge-triggered flip-flop clocked by clk)
Endpoint: gen_col[0].u_pe_col/gen_pe[0].u_pe/_8979_
          (rising edge-triggered flip-flop clocked by clk)
Path Group: clk
Path Type: max

  Delay    Time   Description
---------------------------------------------------------
   0.00    0.00   clock clk (rise edge)
   0.00    0.00   clock network delay (ideal)
   0.00    0.00 ^ gen_col[0].u_pe_col/gen_pe[0].u_pe/_8885_/CLK (sky130_fd_sc_hd__dfrtp_1)
   0.91    0.91 ^ gen_col[0].u_pe_col/gen_pe[0].u_pe/_8885_/Q (sky130_fd_sc_hd__dfrtp_1)
   0.19    1.09 v gen_col[0].u_pe_col/gen_pe[0].u_pe/_8252_/Y (sky130_fd_sc_hd__nand2_1)
   0.41    1.50 v gen_col[0].u_pe_col/gen_pe[0].u_pe/_8254_/X (sky130_fd_sc_hd__maj3_1)
   0.22    1.72 ^ gen_col[0].u_pe_col/gen_pe[0].u_pe/_8256_/X (sky130_fd_sc_hd__xor2_1)
   0.49    2.21 v gen_col[0].u_pe_col/gen_pe[0].u_pe/_8294_/X (sky130_fd_sc_hd__xor3_1)
   0.38    2.58 v gen_col[0].u_pe_col/gen_pe[0].u_pe/_8322_/X (sky130_fd_sc_hd__xnor3_1)
   0.47    3.05 ^ gen_col[0].u_pe_col/gen_pe[0].u_pe/_8325_/Y (sky130_fd_sc_hd__nor4_1)
   0.12    3.17 v gen_col[0].u_pe_col/gen_pe[0].u_pe/_8327_/Y (sky130_fd_sc_hd__nor2_1)
   0.27    3.44 ^ gen_col[0].u_pe_col/gen_pe[0].u_pe/_8339_/Y (sky130_fd_sc_hd__xnor2_1)
   0.13    3.58 v gen_col[0].u_pe_col/gen_pe[0].u_pe/_8358_/Y (sky130_fd_sc_hd__xnor2_1)
   0.36    3.94 v gen_col[0].u_pe_col/gen_pe[0].u_pe/_8402_/X (sky130_fd_sc_hd__maj3_1)
   0.19    4.13 ^ gen_col[0].u_pe_col/gen_pe[0].u_pe/_8404_/Y (sky130_fd_sc_hd__o32ai_1)
   0.19    4.32 ^ gen_col[0].u_pe_col/gen_pe[0].u_pe/_8406_/X (sky130_fd_sc_hd__a21o_1)
   0.20    4.52 ^ gen_col[0].u_pe_col/gen_pe[0].u_pe/_8408_/X (sky130_fd_sc_hd__maj3_1)
   0.09    4.61 v gen_col[0].u_pe_col/gen_pe[0].u_pe/_8410_/Y (sky130_fd_sc_hd__a21oi_1)
   0.22    4.83 v gen_col[0].u_pe_col/gen_pe[0].u_pe/_8412_/X (sky130_fd_sc_hd__o21a_1)
   0.37    5.20 v gen_col[0].u_pe_col/gen_pe[0].u_pe/_8415_/X (sky130_fd_sc_hd__maj3_1)
   0.26    5.46 ^ gen_col[0].u_pe_col/gen_pe[0].u_pe/_8417_/Y (sky130_fd_sc_hd__o21ai_0)
   0.13    5.59 v gen_col[0].u_pe_col/gen_pe[0].u_pe/_8420_/Y (sky130_fd_sc_hd__a21oi_1)
   0.26    5.85 ^ gen_col[0].u_pe_col/gen_pe[0].u_pe/_8423_/Y (sky130_fd_sc_hd__o21ai_0)
   0.13    5.98 v gen_col[0].u_pe_col/gen_pe[0].u_pe/_8425_/Y (sky130_fd_sc_hd__a21oi_1)
   0.25    6.22 ^ gen_col[0].u_pe_col/gen_pe[0].u_pe/_8428_/Y (sky130_fd_sc_hd__o21ai_0)
   0.17    6.39 v gen_col[0].u_pe_col/gen_pe[0].u_pe/_8431_/Y (sky130_fd_sc_hd__a21boi_0)
   0.22    6.61 ^ gen_col[0].u_pe_col/gen_pe[0].u_pe/_8434_/Y (sky130_fd_sc_hd__o21bai_1)
   0.11    6.72 v gen_col[0].u_pe_col/gen_pe[0].u_pe/_8437_/Y (sky130_fd_sc_hd__a21oi_1)
   0.26    6.98 ^ gen_col[0].u_pe_col/gen_pe[0].u_pe/_8440_/Y (sky130_fd_sc_hd__o21ai_0)
   0.13    7.11 v gen_col[0].u_pe_col/gen_pe[0].u_pe/_8443_/Y (sky130_fd_sc_hd__a21oi_1)
   0.25    7.36 ^ gen_col[0].u_pe_col/gen_pe[0].u_pe/_8446_/Y (sky130_fd_sc_hd__o21ai_0)
   0.13    7.48 v gen_col[0].u_pe_col/gen_pe[0].u_pe/_8450_/Y (sky130_fd_sc_hd__a21oi_1)
   0.24    7.72 ^ gen_col[0].u_pe_col/gen_pe[0].u_pe/_8453_/Y (sky130_fd_sc_hd__o21ai_0)
   0.16    7.88 v gen_col[0].u_pe_col/gen_pe[0].u_pe/_8457_/Y (sky130_fd_sc_hd__a21boi_0)
   0.21    8.09 ^ gen_col[0].u_pe_col/gen_pe[0].u_pe/_8460_/Y (sky130_fd_sc_hd__o21bai_1)
   0.14    8.24 v gen_col[0].u_pe_col/gen_pe[0].u_pe/_8463_/Y (sky130_fd_sc_hd__a21boi_0)
   0.22    8.45 ^ gen_col[0].u_pe_col/gen_pe[0].u_pe/_8733_/Y (sky130_fd_sc_hd__o21ai_0)
   0.13    8.58 ^ gen_col[0].u_pe_col/gen_pe[0].u_pe/_8849_/Y (sky130_fd_sc_hd__xnor2_1)
   0.07    8.66 v gen_col[0].u_pe_col/gen_pe[0].u_pe/_8850_/Y (sky130_fd_sc_hd__o21ai_0)
   0.00    8.66 v gen_col[0].u_pe_col/gen_pe[0].u_pe/_8979_/D (sky130_fd_sc_hd__dfrtp_1)
           8.66   data arrival time

  20.00   20.00   clock clk (rise edge)
   0.00   20.00   clock network delay (ideal)
   0.00   20.00   clock reconvergence pessimism
          20.00 ^ gen_col[0].u_pe_col/gen_pe[0].u_pe/_8979_/CLK (sky130_fd_sc_hd__dfrtp_1)
  -0.13   19.87   library setup time
          19.87   data required time
---------------------------------------------------------
          19.87   data required time
          -8.66   data arrival time
---------------------------------------------------------
          11.22   slack (MET)


Startpoint: gen_col[0].u_pe_col/gen_pe[10].u_pe/_8885_
            (rising edge-triggered flip-flop clocked by clk)
Endpoint: gen_col[0].u_pe_col/gen_pe[10].u_pe/_8979_
          (rising edge-triggered flip-flop clocked by clk)
Path Group: clk
Path Type: max

  Delay    Time   Description
---------------------------------------------------------
   0.00    0.00   clock clk (rise edge)
   0.00    0.00   clock network delay (ideal)
   0.00    0.00 ^ gen_col[0].u_pe_col/gen_pe[10].u_pe/_8885_/CLK (sky130_fd_sc_hd__dfrtp_1)
   0.91    0.91 ^ gen_col[0].u_pe_col/gen_pe[10].u_pe/_8885_/Q (sky130_fd_sc_hd__dfrtp_1)
   0.19    1.09 v gen_col[0].u_pe_col/gen_pe[10].u_pe/_8252_/Y (sky130_fd_sc_hd__nand2_1)
   0.41    1.50 v gen_col[0].u_pe_col/gen_pe[10].u_pe/_8254_/X (sky130_fd_sc_hd__maj3_1)
   0.22    1.72 ^ gen_col[0].u_pe_col/gen_pe[10].u_pe/_8256_/X (sky130_fd_sc_hd__xor2_1)
   0.49    2.21 v gen_col[0].u_pe_col/gen_pe[10].u_pe/_8294_/X (sky130_fd_sc_hd__xor3_1)
   0.38    2.58 v gen_col[0].u_pe_col/gen_pe[10].u_pe/_8322_/X (sky130_fd_sc_hd__xnor3_1)
   0.47    3.05 ^ gen_col[0].u_pe_col/gen_pe[10].u_pe/_8325_/Y (sky130_fd_sc_hd__nor4_1)
   0.12    3.17 v gen_col[0].u_pe_col/gen_pe[10].u_pe/_8327_/Y (sky130_fd_sc_hd__nor2_1)
   0.27    3.44 ^ gen_col[0].u_pe_col/gen_pe[10].u_pe/_8339_/Y (sky130_fd_sc_hd__xnor2_1)
   0.13    3.58 v gen_col[0].u_pe_col/gen_pe[10].u_pe/_8358_/Y (sky130_fd_sc_hd__xnor2_1)
   0.36    3.94 v gen_col[0].u_pe_col/gen_pe[10].u_pe/_8402_/X (sky130_fd_sc_hd__maj3_1)
   0.19    4.13 ^ gen_col[0].u_pe_col/gen_pe[10].u_pe/_8404_/Y (sky130_fd_sc_hd__o32ai_1)
   0.19    4.32 ^ gen_col[0].u_pe_col/gen_pe[10].u_pe/_8406_/X (sky130_fd_sc_hd__a21o_1)
   0.20    4.52 ^ gen_col[0].u_pe_col/gen_pe[10].u_pe/_8408_/X (sky130_fd_sc_hd__maj3_1)
   0.09    4.61 v gen_col[0].u_pe_col/gen_pe[10].u_pe/_8410_/Y (sky130_fd_sc_hd__a21oi_1)
   0.22    4.83 v gen_col[0].u_pe_col/gen_pe[10].u_pe/_8412_/X (sky130_fd_sc_hd__o21a_1)
   0.37    5.20 v gen_col[0].u_pe_col/gen_pe[10].u_pe/_8415_/X (sky130_fd_sc_hd__maj3_1)
   0.26    5.46 ^ gen_col[0].u_pe_col/gen_pe[10].u_pe/_8417_/Y (sky130_fd_sc_hd__o21ai_0)
   0.13    5.59 v gen_col[0].u_pe_col/gen_pe[10].u_pe/_8420_/Y (sky130_fd_sc_hd__a21oi_1)
   0.26    5.85 ^ gen_col[0].u_pe_col/gen_pe[10].u_pe/_8423_/Y (sky130_fd_sc_hd__o21ai_0)
   0.13    5.98 v gen_col[0].u_pe_col/gen_pe[10].u_pe/_8425_/Y (sky130_fd_sc_hd__a21oi_1)
   0.25    6.22 ^ gen_col[0].u_pe_col/gen_pe[10].u_pe/_8428_/Y (sky130_fd_sc_hd__o21ai_0)
   0.17    6.39 v gen_col[0].u_pe_col/gen_pe[10].u_pe/_8431_/Y (sky130_fd_sc_hd__a21boi_0)
   0.22    6.61 ^ gen_col[0].u_pe_col/gen_pe[10].u_pe/_8434_/Y (sky130_fd_sc_hd__o21bai_1)
   0.11    6.72 v gen_col[0].u_pe_col/gen_pe[10].u_pe/_8437_/Y (sky130_fd_sc_hd__a21oi_1)
   0.26    6.98 ^ gen_col[0].u_pe_col/gen_pe[10].u_pe/_8440_/Y (sky130_fd_sc_hd__o21ai_0)
   0.13    7.11 v gen_col[0].u_pe_col/gen_pe[10].u_pe/_8443_/Y (sky130_fd_sc_hd__a21oi_1)
   0.25    7.36 ^ gen_col[0].u_pe_col/gen_pe[10].u_pe/_8446_/Y (sky130_fd_sc_hd__o21ai_0)
   0.13    7.48 v gen_col[0].u_pe_col/gen_pe[10].u_pe/_8450_/Y (sky130_fd_sc_hd__a21oi_1)
   0.24    7.72 ^ gen_col[0].u_pe_col/gen_pe[10].u_pe/_8453_/Y (sky130_fd_sc_hd__o21ai_0)
   0.16    7.88 v gen_col[0].u_pe_col/gen_pe[10].u_pe/_8457_/Y (sky130_fd_sc_hd__a21boi_0)
   0.21    8.09 ^ gen_col[0].u_pe_col/gen_pe[10].u_pe/_8460_/Y (sky130_fd_sc_hd__o21bai_1)
   0.14    8.24 v gen_col[0].u_pe_col/gen_pe[10].u_pe/_8463_/Y (sky130_fd_sc_hd__a21boi_0)
   0.22    8.45 ^ gen_col[0].u_pe_col/gen_pe[10].u_pe/_8733_/Y (sky130_fd_sc_hd__o21ai_0)
   0.13    8.58 ^ gen_col[0].u_pe_col/gen_pe[10].u_pe/_8849_/Y (sky130_fd_sc_hd__xnor2_1)
   0.07    8.66 v gen_col[0].u_pe_col/gen_pe[10].u_pe/_8850_/Y (sky130_fd_sc_hd__o21ai_0)
   0.00    8.66 v gen_col[0].u_pe_col/gen_pe[10].u_pe/_8979_/D (sky130_fd_sc_hd__dfrtp_1)
           8.66   data arrival time

  20.00   20.00   clock clk (rise edge)
   0.00   20.00   clock network delay (ideal)
   0.00   20.00   clock reconvergence pessimism
          20.00 ^ gen_col[0].u_pe_col/gen_pe[10].u_pe/_8979_/CLK (sky130_fd_sc_hd__dfrtp_1)
  -0.13   19.87   library setup time
          19.87   data required time
---------------------------------------------------------
          19.87   data required time
          -8.66   data arrival time
---------------------------------------------------------
          11.22   slack (MET)


Startpoint: gen_col[0].u_pe_col/gen_pe[11].u_pe/_8885_
            (rising edge-triggered flip-flop clocked by clk)
Endpoint: gen_col[0].u_pe_col/gen_pe[11].u_pe/_8979_
          (rising edge-triggered flip-flop clocked by clk)
Path Group: clk
Path Type: max

  Delay    Time   Description
---------------------------------------------------------
   0.00    0.00   clock clk (rise edge)
   0.00    0.00   clock network delay (ideal)
   0.00    0.00 ^ gen_col[0].u_pe_col/gen_pe[11].u_pe/_8885_/CLK (sky130_fd_sc_hd__dfrtp_1)
   0.91    0.91 ^ gen_col[0].u_pe_col/gen_pe[11].u_pe/_8885_/Q (sky130_fd_sc_hd__dfrtp_1)
   0.19    1.09 v gen_col[0].u_pe_col/gen_pe[11].u_pe/_8252_/Y (sky130_fd_sc_hd__nand2_1)
   0.41    1.50 v gen_col[0].u_pe_col/gen_pe[11].u_pe/_8254_/X (sky130_fd_sc_hd__maj3_1)
   0.22    1.72 ^ gen_col[0].u_pe_col/gen_pe[11].u_pe/_8256_/X (sky130_fd_sc_hd__xor2_1)
   0.49    2.21 v gen_col[0].u_pe_col/gen_pe[11].u_pe/_8294_/X (sky130_fd_sc_hd__xor3_1)
   0.38    2.58 v gen_col[0].u_pe_col/gen_pe[11].u_pe/_8322_/X (sky130_fd_sc_hd__xnor3_1)
   0.47    3.05 ^ gen_col[0].u_pe_col/gen_pe[11].u_pe/_8325_/Y (sky130_fd_sc_hd__nor4_1)
   0.12    3.17 v gen_col[0].u_pe_col/gen_pe[11].u_pe/_8327_/Y (sky130_fd_sc_hd__nor2_1)
   0.27    3.44 ^ gen_col[0].u_pe_col/gen_pe[11].u_pe/_8339_/Y (sky130_fd_sc_hd__xnor2_1)
   0.13    3.58 v gen_col[0].u_pe_col/gen_pe[11].u_pe/_8358_/Y (sky130_fd_sc_hd__xnor2_1)
   0.36    3.94 v gen_col[0].u_pe_col/gen_pe[11].u_pe/_8402_/X (sky130_fd_sc_hd__maj3_1)
   0.19    4.13 ^ gen_col[0].u_pe_col/gen_pe[11].u_pe/_8404_/Y (sky130_fd_sc_hd__o32ai_1)
   0.19    4.32 ^ gen_col[0].u_pe_col/gen_pe[11].u_pe/_8406_/X (sky130_fd_sc_hd__a21o_1)
   0.20    4.52 ^ gen_col[0].u_pe_col/gen_pe[11].u_pe/_8408_/X (sky130_fd_sc_hd__maj3_1)
   0.09    4.61 v gen_col[0].u_pe_col/gen_pe[11].u_pe/_8410_/Y (sky130_fd_sc_hd__a21oi_1)
   0.22    4.83 v gen_col[0].u_pe_col/gen_pe[11].u_pe/_8412_/X (sky130_fd_sc_hd__o21a_1)
   0.37    5.20 v gen_col[0].u_pe_col/gen_pe[11].u_pe/_8415_/X (sky130_fd_sc_hd__maj3_1)
   0.26    5.46 ^ gen_col[0].u_pe_col/gen_pe[11].u_pe/_8417_/Y (sky130_fd_sc_hd__o21ai_0)
   0.13    5.59 v gen_col[0].u_pe_col/gen_pe[11].u_pe/_8420_/Y (sky130_fd_sc_hd__a21oi_1)
   0.26    5.85 ^ gen_col[0].u_pe_col/gen_pe[11].u_pe/_8423_/Y (sky130_fd_sc_hd__o21ai_0)
   0.13    5.98 v gen_col[0].u_pe_col/gen_pe[11].u_pe/_8425_/Y (sky130_fd_sc_hd__a21oi_1)
   0.25    6.22 ^ gen_col[0].u_pe_col/gen_pe[11].u_pe/_8428_/Y (sky130_fd_sc_hd__o21ai_0)
   0.17    6.39 v gen_col[0].u_pe_col/gen_pe[11].u_pe/_8431_/Y (sky130_fd_sc_hd__a21boi_0)
   0.22    6.61 ^ gen_col[0].u_pe_col/gen_pe[11].u_pe/_8434_/Y (sky130_fd_sc_hd__o21bai_1)
   0.11    6.72 v gen_col[0].u_pe_col/gen_pe[11].u_pe/_8437_/Y (sky130_fd_sc_hd__a21oi_1)
   0.26    6.98 ^ gen_col[0].u_pe_col/gen_pe[11].u_pe/_8440_/Y (sky130_fd_sc_hd__o21ai_0)
   0.13    7.11 v gen_col[0].u_pe_col/gen_pe[11].u_pe/_8443_/Y (sky130_fd_sc_hd__a21oi_1)
   0.25    7.36 ^ gen_col[0].u_pe_col/gen_pe[11].u_pe/_8446_/Y (sky130_fd_sc_hd__o21ai_0)
   0.13    7.48 v gen_col[0].u_pe_col/gen_pe[11].u_pe/_8450_/Y (sky130_fd_sc_hd__a21oi_1)
   0.24    7.72 ^ gen_col[0].u_pe_col/gen_pe[11].u_pe/_8453_/Y (sky130_fd_sc_hd__o21ai_0)
   0.16    7.88 v gen_col[0].u_pe_col/gen_pe[11].u_pe/_8457_/Y (sky130_fd_sc_hd__a21boi_0)
   0.21    8.09 ^ gen_col[0].u_pe_col/gen_pe[11].u_pe/_8460_/Y (sky130_fd_sc_hd__o21bai_1)
   0.14    8.24 v gen_col[0].u_pe_col/gen_pe[11].u_pe/_8463_/Y (sky130_fd_sc_hd__a21boi_0)
   0.22    8.45 ^ gen_col[0].u_pe_col/gen_pe[11].u_pe/_8733_/Y (sky130_fd_sc_hd__o21ai_0)
   0.13    8.58 ^ gen_col[0].u_pe_col/gen_pe[11].u_pe/_8849_/Y (sky130_fd_sc_hd__xnor2_1)
   0.07    8.66 v gen_col[0].u_pe_col/gen_pe[11].u_pe/_8850_/Y (sky130_fd_sc_hd__o21ai_0)
   0.00    8.66 v gen_col[0].u_pe_col/gen_pe[11].u_pe/_8979_/D (sky130_fd_sc_hd__dfrtp_1)
           8.66   data arrival time

  20.00   20.00   clock clk (rise edge)
   0.00   20.00   clock network delay (ideal)
   0.00   20.00   clock reconvergence pessimism
          20.00 ^ gen_col[0].u_pe_col/gen_pe[11].u_pe/_8979_/CLK (sky130_fd_sc_hd__dfrtp_1)
  -0.13   19.87   library setup time
          19.87   data required time
---------------------------------------------------------
          19.87   data required time
          -8.66   data arrival time
---------------------------------------------------------
          11.22   slack (MET)


Startpoint: gen_col[0].u_pe_col/gen_pe[12].u_pe/_8885_
            (rising edge-triggered flip-flop clocked by clk)
Endpoint: gen_col[0].u_pe_col/gen_pe[12].u_pe/_8979_
          (rising edge-triggered flip-flop clocked by clk)
Path Group: clk
Path Type: max

  Delay    Time   Description
---------------------------------------------------------
   0.00    0.00   clock clk (rise edge)
   0.00    0.00   clock network delay (ideal)
   0.00    0.00 ^ gen_col[0].u_pe_col/gen_pe[12].u_pe/_8885_/CLK (sky130_fd_sc_hd__dfrtp_1)
   0.91    0.91 ^ gen_col[0].u_pe_col/gen_pe[12].u_pe/_8885_/Q (sky130_fd_sc_hd__dfrtp_1)
   0.19    1.09 v gen_col[0].u_pe_col/gen_pe[12].u_pe/_8252_/Y (sky130_fd_sc_hd__nand2_1)
   0.41    1.50 v gen_col[0].u_pe_col/gen_pe[12].u_pe/_8254_/X (sky130_fd_sc_hd__maj3_1)
   0.22    1.72 ^ gen_col[0].u_pe_col/gen_pe[12].u_pe/_8256_/X (sky130_fd_sc_hd__xor2_1)
   0.49    2.21 v gen_col[0].u_pe_col/gen_pe[12].u_pe/_8294_/X (sky130_fd_sc_hd__xor3_1)
   0.38    2.58 v gen_col[0].u_pe_col/gen_pe[12].u_pe/_8322_/X (sky130_fd_sc_hd__xnor3_1)
   0.47    3.05 ^ gen_col[0].u_pe_col/gen_pe[12].u_pe/_8325_/Y (sky130_fd_sc_hd__nor4_1)
   0.12    3.17 v gen_col[0].u_pe_col/gen_pe[12].u_pe/_8327_/Y (sky130_fd_sc_hd__nor2_1)
   0.27    3.44 ^ gen_col[0].u_pe_col/gen_pe[12].u_pe/_8339_/Y (sky130_fd_sc_hd__xnor2_1)
   0.13    3.58 v gen_col[0].u_pe_col/gen_pe[12].u_pe/_8358_/Y (sky130_fd_sc_hd__xnor2_1)
   0.36    3.94 v gen_col[0].u_pe_col/gen_pe[12].u_pe/_8402_/X (sky130_fd_sc_hd__maj3_1)
   0.19    4.13 ^ gen_col[0].u_pe_col/gen_pe[12].u_pe/_8404_/Y (sky130_fd_sc_hd__o32ai_1)
   0.19    4.32 ^ gen_col[0].u_pe_col/gen_pe[12].u_pe/_8406_/X (sky130_fd_sc_hd__a21o_1)
   0.20    4.52 ^ gen_col[0].u_pe_col/gen_pe[12].u_pe/_8408_/X (sky130_fd_sc_hd__maj3_1)
   0.09    4.61 v gen_col[0].u_pe_col/gen_pe[12].u_pe/_8410_/Y (sky130_fd_sc_hd__a21oi_1)
   0.22    4.83 v gen_col[0].u_pe_col/gen_pe[12].u_pe/_8412_/X (sky130_fd_sc_hd__o21a_1)
   0.37    5.20 v gen_col[0].u_pe_col/gen_pe[12].u_pe/_8415_/X (sky130_fd_sc_hd__maj3_1)
   0.26    5.46 ^ gen_col[0].u_pe_col/gen_pe[12].u_pe/_8417_/Y (sky130_fd_sc_hd__o21ai_0)
   0.13    5.59 v gen_col[0].u_pe_col/gen_pe[12].u_pe/_8420_/Y (sky130_fd_sc_hd__a21oi_1)
   0.26    5.85 ^ gen_col[0].u_pe_col/gen_pe[12].u_pe/_8423_/Y (sky130_fd_sc_hd__o21ai_0)
   0.13    5.98 v gen_col[0].u_pe_col/gen_pe[12].u_pe/_8425_/Y (sky130_fd_sc_hd__a21oi_1)
   0.25    6.22 ^ gen_col[0].u_pe_col/gen_pe[12].u_pe/_8428_/Y (sky130_fd_sc_hd__o21ai_0)
   0.17    6.39 v gen_col[0].u_pe_col/gen_pe[12].u_pe/_8431_/Y (sky130_fd_sc_hd__a21boi_0)
   0.22    6.61 ^ gen_col[0].u_pe_col/gen_pe[12].u_pe/_8434_/Y (sky130_fd_sc_hd__o21bai_1)
   0.11    6.72 v gen_col[0].u_pe_col/gen_pe[12].u_pe/_8437_/Y (sky130_fd_sc_hd__a21oi_1)
   0.26    6.98 ^ gen_col[0].u_pe_col/gen_pe[12].u_pe/_8440_/Y (sky130_fd_sc_hd__o21ai_0)
   0.13    7.11 v gen_col[0].u_pe_col/gen_pe[12].u_pe/_8443_/Y (sky130_fd_sc_hd__a21oi_1)
   0.25    7.36 ^ gen_col[0].u_pe_col/gen_pe[12].u_pe/_8446_/Y (sky130_fd_sc_hd__o21ai_0)
   0.13    7.48 v gen_col[0].u_pe_col/gen_pe[12].u_pe/_8450_/Y (sky130_fd_sc_hd__a21oi_1)
   0.24    7.72 ^ gen_col[0].u_pe_col/gen_pe[12].u_pe/_8453_/Y (sky130_fd_sc_hd__o21ai_0)
   0.16    7.88 v gen_col[0].u_pe_col/gen_pe[12].u_pe/_8457_/Y (sky130_fd_sc_hd__a21boi_0)
   0.21    8.09 ^ gen_col[0].u_pe_col/gen_pe[12].u_pe/_8460_/Y (sky130_fd_sc_hd__o21bai_1)
   0.14    8.24 v gen_col[0].u_pe_col/gen_pe[12].u_pe/_8463_/Y (sky130_fd_sc_hd__a21boi_0)
   0.22    8.45 ^ gen_col[0].u_pe_col/gen_pe[12].u_pe/_8733_/Y (sky130_fd_sc_hd__o21ai_0)
   0.13    8.58 ^ gen_col[0].u_pe_col/gen_pe[12].u_pe/_8849_/Y (sky130_fd_sc_hd__xnor2_1)
   0.07    8.66 v gen_col[0].u_pe_col/gen_pe[12].u_pe/_8850_/Y (sky130_fd_sc_hd__o21ai_0)
   0.00    8.66 v gen_col[0].u_pe_col/gen_pe[12].u_pe/_8979_/D (sky130_fd_sc_hd__dfrtp_1)
           8.66   data arrival time

  20.00   20.00   clock clk (rise edge)
   0.00   20.00   clock network delay (ideal)
   0.00   20.00   clock reconvergence pessimism
          20.00 ^ gen_col[0].u_pe_col/gen_pe[12].u_pe/_8979_/CLK (sky130_fd_sc_hd__dfrtp_1)
  -0.13   19.87   library setup time
          19.87   data required time
---------------------------------------------------------
          19.87   data required time
          -8.66   data arrival time
---------------------------------------------------------
          11.22   slack (MET)


Startpoint: gen_col[0].u_pe_col/gen_pe[13].u_pe/_8885_
            (rising edge-triggered flip-flop clocked by clk)
Endpoint: gen_col[0].u_pe_col/gen_pe[13].u_pe/_8979_
          (rising edge-triggered flip-flop clocked by clk)
Path Group: clk
Path Type: max

  Delay    Time   Description
---------------------------------------------------------
   0.00    0.00   clock clk (rise edge)
   0.00    0.00   clock network delay (ideal)
   0.00    0.00 ^ gen_col[0].u_pe_col/gen_pe[13].u_pe/_8885_/CLK (sky130_fd_sc_hd__dfrtp_1)
   0.91    0.91 ^ gen_col[0].u_pe_col/gen_pe[13].u_pe/_8885_/Q (sky130_fd_sc_hd__dfrtp_1)
   0.19    1.09 v gen_col[0].u_pe_col/gen_pe[13].u_pe/_8252_/Y (sky130_fd_sc_hd__nand2_1)
   0.41    1.50 v gen_col[0].u_pe_col/gen_pe[13].u_pe/_8254_/X (sky130_fd_sc_hd__maj3_1)
   0.22    1.72 ^ gen_col[0].u_pe_col/gen_pe[13].u_pe/_8256_/X (sky130_fd_sc_hd__xor2_1)
   0.49    2.21 v gen_col[0].u_pe_col/gen_pe[13].u_pe/_8294_/X (sky130_fd_sc_hd__xor3_1)
   0.38    2.58 v gen_col[0].u_pe_col/gen_pe[13].u_pe/_8322_/X (sky130_fd_sc_hd__xnor3_1)
   0.47    3.05 ^ gen_col[0].u_pe_col/gen_pe[13].u_pe/_8325_/Y (sky130_fd_sc_hd__nor4_1)
   0.12    3.17 v gen_col[0].u_pe_col/gen_pe[13].u_pe/_8327_/Y (sky130_fd_sc_hd__nor2_1)
   0.27    3.44 ^ gen_col[0].u_pe_col/gen_pe[13].u_pe/_8339_/Y (sky130_fd_sc_hd__xnor2_1)
   0.13    3.58 v gen_col[0].u_pe_col/gen_pe[13].u_pe/_8358_/Y (sky130_fd_sc_hd__xnor2_1)
   0.36    3.94 v gen_col[0].u_pe_col/gen_pe[13].u_pe/_8402_/X (sky130_fd_sc_hd__maj3_1)
   0.19    4.13 ^ gen_col[0].u_pe_col/gen_pe[13].u_pe/_8404_/Y (sky130_fd_sc_hd__o32ai_1)
   0.19    4.32 ^ gen_col[0].u_pe_col/gen_pe[13].u_pe/_8406_/X (sky130_fd_sc_hd__a21o_1)
   0.20    4.52 ^ gen_col[0].u_pe_col/gen_pe[13].u_pe/_8408_/X (sky130_fd_sc_hd__maj3_1)
   0.09    4.61 v gen_col[0].u_pe_col/gen_pe[13].u_pe/_8410_/Y (sky130_fd_sc_hd__a21oi_1)
   0.22    4.83 v gen_col[0].u_pe_col/gen_pe[13].u_pe/_8412_/X (sky130_fd_sc_hd__o21a_1)
   0.37    5.20 v gen_col[0].u_pe_col/gen_pe[13].u_pe/_8415_/X (sky130_fd_sc_hd__maj3_1)
   0.26    5.46 ^ gen_col[0].u_pe_col/gen_pe[13].u_pe/_8417_/Y (sky130_fd_sc_hd__o21ai_0)
   0.13    5.59 v gen_col[0].u_pe_col/gen_pe[13].u_pe/_8420_/Y (sky130_fd_sc_hd__a21oi_1)
   0.26    5.85 ^ gen_col[0].u_pe_col/gen_pe[13].u_pe/_8423_/Y (sky130_fd_sc_hd__o21ai_0)
   0.13    5.98 v gen_col[0].u_pe_col/gen_pe[13].u_pe/_8425_/Y (sky130_fd_sc_hd__a21oi_1)
   0.25    6.22 ^ gen_col[0].u_pe_col/gen_pe[13].u_pe/_8428_/Y (sky130_fd_sc_hd__o21ai_0)
   0.17    6.39 v gen_col[0].u_pe_col/gen_pe[13].u_pe/_8431_/Y (sky130_fd_sc_hd__a21boi_0)
   0.22    6.61 ^ gen_col[0].u_pe_col/gen_pe[13].u_pe/_8434_/Y (sky130_fd_sc_hd__o21bai_1)
   0.11    6.72 v gen_col[0].u_pe_col/gen_pe[13].u_pe/_8437_/Y (sky130_fd_sc_hd__a21oi_1)
   0.26    6.98 ^ gen_col[0].u_pe_col/gen_pe[13].u_pe/_8440_/Y (sky130_fd_sc_hd__o21ai_0)
   0.13    7.11 v gen_col[0].u_pe_col/gen_pe[13].u_pe/_8443_/Y (sky130_fd_sc_hd__a21oi_1)
   0.25    7.36 ^ gen_col[0].u_pe_col/gen_pe[13].u_pe/_8446_/Y (sky130_fd_sc_hd__o21ai_0)
   0.13    7.48 v gen_col[0].u_pe_col/gen_pe[13].u_pe/_8450_/Y (sky130_fd_sc_hd__a21oi_1)
   0.24    7.72 ^ gen_col[0].u_pe_col/gen_pe[13].u_pe/_8453_/Y (sky130_fd_sc_hd__o21ai_0)
   0.16    7.88 v gen_col[0].u_pe_col/gen_pe[13].u_pe/_8457_/Y (sky130_fd_sc_hd__a21boi_0)
   0.21    8.09 ^ gen_col[0].u_pe_col/gen_pe[13].u_pe/_8460_/Y (sky130_fd_sc_hd__o21bai_1)
   0.14    8.24 v gen_col[0].u_pe_col/gen_pe[13].u_pe/_8463_/Y (sky130_fd_sc_hd__a21boi_0)
   0.22    8.45 ^ gen_col[0].u_pe_col/gen_pe[13].u_pe/_8733_/Y (sky130_fd_sc_hd__o21ai_0)
   0.13    8.58 ^ gen_col[0].u_pe_col/gen_pe[13].u_pe/_8849_/Y (sky130_fd_sc_hd__xnor2_1)
   0.07    8.66 v gen_col[0].u_pe_col/gen_pe[13].u_pe/_8850_/Y (sky130_fd_sc_hd__o21ai_0)
   0.00    8.66 v gen_col[0].u_pe_col/gen_pe[13].u_pe/_8979_/D (sky130_fd_sc_hd__dfrtp_1)
           8.66   data arrival time

  20.00   20.00   clock clk (rise edge)
   0.00   20.00   clock network delay (ideal)
   0.00   20.00   clock reconvergence pessimism
          20.00 ^ gen_col[0].u_pe_col/gen_pe[13].u_pe/_8979_/CLK (sky130_fd_sc_hd__dfrtp_1)
  -0.13   19.87   library setup time
          19.87   data required time
---------------------------------------------------------
          19.87   data required time
          -8.66   data arrival time
---------------------------------------------------------
          11.22   slack (MET)


Timing Analysis Completed.
