OpenSTA 3.1.0  Copyright (c) 2026, Parallax Software, Inc.
License GPLv3: GNU GPL version 3 <http://gnu.org/licenses/gpl.html>

This is free software, and you are free to change and redistribute it
under certain conditions; type `show_copying' for details. 
This program comes with ABSOLUTELY NO WARRANTY; for details type `show_warranty'.
Warning 503: timing.tcl line 1, report_checks -group_count is deprecated. Use -group_path_count instead.
Startpoint: gen_col[9].u_pe_col/gen_pe[0].u_pe/_1330_
            (rising edge-triggered flip-flop clocked by clk)
Endpoint: gen_col[10].u_pe_col/gen_pe[0].u_pe/_1365_
          (rising edge-triggered flip-flop clocked by clk)
Path Group: clk
Path Type: max

  Delay    Time   Description
---------------------------------------------------------
   0.00    0.00   clock clk (rise edge)
   0.00    0.00   clock network delay (ideal)
   0.00    0.00 ^ gen_col[9].u_pe_col/gen_pe[0].u_pe/_1330_/CLK (sky130_fd_sc_hd__dfrtp_1)
   0.40    0.40 ^ gen_col[9].u_pe_col/gen_pe[0].u_pe/_1330_/Q (sky130_fd_sc_hd__dfrtp_1)
   2.30    2.71 ^ gen_col[10].u_pe_col/gen_pe[0].u_pe/_0912_/X (sky130_fd_sc_hd__and2_0)
   0.28    2.98 v gen_col[10].u_pe_col/gen_pe[0].u_pe/_1131_/Y (sky130_fd_sc_hd__xnor2_1)
   0.52    3.50 v gen_col[10].u_pe_col/gen_pe[0].u_pe/_1132_/X (sky130_fd_sc_hd__maj3_1)
   0.35    3.85 v gen_col[10].u_pe_col/gen_pe[0].u_pe/_1146_/X (sky130_fd_sc_hd__xnor3_1)
   0.13    3.98 ^ gen_col[10].u_pe_col/gen_pe[0].u_pe/_1147_/X (sky130_fd_sc_hd__lpflow_isobufsrc_1)
   0.07    4.05 v gen_col[10].u_pe_col/gen_pe[0].u_pe/_1175_/Y (sky130_fd_sc_hd__a31oi_1)
   0.39    4.45 v gen_col[10].u_pe_col/gen_pe[0].u_pe/_1178_/X (sky130_fd_sc_hd__maj3_1)
   0.39    4.84 v gen_col[10].u_pe_col/gen_pe[0].u_pe/_1180_/X (sky130_fd_sc_hd__maj3_1)
   0.22    5.05 v gen_col[10].u_pe_col/gen_pe[0].u_pe/_1182_/X (sky130_fd_sc_hd__o21a_1)
   0.38    5.44 v gen_col[10].u_pe_col/gen_pe[0].u_pe/_1184_/X (sky130_fd_sc_hd__maj3_1)
   0.39    5.83 v gen_col[10].u_pe_col/gen_pe[0].u_pe/_1186_/X (sky130_fd_sc_hd__maj3_1)
   0.39    6.22 v gen_col[10].u_pe_col/gen_pe[0].u_pe/_1188_/X (sky130_fd_sc_hd__maj3_1)
   0.39    6.61 v gen_col[10].u_pe_col/gen_pe[0].u_pe/_1190_/X (sky130_fd_sc_hd__maj3_1)
   0.40    7.01 v gen_col[10].u_pe_col/gen_pe[0].u_pe/_1192_/X (sky130_fd_sc_hd__maj3_1)
   0.22    7.23 ^ gen_col[10].u_pe_col/gen_pe[0].u_pe/_1196_/Y (sky130_fd_sc_hd__o211ai_1)
   0.13    7.37 v gen_col[10].u_pe_col/gen_pe[0].u_pe/_1198_/Y (sky130_fd_sc_hd__a31oi_1)
   0.21    7.57 ^ gen_col[10].u_pe_col/gen_pe[0].u_pe/_1201_/Y (sky130_fd_sc_hd__o21bai_1)
   0.12    7.69 v gen_col[10].u_pe_col/gen_pe[0].u_pe/_1204_/Y (sky130_fd_sc_hd__a21oi_1)
   0.39    8.08 v gen_col[10].u_pe_col/gen_pe[0].u_pe/_1206_/X (sky130_fd_sc_hd__maj3_1)
   0.39    8.47 v gen_col[10].u_pe_col/gen_pe[0].u_pe/_1208_/X (sky130_fd_sc_hd__maj3_1)
   0.38    8.86 v gen_col[10].u_pe_col/gen_pe[0].u_pe/_1210_/X (sky130_fd_sc_hd__maj3_1)
   0.21    9.07 ^ gen_col[10].u_pe_col/gen_pe[0].u_pe/_1215_/Y (sky130_fd_sc_hd__o211ai_1)
   0.13    9.19 v gen_col[10].u_pe_col/gen_pe[0].u_pe/_1218_/Y (sky130_fd_sc_hd__a31oi_1)
   0.39    9.58 v gen_col[10].u_pe_col/gen_pe[0].u_pe/_1221_/X (sky130_fd_sc_hd__maj3_1)
   0.39    9.96 v gen_col[10].u_pe_col/gen_pe[0].u_pe/_1224_/X (sky130_fd_sc_hd__maj3_1)
   0.39   10.35 v gen_col[10].u_pe_col/gen_pe[0].u_pe/_1227_/X (sky130_fd_sc_hd__maj3_1)
   0.39   10.74 v gen_col[10].u_pe_col/gen_pe[0].u_pe/_1230_/X (sky130_fd_sc_hd__maj3_1)
   0.39   11.13 v gen_col[10].u_pe_col/gen_pe[0].u_pe/_1233_/X (sky130_fd_sc_hd__maj3_1)
   0.37   11.50 v gen_col[10].u_pe_col/gen_pe[0].u_pe/_1312_/X (sky130_fd_sc_hd__maj3_1)
   0.14   11.64 ^ gen_col[10].u_pe_col/gen_pe[0].u_pe/_1319_/Y (sky130_fd_sc_hd__xnor2_1)
   0.07   11.71 v gen_col[10].u_pe_col/gen_pe[0].u_pe/_1320_/Y (sky130_fd_sc_hd__o21ai_0)
   0.00   11.71 v gen_col[10].u_pe_col/gen_pe[0].u_pe/_1365_/D (sky130_fd_sc_hd__dfrtp_1)
          11.71   data arrival time

  20.00   20.00   clock clk (rise edge)
   0.00   20.00   clock network delay (ideal)
   0.00   20.00   clock reconvergence pessimism
          20.00 ^ gen_col[10].u_pe_col/gen_pe[0].u_pe/_1365_/CLK (sky130_fd_sc_hd__dfrtp_1)
  -0.16   19.84   library setup time
          19.84   data required time
---------------------------------------------------------
          19.84   data required time
         -11.71   data arrival time
---------------------------------------------------------
           8.13   slack (MET)


Startpoint: gen_col[9].u_pe_col/gen_pe[10].u_pe/_1330_
            (rising edge-triggered flip-flop clocked by clk)
Endpoint: gen_col[10].u_pe_col/gen_pe[10].u_pe/_1365_
          (rising edge-triggered flip-flop clocked by clk)
Path Group: clk
Path Type: max

  Delay    Time   Description
---------------------------------------------------------
   0.00    0.00   clock clk (rise edge)
   0.00    0.00   clock network delay (ideal)
   0.00    0.00 ^ gen_col[9].u_pe_col/gen_pe[10].u_pe/_1330_/CLK (sky130_fd_sc_hd__dfrtp_1)
   0.40    0.40 ^ gen_col[9].u_pe_col/gen_pe[10].u_pe/_1330_/Q (sky130_fd_sc_hd__dfrtp_1)
   2.30    2.71 ^ gen_col[10].u_pe_col/gen_pe[10].u_pe/_0912_/X (sky130_fd_sc_hd__and2_0)
   0.28    2.98 v gen_col[10].u_pe_col/gen_pe[10].u_pe/_1131_/Y (sky130_fd_sc_hd__xnor2_1)
   0.52    3.50 v gen_col[10].u_pe_col/gen_pe[10].u_pe/_1132_/X (sky130_fd_sc_hd__maj3_1)
   0.35    3.85 v gen_col[10].u_pe_col/gen_pe[10].u_pe/_1146_/X (sky130_fd_sc_hd__xnor3_1)
   0.13    3.98 ^ gen_col[10].u_pe_col/gen_pe[10].u_pe/_1147_/X (sky130_fd_sc_hd__lpflow_isobufsrc_1)
   0.07    4.05 v gen_col[10].u_pe_col/gen_pe[10].u_pe/_1175_/Y (sky130_fd_sc_hd__a31oi_1)
   0.39    4.45 v gen_col[10].u_pe_col/gen_pe[10].u_pe/_1178_/X (sky130_fd_sc_hd__maj3_1)
   0.39    4.84 v gen_col[10].u_pe_col/gen_pe[10].u_pe/_1180_/X (sky130_fd_sc_hd__maj3_1)
   0.22    5.05 v gen_col[10].u_pe_col/gen_pe[10].u_pe/_1182_/X (sky130_fd_sc_hd__o21a_1)
   0.38    5.44 v gen_col[10].u_pe_col/gen_pe[10].u_pe/_1184_/X (sky130_fd_sc_hd__maj3_1)
   0.39    5.83 v gen_col[10].u_pe_col/gen_pe[10].u_pe/_1186_/X (sky130_fd_sc_hd__maj3_1)
   0.39    6.22 v gen_col[10].u_pe_col/gen_pe[10].u_pe/_1188_/X (sky130_fd_sc_hd__maj3_1)
   0.39    6.61 v gen_col[10].u_pe_col/gen_pe[10].u_pe/_1190_/X (sky130_fd_sc_hd__maj3_1)
   0.40    7.01 v gen_col[10].u_pe_col/gen_pe[10].u_pe/_1192_/X (sky130_fd_sc_hd__maj3_1)
   0.22    7.23 ^ gen_col[10].u_pe_col/gen_pe[10].u_pe/_1196_/Y (sky130_fd_sc_hd__o211ai_1)
   0.13    7.37 v gen_col[10].u_pe_col/gen_pe[10].u_pe/_1198_/Y (sky130_fd_sc_hd__a31oi_1)
   0.21    7.57 ^ gen_col[10].u_pe_col/gen_pe[10].u_pe/_1201_/Y (sky130_fd_sc_hd__o21bai_1)
   0.12    7.69 v gen_col[10].u_pe_col/gen_pe[10].u_pe/_1204_/Y (sky130_fd_sc_hd__a21oi_1)
   0.39    8.08 v gen_col[10].u_pe_col/gen_pe[10].u_pe/_1206_/X (sky130_fd_sc_hd__maj3_1)
   0.39    8.47 v gen_col[10].u_pe_col/gen_pe[10].u_pe/_1208_/X (sky130_fd_sc_hd__maj3_1)
   0.38    8.86 v gen_col[10].u_pe_col/gen_pe[10].u_pe/_1210_/X (sky130_fd_sc_hd__maj3_1)
   0.21    9.07 ^ gen_col[10].u_pe_col/gen_pe[10].u_pe/_1215_/Y (sky130_fd_sc_hd__o211ai_1)
   0.13    9.19 v gen_col[10].u_pe_col/gen_pe[10].u_pe/_1218_/Y (sky130_fd_sc_hd__a31oi_1)
   0.39    9.58 v gen_col[10].u_pe_col/gen_pe[10].u_pe/_1221_/X (sky130_fd_sc_hd__maj3_1)
   0.39    9.96 v gen_col[10].u_pe_col/gen_pe[10].u_pe/_1224_/X (sky130_fd_sc_hd__maj3_1)
   0.39   10.35 v gen_col[10].u_pe_col/gen_pe[10].u_pe/_1227_/X (sky130_fd_sc_hd__maj3_1)
   0.39   10.74 v gen_col[10].u_pe_col/gen_pe[10].u_pe/_1230_/X (sky130_fd_sc_hd__maj3_1)
   0.39   11.13 v gen_col[10].u_pe_col/gen_pe[10].u_pe/_1233_/X (sky130_fd_sc_hd__maj3_1)
   0.37   11.50 v gen_col[10].u_pe_col/gen_pe[10].u_pe/_1312_/X (sky130_fd_sc_hd__maj3_1)
   0.14   11.64 ^ gen_col[10].u_pe_col/gen_pe[10].u_pe/_1319_/Y (sky130_fd_sc_hd__xnor2_1)
   0.07   11.71 v gen_col[10].u_pe_col/gen_pe[10].u_pe/_1320_/Y (sky130_fd_sc_hd__o21ai_0)
   0.00   11.71 v gen_col[10].u_pe_col/gen_pe[10].u_pe/_1365_/D (sky130_fd_sc_hd__dfrtp_1)
          11.71   data arrival time

  20.00   20.00   clock clk (rise edge)
   0.00   20.00   clock network delay (ideal)
   0.00   20.00   clock reconvergence pessimism
          20.00 ^ gen_col[10].u_pe_col/gen_pe[10].u_pe/_1365_/CLK (sky130_fd_sc_hd__dfrtp_1)
  -0.16   19.84   library setup time
          19.84   data required time
---------------------------------------------------------
          19.84   data required time
         -11.71   data arrival time
---------------------------------------------------------
           8.13   slack (MET)


Startpoint: gen_col[9].u_pe_col/gen_pe[11].u_pe/_1330_
            (rising edge-triggered flip-flop clocked by clk)
Endpoint: gen_col[10].u_pe_col/gen_pe[11].u_pe/_1365_
          (rising edge-triggered flip-flop clocked by clk)
Path Group: clk
Path Type: max

  Delay    Time   Description
---------------------------------------------------------
   0.00    0.00   clock clk (rise edge)
   0.00    0.00   clock network delay (ideal)
   0.00    0.00 ^ gen_col[9].u_pe_col/gen_pe[11].u_pe/_1330_/CLK (sky130_fd_sc_hd__dfrtp_1)
   0.40    0.40 ^ gen_col[9].u_pe_col/gen_pe[11].u_pe/_1330_/Q (sky130_fd_sc_hd__dfrtp_1)
   2.30    2.71 ^ gen_col[10].u_pe_col/gen_pe[11].u_pe/_0912_/X (sky130_fd_sc_hd__and2_0)
   0.28    2.98 v gen_col[10].u_pe_col/gen_pe[11].u_pe/_1131_/Y (sky130_fd_sc_hd__xnor2_1)
   0.52    3.50 v gen_col[10].u_pe_col/gen_pe[11].u_pe/_1132_/X (sky130_fd_sc_hd__maj3_1)
   0.35    3.85 v gen_col[10].u_pe_col/gen_pe[11].u_pe/_1146_/X (sky130_fd_sc_hd__xnor3_1)
   0.13    3.98 ^ gen_col[10].u_pe_col/gen_pe[11].u_pe/_1147_/X (sky130_fd_sc_hd__lpflow_isobufsrc_1)
   0.07    4.05 v gen_col[10].u_pe_col/gen_pe[11].u_pe/_1175_/Y (sky130_fd_sc_hd__a31oi_1)
   0.39    4.45 v gen_col[10].u_pe_col/gen_pe[11].u_pe/_1178_/X (sky130_fd_sc_hd__maj3_1)
   0.39    4.84 v gen_col[10].u_pe_col/gen_pe[11].u_pe/_1180_/X (sky130_fd_sc_hd__maj3_1)
   0.22    5.05 v gen_col[10].u_pe_col/gen_pe[11].u_pe/_1182_/X (sky130_fd_sc_hd__o21a_1)
   0.38    5.44 v gen_col[10].u_pe_col/gen_pe[11].u_pe/_1184_/X (sky130_fd_sc_hd__maj3_1)
   0.39    5.83 v gen_col[10].u_pe_col/gen_pe[11].u_pe/_1186_/X (sky130_fd_sc_hd__maj3_1)
   0.39    6.22 v gen_col[10].u_pe_col/gen_pe[11].u_pe/_1188_/X (sky130_fd_sc_hd__maj3_1)
   0.39    6.61 v gen_col[10].u_pe_col/gen_pe[11].u_pe/_1190_/X (sky130_fd_sc_hd__maj3_1)
   0.40    7.01 v gen_col[10].u_pe_col/gen_pe[11].u_pe/_1192_/X (sky130_fd_sc_hd__maj3_1)
   0.22    7.23 ^ gen_col[10].u_pe_col/gen_pe[11].u_pe/_1196_/Y (sky130_fd_sc_hd__o211ai_1)
   0.13    7.37 v gen_col[10].u_pe_col/gen_pe[11].u_pe/_1198_/Y (sky130_fd_sc_hd__a31oi_1)
   0.21    7.57 ^ gen_col[10].u_pe_col/gen_pe[11].u_pe/_1201_/Y (sky130_fd_sc_hd__o21bai_1)
   0.12    7.69 v gen_col[10].u_pe_col/gen_pe[11].u_pe/_1204_/Y (sky130_fd_sc_hd__a21oi_1)
   0.39    8.08 v gen_col[10].u_pe_col/gen_pe[11].u_pe/_1206_/X (sky130_fd_sc_hd__maj3_1)
   0.39    8.47 v gen_col[10].u_pe_col/gen_pe[11].u_pe/_1208_/X (sky130_fd_sc_hd__maj3_1)
   0.38    8.86 v gen_col[10].u_pe_col/gen_pe[11].u_pe/_1210_/X (sky130_fd_sc_hd__maj3_1)
   0.21    9.07 ^ gen_col[10].u_pe_col/gen_pe[11].u_pe/_1215_/Y (sky130_fd_sc_hd__o211ai_1)
   0.13    9.19 v gen_col[10].u_pe_col/gen_pe[11].u_pe/_1218_/Y (sky130_fd_sc_hd__a31oi_1)
   0.39    9.58 v gen_col[10].u_pe_col/gen_pe[11].u_pe/_1221_/X (sky130_fd_sc_hd__maj3_1)
   0.39    9.96 v gen_col[10].u_pe_col/gen_pe[11].u_pe/_1224_/X (sky130_fd_sc_hd__maj3_1)
   0.39   10.35 v gen_col[10].u_pe_col/gen_pe[11].u_pe/_1227_/X (sky130_fd_sc_hd__maj3_1)
   0.39   10.74 v gen_col[10].u_pe_col/gen_pe[11].u_pe/_1230_/X (sky130_fd_sc_hd__maj3_1)
   0.39   11.13 v gen_col[10].u_pe_col/gen_pe[11].u_pe/_1233_/X (sky130_fd_sc_hd__maj3_1)
   0.37   11.50 v gen_col[10].u_pe_col/gen_pe[11].u_pe/_1312_/X (sky130_fd_sc_hd__maj3_1)
   0.14   11.64 ^ gen_col[10].u_pe_col/gen_pe[11].u_pe/_1319_/Y (sky130_fd_sc_hd__xnor2_1)
   0.07   11.71 v gen_col[10].u_pe_col/gen_pe[11].u_pe/_1320_/Y (sky130_fd_sc_hd__o21ai_0)
   0.00   11.71 v gen_col[10].u_pe_col/gen_pe[11].u_pe/_1365_/D (sky130_fd_sc_hd__dfrtp_1)
          11.71   data arrival time

  20.00   20.00   clock clk (rise edge)
   0.00   20.00   clock network delay (ideal)
   0.00   20.00   clock reconvergence pessimism
          20.00 ^ gen_col[10].u_pe_col/gen_pe[11].u_pe/_1365_/CLK (sky130_fd_sc_hd__dfrtp_1)
  -0.16   19.84   library setup time
          19.84   data required time
---------------------------------------------------------
          19.84   data required time
         -11.71   data arrival time
---------------------------------------------------------
           8.13   slack (MET)


Startpoint: gen_col[9].u_pe_col/gen_pe[12].u_pe/_1330_
            (rising edge-triggered flip-flop clocked by clk)
Endpoint: gen_col[10].u_pe_col/gen_pe[12].u_pe/_1365_
          (rising edge-triggered flip-flop clocked by clk)
Path Group: clk
Path Type: max

  Delay    Time   Description
---------------------------------------------------------
   0.00    0.00   clock clk (rise edge)
   0.00    0.00   clock network delay (ideal)
   0.00    0.00 ^ gen_col[9].u_pe_col/gen_pe[12].u_pe/_1330_/CLK (sky130_fd_sc_hd__dfrtp_1)
   0.40    0.40 ^ gen_col[9].u_pe_col/gen_pe[12].u_pe/_1330_/Q (sky130_fd_sc_hd__dfrtp_1)
   2.30    2.71 ^ gen_col[10].u_pe_col/gen_pe[12].u_pe/_0912_/X (sky130_fd_sc_hd__and2_0)
   0.28    2.98 v gen_col[10].u_pe_col/gen_pe[12].u_pe/_1131_/Y (sky130_fd_sc_hd__xnor2_1)
   0.52    3.50 v gen_col[10].u_pe_col/gen_pe[12].u_pe/_1132_/X (sky130_fd_sc_hd__maj3_1)
   0.35    3.85 v gen_col[10].u_pe_col/gen_pe[12].u_pe/_1146_/X (sky130_fd_sc_hd__xnor3_1)
   0.13    3.98 ^ gen_col[10].u_pe_col/gen_pe[12].u_pe/_1147_/X (sky130_fd_sc_hd__lpflow_isobufsrc_1)
   0.07    4.05 v gen_col[10].u_pe_col/gen_pe[12].u_pe/_1175_/Y (sky130_fd_sc_hd__a31oi_1)
   0.39    4.45 v gen_col[10].u_pe_col/gen_pe[12].u_pe/_1178_/X (sky130_fd_sc_hd__maj3_1)
   0.39    4.84 v gen_col[10].u_pe_col/gen_pe[12].u_pe/_1180_/X (sky130_fd_sc_hd__maj3_1)
   0.22    5.05 v gen_col[10].u_pe_col/gen_pe[12].u_pe/_1182_/X (sky130_fd_sc_hd__o21a_1)
   0.38    5.44 v gen_col[10].u_pe_col/gen_pe[12].u_pe/_1184_/X (sky130_fd_sc_hd__maj3_1)
   0.39    5.83 v gen_col[10].u_pe_col/gen_pe[12].u_pe/_1186_/X (sky130_fd_sc_hd__maj3_1)
   0.39    6.22 v gen_col[10].u_pe_col/gen_pe[12].u_pe/_1188_/X (sky130_fd_sc_hd__maj3_1)
   0.39    6.61 v gen_col[10].u_pe_col/gen_pe[12].u_pe/_1190_/X (sky130_fd_sc_hd__maj3_1)
   0.40    7.01 v gen_col[10].u_pe_col/gen_pe[12].u_pe/_1192_/X (sky130_fd_sc_hd__maj3_1)
   0.22    7.23 ^ gen_col[10].u_pe_col/gen_pe[12].u_pe/_1196_/Y (sky130_fd_sc_hd__o211ai_1)
   0.13    7.37 v gen_col[10].u_pe_col/gen_pe[12].u_pe/_1198_/Y (sky130_fd_sc_hd__a31oi_1)
   0.21    7.57 ^ gen_col[10].u_pe_col/gen_pe[12].u_pe/_1201_/Y (sky130_fd_sc_hd__o21bai_1)
   0.12    7.69 v gen_col[10].u_pe_col/gen_pe[12].u_pe/_1204_/Y (sky130_fd_sc_hd__a21oi_1)
   0.39    8.08 v gen_col[10].u_pe_col/gen_pe[12].u_pe/_1206_/X (sky130_fd_sc_hd__maj3_1)
   0.39    8.47 v gen_col[10].u_pe_col/gen_pe[12].u_pe/_1208_/X (sky130_fd_sc_hd__maj3_1)
   0.38    8.86 v gen_col[10].u_pe_col/gen_pe[12].u_pe/_1210_/X (sky130_fd_sc_hd__maj3_1)
   0.21    9.07 ^ gen_col[10].u_pe_col/gen_pe[12].u_pe/_1215_/Y (sky130_fd_sc_hd__o211ai_1)
   0.13    9.19 v gen_col[10].u_pe_col/gen_pe[12].u_pe/_1218_/Y (sky130_fd_sc_hd__a31oi_1)
   0.39    9.58 v gen_col[10].u_pe_col/gen_pe[12].u_pe/_1221_/X (sky130_fd_sc_hd__maj3_1)
   0.39    9.96 v gen_col[10].u_pe_col/gen_pe[12].u_pe/_1224_/X (sky130_fd_sc_hd__maj3_1)
   0.39   10.35 v gen_col[10].u_pe_col/gen_pe[12].u_pe/_1227_/X (sky130_fd_sc_hd__maj3_1)
   0.39   10.74 v gen_col[10].u_pe_col/gen_pe[12].u_pe/_1230_/X (sky130_fd_sc_hd__maj3_1)
   0.39   11.13 v gen_col[10].u_pe_col/gen_pe[12].u_pe/_1233_/X (sky130_fd_sc_hd__maj3_1)
   0.37   11.50 v gen_col[10].u_pe_col/gen_pe[12].u_pe/_1312_/X (sky130_fd_sc_hd__maj3_1)
   0.14   11.64 ^ gen_col[10].u_pe_col/gen_pe[12].u_pe/_1319_/Y (sky130_fd_sc_hd__xnor2_1)
   0.07   11.71 v gen_col[10].u_pe_col/gen_pe[12].u_pe/_1320_/Y (sky130_fd_sc_hd__o21ai_0)
   0.00   11.71 v gen_col[10].u_pe_col/gen_pe[12].u_pe/_1365_/D (sky130_fd_sc_hd__dfrtp_1)
          11.71   data arrival time

  20.00   20.00   clock clk (rise edge)
   0.00   20.00   clock network delay (ideal)
   0.00   20.00   clock reconvergence pessimism
          20.00 ^ gen_col[10].u_pe_col/gen_pe[12].u_pe/_1365_/CLK (sky130_fd_sc_hd__dfrtp_1)
  -0.16   19.84   library setup time
          19.84   data required time
---------------------------------------------------------
          19.84   data required time
         -11.71   data arrival time
---------------------------------------------------------
           8.13   slack (MET)


Startpoint: gen_col[9].u_pe_col/gen_pe[13].u_pe/_1330_
            (rising edge-triggered flip-flop clocked by clk)
Endpoint: gen_col[10].u_pe_col/gen_pe[13].u_pe/_1365_
          (rising edge-triggered flip-flop clocked by clk)
Path Group: clk
Path Type: max

  Delay    Time   Description
---------------------------------------------------------
   0.00    0.00   clock clk (rise edge)
   0.00    0.00   clock network delay (ideal)
   0.00    0.00 ^ gen_col[9].u_pe_col/gen_pe[13].u_pe/_1330_/CLK (sky130_fd_sc_hd__dfrtp_1)
   0.40    0.40 ^ gen_col[9].u_pe_col/gen_pe[13].u_pe/_1330_/Q (sky130_fd_sc_hd__dfrtp_1)
   2.30    2.71 ^ gen_col[10].u_pe_col/gen_pe[13].u_pe/_0912_/X (sky130_fd_sc_hd__and2_0)
   0.28    2.98 v gen_col[10].u_pe_col/gen_pe[13].u_pe/_1131_/Y (sky130_fd_sc_hd__xnor2_1)
   0.52    3.50 v gen_col[10].u_pe_col/gen_pe[13].u_pe/_1132_/X (sky130_fd_sc_hd__maj3_1)
   0.35    3.85 v gen_col[10].u_pe_col/gen_pe[13].u_pe/_1146_/X (sky130_fd_sc_hd__xnor3_1)
   0.13    3.98 ^ gen_col[10].u_pe_col/gen_pe[13].u_pe/_1147_/X (sky130_fd_sc_hd__lpflow_isobufsrc_1)
   0.07    4.05 v gen_col[10].u_pe_col/gen_pe[13].u_pe/_1175_/Y (sky130_fd_sc_hd__a31oi_1)
   0.39    4.45 v gen_col[10].u_pe_col/gen_pe[13].u_pe/_1178_/X (sky130_fd_sc_hd__maj3_1)
   0.39    4.84 v gen_col[10].u_pe_col/gen_pe[13].u_pe/_1180_/X (sky130_fd_sc_hd__maj3_1)
   0.22    5.05 v gen_col[10].u_pe_col/gen_pe[13].u_pe/_1182_/X (sky130_fd_sc_hd__o21a_1)
   0.38    5.44 v gen_col[10].u_pe_col/gen_pe[13].u_pe/_1184_/X (sky130_fd_sc_hd__maj3_1)
   0.39    5.83 v gen_col[10].u_pe_col/gen_pe[13].u_pe/_1186_/X (sky130_fd_sc_hd__maj3_1)
   0.39    6.22 v gen_col[10].u_pe_col/gen_pe[13].u_pe/_1188_/X (sky130_fd_sc_hd__maj3_1)
   0.39    6.61 v gen_col[10].u_pe_col/gen_pe[13].u_pe/_1190_/X (sky130_fd_sc_hd__maj3_1)
   0.40    7.01 v gen_col[10].u_pe_col/gen_pe[13].u_pe/_1192_/X (sky130_fd_sc_hd__maj3_1)
   0.22    7.23 ^ gen_col[10].u_pe_col/gen_pe[13].u_pe/_1196_/Y (sky130_fd_sc_hd__o211ai_1)
   0.13    7.37 v gen_col[10].u_pe_col/gen_pe[13].u_pe/_1198_/Y (sky130_fd_sc_hd__a31oi_1)
   0.21    7.57 ^ gen_col[10].u_pe_col/gen_pe[13].u_pe/_1201_/Y (sky130_fd_sc_hd__o21bai_1)
   0.12    7.69 v gen_col[10].u_pe_col/gen_pe[13].u_pe/_1204_/Y (sky130_fd_sc_hd__a21oi_1)
   0.39    8.08 v gen_col[10].u_pe_col/gen_pe[13].u_pe/_1206_/X (sky130_fd_sc_hd__maj3_1)
   0.39    8.47 v gen_col[10].u_pe_col/gen_pe[13].u_pe/_1208_/X (sky130_fd_sc_hd__maj3_1)
   0.38    8.86 v gen_col[10].u_pe_col/gen_pe[13].u_pe/_1210_/X (sky130_fd_sc_hd__maj3_1)
   0.21    9.07 ^ gen_col[10].u_pe_col/gen_pe[13].u_pe/_1215_/Y (sky130_fd_sc_hd__o211ai_1)
   0.13    9.19 v gen_col[10].u_pe_col/gen_pe[13].u_pe/_1218_/Y (sky130_fd_sc_hd__a31oi_1)
   0.39    9.58 v gen_col[10].u_pe_col/gen_pe[13].u_pe/_1221_/X (sky130_fd_sc_hd__maj3_1)
   0.39    9.96 v gen_col[10].u_pe_col/gen_pe[13].u_pe/_1224_/X (sky130_fd_sc_hd__maj3_1)
   0.39   10.35 v gen_col[10].u_pe_col/gen_pe[13].u_pe/_1227_/X (sky130_fd_sc_hd__maj3_1)
   0.39   10.74 v gen_col[10].u_pe_col/gen_pe[13].u_pe/_1230_/X (sky130_fd_sc_hd__maj3_1)
   0.39   11.13 v gen_col[10].u_pe_col/gen_pe[13].u_pe/_1233_/X (sky130_fd_sc_hd__maj3_1)
   0.37   11.50 v gen_col[10].u_pe_col/gen_pe[13].u_pe/_1312_/X (sky130_fd_sc_hd__maj3_1)
   0.14   11.64 ^ gen_col[10].u_pe_col/gen_pe[13].u_pe/_1319_/Y (sky130_fd_sc_hd__xnor2_1)
   0.07   11.71 v gen_col[10].u_pe_col/gen_pe[13].u_pe/_1320_/Y (sky130_fd_sc_hd__o21ai_0)
   0.00   11.71 v gen_col[10].u_pe_col/gen_pe[13].u_pe/_1365_/D (sky130_fd_sc_hd__dfrtp_1)
          11.71   data arrival time

  20.00   20.00   clock clk (rise edge)
   0.00   20.00   clock network delay (ideal)
   0.00   20.00   clock reconvergence pessimism
          20.00 ^ gen_col[10].u_pe_col/gen_pe[13].u_pe/_1365_/CLK (sky130_fd_sc_hd__dfrtp_1)
  -0.16   19.84   library setup time
          19.84   data required time
---------------------------------------------------------
          19.84   data required time
         -11.71   data arrival time
---------------------------------------------------------
           8.13   slack (MET)


Timing Analysis Completed.
