OpenSTA 3.1.0  Copyright (c) 2026, Parallax Software, Inc.
License GPLv3: GNU GPL version 3 <http://gnu.org/licenses/gpl.html>

This is free software, and you are free to change and redistribute it
under certain conditions; type `show_copying' for details. 
This program comes with ABSOLUTELY NO WARRANTY; for details type `show_warranty'.
Warning 503: timing.tcl line 1, report_checks -group_count is deprecated. Use -group_path_count instead.
Startpoint: gen_col[9].u_pe_col/gen_pe[0].u_pe/_11707_
            (rising edge-triggered flip-flop clocked by clk)
Endpoint: gen_col[10].u_pe_col/gen_pe[0].u_pe/_11849_
          (rising edge-triggered flip-flop clocked by clk)
Path Group: clk
Path Type: max

  Delay    Time   Description
---------------------------------------------------------
   0.00    0.00   clock clk (rise edge)
   0.00    0.00   clock network delay (ideal)
   0.00    0.00 ^ gen_col[9].u_pe_col/gen_pe[0].u_pe/_11707_/CLK (sky130_fd_sc_hd__dfrtp_1)
   0.50    0.50 v gen_col[9].u_pe_col/gen_pe[0].u_pe/_11707_/Q (sky130_fd_sc_hd__dfrtp_1)
  12.96   13.46 ^ gen_col[10].u_pe_col/gen_pe[0].u_pe/_08147_/Y (sky130_fd_sc_hd__a31oi_1)
   0.79   14.25 v gen_col[10].u_pe_col/gen_pe[0].u_pe/_10274_/Y (sky130_fd_sc_hd__xnor2_1)
   0.78   15.03 ^ gen_col[10].u_pe_col/gen_pe[0].u_pe/_10351_/Y (sky130_fd_sc_hd__xnor2_1)
   0.19   15.22 ^ gen_col[10].u_pe_col/gen_pe[0].u_pe/_10352_/Y (sky130_fd_sc_hd__xnor2_1)
   0.17   15.38 ^ gen_col[10].u_pe_col/gen_pe[0].u_pe/_10353_/Y (sky130_fd_sc_hd__xnor2_1)
   0.23   15.61 ^ gen_col[10].u_pe_col/gen_pe[0].u_pe/_10427_/X (sky130_fd_sc_hd__xor2_1)
   0.37   15.99 v gen_col[10].u_pe_col/gen_pe[0].u_pe/_10500_/X (sky130_fd_sc_hd__xor3_1)
   0.17   16.16 v gen_col[10].u_pe_col/gen_pe[0].u_pe/_11100_/X (sky130_fd_sc_hd__xor2_1)
   0.18   16.33 ^ gen_col[10].u_pe_col/gen_pe[0].u_pe/_11101_/Y (sky130_fd_sc_hd__o21bai_1)
   0.10   16.43 v gen_col[10].u_pe_col/gen_pe[0].u_pe/_11105_/Y (sky130_fd_sc_hd__a21oi_1)
   0.30   16.73 ^ gen_col[10].u_pe_col/gen_pe[0].u_pe/_11109_/Y (sky130_fd_sc_hd__o21ai_0)
   0.14   16.88 v gen_col[10].u_pe_col/gen_pe[0].u_pe/_11114_/Y (sky130_fd_sc_hd__a211oi_1)
   0.33   17.20 ^ gen_col[10].u_pe_col/gen_pe[0].u_pe/_11116_/Y (sky130_fd_sc_hd__o32ai_1)
   0.16   17.37 v gen_col[10].u_pe_col/gen_pe[0].u_pe/_11119_/Y (sky130_fd_sc_hd__a21oi_1)
   0.41   17.77 ^ gen_col[10].u_pe_col/gen_pe[0].u_pe/_11139_/Y (sky130_fd_sc_hd__o31ai_1)
   0.21   17.98 ^ gen_col[10].u_pe_col/gen_pe[0].u_pe/_11142_/X (sky130_fd_sc_hd__a211o_1)
   0.19   18.18 ^ gen_col[10].u_pe_col/gen_pe[0].u_pe/_11145_/X (sky130_fd_sc_hd__a311o_1)
   0.11   18.29 v gen_col[10].u_pe_col/gen_pe[0].u_pe/_11147_/Y (sky130_fd_sc_hd__a31oi_1)
   0.31   18.60 ^ gen_col[10].u_pe_col/gen_pe[0].u_pe/_11150_/Y (sky130_fd_sc_hd__o21ai_0)
   0.14   18.74 v gen_col[10].u_pe_col/gen_pe[0].u_pe/_11154_/Y (sky130_fd_sc_hd__a211oi_1)
   0.42   19.15 ^ gen_col[10].u_pe_col/gen_pe[0].u_pe/_11157_/Y (sky130_fd_sc_hd__o311ai_0)
   0.19   19.34 v gen_col[10].u_pe_col/gen_pe[0].u_pe/_11160_/Y (sky130_fd_sc_hd__a311oi_1)
   0.43   19.77 ^ gen_col[10].u_pe_col/gen_pe[0].u_pe/_11163_/Y (sky130_fd_sc_hd__o311ai_0)
   0.18   19.95 v gen_col[10].u_pe_col/gen_pe[0].u_pe/_11166_/Y (sky130_fd_sc_hd__a311oi_1)
   0.42   20.38 ^ gen_col[10].u_pe_col/gen_pe[0].u_pe/_11169_/Y (sky130_fd_sc_hd__o311ai_0)
   0.19   20.57 v gen_col[10].u_pe_col/gen_pe[0].u_pe/_11172_/Y (sky130_fd_sc_hd__a311oi_1)
   0.43   20.99 ^ gen_col[10].u_pe_col/gen_pe[0].u_pe/_11175_/Y (sky130_fd_sc_hd__o311ai_0)
   0.16   21.15 v gen_col[10].u_pe_col/gen_pe[0].u_pe/_11178_/Y (sky130_fd_sc_hd__a311oi_1)
   0.18   21.33 v gen_col[10].u_pe_col/gen_pe[0].u_pe/_11180_/Y (sky130_fd_sc_hd__nand3b_1)
   0.28   21.61 ^ gen_col[10].u_pe_col/gen_pe[0].u_pe/_11183_/Y (sky130_fd_sc_hd__a311oi_1)
   0.12   21.73 v gen_col[10].u_pe_col/gen_pe[0].u_pe/_11185_/Y (sky130_fd_sc_hd__o21ai_0)
   0.42   22.15 v gen_col[10].u_pe_col/gen_pe[0].u_pe/_11191_/X (sky130_fd_sc_hd__a2111o_1)
   0.22   22.37 ^ gen_col[10].u_pe_col/gen_pe[0].u_pe/_11199_/Y (sky130_fd_sc_hd__o21bai_1)
   0.17   22.53 ^ gen_col[10].u_pe_col/gen_pe[0].u_pe/_11202_/X (sky130_fd_sc_hd__a211o_1)
   0.10   22.63 v gen_col[10].u_pe_col/gen_pe[0].u_pe/_11205_/Y (sky130_fd_sc_hd__a311oi_1)
   0.34   22.97 ^ gen_col[10].u_pe_col/gen_pe[0].u_pe/_11208_/Y (sky130_fd_sc_hd__o311ai_0)
   0.16   23.13 v gen_col[10].u_pe_col/gen_pe[0].u_pe/_11212_/Y (sky130_fd_sc_hd__a311oi_1)
   0.45   23.58 ^ gen_col[10].u_pe_col/gen_pe[0].u_pe/_11215_/Y (sky130_fd_sc_hd__o311ai_0)
   0.18   23.76 v gen_col[10].u_pe_col/gen_pe[0].u_pe/_11218_/Y (sky130_fd_sc_hd__a311oi_1)
   0.34   24.10 ^ gen_col[10].u_pe_col/gen_pe[0].u_pe/_11221_/Y (sky130_fd_sc_hd__o311ai_0)
   0.16   24.26 v gen_col[10].u_pe_col/gen_pe[0].u_pe/_11225_/Y (sky130_fd_sc_hd__a311oi_1)
   0.45   24.71 ^ gen_col[10].u_pe_col/gen_pe[0].u_pe/_11228_/Y (sky130_fd_sc_hd__o311ai_0)
   0.18   24.89 v gen_col[10].u_pe_col/gen_pe[0].u_pe/_11231_/Y (sky130_fd_sc_hd__a311oi_1)
   0.45   25.34 ^ gen_col[10].u_pe_col/gen_pe[0].u_pe/_11234_/Y (sky130_fd_sc_hd__o311ai_0)
   0.19   25.53 v gen_col[10].u_pe_col/gen_pe[0].u_pe/_11237_/Y (sky130_fd_sc_hd__a311oi_1)
   0.43   25.96 ^ gen_col[10].u_pe_col/gen_pe[0].u_pe/_11240_/Y (sky130_fd_sc_hd__o311ai_0)
   0.25   26.21 ^ gen_col[10].u_pe_col/gen_pe[0].u_pe/_11243_/X (sky130_fd_sc_hd__a311o_1)
   0.20   26.40 ^ gen_col[10].u_pe_col/gen_pe[0].u_pe/_11246_/X (sky130_fd_sc_hd__a311o_1)
   0.11   26.51 v gen_col[10].u_pe_col/gen_pe[0].u_pe/_11249_/Y (sky130_fd_sc_hd__a311oi_1)
   0.31   26.82 ^ gen_col[10].u_pe_col/gen_pe[0].u_pe/_11251_/Y (sky130_fd_sc_hd__o31ai_1)
   0.16   26.98 v gen_col[10].u_pe_col/gen_pe[0].u_pe/_11253_/Y (sky130_fd_sc_hd__a21oi_1)
   0.26   27.24 ^ gen_col[10].u_pe_col/gen_pe[0].u_pe/_11256_/Y (sky130_fd_sc_hd__o211ai_1)
   0.15   27.39 v gen_col[10].u_pe_col/gen_pe[0].u_pe/_11259_/Y (sky130_fd_sc_hd__a311oi_1)
   0.34   27.73 ^ gen_col[10].u_pe_col/gen_pe[0].u_pe/_11263_/Y (sky130_fd_sc_hd__o311ai_0)
   0.17   27.90 v gen_col[10].u_pe_col/gen_pe[0].u_pe/_11268_/Y (sky130_fd_sc_hd__a311oi_1)
   0.45   28.35 ^ gen_col[10].u_pe_col/gen_pe[0].u_pe/_11272_/Y (sky130_fd_sc_hd__o311ai_0)
   0.18   28.53 v gen_col[10].u_pe_col/gen_pe[0].u_pe/_11275_/Y (sky130_fd_sc_hd__a311oi_1)
   0.37   28.90 ^ gen_col[10].u_pe_col/gen_pe[0].u_pe/_11278_/Y (sky130_fd_sc_hd__o311ai_0)
   0.18   29.08 v gen_col[10].u_pe_col/gen_pe[0].u_pe/_11280_/Y (sky130_fd_sc_hd__a31oi_1)
   0.40   29.48 v gen_col[10].u_pe_col/gen_pe[0].u_pe/_11282_/X (sky130_fd_sc_hd__maj3_1)
   0.39   29.87 v gen_col[10].u_pe_col/gen_pe[0].u_pe/_11284_/X (sky130_fd_sc_hd__maj3_1)
   0.40   30.27 v gen_col[10].u_pe_col/gen_pe[0].u_pe/_11286_/X (sky130_fd_sc_hd__maj3_1)
   0.25   30.52 ^ gen_col[10].u_pe_col/gen_pe[0].u_pe/_11290_/Y (sky130_fd_sc_hd__o221ai_1)
   0.14   30.67 v gen_col[10].u_pe_col/gen_pe[0].u_pe/_11293_/Y (sky130_fd_sc_hd__a311oi_1)
   0.30   30.97 ^ gen_col[10].u_pe_col/gen_pe[0].u_pe/_11295_/Y (sky130_fd_sc_hd__o31ai_1)
   0.18   31.14 ^ gen_col[10].u_pe_col/gen_pe[0].u_pe/_11297_/X (sky130_fd_sc_hd__a21o_1)
   0.16   31.30 ^ gen_col[10].u_pe_col/gen_pe[0].u_pe/_11299_/X (sky130_fd_sc_hd__lpflow_isobufsrc_1)
   0.15   31.45 ^ gen_col[10].u_pe_col/gen_pe[0].u_pe/_11301_/X (sky130_fd_sc_hd__o21a_1)
   0.13   31.58 v gen_col[10].u_pe_col/gen_pe[0].u_pe/_11303_/Y (sky130_fd_sc_hd__o21ai_0)
   0.38   31.96 ^ gen_col[10].u_pe_col/gen_pe[0].u_pe/_11306_/Y (sky130_fd_sc_hd__a311oi_1)
   0.09   32.05 v gen_col[10].u_pe_col/gen_pe[0].u_pe/_11669_/Y (sky130_fd_sc_hd__nor3_1)
   0.21   32.26 ^ gen_col[10].u_pe_col/gen_pe[0].u_pe/_11671_/Y (sky130_fd_sc_hd__o31ai_1)
   0.00   32.26 ^ gen_col[10].u_pe_col/gen_pe[0].u_pe/_11849_/D (sky130_fd_sc_hd__dfrtp_1)
          32.26   data arrival time

  20.00   20.00   clock clk (rise edge)
   0.00   20.00   clock network delay (ideal)
   0.00   20.00   clock reconvergence pessimism
          20.00 ^ gen_col[10].u_pe_col/gen_pe[0].u_pe/_11849_/CLK (sky130_fd_sc_hd__dfrtp_1)
  -0.12   19.88   library setup time
          19.88   data required time
---------------------------------------------------------
          19.88   data required time
         -32.26   data arrival time
---------------------------------------------------------
         -12.38   slack (VIOLATED)


Startpoint: gen_col[10].u_pe_col/gen_pe[0].u_pe/_11707_
            (rising edge-triggered flip-flop clocked by clk)
Endpoint: gen_col[11].u_pe_col/gen_pe[0].u_pe/_11849_
          (rising edge-triggered flip-flop clocked by clk)
Path Group: clk
Path Type: max

  Delay    Time   Description
---------------------------------------------------------
   0.00    0.00   clock clk (rise edge)
   0.00    0.00   clock network delay (ideal)
   0.00    0.00 ^ gen_col[10].u_pe_col/gen_pe[0].u_pe/_11707_/CLK (sky130_fd_sc_hd__dfrtp_1)
   0.50    0.50 v gen_col[10].u_pe_col/gen_pe[0].u_pe/_11707_/Q (sky130_fd_sc_hd__dfrtp_1)
  12.96   13.46 ^ gen_col[11].u_pe_col/gen_pe[0].u_pe/_08147_/Y (sky130_fd_sc_hd__a31oi_1)
   0.79   14.25 v gen_col[11].u_pe_col/gen_pe[0].u_pe/_10274_/Y (sky130_fd_sc_hd__xnor2_1)
   0.78   15.03 ^ gen_col[11].u_pe_col/gen_pe[0].u_pe/_10351_/Y (sky130_fd_sc_hd__xnor2_1)
   0.19   15.22 ^ gen_col[11].u_pe_col/gen_pe[0].u_pe/_10352_/Y (sky130_fd_sc_hd__xnor2_1)
   0.17   15.38 ^ gen_col[11].u_pe_col/gen_pe[0].u_pe/_10353_/Y (sky130_fd_sc_hd__xnor2_1)
   0.23   15.61 ^ gen_col[11].u_pe_col/gen_pe[0].u_pe/_10427_/X (sky130_fd_sc_hd__xor2_1)
   0.37   15.99 v gen_col[11].u_pe_col/gen_pe[0].u_pe/_10500_/X (sky130_fd_sc_hd__xor3_1)
   0.17   16.16 v gen_col[11].u_pe_col/gen_pe[0].u_pe/_11100_/X (sky130_fd_sc_hd__xor2_1)
   0.18   16.33 ^ gen_col[11].u_pe_col/gen_pe[0].u_pe/_11101_/Y (sky130_fd_sc_hd__o21bai_1)
   0.10   16.43 v gen_col[11].u_pe_col/gen_pe[0].u_pe/_11105_/Y (sky130_fd_sc_hd__a21oi_1)
   0.30   16.73 ^ gen_col[11].u_pe_col/gen_pe[0].u_pe/_11109_/Y (sky130_fd_sc_hd__o21ai_0)
   0.14   16.88 v gen_col[11].u_pe_col/gen_pe[0].u_pe/_11114_/Y (sky130_fd_sc_hd__a211oi_1)
   0.33   17.20 ^ gen_col[11].u_pe_col/gen_pe[0].u_pe/_11116_/Y (sky130_fd_sc_hd__o32ai_1)
   0.16   17.37 v gen_col[11].u_pe_col/gen_pe[0].u_pe/_11119_/Y (sky130_fd_sc_hd__a21oi_1)
   0.41   17.77 ^ gen_col[11].u_pe_col/gen_pe[0].u_pe/_11139_/Y (sky130_fd_sc_hd__o31ai_1)
   0.21   17.98 ^ gen_col[11].u_pe_col/gen_pe[0].u_pe/_11142_/X (sky130_fd_sc_hd__a211o_1)
   0.19   18.18 ^ gen_col[11].u_pe_col/gen_pe[0].u_pe/_11145_/X (sky130_fd_sc_hd__a311o_1)
   0.11   18.29 v gen_col[11].u_pe_col/gen_pe[0].u_pe/_11147_/Y (sky130_fd_sc_hd__a31oi_1)
   0.31   18.60 ^ gen_col[11].u_pe_col/gen_pe[0].u_pe/_11150_/Y (sky130_fd_sc_hd__o21ai_0)
   0.14   18.74 v gen_col[11].u_pe_col/gen_pe[0].u_pe/_11154_/Y (sky130_fd_sc_hd__a211oi_1)
   0.42   19.15 ^ gen_col[11].u_pe_col/gen_pe[0].u_pe/_11157_/Y (sky130_fd_sc_hd__o311ai_0)
   0.19   19.34 v gen_col[11].u_pe_col/gen_pe[0].u_pe/_11160_/Y (sky130_fd_sc_hd__a311oi_1)
   0.43   19.77 ^ gen_col[11].u_pe_col/gen_pe[0].u_pe/_11163_/Y (sky130_fd_sc_hd__o311ai_0)
   0.18   19.95 v gen_col[11].u_pe_col/gen_pe[0].u_pe/_11166_/Y (sky130_fd_sc_hd__a311oi_1)
   0.42   20.38 ^ gen_col[11].u_pe_col/gen_pe[0].u_pe/_11169_/Y (sky130_fd_sc_hd__o311ai_0)
   0.19   20.57 v gen_col[11].u_pe_col/gen_pe[0].u_pe/_11172_/Y (sky130_fd_sc_hd__a311oi_1)
   0.43   20.99 ^ gen_col[11].u_pe_col/gen_pe[0].u_pe/_11175_/Y (sky130_fd_sc_hd__o311ai_0)
   0.16   21.15 v gen_col[11].u_pe_col/gen_pe[0].u_pe/_11178_/Y (sky130_fd_sc_hd__a311oi_1)
   0.18   21.33 v gen_col[11].u_pe_col/gen_pe[0].u_pe/_11180_/Y (sky130_fd_sc_hd__nand3b_1)
   0.28   21.61 ^ gen_col[11].u_pe_col/gen_pe[0].u_pe/_11183_/Y (sky130_fd_sc_hd__a311oi_1)
   0.12   21.73 v gen_col[11].u_pe_col/gen_pe[0].u_pe/_11185_/Y (sky130_fd_sc_hd__o21ai_0)
   0.42   22.15 v gen_col[11].u_pe_col/gen_pe[0].u_pe/_11191_/X (sky130_fd_sc_hd__a2111o_1)
   0.22   22.37 ^ gen_col[11].u_pe_col/gen_pe[0].u_pe/_11199_/Y (sky130_fd_sc_hd__o21bai_1)
   0.17   22.53 ^ gen_col[11].u_pe_col/gen_pe[0].u_pe/_11202_/X (sky130_fd_sc_hd__a211o_1)
   0.10   22.63 v gen_col[11].u_pe_col/gen_pe[0].u_pe/_11205_/Y (sky130_fd_sc_hd__a311oi_1)
   0.34   22.97 ^ gen_col[11].u_pe_col/gen_pe[0].u_pe/_11208_/Y (sky130_fd_sc_hd__o311ai_0)
   0.16   23.13 v gen_col[11].u_pe_col/gen_pe[0].u_pe/_11212_/Y (sky130_fd_sc_hd__a311oi_1)
   0.45   23.58 ^ gen_col[11].u_pe_col/gen_pe[0].u_pe/_11215_/Y (sky130_fd_sc_hd__o311ai_0)
   0.18   23.76 v gen_col[11].u_pe_col/gen_pe[0].u_pe/_11218_/Y (sky130_fd_sc_hd__a311oi_1)
   0.34   24.10 ^ gen_col[11].u_pe_col/gen_pe[0].u_pe/_11221_/Y (sky130_fd_sc_hd__o311ai_0)
   0.16   24.26 v gen_col[11].u_pe_col/gen_pe[0].u_pe/_11225_/Y (sky130_fd_sc_hd__a311oi_1)
   0.45   24.71 ^ gen_col[11].u_pe_col/gen_pe[0].u_pe/_11228_/Y (sky130_fd_sc_hd__o311ai_0)
   0.18   24.89 v gen_col[11].u_pe_col/gen_pe[0].u_pe/_11231_/Y (sky130_fd_sc_hd__a311oi_1)
   0.45   25.34 ^ gen_col[11].u_pe_col/gen_pe[0].u_pe/_11234_/Y (sky130_fd_sc_hd__o311ai_0)
   0.19   25.53 v gen_col[11].u_pe_col/gen_pe[0].u_pe/_11237_/Y (sky130_fd_sc_hd__a311oi_1)
   0.43   25.96 ^ gen_col[11].u_pe_col/gen_pe[0].u_pe/_11240_/Y (sky130_fd_sc_hd__o311ai_0)
   0.25   26.21 ^ gen_col[11].u_pe_col/gen_pe[0].u_pe/_11243_/X (sky130_fd_sc_hd__a311o_1)
   0.20   26.40 ^ gen_col[11].u_pe_col/gen_pe[0].u_pe/_11246_/X (sky130_fd_sc_hd__a311o_1)
   0.11   26.51 v gen_col[11].u_pe_col/gen_pe[0].u_pe/_11249_/Y (sky130_fd_sc_hd__a311oi_1)
   0.31   26.82 ^ gen_col[11].u_pe_col/gen_pe[0].u_pe/_11251_/Y (sky130_fd_sc_hd__o31ai_1)
   0.16   26.98 v gen_col[11].u_pe_col/gen_pe[0].u_pe/_11253_/Y (sky130_fd_sc_hd__a21oi_1)
   0.26   27.24 ^ gen_col[11].u_pe_col/gen_pe[0].u_pe/_11256_/Y (sky130_fd_sc_hd__o211ai_1)
   0.15   27.39 v gen_col[11].u_pe_col/gen_pe[0].u_pe/_11259_/Y (sky130_fd_sc_hd__a311oi_1)
   0.34   27.73 ^ gen_col[11].u_pe_col/gen_pe[0].u_pe/_11263_/Y (sky130_fd_sc_hd__o311ai_0)
   0.17   27.90 v gen_col[11].u_pe_col/gen_pe[0].u_pe/_11268_/Y (sky130_fd_sc_hd__a311oi_1)
   0.45   28.35 ^ gen_col[11].u_pe_col/gen_pe[0].u_pe/_11272_/Y (sky130_fd_sc_hd__o311ai_0)
   0.18   28.53 v gen_col[11].u_pe_col/gen_pe[0].u_pe/_11275_/Y (sky130_fd_sc_hd__a311oi_1)
   0.37   28.90 ^ gen_col[11].u_pe_col/gen_pe[0].u_pe/_11278_/Y (sky130_fd_sc_hd__o311ai_0)
   0.18   29.08 v gen_col[11].u_pe_col/gen_pe[0].u_pe/_11280_/Y (sky130_fd_sc_hd__a31oi_1)
   0.40   29.48 v gen_col[11].u_pe_col/gen_pe[0].u_pe/_11282_/X (sky130_fd_sc_hd__maj3_1)
   0.39   29.87 v gen_col[11].u_pe_col/gen_pe[0].u_pe/_11284_/X (sky130_fd_sc_hd__maj3_1)
   0.40   30.27 v gen_col[11].u_pe_col/gen_pe[0].u_pe/_11286_/X (sky130_fd_sc_hd__maj3_1)
   0.25   30.52 ^ gen_col[11].u_pe_col/gen_pe[0].u_pe/_11290_/Y (sky130_fd_sc_hd__o221ai_1)
   0.14   30.67 v gen_col[11].u_pe_col/gen_pe[0].u_pe/_11293_/Y (sky130_fd_sc_hd__a311oi_1)
   0.30   30.97 ^ gen_col[11].u_pe_col/gen_pe[0].u_pe/_11295_/Y (sky130_fd_sc_hd__o31ai_1)
   0.18   31.14 ^ gen_col[11].u_pe_col/gen_pe[0].u_pe/_11297_/X (sky130_fd_sc_hd__a21o_1)
   0.16   31.30 ^ gen_col[11].u_pe_col/gen_pe[0].u_pe/_11299_/X (sky130_fd_sc_hd__lpflow_isobufsrc_1)
   0.15   31.45 ^ gen_col[11].u_pe_col/gen_pe[0].u_pe/_11301_/X (sky130_fd_sc_hd__o21a_1)
   0.13   31.58 v gen_col[11].u_pe_col/gen_pe[0].u_pe/_11303_/Y (sky130_fd_sc_hd__o21ai_0)
   0.38   31.96 ^ gen_col[11].u_pe_col/gen_pe[0].u_pe/_11306_/Y (sky130_fd_sc_hd__a311oi_1)
   0.09   32.05 v gen_col[11].u_pe_col/gen_pe[0].u_pe/_11669_/Y (sky130_fd_sc_hd__nor3_1)
   0.21   32.26 ^ gen_col[11].u_pe_col/gen_pe[0].u_pe/_11671_/Y (sky130_fd_sc_hd__o31ai_1)
   0.00   32.26 ^ gen_col[11].u_pe_col/gen_pe[0].u_pe/_11849_/D (sky130_fd_sc_hd__dfrtp_1)
          32.26   data arrival time

  20.00   20.00   clock clk (rise edge)
   0.00   20.00   clock network delay (ideal)
   0.00   20.00   clock reconvergence pessimism
          20.00 ^ gen_col[11].u_pe_col/gen_pe[0].u_pe/_11849_/CLK (sky130_fd_sc_hd__dfrtp_1)
  -0.12   19.88   library setup time
          19.88   data required time
---------------------------------------------------------
          19.88   data required time
         -32.26   data arrival time
---------------------------------------------------------
         -12.38   slack (VIOLATED)


Startpoint: gen_col[11].u_pe_col/gen_pe[0].u_pe/_11707_
            (rising edge-triggered flip-flop clocked by clk)
Endpoint: gen_col[12].u_pe_col/gen_pe[0].u_pe/_11849_
          (rising edge-triggered flip-flop clocked by clk)
Path Group: clk
Path Type: max

  Delay    Time   Description
---------------------------------------------------------
   0.00    0.00   clock clk (rise edge)
   0.00    0.00   clock network delay (ideal)
   0.00    0.00 ^ gen_col[11].u_pe_col/gen_pe[0].u_pe/_11707_/CLK (sky130_fd_sc_hd__dfrtp_1)
   0.50    0.50 v gen_col[11].u_pe_col/gen_pe[0].u_pe/_11707_/Q (sky130_fd_sc_hd__dfrtp_1)
  12.96   13.46 ^ gen_col[12].u_pe_col/gen_pe[0].u_pe/_08147_/Y (sky130_fd_sc_hd__a31oi_1)
   0.79   14.25 v gen_col[12].u_pe_col/gen_pe[0].u_pe/_10274_/Y (sky130_fd_sc_hd__xnor2_1)
   0.78   15.03 ^ gen_col[12].u_pe_col/gen_pe[0].u_pe/_10351_/Y (sky130_fd_sc_hd__xnor2_1)
   0.19   15.22 ^ gen_col[12].u_pe_col/gen_pe[0].u_pe/_10352_/Y (sky130_fd_sc_hd__xnor2_1)
   0.17   15.38 ^ gen_col[12].u_pe_col/gen_pe[0].u_pe/_10353_/Y (sky130_fd_sc_hd__xnor2_1)
   0.23   15.61 ^ gen_col[12].u_pe_col/gen_pe[0].u_pe/_10427_/X (sky130_fd_sc_hd__xor2_1)
   0.37   15.99 v gen_col[12].u_pe_col/gen_pe[0].u_pe/_10500_/X (sky130_fd_sc_hd__xor3_1)
   0.17   16.16 v gen_col[12].u_pe_col/gen_pe[0].u_pe/_11100_/X (sky130_fd_sc_hd__xor2_1)
   0.18   16.33 ^ gen_col[12].u_pe_col/gen_pe[0].u_pe/_11101_/Y (sky130_fd_sc_hd__o21bai_1)
   0.10   16.43 v gen_col[12].u_pe_col/gen_pe[0].u_pe/_11105_/Y (sky130_fd_sc_hd__a21oi_1)
   0.30   16.73 ^ gen_col[12].u_pe_col/gen_pe[0].u_pe/_11109_/Y (sky130_fd_sc_hd__o21ai_0)
   0.14   16.88 v gen_col[12].u_pe_col/gen_pe[0].u_pe/_11114_/Y (sky130_fd_sc_hd__a211oi_1)
   0.33   17.20 ^ gen_col[12].u_pe_col/gen_pe[0].u_pe/_11116_/Y (sky130_fd_sc_hd__o32ai_1)
   0.16   17.37 v gen_col[12].u_pe_col/gen_pe[0].u_pe/_11119_/Y (sky130_fd_sc_hd__a21oi_1)
   0.41   17.77 ^ gen_col[12].u_pe_col/gen_pe[0].u_pe/_11139_/Y (sky130_fd_sc_hd__o31ai_1)
   0.21   17.98 ^ gen_col[12].u_pe_col/gen_pe[0].u_pe/_11142_/X (sky130_fd_sc_hd__a211o_1)
   0.19   18.18 ^ gen_col[12].u_pe_col/gen_pe[0].u_pe/_11145_/X (sky130_fd_sc_hd__a311o_1)
   0.11   18.29 v gen_col[12].u_pe_col/gen_pe[0].u_pe/_11147_/Y (sky130_fd_sc_hd__a31oi_1)
   0.31   18.60 ^ gen_col[12].u_pe_col/gen_pe[0].u_pe/_11150_/Y (sky130_fd_sc_hd__o21ai_0)
   0.14   18.74 v gen_col[12].u_pe_col/gen_pe[0].u_pe/_11154_/Y (sky130_fd_sc_hd__a211oi_1)
   0.42   19.15 ^ gen_col[12].u_pe_col/gen_pe[0].u_pe/_11157_/Y (sky130_fd_sc_hd__o311ai_0)
   0.19   19.34 v gen_col[12].u_pe_col/gen_pe[0].u_pe/_11160_/Y (sky130_fd_sc_hd__a311oi_1)
   0.43   19.77 ^ gen_col[12].u_pe_col/gen_pe[0].u_pe/_11163_/Y (sky130_fd_sc_hd__o311ai_0)
   0.18   19.95 v gen_col[12].u_pe_col/gen_pe[0].u_pe/_11166_/Y (sky130_fd_sc_hd__a311oi_1)
   0.42   20.38 ^ gen_col[12].u_pe_col/gen_pe[0].u_pe/_11169_/Y (sky130_fd_sc_hd__o311ai_0)
   0.19   20.57 v gen_col[12].u_pe_col/gen_pe[0].u_pe/_11172_/Y (sky130_fd_sc_hd__a311oi_1)
   0.43   20.99 ^ gen_col[12].u_pe_col/gen_pe[0].u_pe/_11175_/Y (sky130_fd_sc_hd__o311ai_0)
   0.16   21.15 v gen_col[12].u_pe_col/gen_pe[0].u_pe/_11178_/Y (sky130_fd_sc_hd__a311oi_1)
   0.18   21.33 v gen_col[12].u_pe_col/gen_pe[0].u_pe/_11180_/Y (sky130_fd_sc_hd__nand3b_1)
   0.28   21.61 ^ gen_col[12].u_pe_col/gen_pe[0].u_pe/_11183_/Y (sky130_fd_sc_hd__a311oi_1)
   0.12   21.73 v gen_col[12].u_pe_col/gen_pe[0].u_pe/_11185_/Y (sky130_fd_sc_hd__o21ai_0)
   0.42   22.15 v gen_col[12].u_pe_col/gen_pe[0].u_pe/_11191_/X (sky130_fd_sc_hd__a2111o_1)
   0.22   22.37 ^ gen_col[12].u_pe_col/gen_pe[0].u_pe/_11199_/Y (sky130_fd_sc_hd__o21bai_1)
   0.17   22.53 ^ gen_col[12].u_pe_col/gen_pe[0].u_pe/_11202_/X (sky130_fd_sc_hd__a211o_1)
   0.10   22.63 v gen_col[12].u_pe_col/gen_pe[0].u_pe/_11205_/Y (sky130_fd_sc_hd__a311oi_1)
   0.34   22.97 ^ gen_col[12].u_pe_col/gen_pe[0].u_pe/_11208_/Y (sky130_fd_sc_hd__o311ai_0)
   0.16   23.13 v gen_col[12].u_pe_col/gen_pe[0].u_pe/_11212_/Y (sky130_fd_sc_hd__a311oi_1)
   0.45   23.58 ^ gen_col[12].u_pe_col/gen_pe[0].u_pe/_11215_/Y (sky130_fd_sc_hd__o311ai_0)
   0.18   23.76 v gen_col[12].u_pe_col/gen_pe[0].u_pe/_11218_/Y (sky130_fd_sc_hd__a311oi_1)
   0.34   24.10 ^ gen_col[12].u_pe_col/gen_pe[0].u_pe/_11221_/Y (sky130_fd_sc_hd__o311ai_0)
   0.16   24.26 v gen_col[12].u_pe_col/gen_pe[0].u_pe/_11225_/Y (sky130_fd_sc_hd__a311oi_1)
   0.45   24.71 ^ gen_col[12].u_pe_col/gen_pe[0].u_pe/_11228_/Y (sky130_fd_sc_hd__o311ai_0)
   0.18   24.89 v gen_col[12].u_pe_col/gen_pe[0].u_pe/_11231_/Y (sky130_fd_sc_hd__a311oi_1)
   0.45   25.34 ^ gen_col[12].u_pe_col/gen_pe[0].u_pe/_11234_/Y (sky130_fd_sc_hd__o311ai_0)
   0.19   25.53 v gen_col[12].u_pe_col/gen_pe[0].u_pe/_11237_/Y (sky130_fd_sc_hd__a311oi_1)
   0.43   25.96 ^ gen_col[12].u_pe_col/gen_pe[0].u_pe/_11240_/Y (sky130_fd_sc_hd__o311ai_0)
   0.25   26.21 ^ gen_col[12].u_pe_col/gen_pe[0].u_pe/_11243_/X (sky130_fd_sc_hd__a311o_1)
   0.20   26.40 ^ gen_col[12].u_pe_col/gen_pe[0].u_pe/_11246_/X (sky130_fd_sc_hd__a311o_1)
   0.11   26.51 v gen_col[12].u_pe_col/gen_pe[0].u_pe/_11249_/Y (sky130_fd_sc_hd__a311oi_1)
   0.31   26.82 ^ gen_col[12].u_pe_col/gen_pe[0].u_pe/_11251_/Y (sky130_fd_sc_hd__o31ai_1)
   0.16   26.98 v gen_col[12].u_pe_col/gen_pe[0].u_pe/_11253_/Y (sky130_fd_sc_hd__a21oi_1)
   0.26   27.24 ^ gen_col[12].u_pe_col/gen_pe[0].u_pe/_11256_/Y (sky130_fd_sc_hd__o211ai_1)
   0.15   27.39 v gen_col[12].u_pe_col/gen_pe[0].u_pe/_11259_/Y (sky130_fd_sc_hd__a311oi_1)
   0.34   27.73 ^ gen_col[12].u_pe_col/gen_pe[0].u_pe/_11263_/Y (sky130_fd_sc_hd__o311ai_0)
   0.17   27.90 v gen_col[12].u_pe_col/gen_pe[0].u_pe/_11268_/Y (sky130_fd_sc_hd__a311oi_1)
   0.45   28.35 ^ gen_col[12].u_pe_col/gen_pe[0].u_pe/_11272_/Y (sky130_fd_sc_hd__o311ai_0)
   0.18   28.53 v gen_col[12].u_pe_col/gen_pe[0].u_pe/_11275_/Y (sky130_fd_sc_hd__a311oi_1)
   0.37   28.90 ^ gen_col[12].u_pe_col/gen_pe[0].u_pe/_11278_/Y (sky130_fd_sc_hd__o311ai_0)
   0.18   29.08 v gen_col[12].u_pe_col/gen_pe[0].u_pe/_11280_/Y (sky130_fd_sc_hd__a31oi_1)
   0.40   29.48 v gen_col[12].u_pe_col/gen_pe[0].u_pe/_11282_/X (sky130_fd_sc_hd__maj3_1)
   0.39   29.87 v gen_col[12].u_pe_col/gen_pe[0].u_pe/_11284_/X (sky130_fd_sc_hd__maj3_1)
   0.40   30.27 v gen_col[12].u_pe_col/gen_pe[0].u_pe/_11286_/X (sky130_fd_sc_hd__maj3_1)
   0.25   30.52 ^ gen_col[12].u_pe_col/gen_pe[0].u_pe/_11290_/Y (sky130_fd_sc_hd__o221ai_1)
   0.14   30.67 v gen_col[12].u_pe_col/gen_pe[0].u_pe/_11293_/Y (sky130_fd_sc_hd__a311oi_1)
   0.30   30.97 ^ gen_col[12].u_pe_col/gen_pe[0].u_pe/_11295_/Y (sky130_fd_sc_hd__o31ai_1)
   0.18   31.14 ^ gen_col[12].u_pe_col/gen_pe[0].u_pe/_11297_/X (sky130_fd_sc_hd__a21o_1)
   0.16   31.30 ^ gen_col[12].u_pe_col/gen_pe[0].u_pe/_11299_/X (sky130_fd_sc_hd__lpflow_isobufsrc_1)
   0.15   31.45 ^ gen_col[12].u_pe_col/gen_pe[0].u_pe/_11301_/X (sky130_fd_sc_hd__o21a_1)
   0.13   31.58 v gen_col[12].u_pe_col/gen_pe[0].u_pe/_11303_/Y (sky130_fd_sc_hd__o21ai_0)
   0.38   31.96 ^ gen_col[12].u_pe_col/gen_pe[0].u_pe/_11306_/Y (sky130_fd_sc_hd__a311oi_1)
   0.09   32.05 v gen_col[12].u_pe_col/gen_pe[0].u_pe/_11669_/Y (sky130_fd_sc_hd__nor3_1)
   0.21   32.26 ^ gen_col[12].u_pe_col/gen_pe[0].u_pe/_11671_/Y (sky130_fd_sc_hd__o31ai_1)
   0.00   32.26 ^ gen_col[12].u_pe_col/gen_pe[0].u_pe/_11849_/D (sky130_fd_sc_hd__dfrtp_1)
          32.26   data arrival time

  20.00   20.00   clock clk (rise edge)
   0.00   20.00   clock network delay (ideal)
   0.00   20.00   clock reconvergence pessimism
          20.00 ^ gen_col[12].u_pe_col/gen_pe[0].u_pe/_11849_/CLK (sky130_fd_sc_hd__dfrtp_1)
  -0.12   19.88   library setup time
          19.88   data required time
---------------------------------------------------------
          19.88   data required time
         -32.26   data arrival time
---------------------------------------------------------
         -12.38   slack (VIOLATED)


Startpoint: gen_col[12].u_pe_col/gen_pe[0].u_pe/_11707_
            (rising edge-triggered flip-flop clocked by clk)
Endpoint: gen_col[13].u_pe_col/gen_pe[0].u_pe/_11849_
          (rising edge-triggered flip-flop clocked by clk)
Path Group: clk
Path Type: max

  Delay    Time   Description
---------------------------------------------------------
   0.00    0.00   clock clk (rise edge)
   0.00    0.00   clock network delay (ideal)
   0.00    0.00 ^ gen_col[12].u_pe_col/gen_pe[0].u_pe/_11707_/CLK (sky130_fd_sc_hd__dfrtp_1)
   0.50    0.50 v gen_col[12].u_pe_col/gen_pe[0].u_pe/_11707_/Q (sky130_fd_sc_hd__dfrtp_1)
  12.96   13.46 ^ gen_col[13].u_pe_col/gen_pe[0].u_pe/_08147_/Y (sky130_fd_sc_hd__a31oi_1)
   0.79   14.25 v gen_col[13].u_pe_col/gen_pe[0].u_pe/_10274_/Y (sky130_fd_sc_hd__xnor2_1)
   0.78   15.03 ^ gen_col[13].u_pe_col/gen_pe[0].u_pe/_10351_/Y (sky130_fd_sc_hd__xnor2_1)
   0.19   15.22 ^ gen_col[13].u_pe_col/gen_pe[0].u_pe/_10352_/Y (sky130_fd_sc_hd__xnor2_1)
   0.17   15.38 ^ gen_col[13].u_pe_col/gen_pe[0].u_pe/_10353_/Y (sky130_fd_sc_hd__xnor2_1)
   0.23   15.61 ^ gen_col[13].u_pe_col/gen_pe[0].u_pe/_10427_/X (sky130_fd_sc_hd__xor2_1)
   0.37   15.99 v gen_col[13].u_pe_col/gen_pe[0].u_pe/_10500_/X (sky130_fd_sc_hd__xor3_1)
   0.17   16.16 v gen_col[13].u_pe_col/gen_pe[0].u_pe/_11100_/X (sky130_fd_sc_hd__xor2_1)
   0.18   16.33 ^ gen_col[13].u_pe_col/gen_pe[0].u_pe/_11101_/Y (sky130_fd_sc_hd__o21bai_1)
   0.10   16.43 v gen_col[13].u_pe_col/gen_pe[0].u_pe/_11105_/Y (sky130_fd_sc_hd__a21oi_1)
   0.30   16.73 ^ gen_col[13].u_pe_col/gen_pe[0].u_pe/_11109_/Y (sky130_fd_sc_hd__o21ai_0)
   0.14   16.88 v gen_col[13].u_pe_col/gen_pe[0].u_pe/_11114_/Y (sky130_fd_sc_hd__a211oi_1)
   0.33   17.20 ^ gen_col[13].u_pe_col/gen_pe[0].u_pe/_11116_/Y (sky130_fd_sc_hd__o32ai_1)
   0.16   17.37 v gen_col[13].u_pe_col/gen_pe[0].u_pe/_11119_/Y (sky130_fd_sc_hd__a21oi_1)
   0.41   17.77 ^ gen_col[13].u_pe_col/gen_pe[0].u_pe/_11139_/Y (sky130_fd_sc_hd__o31ai_1)
   0.21   17.98 ^ gen_col[13].u_pe_col/gen_pe[0].u_pe/_11142_/X (sky130_fd_sc_hd__a211o_1)
   0.19   18.18 ^ gen_col[13].u_pe_col/gen_pe[0].u_pe/_11145_/X (sky130_fd_sc_hd__a311o_1)
   0.11   18.29 v gen_col[13].u_pe_col/gen_pe[0].u_pe/_11147_/Y (sky130_fd_sc_hd__a31oi_1)
   0.31   18.60 ^ gen_col[13].u_pe_col/gen_pe[0].u_pe/_11150_/Y (sky130_fd_sc_hd__o21ai_0)
   0.14   18.74 v gen_col[13].u_pe_col/gen_pe[0].u_pe/_11154_/Y (sky130_fd_sc_hd__a211oi_1)
   0.42   19.15 ^ gen_col[13].u_pe_col/gen_pe[0].u_pe/_11157_/Y (sky130_fd_sc_hd__o311ai_0)
   0.19   19.34 v gen_col[13].u_pe_col/gen_pe[0].u_pe/_11160_/Y (sky130_fd_sc_hd__a311oi_1)
   0.43   19.77 ^ gen_col[13].u_pe_col/gen_pe[0].u_pe/_11163_/Y (sky130_fd_sc_hd__o311ai_0)
   0.18   19.95 v gen_col[13].u_pe_col/gen_pe[0].u_pe/_11166_/Y (sky130_fd_sc_hd__a311oi_1)
   0.42   20.38 ^ gen_col[13].u_pe_col/gen_pe[0].u_pe/_11169_/Y (sky130_fd_sc_hd__o311ai_0)
   0.19   20.57 v gen_col[13].u_pe_col/gen_pe[0].u_pe/_11172_/Y (sky130_fd_sc_hd__a311oi_1)
   0.43   20.99 ^ gen_col[13].u_pe_col/gen_pe[0].u_pe/_11175_/Y (sky130_fd_sc_hd__o311ai_0)
   0.16   21.15 v gen_col[13].u_pe_col/gen_pe[0].u_pe/_11178_/Y (sky130_fd_sc_hd__a311oi_1)
   0.18   21.33 v gen_col[13].u_pe_col/gen_pe[0].u_pe/_11180_/Y (sky130_fd_sc_hd__nand3b_1)
   0.28   21.61 ^ gen_col[13].u_pe_col/gen_pe[0].u_pe/_11183_/Y (sky130_fd_sc_hd__a311oi_1)
   0.12   21.73 v gen_col[13].u_pe_col/gen_pe[0].u_pe/_11185_/Y (sky130_fd_sc_hd__o21ai_0)
   0.42   22.15 v gen_col[13].u_pe_col/gen_pe[0].u_pe/_11191_/X (sky130_fd_sc_hd__a2111o_1)
   0.22   22.37 ^ gen_col[13].u_pe_col/gen_pe[0].u_pe/_11199_/Y (sky130_fd_sc_hd__o21bai_1)
   0.17   22.53 ^ gen_col[13].u_pe_col/gen_pe[0].u_pe/_11202_/X (sky130_fd_sc_hd__a211o_1)
   0.10   22.63 v gen_col[13].u_pe_col/gen_pe[0].u_pe/_11205_/Y (sky130_fd_sc_hd__a311oi_1)
   0.34   22.97 ^ gen_col[13].u_pe_col/gen_pe[0].u_pe/_11208_/Y (sky130_fd_sc_hd__o311ai_0)
   0.16   23.13 v gen_col[13].u_pe_col/gen_pe[0].u_pe/_11212_/Y (sky130_fd_sc_hd__a311oi_1)
   0.45   23.58 ^ gen_col[13].u_pe_col/gen_pe[0].u_pe/_11215_/Y (sky130_fd_sc_hd__o311ai_0)
   0.18   23.76 v gen_col[13].u_pe_col/gen_pe[0].u_pe/_11218_/Y (sky130_fd_sc_hd__a311oi_1)
   0.34   24.10 ^ gen_col[13].u_pe_col/gen_pe[0].u_pe/_11221_/Y (sky130_fd_sc_hd__o311ai_0)
   0.16   24.26 v gen_col[13].u_pe_col/gen_pe[0].u_pe/_11225_/Y (sky130_fd_sc_hd__a311oi_1)
   0.45   24.71 ^ gen_col[13].u_pe_col/gen_pe[0].u_pe/_11228_/Y (sky130_fd_sc_hd__o311ai_0)
   0.18   24.89 v gen_col[13].u_pe_col/gen_pe[0].u_pe/_11231_/Y (sky130_fd_sc_hd__a311oi_1)
   0.45   25.34 ^ gen_col[13].u_pe_col/gen_pe[0].u_pe/_11234_/Y (sky130_fd_sc_hd__o311ai_0)
   0.19   25.53 v gen_col[13].u_pe_col/gen_pe[0].u_pe/_11237_/Y (sky130_fd_sc_hd__a311oi_1)
   0.43   25.96 ^ gen_col[13].u_pe_col/gen_pe[0].u_pe/_11240_/Y (sky130_fd_sc_hd__o311ai_0)
   0.25   26.21 ^ gen_col[13].u_pe_col/gen_pe[0].u_pe/_11243_/X (sky130_fd_sc_hd__a311o_1)
   0.20   26.40 ^ gen_col[13].u_pe_col/gen_pe[0].u_pe/_11246_/X (sky130_fd_sc_hd__a311o_1)
   0.11   26.51 v gen_col[13].u_pe_col/gen_pe[0].u_pe/_11249_/Y (sky130_fd_sc_hd__a311oi_1)
   0.31   26.82 ^ gen_col[13].u_pe_col/gen_pe[0].u_pe/_11251_/Y (sky130_fd_sc_hd__o31ai_1)
   0.16   26.98 v gen_col[13].u_pe_col/gen_pe[0].u_pe/_11253_/Y (sky130_fd_sc_hd__a21oi_1)
   0.26   27.24 ^ gen_col[13].u_pe_col/gen_pe[0].u_pe/_11256_/Y (sky130_fd_sc_hd__o211ai_1)
   0.15   27.39 v gen_col[13].u_pe_col/gen_pe[0].u_pe/_11259_/Y (sky130_fd_sc_hd__a311oi_1)
   0.34   27.73 ^ gen_col[13].u_pe_col/gen_pe[0].u_pe/_11263_/Y (sky130_fd_sc_hd__o311ai_0)
   0.17   27.90 v gen_col[13].u_pe_col/gen_pe[0].u_pe/_11268_/Y (sky130_fd_sc_hd__a311oi_1)
   0.45   28.35 ^ gen_col[13].u_pe_col/gen_pe[0].u_pe/_11272_/Y (sky130_fd_sc_hd__o311ai_0)
   0.18   28.53 v gen_col[13].u_pe_col/gen_pe[0].u_pe/_11275_/Y (sky130_fd_sc_hd__a311oi_1)
   0.37   28.90 ^ gen_col[13].u_pe_col/gen_pe[0].u_pe/_11278_/Y (sky130_fd_sc_hd__o311ai_0)
   0.18   29.08 v gen_col[13].u_pe_col/gen_pe[0].u_pe/_11280_/Y (sky130_fd_sc_hd__a31oi_1)
   0.40   29.48 v gen_col[13].u_pe_col/gen_pe[0].u_pe/_11282_/X (sky130_fd_sc_hd__maj3_1)
   0.39   29.87 v gen_col[13].u_pe_col/gen_pe[0].u_pe/_11284_/X (sky130_fd_sc_hd__maj3_1)
   0.40   30.27 v gen_col[13].u_pe_col/gen_pe[0].u_pe/_11286_/X (sky130_fd_sc_hd__maj3_1)
   0.25   30.52 ^ gen_col[13].u_pe_col/gen_pe[0].u_pe/_11290_/Y (sky130_fd_sc_hd__o221ai_1)
   0.14   30.67 v gen_col[13].u_pe_col/gen_pe[0].u_pe/_11293_/Y (sky130_fd_sc_hd__a311oi_1)
   0.30   30.97 ^ gen_col[13].u_pe_col/gen_pe[0].u_pe/_11295_/Y (sky130_fd_sc_hd__o31ai_1)
   0.18   31.14 ^ gen_col[13].u_pe_col/gen_pe[0].u_pe/_11297_/X (sky130_fd_sc_hd__a21o_1)
   0.16   31.30 ^ gen_col[13].u_pe_col/gen_pe[0].u_pe/_11299_/X (sky130_fd_sc_hd__lpflow_isobufsrc_1)
   0.15   31.45 ^ gen_col[13].u_pe_col/gen_pe[0].u_pe/_11301_/X (sky130_fd_sc_hd__o21a_1)
   0.13   31.58 v gen_col[13].u_pe_col/gen_pe[0].u_pe/_11303_/Y (sky130_fd_sc_hd__o21ai_0)
   0.38   31.96 ^ gen_col[13].u_pe_col/gen_pe[0].u_pe/_11306_/Y (sky130_fd_sc_hd__a311oi_1)
   0.09   32.05 v gen_col[13].u_pe_col/gen_pe[0].u_pe/_11669_/Y (sky130_fd_sc_hd__nor3_1)
   0.21   32.26 ^ gen_col[13].u_pe_col/gen_pe[0].u_pe/_11671_/Y (sky130_fd_sc_hd__o31ai_1)
   0.00   32.26 ^ gen_col[13].u_pe_col/gen_pe[0].u_pe/_11849_/D (sky130_fd_sc_hd__dfrtp_1)
          32.26   data arrival time

  20.00   20.00   clock clk (rise edge)
   0.00   20.00   clock network delay (ideal)
   0.00   20.00   clock reconvergence pessimism
          20.00 ^ gen_col[13].u_pe_col/gen_pe[0].u_pe/_11849_/CLK (sky130_fd_sc_hd__dfrtp_1)
  -0.12   19.88   library setup time
          19.88   data required time
---------------------------------------------------------
          19.88   data required time
         -32.26   data arrival time
---------------------------------------------------------
         -12.38   slack (VIOLATED)


Startpoint: gen_col[13].u_pe_col/gen_pe[0].u_pe/_11707_
            (rising edge-triggered flip-flop clocked by clk)
Endpoint: gen_col[14].u_pe_col/gen_pe[0].u_pe/_11849_
          (rising edge-triggered flip-flop clocked by clk)
Path Group: clk
Path Type: max

  Delay    Time   Description
---------------------------------------------------------
   0.00    0.00   clock clk (rise edge)
   0.00    0.00   clock network delay (ideal)
   0.00    0.00 ^ gen_col[13].u_pe_col/gen_pe[0].u_pe/_11707_/CLK (sky130_fd_sc_hd__dfrtp_1)
   0.50    0.50 v gen_col[13].u_pe_col/gen_pe[0].u_pe/_11707_/Q (sky130_fd_sc_hd__dfrtp_1)
  12.96   13.46 ^ gen_col[14].u_pe_col/gen_pe[0].u_pe/_08147_/Y (sky130_fd_sc_hd__a31oi_1)
   0.79   14.25 v gen_col[14].u_pe_col/gen_pe[0].u_pe/_10274_/Y (sky130_fd_sc_hd__xnor2_1)
   0.78   15.03 ^ gen_col[14].u_pe_col/gen_pe[0].u_pe/_10351_/Y (sky130_fd_sc_hd__xnor2_1)
   0.19   15.22 ^ gen_col[14].u_pe_col/gen_pe[0].u_pe/_10352_/Y (sky130_fd_sc_hd__xnor2_1)
   0.17   15.38 ^ gen_col[14].u_pe_col/gen_pe[0].u_pe/_10353_/Y (sky130_fd_sc_hd__xnor2_1)
   0.23   15.61 ^ gen_col[14].u_pe_col/gen_pe[0].u_pe/_10427_/X (sky130_fd_sc_hd__xor2_1)
   0.37   15.99 v gen_col[14].u_pe_col/gen_pe[0].u_pe/_10500_/X (sky130_fd_sc_hd__xor3_1)
   0.17   16.16 v gen_col[14].u_pe_col/gen_pe[0].u_pe/_11100_/X (sky130_fd_sc_hd__xor2_1)
   0.18   16.33 ^ gen_col[14].u_pe_col/gen_pe[0].u_pe/_11101_/Y (sky130_fd_sc_hd__o21bai_1)
   0.10   16.43 v gen_col[14].u_pe_col/gen_pe[0].u_pe/_11105_/Y (sky130_fd_sc_hd__a21oi_1)
   0.30   16.73 ^ gen_col[14].u_pe_col/gen_pe[0].u_pe/_11109_/Y (sky130_fd_sc_hd__o21ai_0)
   0.14   16.88 v gen_col[14].u_pe_col/gen_pe[0].u_pe/_11114_/Y (sky130_fd_sc_hd__a211oi_1)
   0.33   17.20 ^ gen_col[14].u_pe_col/gen_pe[0].u_pe/_11116_/Y (sky130_fd_sc_hd__o32ai_1)
   0.16   17.37 v gen_col[14].u_pe_col/gen_pe[0].u_pe/_11119_/Y (sky130_fd_sc_hd__a21oi_1)
   0.41   17.77 ^ gen_col[14].u_pe_col/gen_pe[0].u_pe/_11139_/Y (sky130_fd_sc_hd__o31ai_1)
   0.21   17.98 ^ gen_col[14].u_pe_col/gen_pe[0].u_pe/_11142_/X (sky130_fd_sc_hd__a211o_1)
   0.19   18.18 ^ gen_col[14].u_pe_col/gen_pe[0].u_pe/_11145_/X (sky130_fd_sc_hd__a311o_1)
   0.11   18.29 v gen_col[14].u_pe_col/gen_pe[0].u_pe/_11147_/Y (sky130_fd_sc_hd__a31oi_1)
   0.31   18.60 ^ gen_col[14].u_pe_col/gen_pe[0].u_pe/_11150_/Y (sky130_fd_sc_hd__o21ai_0)
   0.14   18.74 v gen_col[14].u_pe_col/gen_pe[0].u_pe/_11154_/Y (sky130_fd_sc_hd__a211oi_1)
   0.42   19.15 ^ gen_col[14].u_pe_col/gen_pe[0].u_pe/_11157_/Y (sky130_fd_sc_hd__o311ai_0)
   0.19   19.34 v gen_col[14].u_pe_col/gen_pe[0].u_pe/_11160_/Y (sky130_fd_sc_hd__a311oi_1)
   0.43   19.77 ^ gen_col[14].u_pe_col/gen_pe[0].u_pe/_11163_/Y (sky130_fd_sc_hd__o311ai_0)
   0.18   19.95 v gen_col[14].u_pe_col/gen_pe[0].u_pe/_11166_/Y (sky130_fd_sc_hd__a311oi_1)
   0.42   20.38 ^ gen_col[14].u_pe_col/gen_pe[0].u_pe/_11169_/Y (sky130_fd_sc_hd__o311ai_0)
   0.19   20.57 v gen_col[14].u_pe_col/gen_pe[0].u_pe/_11172_/Y (sky130_fd_sc_hd__a311oi_1)
   0.43   20.99 ^ gen_col[14].u_pe_col/gen_pe[0].u_pe/_11175_/Y (sky130_fd_sc_hd__o311ai_0)
   0.16   21.15 v gen_col[14].u_pe_col/gen_pe[0].u_pe/_11178_/Y (sky130_fd_sc_hd__a311oi_1)
   0.18   21.33 v gen_col[14].u_pe_col/gen_pe[0].u_pe/_11180_/Y (sky130_fd_sc_hd__nand3b_1)
   0.28   21.61 ^ gen_col[14].u_pe_col/gen_pe[0].u_pe/_11183_/Y (sky130_fd_sc_hd__a311oi_1)
   0.12   21.73 v gen_col[14].u_pe_col/gen_pe[0].u_pe/_11185_/Y (sky130_fd_sc_hd__o21ai_0)
   0.42   22.15 v gen_col[14].u_pe_col/gen_pe[0].u_pe/_11191_/X (sky130_fd_sc_hd__a2111o_1)
   0.22   22.37 ^ gen_col[14].u_pe_col/gen_pe[0].u_pe/_11199_/Y (sky130_fd_sc_hd__o21bai_1)
   0.17   22.53 ^ gen_col[14].u_pe_col/gen_pe[0].u_pe/_11202_/X (sky130_fd_sc_hd__a211o_1)
   0.10   22.63 v gen_col[14].u_pe_col/gen_pe[0].u_pe/_11205_/Y (sky130_fd_sc_hd__a311oi_1)
   0.34   22.97 ^ gen_col[14].u_pe_col/gen_pe[0].u_pe/_11208_/Y (sky130_fd_sc_hd__o311ai_0)
   0.16   23.13 v gen_col[14].u_pe_col/gen_pe[0].u_pe/_11212_/Y (sky130_fd_sc_hd__a311oi_1)
   0.45   23.58 ^ gen_col[14].u_pe_col/gen_pe[0].u_pe/_11215_/Y (sky130_fd_sc_hd__o311ai_0)
   0.18   23.76 v gen_col[14].u_pe_col/gen_pe[0].u_pe/_11218_/Y (sky130_fd_sc_hd__a311oi_1)
   0.34   24.10 ^ gen_col[14].u_pe_col/gen_pe[0].u_pe/_11221_/Y (sky130_fd_sc_hd__o311ai_0)
   0.16   24.26 v gen_col[14].u_pe_col/gen_pe[0].u_pe/_11225_/Y (sky130_fd_sc_hd__a311oi_1)
   0.45   24.71 ^ gen_col[14].u_pe_col/gen_pe[0].u_pe/_11228_/Y (sky130_fd_sc_hd__o311ai_0)
   0.18   24.89 v gen_col[14].u_pe_col/gen_pe[0].u_pe/_11231_/Y (sky130_fd_sc_hd__a311oi_1)
   0.45   25.34 ^ gen_col[14].u_pe_col/gen_pe[0].u_pe/_11234_/Y (sky130_fd_sc_hd__o311ai_0)
   0.19   25.53 v gen_col[14].u_pe_col/gen_pe[0].u_pe/_11237_/Y (sky130_fd_sc_hd__a311oi_1)
   0.43   25.96 ^ gen_col[14].u_pe_col/gen_pe[0].u_pe/_11240_/Y (sky130_fd_sc_hd__o311ai_0)
   0.25   26.21 ^ gen_col[14].u_pe_col/gen_pe[0].u_pe/_11243_/X (sky130_fd_sc_hd__a311o_1)
   0.20   26.40 ^ gen_col[14].u_pe_col/gen_pe[0].u_pe/_11246_/X (sky130_fd_sc_hd__a311o_1)
   0.11   26.51 v gen_col[14].u_pe_col/gen_pe[0].u_pe/_11249_/Y (sky130_fd_sc_hd__a311oi_1)
   0.31   26.82 ^ gen_col[14].u_pe_col/gen_pe[0].u_pe/_11251_/Y (sky130_fd_sc_hd__o31ai_1)
   0.16   26.98 v gen_col[14].u_pe_col/gen_pe[0].u_pe/_11253_/Y (sky130_fd_sc_hd__a21oi_1)
   0.26   27.24 ^ gen_col[14].u_pe_col/gen_pe[0].u_pe/_11256_/Y (sky130_fd_sc_hd__o211ai_1)
   0.15   27.39 v gen_col[14].u_pe_col/gen_pe[0].u_pe/_11259_/Y (sky130_fd_sc_hd__a311oi_1)
   0.34   27.73 ^ gen_col[14].u_pe_col/gen_pe[0].u_pe/_11263_/Y (sky130_fd_sc_hd__o311ai_0)
   0.17   27.90 v gen_col[14].u_pe_col/gen_pe[0].u_pe/_11268_/Y (sky130_fd_sc_hd__a311oi_1)
   0.45   28.35 ^ gen_col[14].u_pe_col/gen_pe[0].u_pe/_11272_/Y (sky130_fd_sc_hd__o311ai_0)
   0.18   28.53 v gen_col[14].u_pe_col/gen_pe[0].u_pe/_11275_/Y (sky130_fd_sc_hd__a311oi_1)
   0.37   28.90 ^ gen_col[14].u_pe_col/gen_pe[0].u_pe/_11278_/Y (sky130_fd_sc_hd__o311ai_0)
   0.18   29.08 v gen_col[14].u_pe_col/gen_pe[0].u_pe/_11280_/Y (sky130_fd_sc_hd__a31oi_1)
   0.40   29.48 v gen_col[14].u_pe_col/gen_pe[0].u_pe/_11282_/X (sky130_fd_sc_hd__maj3_1)
   0.39   29.87 v gen_col[14].u_pe_col/gen_pe[0].u_pe/_11284_/X (sky130_fd_sc_hd__maj3_1)
   0.40   30.27 v gen_col[14].u_pe_col/gen_pe[0].u_pe/_11286_/X (sky130_fd_sc_hd__maj3_1)
   0.25   30.52 ^ gen_col[14].u_pe_col/gen_pe[0].u_pe/_11290_/Y (sky130_fd_sc_hd__o221ai_1)
   0.14   30.67 v gen_col[14].u_pe_col/gen_pe[0].u_pe/_11293_/Y (sky130_fd_sc_hd__a311oi_1)
   0.30   30.97 ^ gen_col[14].u_pe_col/gen_pe[0].u_pe/_11295_/Y (sky130_fd_sc_hd__o31ai_1)
   0.18   31.14 ^ gen_col[14].u_pe_col/gen_pe[0].u_pe/_11297_/X (sky130_fd_sc_hd__a21o_1)
   0.16   31.30 ^ gen_col[14].u_pe_col/gen_pe[0].u_pe/_11299_/X (sky130_fd_sc_hd__lpflow_isobufsrc_1)
   0.15   31.45 ^ gen_col[14].u_pe_col/gen_pe[0].u_pe/_11301_/X (sky130_fd_sc_hd__o21a_1)
   0.13   31.58 v gen_col[14].u_pe_col/gen_pe[0].u_pe/_11303_/Y (sky130_fd_sc_hd__o21ai_0)
   0.38   31.96 ^ gen_col[14].u_pe_col/gen_pe[0].u_pe/_11306_/Y (sky130_fd_sc_hd__a311oi_1)
   0.09   32.05 v gen_col[14].u_pe_col/gen_pe[0].u_pe/_11669_/Y (sky130_fd_sc_hd__nor3_1)
   0.21   32.26 ^ gen_col[14].u_pe_col/gen_pe[0].u_pe/_11671_/Y (sky130_fd_sc_hd__o31ai_1)
   0.00   32.26 ^ gen_col[14].u_pe_col/gen_pe[0].u_pe/_11849_/D (sky130_fd_sc_hd__dfrtp_1)
          32.26   data arrival time

  20.00   20.00   clock clk (rise edge)
   0.00   20.00   clock network delay (ideal)
   0.00   20.00   clock reconvergence pessimism
          20.00 ^ gen_col[14].u_pe_col/gen_pe[0].u_pe/_11849_/CLK (sky130_fd_sc_hd__dfrtp_1)
  -0.12   19.88   library setup time
          19.88   data required time
---------------------------------------------------------
          19.88   data required time
         -32.26   data arrival time
---------------------------------------------------------
         -12.38   slack (VIOLATED)


Timing Analysis Completed.
