OpenSTA 3.1.0  Copyright (c) 2026, Parallax Software, Inc.
License GPLv3: GNU GPL version 3 <http://gnu.org/licenses/gpl.html>

This is free software, and you are free to change and redistribute it
under certain conditions; type `show_copying' for details. 
This program comes with ABSOLUTELY NO WARRANTY; for details type `show_warranty'.
Warning 503: timing.tcl line 1, report_checks -group_count is deprecated. Use -group_path_count instead.
Startpoint: gen_col[0].u_pe_col/gen_pe[0].u_pe/_8884_
            (rising edge-triggered flip-flop clocked by clk)
Endpoint: gen_col[0].u_pe_col/gen_pe[0].u_pe/_8978_
          (rising edge-triggered flip-flop clocked by clk)
Path Group: clk
Path Type: max

  Delay    Time   Description
---------------------------------------------------------
   0.00    0.00   clock clk (rise edge)
   0.00    0.00   clock network delay (ideal)
   0.00    0.00 ^ gen_col[0].u_pe_col/gen_pe[0].u_pe/_8884_/CLK (sky130_fd_sc_hd__dfrtp_1)
   0.93    0.93 ^ gen_col[0].u_pe_col/gen_pe[0].u_pe/_8884_/Q (sky130_fd_sc_hd__dfrtp_1)
   0.19    1.12 v gen_col[0].u_pe_col/gen_pe[0].u_pe/_8244_/Y (sky130_fd_sc_hd__nand2_1)
   0.41    1.53 v gen_col[0].u_pe_col/gen_pe[0].u_pe/_8246_/X (sky130_fd_sc_hd__maj3_1)
   0.22    1.75 ^ gen_col[0].u_pe_col/gen_pe[0].u_pe/_8248_/X (sky130_fd_sc_hd__xor2_1)
   0.49    2.24 v gen_col[0].u_pe_col/gen_pe[0].u_pe/_8288_/X (sky130_fd_sc_hd__xor3_1)
   0.42    2.65 v gen_col[0].u_pe_col/gen_pe[0].u_pe/_8316_/X (sky130_fd_sc_hd__xnor3_1)
   0.62    3.27 ^ gen_col[0].u_pe_col/gen_pe[0].u_pe/_8319_/Y (sky130_fd_sc_hd__nor4_1)
   0.17    3.44 v gen_col[0].u_pe_col/gen_pe[0].u_pe/_8324_/Y (sky130_fd_sc_hd__nor4_1)
   0.26    3.70 v gen_col[0].u_pe_col/gen_pe[0].u_pe/_8326_/X (sky130_fd_sc_hd__xnor3_1)
   0.39    4.09 v gen_col[0].u_pe_col/gen_pe[0].u_pe/_8397_/X (sky130_fd_sc_hd__xor3_1)
   0.30    4.40 ^ gen_col[0].u_pe_col/gen_pe[0].u_pe/_8398_/Y (sky130_fd_sc_hd__a311oi_1)
   0.18    4.58 ^ gen_col[0].u_pe_col/gen_pe[0].u_pe/_8400_/X (sky130_fd_sc_hd__o21a_1)
   0.13    4.71 ^ gen_col[0].u_pe_col/gen_pe[0].u_pe/_8402_/X (sky130_fd_sc_hd__o21a_1)
   0.11    4.82 v gen_col[0].u_pe_col/gen_pe[0].u_pe/_8404_/Y (sky130_fd_sc_hd__o21ai_0)
   0.22    5.04 v gen_col[0].u_pe_col/gen_pe[0].u_pe/_8406_/X (sky130_fd_sc_hd__a21o_1)
   0.19    5.23 v gen_col[0].u_pe_col/gen_pe[0].u_pe/_8408_/X (sky130_fd_sc_hd__a21o_1)
   0.19    5.42 v gen_col[0].u_pe_col/gen_pe[0].u_pe/_8410_/X (sky130_fd_sc_hd__a21o_1)
   0.27    5.69 ^ gen_col[0].u_pe_col/gen_pe[0].u_pe/_8413_/Y (sky130_fd_sc_hd__a21boi_0)
   0.18    5.88 ^ gen_col[0].u_pe_col/gen_pe[0].u_pe/_8415_/X (sky130_fd_sc_hd__o21a_1)
   0.14    6.02 ^ gen_col[0].u_pe_col/gen_pe[0].u_pe/_8417_/X (sky130_fd_sc_hd__o21a_1)
   0.14    6.16 ^ gen_col[0].u_pe_col/gen_pe[0].u_pe/_8419_/X (sky130_fd_sc_hd__o21a_1)
   0.08    6.25 v gen_col[0].u_pe_col/gen_pe[0].u_pe/_8422_/Y (sky130_fd_sc_hd__o21bai_1)
   0.22    6.46 ^ gen_col[0].u_pe_col/gen_pe[0].u_pe/_8425_/Y (sky130_fd_sc_hd__a21oi_1)
   0.17    6.63 ^ gen_col[0].u_pe_col/gen_pe[0].u_pe/_8428_/X (sky130_fd_sc_hd__o21a_1)
   0.08    6.72 v gen_col[0].u_pe_col/gen_pe[0].u_pe/_8432_/Y (sky130_fd_sc_hd__o21bai_1)
   0.22    6.93 ^ gen_col[0].u_pe_col/gen_pe[0].u_pe/_8435_/Y (sky130_fd_sc_hd__a21oi_1)
   0.17    7.10 ^ gen_col[0].u_pe_col/gen_pe[0].u_pe/_8438_/X (sky130_fd_sc_hd__o21a_1)
   0.14    7.25 ^ gen_col[0].u_pe_col/gen_pe[0].u_pe/_8440_/X (sky130_fd_sc_hd__o21a_1)
   0.14    7.39 ^ gen_col[0].u_pe_col/gen_pe[0].u_pe/_8442_/X (sky130_fd_sc_hd__o21a_1)
   0.09    7.48 v gen_col[0].u_pe_col/gen_pe[0].u_pe/_8446_/Y (sky130_fd_sc_hd__o21bai_1)
   0.20    7.68 v gen_col[0].u_pe_col/gen_pe[0].u_pe/_8449_/X (sky130_fd_sc_hd__a21o_1)
   0.19    7.87 v gen_col[0].u_pe_col/gen_pe[0].u_pe/_8451_/X (sky130_fd_sc_hd__a21o_1)
   0.21    8.08 ^ gen_col[0].u_pe_col/gen_pe[0].u_pe/_8597_/Y (sky130_fd_sc_hd__a21oi_1)
   0.07    8.15 v gen_col[0].u_pe_col/gen_pe[0].u_pe/_8848_/Y (sky130_fd_sc_hd__nor3_1)
   0.17    8.32 ^ gen_col[0].u_pe_col/gen_pe[0].u_pe/_8849_/Y (sky130_fd_sc_hd__o31ai_1)
   0.00    8.32 ^ gen_col[0].u_pe_col/gen_pe[0].u_pe/_8978_/D (sky130_fd_sc_hd__dfrtp_1)
           8.32   data arrival time

  20.00   20.00   clock clk (rise edge)
   0.00   20.00   clock network delay (ideal)
   0.00   20.00   clock reconvergence pessimism
          20.00 ^ gen_col[0].u_pe_col/gen_pe[0].u_pe/_8978_/CLK (sky130_fd_sc_hd__dfrtp_1)
  -0.10   19.90   library setup time
          19.90   data required time
---------------------------------------------------------
          19.90   data required time
          -8.32   data arrival time
---------------------------------------------------------
          11.58   slack (MET)


Startpoint: gen_col[0].u_pe_col/gen_pe[1].u_pe/_8884_
            (rising edge-triggered flip-flop clocked by clk)
Endpoint: gen_col[0].u_pe_col/gen_pe[1].u_pe/_8978_
          (rising edge-triggered flip-flop clocked by clk)
Path Group: clk
Path Type: max

  Delay    Time   Description
---------------------------------------------------------
   0.00    0.00   clock clk (rise edge)
   0.00    0.00   clock network delay (ideal)
   0.00    0.00 ^ gen_col[0].u_pe_col/gen_pe[1].u_pe/_8884_/CLK (sky130_fd_sc_hd__dfrtp_1)
   0.93    0.93 ^ gen_col[0].u_pe_col/gen_pe[1].u_pe/_8884_/Q (sky130_fd_sc_hd__dfrtp_1)
   0.19    1.12 v gen_col[0].u_pe_col/gen_pe[1].u_pe/_8244_/Y (sky130_fd_sc_hd__nand2_1)
   0.41    1.53 v gen_col[0].u_pe_col/gen_pe[1].u_pe/_8246_/X (sky130_fd_sc_hd__maj3_1)
   0.22    1.75 ^ gen_col[0].u_pe_col/gen_pe[1].u_pe/_8248_/X (sky130_fd_sc_hd__xor2_1)
   0.49    2.24 v gen_col[0].u_pe_col/gen_pe[1].u_pe/_8288_/X (sky130_fd_sc_hd__xor3_1)
   0.42    2.65 v gen_col[0].u_pe_col/gen_pe[1].u_pe/_8316_/X (sky130_fd_sc_hd__xnor3_1)
   0.62    3.27 ^ gen_col[0].u_pe_col/gen_pe[1].u_pe/_8319_/Y (sky130_fd_sc_hd__nor4_1)
   0.17    3.44 v gen_col[0].u_pe_col/gen_pe[1].u_pe/_8324_/Y (sky130_fd_sc_hd__nor4_1)
   0.26    3.70 v gen_col[0].u_pe_col/gen_pe[1].u_pe/_8326_/X (sky130_fd_sc_hd__xnor3_1)
   0.39    4.09 v gen_col[0].u_pe_col/gen_pe[1].u_pe/_8397_/X (sky130_fd_sc_hd__xor3_1)
   0.30    4.40 ^ gen_col[0].u_pe_col/gen_pe[1].u_pe/_8398_/Y (sky130_fd_sc_hd__a311oi_1)
   0.18    4.58 ^ gen_col[0].u_pe_col/gen_pe[1].u_pe/_8400_/X (sky130_fd_sc_hd__o21a_1)
   0.13    4.71 ^ gen_col[0].u_pe_col/gen_pe[1].u_pe/_8402_/X (sky130_fd_sc_hd__o21a_1)
   0.11    4.82 v gen_col[0].u_pe_col/gen_pe[1].u_pe/_8404_/Y (sky130_fd_sc_hd__o21ai_0)
   0.22    5.04 v gen_col[0].u_pe_col/gen_pe[1].u_pe/_8406_/X (sky130_fd_sc_hd__a21o_1)
   0.19    5.23 v gen_col[0].u_pe_col/gen_pe[1].u_pe/_8408_/X (sky130_fd_sc_hd__a21o_1)
   0.19    5.42 v gen_col[0].u_pe_col/gen_pe[1].u_pe/_8410_/X (sky130_fd_sc_hd__a21o_1)
   0.27    5.69 ^ gen_col[0].u_pe_col/gen_pe[1].u_pe/_8413_/Y (sky130_fd_sc_hd__a21boi_0)
   0.18    5.88 ^ gen_col[0].u_pe_col/gen_pe[1].u_pe/_8415_/X (sky130_fd_sc_hd__o21a_1)
   0.14    6.02 ^ gen_col[0].u_pe_col/gen_pe[1].u_pe/_8417_/X (sky130_fd_sc_hd__o21a_1)
   0.14    6.16 ^ gen_col[0].u_pe_col/gen_pe[1].u_pe/_8419_/X (sky130_fd_sc_hd__o21a_1)
   0.08    6.25 v gen_col[0].u_pe_col/gen_pe[1].u_pe/_8422_/Y (sky130_fd_sc_hd__o21bai_1)
   0.22    6.46 ^ gen_col[0].u_pe_col/gen_pe[1].u_pe/_8425_/Y (sky130_fd_sc_hd__a21oi_1)
   0.17    6.63 ^ gen_col[0].u_pe_col/gen_pe[1].u_pe/_8428_/X (sky130_fd_sc_hd__o21a_1)
   0.08    6.72 v gen_col[0].u_pe_col/gen_pe[1].u_pe/_8432_/Y (sky130_fd_sc_hd__o21bai_1)
   0.22    6.93 ^ gen_col[0].u_pe_col/gen_pe[1].u_pe/_8435_/Y (sky130_fd_sc_hd__a21oi_1)
   0.17    7.10 ^ gen_col[0].u_pe_col/gen_pe[1].u_pe/_8438_/X (sky130_fd_sc_hd__o21a_1)
   0.14    7.25 ^ gen_col[0].u_pe_col/gen_pe[1].u_pe/_8440_/X (sky130_fd_sc_hd__o21a_1)
   0.14    7.39 ^ gen_col[0].u_pe_col/gen_pe[1].u_pe/_8442_/X (sky130_fd_sc_hd__o21a_1)
   0.09    7.48 v gen_col[0].u_pe_col/gen_pe[1].u_pe/_8446_/Y (sky130_fd_sc_hd__o21bai_1)
   0.20    7.68 v gen_col[0].u_pe_col/gen_pe[1].u_pe/_8449_/X (sky130_fd_sc_hd__a21o_1)
   0.19    7.87 v gen_col[0].u_pe_col/gen_pe[1].u_pe/_8451_/X (sky130_fd_sc_hd__a21o_1)
   0.21    8.08 ^ gen_col[0].u_pe_col/gen_pe[1].u_pe/_8597_/Y (sky130_fd_sc_hd__a21oi_1)
   0.07    8.15 v gen_col[0].u_pe_col/gen_pe[1].u_pe/_8848_/Y (sky130_fd_sc_hd__nor3_1)
   0.17    8.32 ^ gen_col[0].u_pe_col/gen_pe[1].u_pe/_8849_/Y (sky130_fd_sc_hd__o31ai_1)
   0.00    8.32 ^ gen_col[0].u_pe_col/gen_pe[1].u_pe/_8978_/D (sky130_fd_sc_hd__dfrtp_1)
           8.32   data arrival time

  20.00   20.00   clock clk (rise edge)
   0.00   20.00   clock network delay (ideal)
   0.00   20.00   clock reconvergence pessimism
          20.00 ^ gen_col[0].u_pe_col/gen_pe[1].u_pe/_8978_/CLK (sky130_fd_sc_hd__dfrtp_1)
  -0.10   19.90   library setup time
          19.90   data required time
---------------------------------------------------------
          19.90   data required time
          -8.32   data arrival time
---------------------------------------------------------
          11.58   slack (MET)


Startpoint: gen_col[0].u_pe_col/gen_pe[2].u_pe/_8884_
            (rising edge-triggered flip-flop clocked by clk)
Endpoint: gen_col[0].u_pe_col/gen_pe[2].u_pe/_8978_
          (rising edge-triggered flip-flop clocked by clk)
Path Group: clk
Path Type: max

  Delay    Time   Description
---------------------------------------------------------
   0.00    0.00   clock clk (rise edge)
   0.00    0.00   clock network delay (ideal)
   0.00    0.00 ^ gen_col[0].u_pe_col/gen_pe[2].u_pe/_8884_/CLK (sky130_fd_sc_hd__dfrtp_1)
   0.93    0.93 ^ gen_col[0].u_pe_col/gen_pe[2].u_pe/_8884_/Q (sky130_fd_sc_hd__dfrtp_1)
   0.19    1.12 v gen_col[0].u_pe_col/gen_pe[2].u_pe/_8244_/Y (sky130_fd_sc_hd__nand2_1)
   0.41    1.53 v gen_col[0].u_pe_col/gen_pe[2].u_pe/_8246_/X (sky130_fd_sc_hd__maj3_1)
   0.22    1.75 ^ gen_col[0].u_pe_col/gen_pe[2].u_pe/_8248_/X (sky130_fd_sc_hd__xor2_1)
   0.49    2.24 v gen_col[0].u_pe_col/gen_pe[2].u_pe/_8288_/X (sky130_fd_sc_hd__xor3_1)
   0.42    2.65 v gen_col[0].u_pe_col/gen_pe[2].u_pe/_8316_/X (sky130_fd_sc_hd__xnor3_1)
   0.62    3.27 ^ gen_col[0].u_pe_col/gen_pe[2].u_pe/_8319_/Y (sky130_fd_sc_hd__nor4_1)
   0.17    3.44 v gen_col[0].u_pe_col/gen_pe[2].u_pe/_8324_/Y (sky130_fd_sc_hd__nor4_1)
   0.26    3.70 v gen_col[0].u_pe_col/gen_pe[2].u_pe/_8326_/X (sky130_fd_sc_hd__xnor3_1)
   0.39    4.09 v gen_col[0].u_pe_col/gen_pe[2].u_pe/_8397_/X (sky130_fd_sc_hd__xor3_1)
   0.30    4.40 ^ gen_col[0].u_pe_col/gen_pe[2].u_pe/_8398_/Y (sky130_fd_sc_hd__a311oi_1)
   0.18    4.58 ^ gen_col[0].u_pe_col/gen_pe[2].u_pe/_8400_/X (sky130_fd_sc_hd__o21a_1)
   0.13    4.71 ^ gen_col[0].u_pe_col/gen_pe[2].u_pe/_8402_/X (sky130_fd_sc_hd__o21a_1)
   0.11    4.82 v gen_col[0].u_pe_col/gen_pe[2].u_pe/_8404_/Y (sky130_fd_sc_hd__o21ai_0)
   0.22    5.04 v gen_col[0].u_pe_col/gen_pe[2].u_pe/_8406_/X (sky130_fd_sc_hd__a21o_1)
   0.19    5.23 v gen_col[0].u_pe_col/gen_pe[2].u_pe/_8408_/X (sky130_fd_sc_hd__a21o_1)
   0.19    5.42 v gen_col[0].u_pe_col/gen_pe[2].u_pe/_8410_/X (sky130_fd_sc_hd__a21o_1)
   0.27    5.69 ^ gen_col[0].u_pe_col/gen_pe[2].u_pe/_8413_/Y (sky130_fd_sc_hd__a21boi_0)
   0.18    5.88 ^ gen_col[0].u_pe_col/gen_pe[2].u_pe/_8415_/X (sky130_fd_sc_hd__o21a_1)
   0.14    6.02 ^ gen_col[0].u_pe_col/gen_pe[2].u_pe/_8417_/X (sky130_fd_sc_hd__o21a_1)
   0.14    6.16 ^ gen_col[0].u_pe_col/gen_pe[2].u_pe/_8419_/X (sky130_fd_sc_hd__o21a_1)
   0.08    6.25 v gen_col[0].u_pe_col/gen_pe[2].u_pe/_8422_/Y (sky130_fd_sc_hd__o21bai_1)
   0.22    6.46 ^ gen_col[0].u_pe_col/gen_pe[2].u_pe/_8425_/Y (sky130_fd_sc_hd__a21oi_1)
   0.17    6.63 ^ gen_col[0].u_pe_col/gen_pe[2].u_pe/_8428_/X (sky130_fd_sc_hd__o21a_1)
   0.08    6.72 v gen_col[0].u_pe_col/gen_pe[2].u_pe/_8432_/Y (sky130_fd_sc_hd__o21bai_1)
   0.22    6.93 ^ gen_col[0].u_pe_col/gen_pe[2].u_pe/_8435_/Y (sky130_fd_sc_hd__a21oi_1)
   0.17    7.10 ^ gen_col[0].u_pe_col/gen_pe[2].u_pe/_8438_/X (sky130_fd_sc_hd__o21a_1)
   0.14    7.25 ^ gen_col[0].u_pe_col/gen_pe[2].u_pe/_8440_/X (sky130_fd_sc_hd__o21a_1)
   0.14    7.39 ^ gen_col[0].u_pe_col/gen_pe[2].u_pe/_8442_/X (sky130_fd_sc_hd__o21a_1)
   0.09    7.48 v gen_col[0].u_pe_col/gen_pe[2].u_pe/_8446_/Y (sky130_fd_sc_hd__o21bai_1)
   0.20    7.68 v gen_col[0].u_pe_col/gen_pe[2].u_pe/_8449_/X (sky130_fd_sc_hd__a21o_1)
   0.19    7.87 v gen_col[0].u_pe_col/gen_pe[2].u_pe/_8451_/X (sky130_fd_sc_hd__a21o_1)
   0.21    8.08 ^ gen_col[0].u_pe_col/gen_pe[2].u_pe/_8597_/Y (sky130_fd_sc_hd__a21oi_1)
   0.07    8.15 v gen_col[0].u_pe_col/gen_pe[2].u_pe/_8848_/Y (sky130_fd_sc_hd__nor3_1)
   0.17    8.32 ^ gen_col[0].u_pe_col/gen_pe[2].u_pe/_8849_/Y (sky130_fd_sc_hd__o31ai_1)
   0.00    8.32 ^ gen_col[0].u_pe_col/gen_pe[2].u_pe/_8978_/D (sky130_fd_sc_hd__dfrtp_1)
           8.32   data arrival time

  20.00   20.00   clock clk (rise edge)
   0.00   20.00   clock network delay (ideal)
   0.00   20.00   clock reconvergence pessimism
          20.00 ^ gen_col[0].u_pe_col/gen_pe[2].u_pe/_8978_/CLK (sky130_fd_sc_hd__dfrtp_1)
  -0.10   19.90   library setup time
          19.90   data required time
---------------------------------------------------------
          19.90   data required time
          -8.32   data arrival time
---------------------------------------------------------
          11.58   slack (MET)


Startpoint: gen_col[0].u_pe_col/gen_pe[3].u_pe/_8884_
            (rising edge-triggered flip-flop clocked by clk)
Endpoint: gen_col[0].u_pe_col/gen_pe[3].u_pe/_8978_
          (rising edge-triggered flip-flop clocked by clk)
Path Group: clk
Path Type: max

  Delay    Time   Description
---------------------------------------------------------
   0.00    0.00   clock clk (rise edge)
   0.00    0.00   clock network delay (ideal)
   0.00    0.00 ^ gen_col[0].u_pe_col/gen_pe[3].u_pe/_8884_/CLK (sky130_fd_sc_hd__dfrtp_1)
   0.93    0.93 ^ gen_col[0].u_pe_col/gen_pe[3].u_pe/_8884_/Q (sky130_fd_sc_hd__dfrtp_1)
   0.19    1.12 v gen_col[0].u_pe_col/gen_pe[3].u_pe/_8244_/Y (sky130_fd_sc_hd__nand2_1)
   0.41    1.53 v gen_col[0].u_pe_col/gen_pe[3].u_pe/_8246_/X (sky130_fd_sc_hd__maj3_1)
   0.22    1.75 ^ gen_col[0].u_pe_col/gen_pe[3].u_pe/_8248_/X (sky130_fd_sc_hd__xor2_1)
   0.49    2.24 v gen_col[0].u_pe_col/gen_pe[3].u_pe/_8288_/X (sky130_fd_sc_hd__xor3_1)
   0.42    2.65 v gen_col[0].u_pe_col/gen_pe[3].u_pe/_8316_/X (sky130_fd_sc_hd__xnor3_1)
   0.62    3.27 ^ gen_col[0].u_pe_col/gen_pe[3].u_pe/_8319_/Y (sky130_fd_sc_hd__nor4_1)
   0.17    3.44 v gen_col[0].u_pe_col/gen_pe[3].u_pe/_8324_/Y (sky130_fd_sc_hd__nor4_1)
   0.26    3.70 v gen_col[0].u_pe_col/gen_pe[3].u_pe/_8326_/X (sky130_fd_sc_hd__xnor3_1)
   0.39    4.09 v gen_col[0].u_pe_col/gen_pe[3].u_pe/_8397_/X (sky130_fd_sc_hd__xor3_1)
   0.30    4.40 ^ gen_col[0].u_pe_col/gen_pe[3].u_pe/_8398_/Y (sky130_fd_sc_hd__a311oi_1)
   0.18    4.58 ^ gen_col[0].u_pe_col/gen_pe[3].u_pe/_8400_/X (sky130_fd_sc_hd__o21a_1)
   0.13    4.71 ^ gen_col[0].u_pe_col/gen_pe[3].u_pe/_8402_/X (sky130_fd_sc_hd__o21a_1)
   0.11    4.82 v gen_col[0].u_pe_col/gen_pe[3].u_pe/_8404_/Y (sky130_fd_sc_hd__o21ai_0)
   0.22    5.04 v gen_col[0].u_pe_col/gen_pe[3].u_pe/_8406_/X (sky130_fd_sc_hd__a21o_1)
   0.19    5.23 v gen_col[0].u_pe_col/gen_pe[3].u_pe/_8408_/X (sky130_fd_sc_hd__a21o_1)
   0.19    5.42 v gen_col[0].u_pe_col/gen_pe[3].u_pe/_8410_/X (sky130_fd_sc_hd__a21o_1)
   0.27    5.69 ^ gen_col[0].u_pe_col/gen_pe[3].u_pe/_8413_/Y (sky130_fd_sc_hd__a21boi_0)
   0.18    5.88 ^ gen_col[0].u_pe_col/gen_pe[3].u_pe/_8415_/X (sky130_fd_sc_hd__o21a_1)
   0.14    6.02 ^ gen_col[0].u_pe_col/gen_pe[3].u_pe/_8417_/X (sky130_fd_sc_hd__o21a_1)
   0.14    6.16 ^ gen_col[0].u_pe_col/gen_pe[3].u_pe/_8419_/X (sky130_fd_sc_hd__o21a_1)
   0.08    6.25 v gen_col[0].u_pe_col/gen_pe[3].u_pe/_8422_/Y (sky130_fd_sc_hd__o21bai_1)
   0.22    6.46 ^ gen_col[0].u_pe_col/gen_pe[3].u_pe/_8425_/Y (sky130_fd_sc_hd__a21oi_1)
   0.17    6.63 ^ gen_col[0].u_pe_col/gen_pe[3].u_pe/_8428_/X (sky130_fd_sc_hd__o21a_1)
   0.08    6.72 v gen_col[0].u_pe_col/gen_pe[3].u_pe/_8432_/Y (sky130_fd_sc_hd__o21bai_1)
   0.22    6.93 ^ gen_col[0].u_pe_col/gen_pe[3].u_pe/_8435_/Y (sky130_fd_sc_hd__a21oi_1)
   0.17    7.10 ^ gen_col[0].u_pe_col/gen_pe[3].u_pe/_8438_/X (sky130_fd_sc_hd__o21a_1)
   0.14    7.25 ^ gen_col[0].u_pe_col/gen_pe[3].u_pe/_8440_/X (sky130_fd_sc_hd__o21a_1)
   0.14    7.39 ^ gen_col[0].u_pe_col/gen_pe[3].u_pe/_8442_/X (sky130_fd_sc_hd__o21a_1)
   0.09    7.48 v gen_col[0].u_pe_col/gen_pe[3].u_pe/_8446_/Y (sky130_fd_sc_hd__o21bai_1)
   0.20    7.68 v gen_col[0].u_pe_col/gen_pe[3].u_pe/_8449_/X (sky130_fd_sc_hd__a21o_1)
   0.19    7.87 v gen_col[0].u_pe_col/gen_pe[3].u_pe/_8451_/X (sky130_fd_sc_hd__a21o_1)
   0.21    8.08 ^ gen_col[0].u_pe_col/gen_pe[3].u_pe/_8597_/Y (sky130_fd_sc_hd__a21oi_1)
   0.07    8.15 v gen_col[0].u_pe_col/gen_pe[3].u_pe/_8848_/Y (sky130_fd_sc_hd__nor3_1)
   0.17    8.32 ^ gen_col[0].u_pe_col/gen_pe[3].u_pe/_8849_/Y (sky130_fd_sc_hd__o31ai_1)
   0.00    8.32 ^ gen_col[0].u_pe_col/gen_pe[3].u_pe/_8978_/D (sky130_fd_sc_hd__dfrtp_1)
           8.32   data arrival time

  20.00   20.00   clock clk (rise edge)
   0.00   20.00   clock network delay (ideal)
   0.00   20.00   clock reconvergence pessimism
          20.00 ^ gen_col[0].u_pe_col/gen_pe[3].u_pe/_8978_/CLK (sky130_fd_sc_hd__dfrtp_1)
  -0.10   19.90   library setup time
          19.90   data required time
---------------------------------------------------------
          19.90   data required time
          -8.32   data arrival time
---------------------------------------------------------
          11.58   slack (MET)


Startpoint: gen_col[1].u_pe_col/gen_pe[0].u_pe/_8884_
            (rising edge-triggered flip-flop clocked by clk)
Endpoint: gen_col[1].u_pe_col/gen_pe[0].u_pe/_8978_
          (rising edge-triggered flip-flop clocked by clk)
Path Group: clk
Path Type: max

  Delay    Time   Description
---------------------------------------------------------
   0.00    0.00   clock clk (rise edge)
   0.00    0.00   clock network delay (ideal)
   0.00    0.00 ^ gen_col[1].u_pe_col/gen_pe[0].u_pe/_8884_/CLK (sky130_fd_sc_hd__dfrtp_1)
   0.93    0.93 ^ gen_col[1].u_pe_col/gen_pe[0].u_pe/_8884_/Q (sky130_fd_sc_hd__dfrtp_1)
   0.19    1.12 v gen_col[1].u_pe_col/gen_pe[0].u_pe/_8244_/Y (sky130_fd_sc_hd__nand2_1)
   0.41    1.53 v gen_col[1].u_pe_col/gen_pe[0].u_pe/_8246_/X (sky130_fd_sc_hd__maj3_1)
   0.22    1.75 ^ gen_col[1].u_pe_col/gen_pe[0].u_pe/_8248_/X (sky130_fd_sc_hd__xor2_1)
   0.49    2.24 v gen_col[1].u_pe_col/gen_pe[0].u_pe/_8288_/X (sky130_fd_sc_hd__xor3_1)
   0.42    2.65 v gen_col[1].u_pe_col/gen_pe[0].u_pe/_8316_/X (sky130_fd_sc_hd__xnor3_1)
   0.62    3.27 ^ gen_col[1].u_pe_col/gen_pe[0].u_pe/_8319_/Y (sky130_fd_sc_hd__nor4_1)
   0.17    3.44 v gen_col[1].u_pe_col/gen_pe[0].u_pe/_8324_/Y (sky130_fd_sc_hd__nor4_1)
   0.26    3.70 v gen_col[1].u_pe_col/gen_pe[0].u_pe/_8326_/X (sky130_fd_sc_hd__xnor3_1)
   0.39    4.09 v gen_col[1].u_pe_col/gen_pe[0].u_pe/_8397_/X (sky130_fd_sc_hd__xor3_1)
   0.30    4.40 ^ gen_col[1].u_pe_col/gen_pe[0].u_pe/_8398_/Y (sky130_fd_sc_hd__a311oi_1)
   0.18    4.58 ^ gen_col[1].u_pe_col/gen_pe[0].u_pe/_8400_/X (sky130_fd_sc_hd__o21a_1)
   0.13    4.71 ^ gen_col[1].u_pe_col/gen_pe[0].u_pe/_8402_/X (sky130_fd_sc_hd__o21a_1)
   0.11    4.82 v gen_col[1].u_pe_col/gen_pe[0].u_pe/_8404_/Y (sky130_fd_sc_hd__o21ai_0)
   0.22    5.04 v gen_col[1].u_pe_col/gen_pe[0].u_pe/_8406_/X (sky130_fd_sc_hd__a21o_1)
   0.19    5.23 v gen_col[1].u_pe_col/gen_pe[0].u_pe/_8408_/X (sky130_fd_sc_hd__a21o_1)
   0.19    5.42 v gen_col[1].u_pe_col/gen_pe[0].u_pe/_8410_/X (sky130_fd_sc_hd__a21o_1)
   0.27    5.69 ^ gen_col[1].u_pe_col/gen_pe[0].u_pe/_8413_/Y (sky130_fd_sc_hd__a21boi_0)
   0.18    5.88 ^ gen_col[1].u_pe_col/gen_pe[0].u_pe/_8415_/X (sky130_fd_sc_hd__o21a_1)
   0.14    6.02 ^ gen_col[1].u_pe_col/gen_pe[0].u_pe/_8417_/X (sky130_fd_sc_hd__o21a_1)
   0.14    6.16 ^ gen_col[1].u_pe_col/gen_pe[0].u_pe/_8419_/X (sky130_fd_sc_hd__o21a_1)
   0.08    6.25 v gen_col[1].u_pe_col/gen_pe[0].u_pe/_8422_/Y (sky130_fd_sc_hd__o21bai_1)
   0.22    6.46 ^ gen_col[1].u_pe_col/gen_pe[0].u_pe/_8425_/Y (sky130_fd_sc_hd__a21oi_1)
   0.17    6.63 ^ gen_col[1].u_pe_col/gen_pe[0].u_pe/_8428_/X (sky130_fd_sc_hd__o21a_1)
   0.08    6.72 v gen_col[1].u_pe_col/gen_pe[0].u_pe/_8432_/Y (sky130_fd_sc_hd__o21bai_1)
   0.22    6.93 ^ gen_col[1].u_pe_col/gen_pe[0].u_pe/_8435_/Y (sky130_fd_sc_hd__a21oi_1)
   0.17    7.10 ^ gen_col[1].u_pe_col/gen_pe[0].u_pe/_8438_/X (sky130_fd_sc_hd__o21a_1)
   0.14    7.25 ^ gen_col[1].u_pe_col/gen_pe[0].u_pe/_8440_/X (sky130_fd_sc_hd__o21a_1)
   0.14    7.39 ^ gen_col[1].u_pe_col/gen_pe[0].u_pe/_8442_/X (sky130_fd_sc_hd__o21a_1)
   0.09    7.48 v gen_col[1].u_pe_col/gen_pe[0].u_pe/_8446_/Y (sky130_fd_sc_hd__o21bai_1)
   0.20    7.68 v gen_col[1].u_pe_col/gen_pe[0].u_pe/_8449_/X (sky130_fd_sc_hd__a21o_1)
   0.19    7.87 v gen_col[1].u_pe_col/gen_pe[0].u_pe/_8451_/X (sky130_fd_sc_hd__a21o_1)
   0.21    8.08 ^ gen_col[1].u_pe_col/gen_pe[0].u_pe/_8597_/Y (sky130_fd_sc_hd__a21oi_1)
   0.07    8.15 v gen_col[1].u_pe_col/gen_pe[0].u_pe/_8848_/Y (sky130_fd_sc_hd__nor3_1)
   0.17    8.32 ^ gen_col[1].u_pe_col/gen_pe[0].u_pe/_8849_/Y (sky130_fd_sc_hd__o31ai_1)
   0.00    8.32 ^ gen_col[1].u_pe_col/gen_pe[0].u_pe/_8978_/D (sky130_fd_sc_hd__dfrtp_1)
           8.32   data arrival time

  20.00   20.00   clock clk (rise edge)
   0.00   20.00   clock network delay (ideal)
   0.00   20.00   clock reconvergence pessimism
          20.00 ^ gen_col[1].u_pe_col/gen_pe[0].u_pe/_8978_/CLK (sky130_fd_sc_hd__dfrtp_1)
  -0.10   19.90   library setup time
          19.90   data required time
---------------------------------------------------------
          19.90   data required time
          -8.32   data arrival time
---------------------------------------------------------
          11.58   slack (MET)


Timing Analysis Completed.
