OpenSTA 3.1.0  Copyright (c) 2026, Parallax Software, Inc.
License GPLv3: GNU GPL version 3 <http://gnu.org/licenses/gpl.html>

This is free software, and you are free to change and redistribute it
under certain conditions; type `show_copying' for details. 
This program comes with ABSOLUTELY NO WARRANTY; for details type `show_warranty'.
Warning 503: timing.tcl line 1, report_checks -group_count is deprecated. Use -group_path_count instead.
Startpoint: gen_col[10].u_pe_col/gen_pe[0].u_pe/_5481_
            (rising edge-triggered flip-flop clocked by clk)
Endpoint: gen_col[10].u_pe_col/gen_pe[0].u_pe/_5543_
          (rising edge-triggered flip-flop clocked by clk)
Path Group: clk
Path Type: max

  Delay    Time   Description
---------------------------------------------------------
   0.00    0.00   clock clk (rise edge)
   0.00    0.00   clock network delay (ideal)
   0.00    0.00 ^ gen_col[10].u_pe_col/gen_pe[0].u_pe/_5481_/CLK (sky130_fd_sc_hd__dfrtp_1)
   0.64    0.64 ^ gen_col[10].u_pe_col/gen_pe[0].u_pe/_5481_/Q (sky130_fd_sc_hd__dfrtp_1)
   0.16    0.79 v gen_col[10].u_pe_col/gen_pe[0].u_pe/_3813_/Y (sky130_fd_sc_hd__nand2_1)
   0.42    1.21 v gen_col[10].u_pe_col/gen_pe[0].u_pe/_3890_/X (sky130_fd_sc_hd__xnor3_1)
   0.32    1.53 ^ gen_col[10].u_pe_col/gen_pe[0].u_pe/_3932_/X (sky130_fd_sc_hd__xor3_1)
   0.23    1.76 ^ gen_col[10].u_pe_col/gen_pe[0].u_pe/_3933_/Y (sky130_fd_sc_hd__nor2b_1)
   0.36    2.12 v gen_col[10].u_pe_col/gen_pe[0].u_pe/_3937_/X (sky130_fd_sc_hd__xnor3_1)
   0.21    2.34 v gen_col[10].u_pe_col/gen_pe[0].u_pe/_3963_/X (sky130_fd_sc_hd__xnor3_1)
   0.15    2.48 v gen_col[10].u_pe_col/gen_pe[0].u_pe/_3965_/Y (sky130_fd_sc_hd__xnor2_1)
   0.20    2.68 ^ gen_col[10].u_pe_col/gen_pe[0].u_pe/_3969_/Y (sky130_fd_sc_hd__xnor2_1)
   0.13    2.81 v gen_col[10].u_pe_col/gen_pe[0].u_pe/_4044_/Y (sky130_fd_sc_hd__xnor2_1)
   0.21    3.02 ^ gen_col[10].u_pe_col/gen_pe[0].u_pe/_4045_/Y (sky130_fd_sc_hd__a21oi_1)
   0.08    3.10 v gen_col[10].u_pe_col/gen_pe[0].u_pe/_4047_/X (sky130_fd_sc_hd__lpflow_isobufsrc_1)
   0.18    3.28 v gen_col[10].u_pe_col/gen_pe[0].u_pe/_4049_/X (sky130_fd_sc_hd__o21a_1)
   0.21    3.49 ^ gen_col[10].u_pe_col/gen_pe[0].u_pe/_4051_/Y (sky130_fd_sc_hd__o21ai_0)
   0.13    3.63 v gen_col[10].u_pe_col/gen_pe[0].u_pe/_4053_/Y (sky130_fd_sc_hd__a21oi_1)
   0.20    3.83 v gen_col[10].u_pe_col/gen_pe[0].u_pe/_4055_/X (sky130_fd_sc_hd__o21a_1)
   0.19    4.01 v gen_col[10].u_pe_col/gen_pe[0].u_pe/_4058_/X (sky130_fd_sc_hd__o21a_1)
   0.19    4.20 v gen_col[10].u_pe_col/gen_pe[0].u_pe/_4060_/X (sky130_fd_sc_hd__o21a_1)
   0.19    4.39 v gen_col[10].u_pe_col/gen_pe[0].u_pe/_4063_/X (sky130_fd_sc_hd__o21a_1)
   0.19    4.58 v gen_col[10].u_pe_col/gen_pe[0].u_pe/_4065_/X (sky130_fd_sc_hd__o21a_1)
   0.19    4.76 v gen_col[10].u_pe_col/gen_pe[0].u_pe/_4068_/X (sky130_fd_sc_hd__o21a_1)
   0.19    4.95 v gen_col[10].u_pe_col/gen_pe[0].u_pe/_4070_/X (sky130_fd_sc_hd__o21a_1)
   0.19    5.14 v gen_col[10].u_pe_col/gen_pe[0].u_pe/_4073_/X (sky130_fd_sc_hd__o21a_1)
   0.18    5.32 v gen_col[10].u_pe_col/gen_pe[0].u_pe/_4075_/X (sky130_fd_sc_hd__o21ba_1)
   0.23    5.55 ^ gen_col[10].u_pe_col/gen_pe[0].u_pe/_4077_/Y (sky130_fd_sc_hd__o21ai_0)
   0.12    5.67 v gen_col[10].u_pe_col/gen_pe[0].u_pe/_4080_/Y (sky130_fd_sc_hd__a21oi_1)
   0.40    6.07 ^ gen_col[10].u_pe_col/gen_pe[0].u_pe/_4084_/Y (sky130_fd_sc_hd__o311ai_0)
   0.16    6.24 v gen_col[10].u_pe_col/gen_pe[0].u_pe/_4086_/Y (sky130_fd_sc_hd__a21oi_1)
   0.24    6.48 ^ gen_col[10].u_pe_col/gen_pe[0].u_pe/_4088_/Y (sky130_fd_sc_hd__o21ai_0)
   0.12    6.60 v gen_col[10].u_pe_col/gen_pe[0].u_pe/_4090_/Y (sky130_fd_sc_hd__a21oi_1)
   0.23    6.83 ^ gen_col[10].u_pe_col/gen_pe[0].u_pe/_4092_/Y (sky130_fd_sc_hd__o21ai_0)
   0.12    6.95 v gen_col[10].u_pe_col/gen_pe[0].u_pe/_4094_/Y (sky130_fd_sc_hd__a21oi_1)
   0.24    7.20 ^ gen_col[10].u_pe_col/gen_pe[0].u_pe/_4130_/Y (sky130_fd_sc_hd__o21ai_0)
   0.18    7.37 ^ gen_col[10].u_pe_col/gen_pe[0].u_pe/_4251_/X (sky130_fd_sc_hd__a31o_1)
   0.06    7.43 v gen_col[10].u_pe_col/gen_pe[0].u_pe/_4252_/Y (sky130_fd_sc_hd__o21ai_0)
   0.00    7.43 v gen_col[10].u_pe_col/gen_pe[0].u_pe/_5543_/D (sky130_fd_sc_hd__dfrtp_1)
           7.43   data arrival time

  20.00   20.00   clock clk (rise edge)
   0.00   20.00   clock network delay (ideal)
   0.00   20.00   clock reconvergence pessimism
          20.00 ^ gen_col[10].u_pe_col/gen_pe[0].u_pe/_5543_/CLK (sky130_fd_sc_hd__dfrtp_1)
  -0.15   19.85   library setup time
          19.85   data required time
---------------------------------------------------------
          19.85   data required time
          -7.43   data arrival time
---------------------------------------------------------
          12.43   slack (MET)


Startpoint: gen_col[10].u_pe_col/gen_pe[10].u_pe/_5481_
            (rising edge-triggered flip-flop clocked by clk)
Endpoint: gen_col[10].u_pe_col/gen_pe[10].u_pe/_5543_
          (rising edge-triggered flip-flop clocked by clk)
Path Group: clk
Path Type: max

  Delay    Time   Description
---------------------------------------------------------
   0.00    0.00   clock clk (rise edge)
   0.00    0.00   clock network delay (ideal)
   0.00    0.00 ^ gen_col[10].u_pe_col/gen_pe[10].u_pe/_5481_/CLK (sky130_fd_sc_hd__dfrtp_1)
   0.64    0.64 ^ gen_col[10].u_pe_col/gen_pe[10].u_pe/_5481_/Q (sky130_fd_sc_hd__dfrtp_1)
   0.16    0.79 v gen_col[10].u_pe_col/gen_pe[10].u_pe/_3813_/Y (sky130_fd_sc_hd__nand2_1)
   0.42    1.21 v gen_col[10].u_pe_col/gen_pe[10].u_pe/_3890_/X (sky130_fd_sc_hd__xnor3_1)
   0.32    1.53 ^ gen_col[10].u_pe_col/gen_pe[10].u_pe/_3932_/X (sky130_fd_sc_hd__xor3_1)
   0.23    1.76 ^ gen_col[10].u_pe_col/gen_pe[10].u_pe/_3933_/Y (sky130_fd_sc_hd__nor2b_1)
   0.36    2.12 v gen_col[10].u_pe_col/gen_pe[10].u_pe/_3937_/X (sky130_fd_sc_hd__xnor3_1)
   0.21    2.34 v gen_col[10].u_pe_col/gen_pe[10].u_pe/_3963_/X (sky130_fd_sc_hd__xnor3_1)
   0.15    2.48 v gen_col[10].u_pe_col/gen_pe[10].u_pe/_3965_/Y (sky130_fd_sc_hd__xnor2_1)
   0.20    2.68 ^ gen_col[10].u_pe_col/gen_pe[10].u_pe/_3969_/Y (sky130_fd_sc_hd__xnor2_1)
   0.13    2.81 v gen_col[10].u_pe_col/gen_pe[10].u_pe/_4044_/Y (sky130_fd_sc_hd__xnor2_1)
   0.21    3.02 ^ gen_col[10].u_pe_col/gen_pe[10].u_pe/_4045_/Y (sky130_fd_sc_hd__a21oi_1)
   0.08    3.10 v gen_col[10].u_pe_col/gen_pe[10].u_pe/_4047_/X (sky130_fd_sc_hd__lpflow_isobufsrc_1)
   0.18    3.28 v gen_col[10].u_pe_col/gen_pe[10].u_pe/_4049_/X (sky130_fd_sc_hd__o21a_1)
   0.21    3.49 ^ gen_col[10].u_pe_col/gen_pe[10].u_pe/_4051_/Y (sky130_fd_sc_hd__o21ai_0)
   0.13    3.63 v gen_col[10].u_pe_col/gen_pe[10].u_pe/_4053_/Y (sky130_fd_sc_hd__a21oi_1)
   0.20    3.83 v gen_col[10].u_pe_col/gen_pe[10].u_pe/_4055_/X (sky130_fd_sc_hd__o21a_1)
   0.19    4.01 v gen_col[10].u_pe_col/gen_pe[10].u_pe/_4058_/X (sky130_fd_sc_hd__o21a_1)
   0.19    4.20 v gen_col[10].u_pe_col/gen_pe[10].u_pe/_4060_/X (sky130_fd_sc_hd__o21a_1)
   0.19    4.39 v gen_col[10].u_pe_col/gen_pe[10].u_pe/_4063_/X (sky130_fd_sc_hd__o21a_1)
   0.19    4.58 v gen_col[10].u_pe_col/gen_pe[10].u_pe/_4065_/X (sky130_fd_sc_hd__o21a_1)
   0.19    4.76 v gen_col[10].u_pe_col/gen_pe[10].u_pe/_4068_/X (sky130_fd_sc_hd__o21a_1)
   0.19    4.95 v gen_col[10].u_pe_col/gen_pe[10].u_pe/_4070_/X (sky130_fd_sc_hd__o21a_1)
   0.19    5.14 v gen_col[10].u_pe_col/gen_pe[10].u_pe/_4073_/X (sky130_fd_sc_hd__o21a_1)
   0.18    5.32 v gen_col[10].u_pe_col/gen_pe[10].u_pe/_4075_/X (sky130_fd_sc_hd__o21ba_1)
   0.23    5.55 ^ gen_col[10].u_pe_col/gen_pe[10].u_pe/_4077_/Y (sky130_fd_sc_hd__o21ai_0)
   0.12    5.67 v gen_col[10].u_pe_col/gen_pe[10].u_pe/_4080_/Y (sky130_fd_sc_hd__a21oi_1)
   0.40    6.07 ^ gen_col[10].u_pe_col/gen_pe[10].u_pe/_4084_/Y (sky130_fd_sc_hd__o311ai_0)
   0.16    6.24 v gen_col[10].u_pe_col/gen_pe[10].u_pe/_4086_/Y (sky130_fd_sc_hd__a21oi_1)
   0.24    6.48 ^ gen_col[10].u_pe_col/gen_pe[10].u_pe/_4088_/Y (sky130_fd_sc_hd__o21ai_0)
   0.12    6.60 v gen_col[10].u_pe_col/gen_pe[10].u_pe/_4090_/Y (sky130_fd_sc_hd__a21oi_1)
   0.23    6.83 ^ gen_col[10].u_pe_col/gen_pe[10].u_pe/_4092_/Y (sky130_fd_sc_hd__o21ai_0)
   0.12    6.95 v gen_col[10].u_pe_col/gen_pe[10].u_pe/_4094_/Y (sky130_fd_sc_hd__a21oi_1)
   0.24    7.20 ^ gen_col[10].u_pe_col/gen_pe[10].u_pe/_4130_/Y (sky130_fd_sc_hd__o21ai_0)
   0.18    7.37 ^ gen_col[10].u_pe_col/gen_pe[10].u_pe/_4251_/X (sky130_fd_sc_hd__a31o_1)
   0.06    7.43 v gen_col[10].u_pe_col/gen_pe[10].u_pe/_4252_/Y (sky130_fd_sc_hd__o21ai_0)
   0.00    7.43 v gen_col[10].u_pe_col/gen_pe[10].u_pe/_5543_/D (sky130_fd_sc_hd__dfrtp_1)
           7.43   data arrival time

  20.00   20.00   clock clk (rise edge)
   0.00   20.00   clock network delay (ideal)
   0.00   20.00   clock reconvergence pessimism
          20.00 ^ gen_col[10].u_pe_col/gen_pe[10].u_pe/_5543_/CLK (sky130_fd_sc_hd__dfrtp_1)
  -0.15   19.85   library setup time
          19.85   data required time
---------------------------------------------------------
          19.85   data required time
          -7.43   data arrival time
---------------------------------------------------------
          12.43   slack (MET)


Startpoint: gen_col[10].u_pe_col/gen_pe[11].u_pe/_5481_
            (rising edge-triggered flip-flop clocked by clk)
Endpoint: gen_col[10].u_pe_col/gen_pe[11].u_pe/_5543_
          (rising edge-triggered flip-flop clocked by clk)
Path Group: clk
Path Type: max

  Delay    Time   Description
---------------------------------------------------------
   0.00    0.00   clock clk (rise edge)
   0.00    0.00   clock network delay (ideal)
   0.00    0.00 ^ gen_col[10].u_pe_col/gen_pe[11].u_pe/_5481_/CLK (sky130_fd_sc_hd__dfrtp_1)
   0.64    0.64 ^ gen_col[10].u_pe_col/gen_pe[11].u_pe/_5481_/Q (sky130_fd_sc_hd__dfrtp_1)
   0.16    0.79 v gen_col[10].u_pe_col/gen_pe[11].u_pe/_3813_/Y (sky130_fd_sc_hd__nand2_1)
   0.42    1.21 v gen_col[10].u_pe_col/gen_pe[11].u_pe/_3890_/X (sky130_fd_sc_hd__xnor3_1)
   0.32    1.53 ^ gen_col[10].u_pe_col/gen_pe[11].u_pe/_3932_/X (sky130_fd_sc_hd__xor3_1)
   0.23    1.76 ^ gen_col[10].u_pe_col/gen_pe[11].u_pe/_3933_/Y (sky130_fd_sc_hd__nor2b_1)
   0.36    2.12 v gen_col[10].u_pe_col/gen_pe[11].u_pe/_3937_/X (sky130_fd_sc_hd__xnor3_1)
   0.21    2.34 v gen_col[10].u_pe_col/gen_pe[11].u_pe/_3963_/X (sky130_fd_sc_hd__xnor3_1)
   0.15    2.48 v gen_col[10].u_pe_col/gen_pe[11].u_pe/_3965_/Y (sky130_fd_sc_hd__xnor2_1)
   0.20    2.68 ^ gen_col[10].u_pe_col/gen_pe[11].u_pe/_3969_/Y (sky130_fd_sc_hd__xnor2_1)
   0.13    2.81 v gen_col[10].u_pe_col/gen_pe[11].u_pe/_4044_/Y (sky130_fd_sc_hd__xnor2_1)
   0.21    3.02 ^ gen_col[10].u_pe_col/gen_pe[11].u_pe/_4045_/Y (sky130_fd_sc_hd__a21oi_1)
   0.08    3.10 v gen_col[10].u_pe_col/gen_pe[11].u_pe/_4047_/X (sky130_fd_sc_hd__lpflow_isobufsrc_1)
   0.18    3.28 v gen_col[10].u_pe_col/gen_pe[11].u_pe/_4049_/X (sky130_fd_sc_hd__o21a_1)
   0.21    3.49 ^ gen_col[10].u_pe_col/gen_pe[11].u_pe/_4051_/Y (sky130_fd_sc_hd__o21ai_0)
   0.13    3.63 v gen_col[10].u_pe_col/gen_pe[11].u_pe/_4053_/Y (sky130_fd_sc_hd__a21oi_1)
   0.20    3.83 v gen_col[10].u_pe_col/gen_pe[11].u_pe/_4055_/X (sky130_fd_sc_hd__o21a_1)
   0.19    4.01 v gen_col[10].u_pe_col/gen_pe[11].u_pe/_4058_/X (sky130_fd_sc_hd__o21a_1)
   0.19    4.20 v gen_col[10].u_pe_col/gen_pe[11].u_pe/_4060_/X (sky130_fd_sc_hd__o21a_1)
   0.19    4.39 v gen_col[10].u_pe_col/gen_pe[11].u_pe/_4063_/X (sky130_fd_sc_hd__o21a_1)
   0.19    4.58 v gen_col[10].u_pe_col/gen_pe[11].u_pe/_4065_/X (sky130_fd_sc_hd__o21a_1)
   0.19    4.76 v gen_col[10].u_pe_col/gen_pe[11].u_pe/_4068_/X (sky130_fd_sc_hd__o21a_1)
   0.19    4.95 v gen_col[10].u_pe_col/gen_pe[11].u_pe/_4070_/X (sky130_fd_sc_hd__o21a_1)
   0.19    5.14 v gen_col[10].u_pe_col/gen_pe[11].u_pe/_4073_/X (sky130_fd_sc_hd__o21a_1)
   0.18    5.32 v gen_col[10].u_pe_col/gen_pe[11].u_pe/_4075_/X (sky130_fd_sc_hd__o21ba_1)
   0.23    5.55 ^ gen_col[10].u_pe_col/gen_pe[11].u_pe/_4077_/Y (sky130_fd_sc_hd__o21ai_0)
   0.12    5.67 v gen_col[10].u_pe_col/gen_pe[11].u_pe/_4080_/Y (sky130_fd_sc_hd__a21oi_1)
   0.40    6.07 ^ gen_col[10].u_pe_col/gen_pe[11].u_pe/_4084_/Y (sky130_fd_sc_hd__o311ai_0)
   0.16    6.24 v gen_col[10].u_pe_col/gen_pe[11].u_pe/_4086_/Y (sky130_fd_sc_hd__a21oi_1)
   0.24    6.48 ^ gen_col[10].u_pe_col/gen_pe[11].u_pe/_4088_/Y (sky130_fd_sc_hd__o21ai_0)
   0.12    6.60 v gen_col[10].u_pe_col/gen_pe[11].u_pe/_4090_/Y (sky130_fd_sc_hd__a21oi_1)
   0.23    6.83 ^ gen_col[10].u_pe_col/gen_pe[11].u_pe/_4092_/Y (sky130_fd_sc_hd__o21ai_0)
   0.12    6.95 v gen_col[10].u_pe_col/gen_pe[11].u_pe/_4094_/Y (sky130_fd_sc_hd__a21oi_1)
   0.24    7.20 ^ gen_col[10].u_pe_col/gen_pe[11].u_pe/_4130_/Y (sky130_fd_sc_hd__o21ai_0)
   0.18    7.37 ^ gen_col[10].u_pe_col/gen_pe[11].u_pe/_4251_/X (sky130_fd_sc_hd__a31o_1)
   0.06    7.43 v gen_col[10].u_pe_col/gen_pe[11].u_pe/_4252_/Y (sky130_fd_sc_hd__o21ai_0)
   0.00    7.43 v gen_col[10].u_pe_col/gen_pe[11].u_pe/_5543_/D (sky130_fd_sc_hd__dfrtp_1)
           7.43   data arrival time

  20.00   20.00   clock clk (rise edge)
   0.00   20.00   clock network delay (ideal)
   0.00   20.00   clock reconvergence pessimism
          20.00 ^ gen_col[10].u_pe_col/gen_pe[11].u_pe/_5543_/CLK (sky130_fd_sc_hd__dfrtp_1)
  -0.15   19.85   library setup time
          19.85   data required time
---------------------------------------------------------
          19.85   data required time
          -7.43   data arrival time
---------------------------------------------------------
          12.43   slack (MET)


Startpoint: gen_col[10].u_pe_col/gen_pe[12].u_pe/_5481_
            (rising edge-triggered flip-flop clocked by clk)
Endpoint: gen_col[10].u_pe_col/gen_pe[12].u_pe/_5543_
          (rising edge-triggered flip-flop clocked by clk)
Path Group: clk
Path Type: max

  Delay    Time   Description
---------------------------------------------------------
   0.00    0.00   clock clk (rise edge)
   0.00    0.00   clock network delay (ideal)
   0.00    0.00 ^ gen_col[10].u_pe_col/gen_pe[12].u_pe/_5481_/CLK (sky130_fd_sc_hd__dfrtp_1)
   0.64    0.64 ^ gen_col[10].u_pe_col/gen_pe[12].u_pe/_5481_/Q (sky130_fd_sc_hd__dfrtp_1)
   0.16    0.79 v gen_col[10].u_pe_col/gen_pe[12].u_pe/_3813_/Y (sky130_fd_sc_hd__nand2_1)
   0.42    1.21 v gen_col[10].u_pe_col/gen_pe[12].u_pe/_3890_/X (sky130_fd_sc_hd__xnor3_1)
   0.32    1.53 ^ gen_col[10].u_pe_col/gen_pe[12].u_pe/_3932_/X (sky130_fd_sc_hd__xor3_1)
   0.23    1.76 ^ gen_col[10].u_pe_col/gen_pe[12].u_pe/_3933_/Y (sky130_fd_sc_hd__nor2b_1)
   0.36    2.12 v gen_col[10].u_pe_col/gen_pe[12].u_pe/_3937_/X (sky130_fd_sc_hd__xnor3_1)
   0.21    2.34 v gen_col[10].u_pe_col/gen_pe[12].u_pe/_3963_/X (sky130_fd_sc_hd__xnor3_1)
   0.15    2.48 v gen_col[10].u_pe_col/gen_pe[12].u_pe/_3965_/Y (sky130_fd_sc_hd__xnor2_1)
   0.20    2.68 ^ gen_col[10].u_pe_col/gen_pe[12].u_pe/_3969_/Y (sky130_fd_sc_hd__xnor2_1)
   0.13    2.81 v gen_col[10].u_pe_col/gen_pe[12].u_pe/_4044_/Y (sky130_fd_sc_hd__xnor2_1)
   0.21    3.02 ^ gen_col[10].u_pe_col/gen_pe[12].u_pe/_4045_/Y (sky130_fd_sc_hd__a21oi_1)
   0.08    3.10 v gen_col[10].u_pe_col/gen_pe[12].u_pe/_4047_/X (sky130_fd_sc_hd__lpflow_isobufsrc_1)
   0.18    3.28 v gen_col[10].u_pe_col/gen_pe[12].u_pe/_4049_/X (sky130_fd_sc_hd__o21a_1)
   0.21    3.49 ^ gen_col[10].u_pe_col/gen_pe[12].u_pe/_4051_/Y (sky130_fd_sc_hd__o21ai_0)
   0.13    3.63 v gen_col[10].u_pe_col/gen_pe[12].u_pe/_4053_/Y (sky130_fd_sc_hd__a21oi_1)
   0.20    3.83 v gen_col[10].u_pe_col/gen_pe[12].u_pe/_4055_/X (sky130_fd_sc_hd__o21a_1)
   0.19    4.01 v gen_col[10].u_pe_col/gen_pe[12].u_pe/_4058_/X (sky130_fd_sc_hd__o21a_1)
   0.19    4.20 v gen_col[10].u_pe_col/gen_pe[12].u_pe/_4060_/X (sky130_fd_sc_hd__o21a_1)
   0.19    4.39 v gen_col[10].u_pe_col/gen_pe[12].u_pe/_4063_/X (sky130_fd_sc_hd__o21a_1)
   0.19    4.58 v gen_col[10].u_pe_col/gen_pe[12].u_pe/_4065_/X (sky130_fd_sc_hd__o21a_1)
   0.19    4.76 v gen_col[10].u_pe_col/gen_pe[12].u_pe/_4068_/X (sky130_fd_sc_hd__o21a_1)
   0.19    4.95 v gen_col[10].u_pe_col/gen_pe[12].u_pe/_4070_/X (sky130_fd_sc_hd__o21a_1)
   0.19    5.14 v gen_col[10].u_pe_col/gen_pe[12].u_pe/_4073_/X (sky130_fd_sc_hd__o21a_1)
   0.18    5.32 v gen_col[10].u_pe_col/gen_pe[12].u_pe/_4075_/X (sky130_fd_sc_hd__o21ba_1)
   0.23    5.55 ^ gen_col[10].u_pe_col/gen_pe[12].u_pe/_4077_/Y (sky130_fd_sc_hd__o21ai_0)
   0.12    5.67 v gen_col[10].u_pe_col/gen_pe[12].u_pe/_4080_/Y (sky130_fd_sc_hd__a21oi_1)
   0.40    6.07 ^ gen_col[10].u_pe_col/gen_pe[12].u_pe/_4084_/Y (sky130_fd_sc_hd__o311ai_0)
   0.16    6.24 v gen_col[10].u_pe_col/gen_pe[12].u_pe/_4086_/Y (sky130_fd_sc_hd__a21oi_1)
   0.24    6.48 ^ gen_col[10].u_pe_col/gen_pe[12].u_pe/_4088_/Y (sky130_fd_sc_hd__o21ai_0)
   0.12    6.60 v gen_col[10].u_pe_col/gen_pe[12].u_pe/_4090_/Y (sky130_fd_sc_hd__a21oi_1)
   0.23    6.83 ^ gen_col[10].u_pe_col/gen_pe[12].u_pe/_4092_/Y (sky130_fd_sc_hd__o21ai_0)
   0.12    6.95 v gen_col[10].u_pe_col/gen_pe[12].u_pe/_4094_/Y (sky130_fd_sc_hd__a21oi_1)
   0.24    7.20 ^ gen_col[10].u_pe_col/gen_pe[12].u_pe/_4130_/Y (sky130_fd_sc_hd__o21ai_0)
   0.18    7.37 ^ gen_col[10].u_pe_col/gen_pe[12].u_pe/_4251_/X (sky130_fd_sc_hd__a31o_1)
   0.06    7.43 v gen_col[10].u_pe_col/gen_pe[12].u_pe/_4252_/Y (sky130_fd_sc_hd__o21ai_0)
   0.00    7.43 v gen_col[10].u_pe_col/gen_pe[12].u_pe/_5543_/D (sky130_fd_sc_hd__dfrtp_1)
           7.43   data arrival time

  20.00   20.00   clock clk (rise edge)
   0.00   20.00   clock network delay (ideal)
   0.00   20.00   clock reconvergence pessimism
          20.00 ^ gen_col[10].u_pe_col/gen_pe[12].u_pe/_5543_/CLK (sky130_fd_sc_hd__dfrtp_1)
  -0.15   19.85   library setup time
          19.85   data required time
---------------------------------------------------------
          19.85   data required time
          -7.43   data arrival time
---------------------------------------------------------
          12.43   slack (MET)


Startpoint: gen_col[10].u_pe_col/gen_pe[13].u_pe/_5481_
            (rising edge-triggered flip-flop clocked by clk)
Endpoint: gen_col[10].u_pe_col/gen_pe[13].u_pe/_5543_
          (rising edge-triggered flip-flop clocked by clk)
Path Group: clk
Path Type: max

  Delay    Time   Description
---------------------------------------------------------
   0.00    0.00   clock clk (rise edge)
   0.00    0.00   clock network delay (ideal)
   0.00    0.00 ^ gen_col[10].u_pe_col/gen_pe[13].u_pe/_5481_/CLK (sky130_fd_sc_hd__dfrtp_1)
   0.64    0.64 ^ gen_col[10].u_pe_col/gen_pe[13].u_pe/_5481_/Q (sky130_fd_sc_hd__dfrtp_1)
   0.16    0.79 v gen_col[10].u_pe_col/gen_pe[13].u_pe/_3813_/Y (sky130_fd_sc_hd__nand2_1)
   0.42    1.21 v gen_col[10].u_pe_col/gen_pe[13].u_pe/_3890_/X (sky130_fd_sc_hd__xnor3_1)
   0.32    1.53 ^ gen_col[10].u_pe_col/gen_pe[13].u_pe/_3932_/X (sky130_fd_sc_hd__xor3_1)
   0.23    1.76 ^ gen_col[10].u_pe_col/gen_pe[13].u_pe/_3933_/Y (sky130_fd_sc_hd__nor2b_1)
   0.36    2.12 v gen_col[10].u_pe_col/gen_pe[13].u_pe/_3937_/X (sky130_fd_sc_hd__xnor3_1)
   0.21    2.34 v gen_col[10].u_pe_col/gen_pe[13].u_pe/_3963_/X (sky130_fd_sc_hd__xnor3_1)
   0.15    2.48 v gen_col[10].u_pe_col/gen_pe[13].u_pe/_3965_/Y (sky130_fd_sc_hd__xnor2_1)
   0.20    2.68 ^ gen_col[10].u_pe_col/gen_pe[13].u_pe/_3969_/Y (sky130_fd_sc_hd__xnor2_1)
   0.13    2.81 v gen_col[10].u_pe_col/gen_pe[13].u_pe/_4044_/Y (sky130_fd_sc_hd__xnor2_1)
   0.21    3.02 ^ gen_col[10].u_pe_col/gen_pe[13].u_pe/_4045_/Y (sky130_fd_sc_hd__a21oi_1)
   0.08    3.10 v gen_col[10].u_pe_col/gen_pe[13].u_pe/_4047_/X (sky130_fd_sc_hd__lpflow_isobufsrc_1)
   0.18    3.28 v gen_col[10].u_pe_col/gen_pe[13].u_pe/_4049_/X (sky130_fd_sc_hd__o21a_1)
   0.21    3.49 ^ gen_col[10].u_pe_col/gen_pe[13].u_pe/_4051_/Y (sky130_fd_sc_hd__o21ai_0)
   0.13    3.63 v gen_col[10].u_pe_col/gen_pe[13].u_pe/_4053_/Y (sky130_fd_sc_hd__a21oi_1)
   0.20    3.83 v gen_col[10].u_pe_col/gen_pe[13].u_pe/_4055_/X (sky130_fd_sc_hd__o21a_1)
   0.19    4.01 v gen_col[10].u_pe_col/gen_pe[13].u_pe/_4058_/X (sky130_fd_sc_hd__o21a_1)
   0.19    4.20 v gen_col[10].u_pe_col/gen_pe[13].u_pe/_4060_/X (sky130_fd_sc_hd__o21a_1)
   0.19    4.39 v gen_col[10].u_pe_col/gen_pe[13].u_pe/_4063_/X (sky130_fd_sc_hd__o21a_1)
   0.19    4.58 v gen_col[10].u_pe_col/gen_pe[13].u_pe/_4065_/X (sky130_fd_sc_hd__o21a_1)
   0.19    4.76 v gen_col[10].u_pe_col/gen_pe[13].u_pe/_4068_/X (sky130_fd_sc_hd__o21a_1)
   0.19    4.95 v gen_col[10].u_pe_col/gen_pe[13].u_pe/_4070_/X (sky130_fd_sc_hd__o21a_1)
   0.19    5.14 v gen_col[10].u_pe_col/gen_pe[13].u_pe/_4073_/X (sky130_fd_sc_hd__o21a_1)
   0.18    5.32 v gen_col[10].u_pe_col/gen_pe[13].u_pe/_4075_/X (sky130_fd_sc_hd__o21ba_1)
   0.23    5.55 ^ gen_col[10].u_pe_col/gen_pe[13].u_pe/_4077_/Y (sky130_fd_sc_hd__o21ai_0)
   0.12    5.67 v gen_col[10].u_pe_col/gen_pe[13].u_pe/_4080_/Y (sky130_fd_sc_hd__a21oi_1)
   0.40    6.07 ^ gen_col[10].u_pe_col/gen_pe[13].u_pe/_4084_/Y (sky130_fd_sc_hd__o311ai_0)
   0.16    6.24 v gen_col[10].u_pe_col/gen_pe[13].u_pe/_4086_/Y (sky130_fd_sc_hd__a21oi_1)
   0.24    6.48 ^ gen_col[10].u_pe_col/gen_pe[13].u_pe/_4088_/Y (sky130_fd_sc_hd__o21ai_0)
   0.12    6.60 v gen_col[10].u_pe_col/gen_pe[13].u_pe/_4090_/Y (sky130_fd_sc_hd__a21oi_1)
   0.23    6.83 ^ gen_col[10].u_pe_col/gen_pe[13].u_pe/_4092_/Y (sky130_fd_sc_hd__o21ai_0)
   0.12    6.95 v gen_col[10].u_pe_col/gen_pe[13].u_pe/_4094_/Y (sky130_fd_sc_hd__a21oi_1)
   0.24    7.20 ^ gen_col[10].u_pe_col/gen_pe[13].u_pe/_4130_/Y (sky130_fd_sc_hd__o21ai_0)
   0.18    7.37 ^ gen_col[10].u_pe_col/gen_pe[13].u_pe/_4251_/X (sky130_fd_sc_hd__a31o_1)
   0.06    7.43 v gen_col[10].u_pe_col/gen_pe[13].u_pe/_4252_/Y (sky130_fd_sc_hd__o21ai_0)
   0.00    7.43 v gen_col[10].u_pe_col/gen_pe[13].u_pe/_5543_/D (sky130_fd_sc_hd__dfrtp_1)
           7.43   data arrival time

  20.00   20.00   clock clk (rise edge)
   0.00   20.00   clock network delay (ideal)
   0.00   20.00   clock reconvergence pessimism
          20.00 ^ gen_col[10].u_pe_col/gen_pe[13].u_pe/_5543_/CLK (sky130_fd_sc_hd__dfrtp_1)
  -0.15   19.85   library setup time
          19.85   data required time
---------------------------------------------------------
          19.85   data required time
          -7.43   data arrival time
---------------------------------------------------------
          12.43   slack (MET)


Timing Analysis Completed.
