OpenSTA 3.1.0  Copyright (c) 2026, Parallax Software, Inc.
License GPLv3: GNU GPL version 3 <http://gnu.org/licenses/gpl.html>

This is free software, and you are free to change and redistribute it
under certain conditions; type `show_copying' for details. 
This program comes with ABSOLUTELY NO WARRANTY; for details type `show_warranty'.
Warning 503: timing.tcl line 1, report_checks -group_count is deprecated. Use -group_path_count instead.
Startpoint: gen_col[0].u_pe_col/gen_pe[0].u_pe/_8170_
            (rising edge-triggered flip-flop clocked by clk)
Endpoint: gen_col[1].u_pe_col/gen_pe[0].u_pe/_8305_
          (rising edge-triggered flip-flop clocked by clk)
Path Group: clk
Path Type: max

  Delay    Time   Description
---------------------------------------------------------
   0.00    0.00   clock clk (rise edge)
   0.00    0.00   clock network delay (ideal)
   0.00    0.00 ^ gen_col[0].u_pe_col/gen_pe[0].u_pe/_8170_/CLK (sky130_fd_sc_hd__dfrtp_1)
   0.45    0.45 v gen_col[0].u_pe_col/gen_pe[0].u_pe/_8170_/Q (sky130_fd_sc_hd__dfrtp_1)
   1.09    1.55 v gen_col[1].u_pe_col/gen_pe[0].u_pe/_5665_/X (sky130_fd_sc_hd__and3_1)
  10.88   12.43 ^ gen_col[1].u_pe_col/gen_pe[0].u_pe/_5667_/Y (sky130_fd_sc_hd__nor2_1)
   0.73   13.15 v gen_col[1].u_pe_col/gen_pe[0].u_pe/_7336_/Y (sky130_fd_sc_hd__xnor2_1)
   0.73   13.88 ^ gen_col[1].u_pe_col/gen_pe[0].u_pe/_7338_/X (sky130_fd_sc_hd__xor2_1)
   0.12   14.01 v gen_col[1].u_pe_col/gen_pe[0].u_pe/_7339_/X (sky130_fd_sc_hd__xor2_1)
   0.39   14.40 v gen_col[1].u_pe_col/gen_pe[0].u_pe/_7341_/X (sky130_fd_sc_hd__maj3_1)
   0.21   14.61 ^ gen_col[1].u_pe_col/gen_pe[0].u_pe/_7345_/Y (sky130_fd_sc_hd__xnor2_1)
   0.21   14.81 ^ gen_col[1].u_pe_col/gen_pe[0].u_pe/_7377_/X (sky130_fd_sc_hd__xor2_1)
   0.09   14.91 v gen_col[1].u_pe_col/gen_pe[0].u_pe/_7408_/Y (sky130_fd_sc_hd__xnor2_1)
   0.16   15.07 v gen_col[1].u_pe_col/gen_pe[0].u_pe/_7409_/X (sky130_fd_sc_hd__and2_0)
   0.26   15.32 ^ gen_col[1].u_pe_col/gen_pe[0].u_pe/_7498_/Y (sky130_fd_sc_hd__a211oi_1)
   0.13   15.45 v gen_col[1].u_pe_col/gen_pe[0].u_pe/_7500_/Y (sky130_fd_sc_hd__o31ai_1)
   0.20   15.64 ^ gen_col[1].u_pe_col/gen_pe[0].u_pe/_7503_/Y (sky130_fd_sc_hd__a21oi_1)
   0.13   15.77 v gen_col[1].u_pe_col/gen_pe[0].u_pe/_7505_/Y (sky130_fd_sc_hd__o21bai_1)
   0.19   15.96 ^ gen_col[1].u_pe_col/gen_pe[0].u_pe/_7507_/Y (sky130_fd_sc_hd__a21oi_1)
   0.13   16.09 v gen_col[1].u_pe_col/gen_pe[0].u_pe/_7509_/Y (sky130_fd_sc_hd__o21bai_1)
   0.19   16.28 ^ gen_col[1].u_pe_col/gen_pe[0].u_pe/_7512_/Y (sky130_fd_sc_hd__a21oi_1)
   0.13   16.41 v gen_col[1].u_pe_col/gen_pe[0].u_pe/_7514_/Y (sky130_fd_sc_hd__o21bai_1)
   0.40   16.82 v gen_col[1].u_pe_col/gen_pe[0].u_pe/_7516_/X (sky130_fd_sc_hd__maj3_1)
   0.20   17.01 ^ gen_col[1].u_pe_col/gen_pe[0].u_pe/_7530_/Y (sky130_fd_sc_hd__a31oi_1)
   0.16   17.17 v gen_col[1].u_pe_col/gen_pe[0].u_pe/_7533_/Y (sky130_fd_sc_hd__o21ai_0)
   0.19   17.36 v gen_col[1].u_pe_col/gen_pe[0].u_pe/_7536_/X (sky130_fd_sc_hd__a21o_1)
   0.17   17.53 v gen_col[1].u_pe_col/gen_pe[0].u_pe/_7539_/X (sky130_fd_sc_hd__a21o_1)
   0.19   17.73 v gen_col[1].u_pe_col/gen_pe[0].u_pe/_7540_/X (sky130_fd_sc_hd__a21o_1)
   0.17   17.90 v gen_col[1].u_pe_col/gen_pe[0].u_pe/_7542_/X (sky130_fd_sc_hd__a21o_1)
   0.17   18.06 v gen_col[1].u_pe_col/gen_pe[0].u_pe/_7544_/X (sky130_fd_sc_hd__a21o_1)
   0.19   18.25 v gen_col[1].u_pe_col/gen_pe[0].u_pe/_7558_/X (sky130_fd_sc_hd__a31o_1)
   0.19   18.45 ^ gen_col[1].u_pe_col/gen_pe[0].u_pe/_7561_/Y (sky130_fd_sc_hd__a21oi_1)
   0.25   18.69 ^ gen_col[1].u_pe_col/gen_pe[0].u_pe/_7562_/X (sky130_fd_sc_hd__maj3_1)
   0.21   18.90 ^ gen_col[1].u_pe_col/gen_pe[0].u_pe/_7565_/X (sky130_fd_sc_hd__maj3_1)
   0.23   19.13 ^ gen_col[1].u_pe_col/gen_pe[0].u_pe/_7568_/Y (sky130_fd_sc_hd__a2bb2oi_1)
   0.24   19.37 ^ gen_col[1].u_pe_col/gen_pe[0].u_pe/_7569_/X (sky130_fd_sc_hd__maj3_1)
   0.19   19.57 ^ gen_col[1].u_pe_col/gen_pe[0].u_pe/_7572_/X (sky130_fd_sc_hd__maj3_1)
   0.10   19.67 v gen_col[1].u_pe_col/gen_pe[0].u_pe/_7589_/Y (sky130_fd_sc_hd__o31ai_1)
   0.07   19.74 ^ gen_col[1].u_pe_col/gen_pe[0].u_pe/_7591_/Y (sky130_fd_sc_hd__nand2_1)
   0.10   19.84 v gen_col[1].u_pe_col/gen_pe[0].u_pe/_7593_/Y (sky130_fd_sc_hd__a21oi_1)
   0.22   20.06 v gen_col[1].u_pe_col/gen_pe[0].u_pe/_7604_/X (sky130_fd_sc_hd__o211a_1)
   0.19   20.25 v gen_col[1].u_pe_col/gen_pe[0].u_pe/_7609_/X (sky130_fd_sc_hd__o21ba_1)
   0.19   20.44 v gen_col[1].u_pe_col/gen_pe[0].u_pe/_7610_/X (sky130_fd_sc_hd__o21a_1)
   0.19   20.63 ^ gen_col[1].u_pe_col/gen_pe[0].u_pe/_7624_/Y (sky130_fd_sc_hd__o211ai_1)
   0.12   20.75 v gen_col[1].u_pe_col/gen_pe[0].u_pe/_7628_/Y (sky130_fd_sc_hd__a21oi_1)
   0.20   20.94 v gen_col[1].u_pe_col/gen_pe[0].u_pe/_7629_/X (sky130_fd_sc_hd__o21a_1)
   0.19   21.14 v gen_col[1].u_pe_col/gen_pe[0].u_pe/_7631_/X (sky130_fd_sc_hd__o21a_1)
   0.21   21.34 ^ gen_col[1].u_pe_col/gen_pe[0].u_pe/_7632_/Y (sky130_fd_sc_hd__o21ai_0)
   0.16   21.50 v gen_col[1].u_pe_col/gen_pe[0].u_pe/_7637_/Y (sky130_fd_sc_hd__a21boi_0)
   0.22   21.72 v gen_col[1].u_pe_col/gen_pe[0].u_pe/_7638_/X (sky130_fd_sc_hd__o21a_1)
   0.19   21.91 v gen_col[1].u_pe_col/gen_pe[0].u_pe/_7640_/X (sky130_fd_sc_hd__o21a_1)
   0.18   22.09 v gen_col[1].u_pe_col/gen_pe[0].u_pe/_7642_/X (sky130_fd_sc_hd__o21a_1)
   0.20   22.28 ^ gen_col[1].u_pe_col/gen_pe[0].u_pe/_7644_/Y (sky130_fd_sc_hd__o21ai_0)
   0.39   22.68 v gen_col[1].u_pe_col/gen_pe[0].u_pe/_7646_/X (sky130_fd_sc_hd__or3b_1)
   0.32   23.00 ^ gen_col[1].u_pe_col/gen_pe[0].u_pe/_7651_/Y (sky130_fd_sc_hd__a311oi_1)
   0.14   23.14 v gen_col[1].u_pe_col/gen_pe[0].u_pe/_7654_/Y (sky130_fd_sc_hd__o41ai_1)
   0.22   23.35 ^ gen_col[1].u_pe_col/gen_pe[0].u_pe/_7656_/Y (sky130_fd_sc_hd__o21ai_0)
   0.18   23.54 v gen_col[1].u_pe_col/gen_pe[0].u_pe/_7660_/Y (sky130_fd_sc_hd__a21boi_0)
   0.21   23.74 ^ gen_col[1].u_pe_col/gen_pe[0].u_pe/_7666_/Y (sky130_fd_sc_hd__o211ai_1)
   0.13   23.87 v gen_col[1].u_pe_col/gen_pe[0].u_pe/_7668_/Y (sky130_fd_sc_hd__a21oi_1)
   0.20   24.07 v gen_col[1].u_pe_col/gen_pe[0].u_pe/_7669_/X (sky130_fd_sc_hd__o21a_1)
   0.20   24.28 v gen_col[1].u_pe_col/gen_pe[0].u_pe/_7672_/X (sky130_fd_sc_hd__o21a_1)
   0.19   24.46 v gen_col[1].u_pe_col/gen_pe[0].u_pe/_7674_/X (sky130_fd_sc_hd__o21a_1)
   0.19   24.65 v gen_col[1].u_pe_col/gen_pe[0].u_pe/_7676_/X (sky130_fd_sc_hd__o21a_1)
   0.18   24.83 v gen_col[1].u_pe_col/gen_pe[0].u_pe/_7677_/X (sky130_fd_sc_hd__o21a_1)
   0.20   25.03 ^ gen_col[1].u_pe_col/gen_pe[0].u_pe/_7679_/Y (sky130_fd_sc_hd__o21ai_0)
   0.40   25.42 v gen_col[1].u_pe_col/gen_pe[0].u_pe/_7681_/X (sky130_fd_sc_hd__or3b_1)
   0.25   25.67 ^ gen_col[1].u_pe_col/gen_pe[0].u_pe/_7683_/Y (sky130_fd_sc_hd__a31oi_1)
   0.25   25.92 ^ gen_col[1].u_pe_col/gen_pe[0].u_pe/_7684_/X (sky130_fd_sc_hd__maj3_1)
   0.21   26.13 ^ gen_col[1].u_pe_col/gen_pe[0].u_pe/_7686_/X (sky130_fd_sc_hd__maj3_1)
   0.21   26.34 ^ gen_col[1].u_pe_col/gen_pe[0].u_pe/_7688_/X (sky130_fd_sc_hd__maj3_1)
   0.21   26.54 ^ gen_col[1].u_pe_col/gen_pe[0].u_pe/_7690_/X (sky130_fd_sc_hd__maj3_1)
   0.21   26.76 ^ gen_col[1].u_pe_col/gen_pe[0].u_pe/_7692_/X (sky130_fd_sc_hd__maj3_1)
   0.18   26.94 ^ gen_col[1].u_pe_col/gen_pe[0].u_pe/_7696_/X (sky130_fd_sc_hd__o211a_1)
   0.11   27.05 ^ gen_col[1].u_pe_col/gen_pe[0].u_pe/_7699_/X (sky130_fd_sc_hd__or3_1)
   0.13   27.18 ^ gen_col[1].u_pe_col/gen_pe[0].u_pe/_7703_/X (sky130_fd_sc_hd__a21o_1)
   0.12   27.29 v gen_col[1].u_pe_col/gen_pe[0].u_pe/_7705_/Y (sky130_fd_sc_hd__a21boi_0)
   0.20   27.50 ^ gen_col[1].u_pe_col/gen_pe[0].u_pe/_7709_/Y (sky130_fd_sc_hd__o21bai_1)
   0.17   27.67 ^ gen_col[1].u_pe_col/gen_pe[0].u_pe/_7712_/X (sky130_fd_sc_hd__a21o_1)
   0.14   27.81 ^ gen_col[1].u_pe_col/gen_pe[0].u_pe/_7713_/X (sky130_fd_sc_hd__a21o_1)
   0.14   27.95 ^ gen_col[1].u_pe_col/gen_pe[0].u_pe/_7716_/X (sky130_fd_sc_hd__a21o_1)
   0.14   28.09 ^ gen_col[1].u_pe_col/gen_pe[0].u_pe/_7717_/X (sky130_fd_sc_hd__a21o_1)
   0.15   28.24 ^ gen_col[1].u_pe_col/gen_pe[0].u_pe/_7720_/X (sky130_fd_sc_hd__a21o_1)
   0.14   28.38 ^ gen_col[1].u_pe_col/gen_pe[0].u_pe/_7724_/X (sky130_fd_sc_hd__a21o_1)
   0.10   28.48 v gen_col[1].u_pe_col/gen_pe[0].u_pe/_7725_/Y (sky130_fd_sc_hd__a21oi_1)
   0.42   28.90 ^ gen_col[1].u_pe_col/gen_pe[0].u_pe/_7732_/Y (sky130_fd_sc_hd__o311ai_0)
   0.21   29.11 v gen_col[1].u_pe_col/gen_pe[0].u_pe/_7736_/Y (sky130_fd_sc_hd__a21boi_0)
   0.23   29.34 v gen_col[1].u_pe_col/gen_pe[0].u_pe/_7737_/X (sky130_fd_sc_hd__o21a_1)
   0.33   29.67 v gen_col[1].u_pe_col/gen_pe[0].u_pe/_7739_/X (sky130_fd_sc_hd__o311a_1)
   0.32   29.99 v gen_col[1].u_pe_col/gen_pe[0].u_pe/_7742_/X (sky130_fd_sc_hd__o311a_1)
   0.19   30.19 v gen_col[1].u_pe_col/gen_pe[0].u_pe/_7744_/X (sky130_fd_sc_hd__o21a_1)
   0.19   30.37 v gen_col[1].u_pe_col/gen_pe[0].u_pe/_7746_/X (sky130_fd_sc_hd__o21a_1)
   0.19   30.56 v gen_col[1].u_pe_col/gen_pe[0].u_pe/_7748_/X (sky130_fd_sc_hd__o21a_1)
   0.19   30.75 v gen_col[1].u_pe_col/gen_pe[0].u_pe/_7750_/X (sky130_fd_sc_hd__o21a_1)
   0.19   30.93 v gen_col[1].u_pe_col/gen_pe[0].u_pe/_7752_/X (sky130_fd_sc_hd__o21a_1)
   0.19   31.12 v gen_col[1].u_pe_col/gen_pe[0].u_pe/_7754_/X (sky130_fd_sc_hd__o21a_1)
   0.19   31.31 v gen_col[1].u_pe_col/gen_pe[0].u_pe/_7755_/X (sky130_fd_sc_hd__o21a_1)
   0.19   31.49 v gen_col[1].u_pe_col/gen_pe[0].u_pe/_7757_/X (sky130_fd_sc_hd__o21a_1)
   0.19   31.68 v gen_col[1].u_pe_col/gen_pe[0].u_pe/_7759_/X (sky130_fd_sc_hd__o21a_1)
   0.19   31.87 v gen_col[1].u_pe_col/gen_pe[0].u_pe/_7761_/X (sky130_fd_sc_hd__o21a_1)
   0.19   32.06 v gen_col[1].u_pe_col/gen_pe[0].u_pe/_7763_/X (sky130_fd_sc_hd__o21a_1)
   0.19   32.24 v gen_col[1].u_pe_col/gen_pe[0].u_pe/_7765_/X (sky130_fd_sc_hd__o21a_1)
   0.19   32.43 v gen_col[1].u_pe_col/gen_pe[0].u_pe/_7767_/X (sky130_fd_sc_hd__o21a_1)
   0.20   32.63 v gen_col[1].u_pe_col/gen_pe[0].u_pe/_7768_/X (sky130_fd_sc_hd__o21a_1)
   0.31   32.94 v gen_col[1].u_pe_col/gen_pe[0].u_pe/_7771_/X (sky130_fd_sc_hd__o311a_1)
   0.24   33.18 ^ gen_col[1].u_pe_col/gen_pe[0].u_pe/_7773_/Y (sky130_fd_sc_hd__o21ai_0)
   0.14   33.32 v gen_col[1].u_pe_col/gen_pe[0].u_pe/_7775_/Y (sky130_fd_sc_hd__a21oi_1)
   0.20   33.52 v gen_col[1].u_pe_col/gen_pe[0].u_pe/_7776_/X (sky130_fd_sc_hd__o21a_1)
   0.19   33.71 v gen_col[1].u_pe_col/gen_pe[0].u_pe/_7778_/X (sky130_fd_sc_hd__o21a_1)
   0.19   33.89 v gen_col[1].u_pe_col/gen_pe[0].u_pe/_7780_/X (sky130_fd_sc_hd__o21a_1)
   0.19   34.08 v gen_col[1].u_pe_col/gen_pe[0].u_pe/_7782_/X (sky130_fd_sc_hd__o21a_1)
   0.18   34.26 v gen_col[1].u_pe_col/gen_pe[0].u_pe/_7783_/X (sky130_fd_sc_hd__o21a_1)
   0.22   34.48 ^ gen_col[1].u_pe_col/gen_pe[0].u_pe/_7785_/Y (sky130_fd_sc_hd__o21ai_0)
   0.17   34.65 v gen_col[1].u_pe_col/gen_pe[0].u_pe/_7788_/Y (sky130_fd_sc_hd__a21boi_0)
   0.21   34.86 v gen_col[1].u_pe_col/gen_pe[0].u_pe/_7790_/X (sky130_fd_sc_hd__o21a_1)
   0.19   35.06 v gen_col[1].u_pe_col/gen_pe[0].u_pe/_7792_/X (sky130_fd_sc_hd__o21a_1)
   0.19   35.24 ^ gen_col[1].u_pe_col/gen_pe[0].u_pe/_7823_/Y (sky130_fd_sc_hd__o211ai_1)
   0.11   35.36 v gen_col[1].u_pe_col/gen_pe[0].u_pe/_7839_/Y (sky130_fd_sc_hd__a21oi_1)
   0.17   35.53 v gen_col[1].u_pe_col/gen_pe[0].u_pe/_8150_/X (sky130_fd_sc_hd__o21a_1)
   0.20   35.73 ^ gen_col[1].u_pe_col/gen_pe[0].u_pe/_8152_/Y (sky130_fd_sc_hd__o31ai_1)
   0.00   35.73 ^ gen_col[1].u_pe_col/gen_pe[0].u_pe/_8305_/D (sky130_fd_sc_hd__dfrtp_1)
          35.73   data arrival time

  20.00   20.00   clock clk (rise edge)
   0.00   20.00   clock network delay (ideal)
   0.00   20.00   clock reconvergence pessimism
          20.00 ^ gen_col[1].u_pe_col/gen_pe[0].u_pe/_8305_/CLK (sky130_fd_sc_hd__dfrtp_1)
  -0.12   19.88   library setup time
          19.88   data required time
---------------------------------------------------------
          19.88   data required time
         -35.73   data arrival time
---------------------------------------------------------
         -15.85   slack (VIOLATED)


Startpoint: gen_col[1].u_pe_col/gen_pe[0].u_pe/_8170_
            (rising edge-triggered flip-flop clocked by clk)
Endpoint: gen_col[2].u_pe_col/gen_pe[0].u_pe/_8305_
          (rising edge-triggered flip-flop clocked by clk)
Path Group: clk
Path Type: max

  Delay    Time   Description
---------------------------------------------------------
   0.00    0.00   clock clk (rise edge)
   0.00    0.00   clock network delay (ideal)
   0.00    0.00 ^ gen_col[1].u_pe_col/gen_pe[0].u_pe/_8170_/CLK (sky130_fd_sc_hd__dfrtp_1)
   0.45    0.45 v gen_col[1].u_pe_col/gen_pe[0].u_pe/_8170_/Q (sky130_fd_sc_hd__dfrtp_1)
   1.09    1.55 v gen_col[2].u_pe_col/gen_pe[0].u_pe/_5665_/X (sky130_fd_sc_hd__and3_1)
  10.88   12.43 ^ gen_col[2].u_pe_col/gen_pe[0].u_pe/_5667_/Y (sky130_fd_sc_hd__nor2_1)
   0.73   13.15 v gen_col[2].u_pe_col/gen_pe[0].u_pe/_7336_/Y (sky130_fd_sc_hd__xnor2_1)
   0.73   13.88 ^ gen_col[2].u_pe_col/gen_pe[0].u_pe/_7338_/X (sky130_fd_sc_hd__xor2_1)
   0.12   14.01 v gen_col[2].u_pe_col/gen_pe[0].u_pe/_7339_/X (sky130_fd_sc_hd__xor2_1)
   0.39   14.40 v gen_col[2].u_pe_col/gen_pe[0].u_pe/_7341_/X (sky130_fd_sc_hd__maj3_1)
   0.21   14.61 ^ gen_col[2].u_pe_col/gen_pe[0].u_pe/_7345_/Y (sky130_fd_sc_hd__xnor2_1)
   0.21   14.81 ^ gen_col[2].u_pe_col/gen_pe[0].u_pe/_7377_/X (sky130_fd_sc_hd__xor2_1)
   0.09   14.91 v gen_col[2].u_pe_col/gen_pe[0].u_pe/_7408_/Y (sky130_fd_sc_hd__xnor2_1)
   0.16   15.07 v gen_col[2].u_pe_col/gen_pe[0].u_pe/_7409_/X (sky130_fd_sc_hd__and2_0)
   0.26   15.32 ^ gen_col[2].u_pe_col/gen_pe[0].u_pe/_7498_/Y (sky130_fd_sc_hd__a211oi_1)
   0.13   15.45 v gen_col[2].u_pe_col/gen_pe[0].u_pe/_7500_/Y (sky130_fd_sc_hd__o31ai_1)
   0.20   15.64 ^ gen_col[2].u_pe_col/gen_pe[0].u_pe/_7503_/Y (sky130_fd_sc_hd__a21oi_1)
   0.13   15.77 v gen_col[2].u_pe_col/gen_pe[0].u_pe/_7505_/Y (sky130_fd_sc_hd__o21bai_1)
   0.19   15.96 ^ gen_col[2].u_pe_col/gen_pe[0].u_pe/_7507_/Y (sky130_fd_sc_hd__a21oi_1)
   0.13   16.09 v gen_col[2].u_pe_col/gen_pe[0].u_pe/_7509_/Y (sky130_fd_sc_hd__o21bai_1)
   0.19   16.28 ^ gen_col[2].u_pe_col/gen_pe[0].u_pe/_7512_/Y (sky130_fd_sc_hd__a21oi_1)
   0.13   16.41 v gen_col[2].u_pe_col/gen_pe[0].u_pe/_7514_/Y (sky130_fd_sc_hd__o21bai_1)
   0.40   16.82 v gen_col[2].u_pe_col/gen_pe[0].u_pe/_7516_/X (sky130_fd_sc_hd__maj3_1)
   0.20   17.01 ^ gen_col[2].u_pe_col/gen_pe[0].u_pe/_7530_/Y (sky130_fd_sc_hd__a31oi_1)
   0.16   17.17 v gen_col[2].u_pe_col/gen_pe[0].u_pe/_7533_/Y (sky130_fd_sc_hd__o21ai_0)
   0.19   17.36 v gen_col[2].u_pe_col/gen_pe[0].u_pe/_7536_/X (sky130_fd_sc_hd__a21o_1)
   0.17   17.53 v gen_col[2].u_pe_col/gen_pe[0].u_pe/_7539_/X (sky130_fd_sc_hd__a21o_1)
   0.19   17.73 v gen_col[2].u_pe_col/gen_pe[0].u_pe/_7540_/X (sky130_fd_sc_hd__a21o_1)
   0.17   17.90 v gen_col[2].u_pe_col/gen_pe[0].u_pe/_7542_/X (sky130_fd_sc_hd__a21o_1)
   0.17   18.06 v gen_col[2].u_pe_col/gen_pe[0].u_pe/_7544_/X (sky130_fd_sc_hd__a21o_1)
   0.19   18.25 v gen_col[2].u_pe_col/gen_pe[0].u_pe/_7558_/X (sky130_fd_sc_hd__a31o_1)
   0.19   18.45 ^ gen_col[2].u_pe_col/gen_pe[0].u_pe/_7561_/Y (sky130_fd_sc_hd__a21oi_1)
   0.25   18.69 ^ gen_col[2].u_pe_col/gen_pe[0].u_pe/_7562_/X (sky130_fd_sc_hd__maj3_1)
   0.21   18.90 ^ gen_col[2].u_pe_col/gen_pe[0].u_pe/_7565_/X (sky130_fd_sc_hd__maj3_1)
   0.23   19.13 ^ gen_col[2].u_pe_col/gen_pe[0].u_pe/_7568_/Y (sky130_fd_sc_hd__a2bb2oi_1)
   0.24   19.37 ^ gen_col[2].u_pe_col/gen_pe[0].u_pe/_7569_/X (sky130_fd_sc_hd__maj3_1)
   0.19   19.57 ^ gen_col[2].u_pe_col/gen_pe[0].u_pe/_7572_/X (sky130_fd_sc_hd__maj3_1)
   0.10   19.67 v gen_col[2].u_pe_col/gen_pe[0].u_pe/_7589_/Y (sky130_fd_sc_hd__o31ai_1)
   0.07   19.74 ^ gen_col[2].u_pe_col/gen_pe[0].u_pe/_7591_/Y (sky130_fd_sc_hd__nand2_1)
   0.10   19.84 v gen_col[2].u_pe_col/gen_pe[0].u_pe/_7593_/Y (sky130_fd_sc_hd__a21oi_1)
   0.22   20.06 v gen_col[2].u_pe_col/gen_pe[0].u_pe/_7604_/X (sky130_fd_sc_hd__o211a_1)
   0.19   20.25 v gen_col[2].u_pe_col/gen_pe[0].u_pe/_7609_/X (sky130_fd_sc_hd__o21ba_1)
   0.19   20.44 v gen_col[2].u_pe_col/gen_pe[0].u_pe/_7610_/X (sky130_fd_sc_hd__o21a_1)
   0.19   20.63 ^ gen_col[2].u_pe_col/gen_pe[0].u_pe/_7624_/Y (sky130_fd_sc_hd__o211ai_1)
   0.12   20.75 v gen_col[2].u_pe_col/gen_pe[0].u_pe/_7628_/Y (sky130_fd_sc_hd__a21oi_1)
   0.20   20.94 v gen_col[2].u_pe_col/gen_pe[0].u_pe/_7629_/X (sky130_fd_sc_hd__o21a_1)
   0.19   21.14 v gen_col[2].u_pe_col/gen_pe[0].u_pe/_7631_/X (sky130_fd_sc_hd__o21a_1)
   0.21   21.34 ^ gen_col[2].u_pe_col/gen_pe[0].u_pe/_7632_/Y (sky130_fd_sc_hd__o21ai_0)
   0.16   21.50 v gen_col[2].u_pe_col/gen_pe[0].u_pe/_7637_/Y (sky130_fd_sc_hd__a21boi_0)
   0.22   21.72 v gen_col[2].u_pe_col/gen_pe[0].u_pe/_7638_/X (sky130_fd_sc_hd__o21a_1)
   0.19   21.91 v gen_col[2].u_pe_col/gen_pe[0].u_pe/_7640_/X (sky130_fd_sc_hd__o21a_1)
   0.18   22.09 v gen_col[2].u_pe_col/gen_pe[0].u_pe/_7642_/X (sky130_fd_sc_hd__o21a_1)
   0.20   22.28 ^ gen_col[2].u_pe_col/gen_pe[0].u_pe/_7644_/Y (sky130_fd_sc_hd__o21ai_0)
   0.39   22.68 v gen_col[2].u_pe_col/gen_pe[0].u_pe/_7646_/X (sky130_fd_sc_hd__or3b_1)
   0.32   23.00 ^ gen_col[2].u_pe_col/gen_pe[0].u_pe/_7651_/Y (sky130_fd_sc_hd__a311oi_1)
   0.14   23.14 v gen_col[2].u_pe_col/gen_pe[0].u_pe/_7654_/Y (sky130_fd_sc_hd__o41ai_1)
   0.22   23.35 ^ gen_col[2].u_pe_col/gen_pe[0].u_pe/_7656_/Y (sky130_fd_sc_hd__o21ai_0)
   0.18   23.54 v gen_col[2].u_pe_col/gen_pe[0].u_pe/_7660_/Y (sky130_fd_sc_hd__a21boi_0)
   0.21   23.74 ^ gen_col[2].u_pe_col/gen_pe[0].u_pe/_7666_/Y (sky130_fd_sc_hd__o211ai_1)
   0.13   23.87 v gen_col[2].u_pe_col/gen_pe[0].u_pe/_7668_/Y (sky130_fd_sc_hd__a21oi_1)
   0.20   24.07 v gen_col[2].u_pe_col/gen_pe[0].u_pe/_7669_/X (sky130_fd_sc_hd__o21a_1)
   0.20   24.28 v gen_col[2].u_pe_col/gen_pe[0].u_pe/_7672_/X (sky130_fd_sc_hd__o21a_1)
   0.19   24.46 v gen_col[2].u_pe_col/gen_pe[0].u_pe/_7674_/X (sky130_fd_sc_hd__o21a_1)
   0.19   24.65 v gen_col[2].u_pe_col/gen_pe[0].u_pe/_7676_/X (sky130_fd_sc_hd__o21a_1)
   0.18   24.83 v gen_col[2].u_pe_col/gen_pe[0].u_pe/_7677_/X (sky130_fd_sc_hd__o21a_1)
   0.20   25.03 ^ gen_col[2].u_pe_col/gen_pe[0].u_pe/_7679_/Y (sky130_fd_sc_hd__o21ai_0)
   0.40   25.42 v gen_col[2].u_pe_col/gen_pe[0].u_pe/_7681_/X (sky130_fd_sc_hd__or3b_1)
   0.25   25.67 ^ gen_col[2].u_pe_col/gen_pe[0].u_pe/_7683_/Y (sky130_fd_sc_hd__a31oi_1)
   0.25   25.92 ^ gen_col[2].u_pe_col/gen_pe[0].u_pe/_7684_/X (sky130_fd_sc_hd__maj3_1)
   0.21   26.13 ^ gen_col[2].u_pe_col/gen_pe[0].u_pe/_7686_/X (sky130_fd_sc_hd__maj3_1)
   0.21   26.34 ^ gen_col[2].u_pe_col/gen_pe[0].u_pe/_7688_/X (sky130_fd_sc_hd__maj3_1)
   0.21   26.54 ^ gen_col[2].u_pe_col/gen_pe[0].u_pe/_7690_/X (sky130_fd_sc_hd__maj3_1)
   0.21   26.76 ^ gen_col[2].u_pe_col/gen_pe[0].u_pe/_7692_/X (sky130_fd_sc_hd__maj3_1)
   0.18   26.94 ^ gen_col[2].u_pe_col/gen_pe[0].u_pe/_7696_/X (sky130_fd_sc_hd__o211a_1)
   0.11   27.05 ^ gen_col[2].u_pe_col/gen_pe[0].u_pe/_7699_/X (sky130_fd_sc_hd__or3_1)
   0.13   27.18 ^ gen_col[2].u_pe_col/gen_pe[0].u_pe/_7703_/X (sky130_fd_sc_hd__a21o_1)
   0.12   27.29 v gen_col[2].u_pe_col/gen_pe[0].u_pe/_7705_/Y (sky130_fd_sc_hd__a21boi_0)
   0.20   27.50 ^ gen_col[2].u_pe_col/gen_pe[0].u_pe/_7709_/Y (sky130_fd_sc_hd__o21bai_1)
   0.17   27.67 ^ gen_col[2].u_pe_col/gen_pe[0].u_pe/_7712_/X (sky130_fd_sc_hd__a21o_1)
   0.14   27.81 ^ gen_col[2].u_pe_col/gen_pe[0].u_pe/_7713_/X (sky130_fd_sc_hd__a21o_1)
   0.14   27.95 ^ gen_col[2].u_pe_col/gen_pe[0].u_pe/_7716_/X (sky130_fd_sc_hd__a21o_1)
   0.14   28.09 ^ gen_col[2].u_pe_col/gen_pe[0].u_pe/_7717_/X (sky130_fd_sc_hd__a21o_1)
   0.15   28.24 ^ gen_col[2].u_pe_col/gen_pe[0].u_pe/_7720_/X (sky130_fd_sc_hd__a21o_1)
   0.14   28.38 ^ gen_col[2].u_pe_col/gen_pe[0].u_pe/_7724_/X (sky130_fd_sc_hd__a21o_1)
   0.10   28.48 v gen_col[2].u_pe_col/gen_pe[0].u_pe/_7725_/Y (sky130_fd_sc_hd__a21oi_1)
   0.42   28.90 ^ gen_col[2].u_pe_col/gen_pe[0].u_pe/_7732_/Y (sky130_fd_sc_hd__o311ai_0)
   0.21   29.11 v gen_col[2].u_pe_col/gen_pe[0].u_pe/_7736_/Y (sky130_fd_sc_hd__a21boi_0)
   0.23   29.34 v gen_col[2].u_pe_col/gen_pe[0].u_pe/_7737_/X (sky130_fd_sc_hd__o21a_1)
   0.33   29.67 v gen_col[2].u_pe_col/gen_pe[0].u_pe/_7739_/X (sky130_fd_sc_hd__o311a_1)
   0.32   29.99 v gen_col[2].u_pe_col/gen_pe[0].u_pe/_7742_/X (sky130_fd_sc_hd__o311a_1)
   0.19   30.19 v gen_col[2].u_pe_col/gen_pe[0].u_pe/_7744_/X (sky130_fd_sc_hd__o21a_1)
   0.19   30.37 v gen_col[2].u_pe_col/gen_pe[0].u_pe/_7746_/X (sky130_fd_sc_hd__o21a_1)
   0.19   30.56 v gen_col[2].u_pe_col/gen_pe[0].u_pe/_7748_/X (sky130_fd_sc_hd__o21a_1)
   0.19   30.75 v gen_col[2].u_pe_col/gen_pe[0].u_pe/_7750_/X (sky130_fd_sc_hd__o21a_1)
   0.19   30.93 v gen_col[2].u_pe_col/gen_pe[0].u_pe/_7752_/X (sky130_fd_sc_hd__o21a_1)
   0.19   31.12 v gen_col[2].u_pe_col/gen_pe[0].u_pe/_7754_/X (sky130_fd_sc_hd__o21a_1)
   0.19   31.31 v gen_col[2].u_pe_col/gen_pe[0].u_pe/_7755_/X (sky130_fd_sc_hd__o21a_1)
   0.19   31.49 v gen_col[2].u_pe_col/gen_pe[0].u_pe/_7757_/X (sky130_fd_sc_hd__o21a_1)
   0.19   31.68 v gen_col[2].u_pe_col/gen_pe[0].u_pe/_7759_/X (sky130_fd_sc_hd__o21a_1)
   0.19   31.87 v gen_col[2].u_pe_col/gen_pe[0].u_pe/_7761_/X (sky130_fd_sc_hd__o21a_1)
   0.19   32.06 v gen_col[2].u_pe_col/gen_pe[0].u_pe/_7763_/X (sky130_fd_sc_hd__o21a_1)
   0.19   32.24 v gen_col[2].u_pe_col/gen_pe[0].u_pe/_7765_/X (sky130_fd_sc_hd__o21a_1)
   0.19   32.43 v gen_col[2].u_pe_col/gen_pe[0].u_pe/_7767_/X (sky130_fd_sc_hd__o21a_1)
   0.20   32.63 v gen_col[2].u_pe_col/gen_pe[0].u_pe/_7768_/X (sky130_fd_sc_hd__o21a_1)
   0.31   32.94 v gen_col[2].u_pe_col/gen_pe[0].u_pe/_7771_/X (sky130_fd_sc_hd__o311a_1)
   0.24   33.18 ^ gen_col[2].u_pe_col/gen_pe[0].u_pe/_7773_/Y (sky130_fd_sc_hd__o21ai_0)
   0.14   33.32 v gen_col[2].u_pe_col/gen_pe[0].u_pe/_7775_/Y (sky130_fd_sc_hd__a21oi_1)
   0.20   33.52 v gen_col[2].u_pe_col/gen_pe[0].u_pe/_7776_/X (sky130_fd_sc_hd__o21a_1)
   0.19   33.71 v gen_col[2].u_pe_col/gen_pe[0].u_pe/_7778_/X (sky130_fd_sc_hd__o21a_1)
   0.19   33.89 v gen_col[2].u_pe_col/gen_pe[0].u_pe/_7780_/X (sky130_fd_sc_hd__o21a_1)
   0.19   34.08 v gen_col[2].u_pe_col/gen_pe[0].u_pe/_7782_/X (sky130_fd_sc_hd__o21a_1)
   0.18   34.26 v gen_col[2].u_pe_col/gen_pe[0].u_pe/_7783_/X (sky130_fd_sc_hd__o21a_1)
   0.22   34.48 ^ gen_col[2].u_pe_col/gen_pe[0].u_pe/_7785_/Y (sky130_fd_sc_hd__o21ai_0)
   0.17   34.65 v gen_col[2].u_pe_col/gen_pe[0].u_pe/_7788_/Y (sky130_fd_sc_hd__a21boi_0)
   0.21   34.86 v gen_col[2].u_pe_col/gen_pe[0].u_pe/_7790_/X (sky130_fd_sc_hd__o21a_1)
   0.19   35.06 v gen_col[2].u_pe_col/gen_pe[0].u_pe/_7792_/X (sky130_fd_sc_hd__o21a_1)
   0.19   35.24 ^ gen_col[2].u_pe_col/gen_pe[0].u_pe/_7823_/Y (sky130_fd_sc_hd__o211ai_1)
   0.11   35.36 v gen_col[2].u_pe_col/gen_pe[0].u_pe/_7839_/Y (sky130_fd_sc_hd__a21oi_1)
   0.17   35.53 v gen_col[2].u_pe_col/gen_pe[0].u_pe/_8150_/X (sky130_fd_sc_hd__o21a_1)
   0.20   35.73 ^ gen_col[2].u_pe_col/gen_pe[0].u_pe/_8152_/Y (sky130_fd_sc_hd__o31ai_1)
   0.00   35.73 ^ gen_col[2].u_pe_col/gen_pe[0].u_pe/_8305_/D (sky130_fd_sc_hd__dfrtp_1)
          35.73   data arrival time

  20.00   20.00   clock clk (rise edge)
   0.00   20.00   clock network delay (ideal)
   0.00   20.00   clock reconvergence pessimism
          20.00 ^ gen_col[2].u_pe_col/gen_pe[0].u_pe/_8305_/CLK (sky130_fd_sc_hd__dfrtp_1)
  -0.12   19.88   library setup time
          19.88   data required time
---------------------------------------------------------
          19.88   data required time
         -35.73   data arrival time
---------------------------------------------------------
         -15.85   slack (VIOLATED)


Startpoint: gen_col[2].u_pe_col/gen_pe[0].u_pe/_8170_
            (rising edge-triggered flip-flop clocked by clk)
Endpoint: gen_col[3].u_pe_col/gen_pe[0].u_pe/_8305_
          (rising edge-triggered flip-flop clocked by clk)
Path Group: clk
Path Type: max

  Delay    Time   Description
---------------------------------------------------------
   0.00    0.00   clock clk (rise edge)
   0.00    0.00   clock network delay (ideal)
   0.00    0.00 ^ gen_col[2].u_pe_col/gen_pe[0].u_pe/_8170_/CLK (sky130_fd_sc_hd__dfrtp_1)
   0.45    0.45 v gen_col[2].u_pe_col/gen_pe[0].u_pe/_8170_/Q (sky130_fd_sc_hd__dfrtp_1)
   1.09    1.55 v gen_col[3].u_pe_col/gen_pe[0].u_pe/_5665_/X (sky130_fd_sc_hd__and3_1)
  10.88   12.43 ^ gen_col[3].u_pe_col/gen_pe[0].u_pe/_5667_/Y (sky130_fd_sc_hd__nor2_1)
   0.73   13.15 v gen_col[3].u_pe_col/gen_pe[0].u_pe/_7336_/Y (sky130_fd_sc_hd__xnor2_1)
   0.73   13.88 ^ gen_col[3].u_pe_col/gen_pe[0].u_pe/_7338_/X (sky130_fd_sc_hd__xor2_1)
   0.12   14.01 v gen_col[3].u_pe_col/gen_pe[0].u_pe/_7339_/X (sky130_fd_sc_hd__xor2_1)
   0.39   14.40 v gen_col[3].u_pe_col/gen_pe[0].u_pe/_7341_/X (sky130_fd_sc_hd__maj3_1)
   0.21   14.61 ^ gen_col[3].u_pe_col/gen_pe[0].u_pe/_7345_/Y (sky130_fd_sc_hd__xnor2_1)
   0.21   14.81 ^ gen_col[3].u_pe_col/gen_pe[0].u_pe/_7377_/X (sky130_fd_sc_hd__xor2_1)
   0.09   14.91 v gen_col[3].u_pe_col/gen_pe[0].u_pe/_7408_/Y (sky130_fd_sc_hd__xnor2_1)
   0.16   15.07 v gen_col[3].u_pe_col/gen_pe[0].u_pe/_7409_/X (sky130_fd_sc_hd__and2_0)
   0.26   15.32 ^ gen_col[3].u_pe_col/gen_pe[0].u_pe/_7498_/Y (sky130_fd_sc_hd__a211oi_1)
   0.13   15.45 v gen_col[3].u_pe_col/gen_pe[0].u_pe/_7500_/Y (sky130_fd_sc_hd__o31ai_1)
   0.20   15.64 ^ gen_col[3].u_pe_col/gen_pe[0].u_pe/_7503_/Y (sky130_fd_sc_hd__a21oi_1)
   0.13   15.77 v gen_col[3].u_pe_col/gen_pe[0].u_pe/_7505_/Y (sky130_fd_sc_hd__o21bai_1)
   0.19   15.96 ^ gen_col[3].u_pe_col/gen_pe[0].u_pe/_7507_/Y (sky130_fd_sc_hd__a21oi_1)
   0.13   16.09 v gen_col[3].u_pe_col/gen_pe[0].u_pe/_7509_/Y (sky130_fd_sc_hd__o21bai_1)
   0.19   16.28 ^ gen_col[3].u_pe_col/gen_pe[0].u_pe/_7512_/Y (sky130_fd_sc_hd__a21oi_1)
   0.13   16.41 v gen_col[3].u_pe_col/gen_pe[0].u_pe/_7514_/Y (sky130_fd_sc_hd__o21bai_1)
   0.40   16.82 v gen_col[3].u_pe_col/gen_pe[0].u_pe/_7516_/X (sky130_fd_sc_hd__maj3_1)
   0.20   17.01 ^ gen_col[3].u_pe_col/gen_pe[0].u_pe/_7530_/Y (sky130_fd_sc_hd__a31oi_1)
   0.16   17.17 v gen_col[3].u_pe_col/gen_pe[0].u_pe/_7533_/Y (sky130_fd_sc_hd__o21ai_0)
   0.19   17.36 v gen_col[3].u_pe_col/gen_pe[0].u_pe/_7536_/X (sky130_fd_sc_hd__a21o_1)
   0.17   17.53 v gen_col[3].u_pe_col/gen_pe[0].u_pe/_7539_/X (sky130_fd_sc_hd__a21o_1)
   0.19   17.73 v gen_col[3].u_pe_col/gen_pe[0].u_pe/_7540_/X (sky130_fd_sc_hd__a21o_1)
   0.17   17.90 v gen_col[3].u_pe_col/gen_pe[0].u_pe/_7542_/X (sky130_fd_sc_hd__a21o_1)
   0.17   18.06 v gen_col[3].u_pe_col/gen_pe[0].u_pe/_7544_/X (sky130_fd_sc_hd__a21o_1)
   0.19   18.25 v gen_col[3].u_pe_col/gen_pe[0].u_pe/_7558_/X (sky130_fd_sc_hd__a31o_1)
   0.19   18.45 ^ gen_col[3].u_pe_col/gen_pe[0].u_pe/_7561_/Y (sky130_fd_sc_hd__a21oi_1)
   0.25   18.69 ^ gen_col[3].u_pe_col/gen_pe[0].u_pe/_7562_/X (sky130_fd_sc_hd__maj3_1)
   0.21   18.90 ^ gen_col[3].u_pe_col/gen_pe[0].u_pe/_7565_/X (sky130_fd_sc_hd__maj3_1)
   0.23   19.13 ^ gen_col[3].u_pe_col/gen_pe[0].u_pe/_7568_/Y (sky130_fd_sc_hd__a2bb2oi_1)
   0.24   19.37 ^ gen_col[3].u_pe_col/gen_pe[0].u_pe/_7569_/X (sky130_fd_sc_hd__maj3_1)
   0.19   19.57 ^ gen_col[3].u_pe_col/gen_pe[0].u_pe/_7572_/X (sky130_fd_sc_hd__maj3_1)
   0.10   19.67 v gen_col[3].u_pe_col/gen_pe[0].u_pe/_7589_/Y (sky130_fd_sc_hd__o31ai_1)
   0.07   19.74 ^ gen_col[3].u_pe_col/gen_pe[0].u_pe/_7591_/Y (sky130_fd_sc_hd__nand2_1)
   0.10   19.84 v gen_col[3].u_pe_col/gen_pe[0].u_pe/_7593_/Y (sky130_fd_sc_hd__a21oi_1)
   0.22   20.06 v gen_col[3].u_pe_col/gen_pe[0].u_pe/_7604_/X (sky130_fd_sc_hd__o211a_1)
   0.19   20.25 v gen_col[3].u_pe_col/gen_pe[0].u_pe/_7609_/X (sky130_fd_sc_hd__o21ba_1)
   0.19   20.44 v gen_col[3].u_pe_col/gen_pe[0].u_pe/_7610_/X (sky130_fd_sc_hd__o21a_1)
   0.19   20.63 ^ gen_col[3].u_pe_col/gen_pe[0].u_pe/_7624_/Y (sky130_fd_sc_hd__o211ai_1)
   0.12   20.75 v gen_col[3].u_pe_col/gen_pe[0].u_pe/_7628_/Y (sky130_fd_sc_hd__a21oi_1)
   0.20   20.94 v gen_col[3].u_pe_col/gen_pe[0].u_pe/_7629_/X (sky130_fd_sc_hd__o21a_1)
   0.19   21.14 v gen_col[3].u_pe_col/gen_pe[0].u_pe/_7631_/X (sky130_fd_sc_hd__o21a_1)
   0.21   21.34 ^ gen_col[3].u_pe_col/gen_pe[0].u_pe/_7632_/Y (sky130_fd_sc_hd__o21ai_0)
   0.16   21.50 v gen_col[3].u_pe_col/gen_pe[0].u_pe/_7637_/Y (sky130_fd_sc_hd__a21boi_0)
   0.22   21.72 v gen_col[3].u_pe_col/gen_pe[0].u_pe/_7638_/X (sky130_fd_sc_hd__o21a_1)
   0.19   21.91 v gen_col[3].u_pe_col/gen_pe[0].u_pe/_7640_/X (sky130_fd_sc_hd__o21a_1)
   0.18   22.09 v gen_col[3].u_pe_col/gen_pe[0].u_pe/_7642_/X (sky130_fd_sc_hd__o21a_1)
   0.20   22.28 ^ gen_col[3].u_pe_col/gen_pe[0].u_pe/_7644_/Y (sky130_fd_sc_hd__o21ai_0)
   0.39   22.68 v gen_col[3].u_pe_col/gen_pe[0].u_pe/_7646_/X (sky130_fd_sc_hd__or3b_1)
   0.32   23.00 ^ gen_col[3].u_pe_col/gen_pe[0].u_pe/_7651_/Y (sky130_fd_sc_hd__a311oi_1)
   0.14   23.14 v gen_col[3].u_pe_col/gen_pe[0].u_pe/_7654_/Y (sky130_fd_sc_hd__o41ai_1)
   0.22   23.35 ^ gen_col[3].u_pe_col/gen_pe[0].u_pe/_7656_/Y (sky130_fd_sc_hd__o21ai_0)
   0.18   23.54 v gen_col[3].u_pe_col/gen_pe[0].u_pe/_7660_/Y (sky130_fd_sc_hd__a21boi_0)
   0.21   23.74 ^ gen_col[3].u_pe_col/gen_pe[0].u_pe/_7666_/Y (sky130_fd_sc_hd__o211ai_1)
   0.13   23.87 v gen_col[3].u_pe_col/gen_pe[0].u_pe/_7668_/Y (sky130_fd_sc_hd__a21oi_1)
   0.20   24.07 v gen_col[3].u_pe_col/gen_pe[0].u_pe/_7669_/X (sky130_fd_sc_hd__o21a_1)
   0.20   24.28 v gen_col[3].u_pe_col/gen_pe[0].u_pe/_7672_/X (sky130_fd_sc_hd__o21a_1)
   0.19   24.46 v gen_col[3].u_pe_col/gen_pe[0].u_pe/_7674_/X (sky130_fd_sc_hd__o21a_1)
   0.19   24.65 v gen_col[3].u_pe_col/gen_pe[0].u_pe/_7676_/X (sky130_fd_sc_hd__o21a_1)
   0.18   24.83 v gen_col[3].u_pe_col/gen_pe[0].u_pe/_7677_/X (sky130_fd_sc_hd__o21a_1)
   0.20   25.03 ^ gen_col[3].u_pe_col/gen_pe[0].u_pe/_7679_/Y (sky130_fd_sc_hd__o21ai_0)
   0.40   25.42 v gen_col[3].u_pe_col/gen_pe[0].u_pe/_7681_/X (sky130_fd_sc_hd__or3b_1)
   0.25   25.67 ^ gen_col[3].u_pe_col/gen_pe[0].u_pe/_7683_/Y (sky130_fd_sc_hd__a31oi_1)
   0.25   25.92 ^ gen_col[3].u_pe_col/gen_pe[0].u_pe/_7684_/X (sky130_fd_sc_hd__maj3_1)
   0.21   26.13 ^ gen_col[3].u_pe_col/gen_pe[0].u_pe/_7686_/X (sky130_fd_sc_hd__maj3_1)
   0.21   26.34 ^ gen_col[3].u_pe_col/gen_pe[0].u_pe/_7688_/X (sky130_fd_sc_hd__maj3_1)
   0.21   26.54 ^ gen_col[3].u_pe_col/gen_pe[0].u_pe/_7690_/X (sky130_fd_sc_hd__maj3_1)
   0.21   26.76 ^ gen_col[3].u_pe_col/gen_pe[0].u_pe/_7692_/X (sky130_fd_sc_hd__maj3_1)
   0.18   26.94 ^ gen_col[3].u_pe_col/gen_pe[0].u_pe/_7696_/X (sky130_fd_sc_hd__o211a_1)
   0.11   27.05 ^ gen_col[3].u_pe_col/gen_pe[0].u_pe/_7699_/X (sky130_fd_sc_hd__or3_1)
   0.13   27.18 ^ gen_col[3].u_pe_col/gen_pe[0].u_pe/_7703_/X (sky130_fd_sc_hd__a21o_1)
   0.12   27.29 v gen_col[3].u_pe_col/gen_pe[0].u_pe/_7705_/Y (sky130_fd_sc_hd__a21boi_0)
   0.20   27.50 ^ gen_col[3].u_pe_col/gen_pe[0].u_pe/_7709_/Y (sky130_fd_sc_hd__o21bai_1)
   0.17   27.67 ^ gen_col[3].u_pe_col/gen_pe[0].u_pe/_7712_/X (sky130_fd_sc_hd__a21o_1)
   0.14   27.81 ^ gen_col[3].u_pe_col/gen_pe[0].u_pe/_7713_/X (sky130_fd_sc_hd__a21o_1)
   0.14   27.95 ^ gen_col[3].u_pe_col/gen_pe[0].u_pe/_7716_/X (sky130_fd_sc_hd__a21o_1)
   0.14   28.09 ^ gen_col[3].u_pe_col/gen_pe[0].u_pe/_7717_/X (sky130_fd_sc_hd__a21o_1)
   0.15   28.24 ^ gen_col[3].u_pe_col/gen_pe[0].u_pe/_7720_/X (sky130_fd_sc_hd__a21o_1)
   0.14   28.38 ^ gen_col[3].u_pe_col/gen_pe[0].u_pe/_7724_/X (sky130_fd_sc_hd__a21o_1)
   0.10   28.48 v gen_col[3].u_pe_col/gen_pe[0].u_pe/_7725_/Y (sky130_fd_sc_hd__a21oi_1)
   0.42   28.90 ^ gen_col[3].u_pe_col/gen_pe[0].u_pe/_7732_/Y (sky130_fd_sc_hd__o311ai_0)
   0.21   29.11 v gen_col[3].u_pe_col/gen_pe[0].u_pe/_7736_/Y (sky130_fd_sc_hd__a21boi_0)
   0.23   29.34 v gen_col[3].u_pe_col/gen_pe[0].u_pe/_7737_/X (sky130_fd_sc_hd__o21a_1)
   0.33   29.67 v gen_col[3].u_pe_col/gen_pe[0].u_pe/_7739_/X (sky130_fd_sc_hd__o311a_1)
   0.32   29.99 v gen_col[3].u_pe_col/gen_pe[0].u_pe/_7742_/X (sky130_fd_sc_hd__o311a_1)
   0.19   30.19 v gen_col[3].u_pe_col/gen_pe[0].u_pe/_7744_/X (sky130_fd_sc_hd__o21a_1)
   0.19   30.37 v gen_col[3].u_pe_col/gen_pe[0].u_pe/_7746_/X (sky130_fd_sc_hd__o21a_1)
   0.19   30.56 v gen_col[3].u_pe_col/gen_pe[0].u_pe/_7748_/X (sky130_fd_sc_hd__o21a_1)
   0.19   30.75 v gen_col[3].u_pe_col/gen_pe[0].u_pe/_7750_/X (sky130_fd_sc_hd__o21a_1)
   0.19   30.93 v gen_col[3].u_pe_col/gen_pe[0].u_pe/_7752_/X (sky130_fd_sc_hd__o21a_1)
   0.19   31.12 v gen_col[3].u_pe_col/gen_pe[0].u_pe/_7754_/X (sky130_fd_sc_hd__o21a_1)
   0.19   31.31 v gen_col[3].u_pe_col/gen_pe[0].u_pe/_7755_/X (sky130_fd_sc_hd__o21a_1)
   0.19   31.49 v gen_col[3].u_pe_col/gen_pe[0].u_pe/_7757_/X (sky130_fd_sc_hd__o21a_1)
   0.19   31.68 v gen_col[3].u_pe_col/gen_pe[0].u_pe/_7759_/X (sky130_fd_sc_hd__o21a_1)
   0.19   31.87 v gen_col[3].u_pe_col/gen_pe[0].u_pe/_7761_/X (sky130_fd_sc_hd__o21a_1)
   0.19   32.06 v gen_col[3].u_pe_col/gen_pe[0].u_pe/_7763_/X (sky130_fd_sc_hd__o21a_1)
   0.19   32.24 v gen_col[3].u_pe_col/gen_pe[0].u_pe/_7765_/X (sky130_fd_sc_hd__o21a_1)
   0.19   32.43 v gen_col[3].u_pe_col/gen_pe[0].u_pe/_7767_/X (sky130_fd_sc_hd__o21a_1)
   0.20   32.63 v gen_col[3].u_pe_col/gen_pe[0].u_pe/_7768_/X (sky130_fd_sc_hd__o21a_1)
   0.31   32.94 v gen_col[3].u_pe_col/gen_pe[0].u_pe/_7771_/X (sky130_fd_sc_hd__o311a_1)
   0.24   33.18 ^ gen_col[3].u_pe_col/gen_pe[0].u_pe/_7773_/Y (sky130_fd_sc_hd__o21ai_0)
   0.14   33.32 v gen_col[3].u_pe_col/gen_pe[0].u_pe/_7775_/Y (sky130_fd_sc_hd__a21oi_1)
   0.20   33.52 v gen_col[3].u_pe_col/gen_pe[0].u_pe/_7776_/X (sky130_fd_sc_hd__o21a_1)
   0.19   33.71 v gen_col[3].u_pe_col/gen_pe[0].u_pe/_7778_/X (sky130_fd_sc_hd__o21a_1)
   0.19   33.89 v gen_col[3].u_pe_col/gen_pe[0].u_pe/_7780_/X (sky130_fd_sc_hd__o21a_1)
   0.19   34.08 v gen_col[3].u_pe_col/gen_pe[0].u_pe/_7782_/X (sky130_fd_sc_hd__o21a_1)
   0.18   34.26 v gen_col[3].u_pe_col/gen_pe[0].u_pe/_7783_/X (sky130_fd_sc_hd__o21a_1)
   0.22   34.48 ^ gen_col[3].u_pe_col/gen_pe[0].u_pe/_7785_/Y (sky130_fd_sc_hd__o21ai_0)
   0.17   34.65 v gen_col[3].u_pe_col/gen_pe[0].u_pe/_7788_/Y (sky130_fd_sc_hd__a21boi_0)
   0.21   34.86 v gen_col[3].u_pe_col/gen_pe[0].u_pe/_7790_/X (sky130_fd_sc_hd__o21a_1)
   0.19   35.06 v gen_col[3].u_pe_col/gen_pe[0].u_pe/_7792_/X (sky130_fd_sc_hd__o21a_1)
   0.19   35.24 ^ gen_col[3].u_pe_col/gen_pe[0].u_pe/_7823_/Y (sky130_fd_sc_hd__o211ai_1)
   0.11   35.36 v gen_col[3].u_pe_col/gen_pe[0].u_pe/_7839_/Y (sky130_fd_sc_hd__a21oi_1)
   0.17   35.53 v gen_col[3].u_pe_col/gen_pe[0].u_pe/_8150_/X (sky130_fd_sc_hd__o21a_1)
   0.20   35.73 ^ gen_col[3].u_pe_col/gen_pe[0].u_pe/_8152_/Y (sky130_fd_sc_hd__o31ai_1)
   0.00   35.73 ^ gen_col[3].u_pe_col/gen_pe[0].u_pe/_8305_/D (sky130_fd_sc_hd__dfrtp_1)
          35.73   data arrival time

  20.00   20.00   clock clk (rise edge)
   0.00   20.00   clock network delay (ideal)
   0.00   20.00   clock reconvergence pessimism
          20.00 ^ gen_col[3].u_pe_col/gen_pe[0].u_pe/_8305_/CLK (sky130_fd_sc_hd__dfrtp_1)
  -0.12   19.88   library setup time
          19.88   data required time
---------------------------------------------------------
          19.88   data required time
         -35.73   data arrival time
---------------------------------------------------------
         -15.85   slack (VIOLATED)


Startpoint: gen_col[3].u_pe_col/gen_pe[0].u_pe/_8170_
            (rising edge-triggered flip-flop clocked by clk)
Endpoint: gen_col[4].u_pe_col/gen_pe[0].u_pe/_8305_
          (rising edge-triggered flip-flop clocked by clk)
Path Group: clk
Path Type: max

  Delay    Time   Description
---------------------------------------------------------
   0.00    0.00   clock clk (rise edge)
   0.00    0.00   clock network delay (ideal)
   0.00    0.00 ^ gen_col[3].u_pe_col/gen_pe[0].u_pe/_8170_/CLK (sky130_fd_sc_hd__dfrtp_1)
   0.45    0.45 v gen_col[3].u_pe_col/gen_pe[0].u_pe/_8170_/Q (sky130_fd_sc_hd__dfrtp_1)
   1.09    1.55 v gen_col[4].u_pe_col/gen_pe[0].u_pe/_5665_/X (sky130_fd_sc_hd__and3_1)
  10.88   12.43 ^ gen_col[4].u_pe_col/gen_pe[0].u_pe/_5667_/Y (sky130_fd_sc_hd__nor2_1)
   0.73   13.15 v gen_col[4].u_pe_col/gen_pe[0].u_pe/_7336_/Y (sky130_fd_sc_hd__xnor2_1)
   0.73   13.88 ^ gen_col[4].u_pe_col/gen_pe[0].u_pe/_7338_/X (sky130_fd_sc_hd__xor2_1)
   0.12   14.01 v gen_col[4].u_pe_col/gen_pe[0].u_pe/_7339_/X (sky130_fd_sc_hd__xor2_1)
   0.39   14.40 v gen_col[4].u_pe_col/gen_pe[0].u_pe/_7341_/X (sky130_fd_sc_hd__maj3_1)
   0.21   14.61 ^ gen_col[4].u_pe_col/gen_pe[0].u_pe/_7345_/Y (sky130_fd_sc_hd__xnor2_1)
   0.21   14.81 ^ gen_col[4].u_pe_col/gen_pe[0].u_pe/_7377_/X (sky130_fd_sc_hd__xor2_1)
   0.09   14.91 v gen_col[4].u_pe_col/gen_pe[0].u_pe/_7408_/Y (sky130_fd_sc_hd__xnor2_1)
   0.16   15.07 v gen_col[4].u_pe_col/gen_pe[0].u_pe/_7409_/X (sky130_fd_sc_hd__and2_0)
   0.26   15.32 ^ gen_col[4].u_pe_col/gen_pe[0].u_pe/_7498_/Y (sky130_fd_sc_hd__a211oi_1)
   0.13   15.45 v gen_col[4].u_pe_col/gen_pe[0].u_pe/_7500_/Y (sky130_fd_sc_hd__o31ai_1)
   0.20   15.64 ^ gen_col[4].u_pe_col/gen_pe[0].u_pe/_7503_/Y (sky130_fd_sc_hd__a21oi_1)
   0.13   15.77 v gen_col[4].u_pe_col/gen_pe[0].u_pe/_7505_/Y (sky130_fd_sc_hd__o21bai_1)
   0.19   15.96 ^ gen_col[4].u_pe_col/gen_pe[0].u_pe/_7507_/Y (sky130_fd_sc_hd__a21oi_1)
   0.13   16.09 v gen_col[4].u_pe_col/gen_pe[0].u_pe/_7509_/Y (sky130_fd_sc_hd__o21bai_1)
   0.19   16.28 ^ gen_col[4].u_pe_col/gen_pe[0].u_pe/_7512_/Y (sky130_fd_sc_hd__a21oi_1)
   0.13   16.41 v gen_col[4].u_pe_col/gen_pe[0].u_pe/_7514_/Y (sky130_fd_sc_hd__o21bai_1)
   0.40   16.82 v gen_col[4].u_pe_col/gen_pe[0].u_pe/_7516_/X (sky130_fd_sc_hd__maj3_1)
   0.20   17.01 ^ gen_col[4].u_pe_col/gen_pe[0].u_pe/_7530_/Y (sky130_fd_sc_hd__a31oi_1)
   0.16   17.17 v gen_col[4].u_pe_col/gen_pe[0].u_pe/_7533_/Y (sky130_fd_sc_hd__o21ai_0)
   0.19   17.36 v gen_col[4].u_pe_col/gen_pe[0].u_pe/_7536_/X (sky130_fd_sc_hd__a21o_1)
   0.17   17.53 v gen_col[4].u_pe_col/gen_pe[0].u_pe/_7539_/X (sky130_fd_sc_hd__a21o_1)
   0.19   17.73 v gen_col[4].u_pe_col/gen_pe[0].u_pe/_7540_/X (sky130_fd_sc_hd__a21o_1)
   0.17   17.90 v gen_col[4].u_pe_col/gen_pe[0].u_pe/_7542_/X (sky130_fd_sc_hd__a21o_1)
   0.17   18.06 v gen_col[4].u_pe_col/gen_pe[0].u_pe/_7544_/X (sky130_fd_sc_hd__a21o_1)
   0.19   18.25 v gen_col[4].u_pe_col/gen_pe[0].u_pe/_7558_/X (sky130_fd_sc_hd__a31o_1)
   0.19   18.45 ^ gen_col[4].u_pe_col/gen_pe[0].u_pe/_7561_/Y (sky130_fd_sc_hd__a21oi_1)
   0.25   18.69 ^ gen_col[4].u_pe_col/gen_pe[0].u_pe/_7562_/X (sky130_fd_sc_hd__maj3_1)
   0.21   18.90 ^ gen_col[4].u_pe_col/gen_pe[0].u_pe/_7565_/X (sky130_fd_sc_hd__maj3_1)
   0.23   19.13 ^ gen_col[4].u_pe_col/gen_pe[0].u_pe/_7568_/Y (sky130_fd_sc_hd__a2bb2oi_1)
   0.24   19.37 ^ gen_col[4].u_pe_col/gen_pe[0].u_pe/_7569_/X (sky130_fd_sc_hd__maj3_1)
   0.19   19.57 ^ gen_col[4].u_pe_col/gen_pe[0].u_pe/_7572_/X (sky130_fd_sc_hd__maj3_1)
   0.10   19.67 v gen_col[4].u_pe_col/gen_pe[0].u_pe/_7589_/Y (sky130_fd_sc_hd__o31ai_1)
   0.07   19.74 ^ gen_col[4].u_pe_col/gen_pe[0].u_pe/_7591_/Y (sky130_fd_sc_hd__nand2_1)
   0.10   19.84 v gen_col[4].u_pe_col/gen_pe[0].u_pe/_7593_/Y (sky130_fd_sc_hd__a21oi_1)
   0.22   20.06 v gen_col[4].u_pe_col/gen_pe[0].u_pe/_7604_/X (sky130_fd_sc_hd__o211a_1)
   0.19   20.25 v gen_col[4].u_pe_col/gen_pe[0].u_pe/_7609_/X (sky130_fd_sc_hd__o21ba_1)
   0.19   20.44 v gen_col[4].u_pe_col/gen_pe[0].u_pe/_7610_/X (sky130_fd_sc_hd__o21a_1)
   0.19   20.63 ^ gen_col[4].u_pe_col/gen_pe[0].u_pe/_7624_/Y (sky130_fd_sc_hd__o211ai_1)
   0.12   20.75 v gen_col[4].u_pe_col/gen_pe[0].u_pe/_7628_/Y (sky130_fd_sc_hd__a21oi_1)
   0.20   20.94 v gen_col[4].u_pe_col/gen_pe[0].u_pe/_7629_/X (sky130_fd_sc_hd__o21a_1)
   0.19   21.14 v gen_col[4].u_pe_col/gen_pe[0].u_pe/_7631_/X (sky130_fd_sc_hd__o21a_1)
   0.21   21.34 ^ gen_col[4].u_pe_col/gen_pe[0].u_pe/_7632_/Y (sky130_fd_sc_hd__o21ai_0)
   0.16   21.50 v gen_col[4].u_pe_col/gen_pe[0].u_pe/_7637_/Y (sky130_fd_sc_hd__a21boi_0)
   0.22   21.72 v gen_col[4].u_pe_col/gen_pe[0].u_pe/_7638_/X (sky130_fd_sc_hd__o21a_1)
   0.19   21.91 v gen_col[4].u_pe_col/gen_pe[0].u_pe/_7640_/X (sky130_fd_sc_hd__o21a_1)
   0.18   22.09 v gen_col[4].u_pe_col/gen_pe[0].u_pe/_7642_/X (sky130_fd_sc_hd__o21a_1)
   0.20   22.28 ^ gen_col[4].u_pe_col/gen_pe[0].u_pe/_7644_/Y (sky130_fd_sc_hd__o21ai_0)
   0.39   22.68 v gen_col[4].u_pe_col/gen_pe[0].u_pe/_7646_/X (sky130_fd_sc_hd__or3b_1)
   0.32   23.00 ^ gen_col[4].u_pe_col/gen_pe[0].u_pe/_7651_/Y (sky130_fd_sc_hd__a311oi_1)
   0.14   23.14 v gen_col[4].u_pe_col/gen_pe[0].u_pe/_7654_/Y (sky130_fd_sc_hd__o41ai_1)
   0.22   23.35 ^ gen_col[4].u_pe_col/gen_pe[0].u_pe/_7656_/Y (sky130_fd_sc_hd__o21ai_0)
   0.18   23.54 v gen_col[4].u_pe_col/gen_pe[0].u_pe/_7660_/Y (sky130_fd_sc_hd__a21boi_0)
   0.21   23.74 ^ gen_col[4].u_pe_col/gen_pe[0].u_pe/_7666_/Y (sky130_fd_sc_hd__o211ai_1)
   0.13   23.87 v gen_col[4].u_pe_col/gen_pe[0].u_pe/_7668_/Y (sky130_fd_sc_hd__a21oi_1)
   0.20   24.07 v gen_col[4].u_pe_col/gen_pe[0].u_pe/_7669_/X (sky130_fd_sc_hd__o21a_1)
   0.20   24.28 v gen_col[4].u_pe_col/gen_pe[0].u_pe/_7672_/X (sky130_fd_sc_hd__o21a_1)
   0.19   24.46 v gen_col[4].u_pe_col/gen_pe[0].u_pe/_7674_/X (sky130_fd_sc_hd__o21a_1)
   0.19   24.65 v gen_col[4].u_pe_col/gen_pe[0].u_pe/_7676_/X (sky130_fd_sc_hd__o21a_1)
   0.18   24.83 v gen_col[4].u_pe_col/gen_pe[0].u_pe/_7677_/X (sky130_fd_sc_hd__o21a_1)
   0.20   25.03 ^ gen_col[4].u_pe_col/gen_pe[0].u_pe/_7679_/Y (sky130_fd_sc_hd__o21ai_0)
   0.40   25.42 v gen_col[4].u_pe_col/gen_pe[0].u_pe/_7681_/X (sky130_fd_sc_hd__or3b_1)
   0.25   25.67 ^ gen_col[4].u_pe_col/gen_pe[0].u_pe/_7683_/Y (sky130_fd_sc_hd__a31oi_1)
   0.25   25.92 ^ gen_col[4].u_pe_col/gen_pe[0].u_pe/_7684_/X (sky130_fd_sc_hd__maj3_1)
   0.21   26.13 ^ gen_col[4].u_pe_col/gen_pe[0].u_pe/_7686_/X (sky130_fd_sc_hd__maj3_1)
   0.21   26.34 ^ gen_col[4].u_pe_col/gen_pe[0].u_pe/_7688_/X (sky130_fd_sc_hd__maj3_1)
   0.21   26.54 ^ gen_col[4].u_pe_col/gen_pe[0].u_pe/_7690_/X (sky130_fd_sc_hd__maj3_1)
   0.21   26.76 ^ gen_col[4].u_pe_col/gen_pe[0].u_pe/_7692_/X (sky130_fd_sc_hd__maj3_1)
   0.18   26.94 ^ gen_col[4].u_pe_col/gen_pe[0].u_pe/_7696_/X (sky130_fd_sc_hd__o211a_1)
   0.11   27.05 ^ gen_col[4].u_pe_col/gen_pe[0].u_pe/_7699_/X (sky130_fd_sc_hd__or3_1)
   0.13   27.18 ^ gen_col[4].u_pe_col/gen_pe[0].u_pe/_7703_/X (sky130_fd_sc_hd__a21o_1)
   0.12   27.29 v gen_col[4].u_pe_col/gen_pe[0].u_pe/_7705_/Y (sky130_fd_sc_hd__a21boi_0)
   0.20   27.50 ^ gen_col[4].u_pe_col/gen_pe[0].u_pe/_7709_/Y (sky130_fd_sc_hd__o21bai_1)
   0.17   27.67 ^ gen_col[4].u_pe_col/gen_pe[0].u_pe/_7712_/X (sky130_fd_sc_hd__a21o_1)
   0.14   27.81 ^ gen_col[4].u_pe_col/gen_pe[0].u_pe/_7713_/X (sky130_fd_sc_hd__a21o_1)
   0.14   27.95 ^ gen_col[4].u_pe_col/gen_pe[0].u_pe/_7716_/X (sky130_fd_sc_hd__a21o_1)
   0.14   28.09 ^ gen_col[4].u_pe_col/gen_pe[0].u_pe/_7717_/X (sky130_fd_sc_hd__a21o_1)
   0.15   28.24 ^ gen_col[4].u_pe_col/gen_pe[0].u_pe/_7720_/X (sky130_fd_sc_hd__a21o_1)
   0.14   28.38 ^ gen_col[4].u_pe_col/gen_pe[0].u_pe/_7724_/X (sky130_fd_sc_hd__a21o_1)
   0.10   28.48 v gen_col[4].u_pe_col/gen_pe[0].u_pe/_7725_/Y (sky130_fd_sc_hd__a21oi_1)
   0.42   28.90 ^ gen_col[4].u_pe_col/gen_pe[0].u_pe/_7732_/Y (sky130_fd_sc_hd__o311ai_0)
   0.21   29.11 v gen_col[4].u_pe_col/gen_pe[0].u_pe/_7736_/Y (sky130_fd_sc_hd__a21boi_0)
   0.23   29.34 v gen_col[4].u_pe_col/gen_pe[0].u_pe/_7737_/X (sky130_fd_sc_hd__o21a_1)
   0.33   29.67 v gen_col[4].u_pe_col/gen_pe[0].u_pe/_7739_/X (sky130_fd_sc_hd__o311a_1)
   0.32   29.99 v gen_col[4].u_pe_col/gen_pe[0].u_pe/_7742_/X (sky130_fd_sc_hd__o311a_1)
   0.19   30.19 v gen_col[4].u_pe_col/gen_pe[0].u_pe/_7744_/X (sky130_fd_sc_hd__o21a_1)
   0.19   30.37 v gen_col[4].u_pe_col/gen_pe[0].u_pe/_7746_/X (sky130_fd_sc_hd__o21a_1)
   0.19   30.56 v gen_col[4].u_pe_col/gen_pe[0].u_pe/_7748_/X (sky130_fd_sc_hd__o21a_1)
   0.19   30.75 v gen_col[4].u_pe_col/gen_pe[0].u_pe/_7750_/X (sky130_fd_sc_hd__o21a_1)
   0.19   30.93 v gen_col[4].u_pe_col/gen_pe[0].u_pe/_7752_/X (sky130_fd_sc_hd__o21a_1)
   0.19   31.12 v gen_col[4].u_pe_col/gen_pe[0].u_pe/_7754_/X (sky130_fd_sc_hd__o21a_1)
   0.19   31.31 v gen_col[4].u_pe_col/gen_pe[0].u_pe/_7755_/X (sky130_fd_sc_hd__o21a_1)
   0.19   31.49 v gen_col[4].u_pe_col/gen_pe[0].u_pe/_7757_/X (sky130_fd_sc_hd__o21a_1)
   0.19   31.68 v gen_col[4].u_pe_col/gen_pe[0].u_pe/_7759_/X (sky130_fd_sc_hd__o21a_1)
   0.19   31.87 v gen_col[4].u_pe_col/gen_pe[0].u_pe/_7761_/X (sky130_fd_sc_hd__o21a_1)
   0.19   32.06 v gen_col[4].u_pe_col/gen_pe[0].u_pe/_7763_/X (sky130_fd_sc_hd__o21a_1)
   0.19   32.24 v gen_col[4].u_pe_col/gen_pe[0].u_pe/_7765_/X (sky130_fd_sc_hd__o21a_1)
   0.19   32.43 v gen_col[4].u_pe_col/gen_pe[0].u_pe/_7767_/X (sky130_fd_sc_hd__o21a_1)
   0.20   32.63 v gen_col[4].u_pe_col/gen_pe[0].u_pe/_7768_/X (sky130_fd_sc_hd__o21a_1)
   0.31   32.94 v gen_col[4].u_pe_col/gen_pe[0].u_pe/_7771_/X (sky130_fd_sc_hd__o311a_1)
   0.24   33.18 ^ gen_col[4].u_pe_col/gen_pe[0].u_pe/_7773_/Y (sky130_fd_sc_hd__o21ai_0)
   0.14   33.32 v gen_col[4].u_pe_col/gen_pe[0].u_pe/_7775_/Y (sky130_fd_sc_hd__a21oi_1)
   0.20   33.52 v gen_col[4].u_pe_col/gen_pe[0].u_pe/_7776_/X (sky130_fd_sc_hd__o21a_1)
   0.19   33.71 v gen_col[4].u_pe_col/gen_pe[0].u_pe/_7778_/X (sky130_fd_sc_hd__o21a_1)
   0.19   33.89 v gen_col[4].u_pe_col/gen_pe[0].u_pe/_7780_/X (sky130_fd_sc_hd__o21a_1)
   0.19   34.08 v gen_col[4].u_pe_col/gen_pe[0].u_pe/_7782_/X (sky130_fd_sc_hd__o21a_1)
   0.18   34.26 v gen_col[4].u_pe_col/gen_pe[0].u_pe/_7783_/X (sky130_fd_sc_hd__o21a_1)
   0.22   34.48 ^ gen_col[4].u_pe_col/gen_pe[0].u_pe/_7785_/Y (sky130_fd_sc_hd__o21ai_0)
   0.17   34.65 v gen_col[4].u_pe_col/gen_pe[0].u_pe/_7788_/Y (sky130_fd_sc_hd__a21boi_0)
   0.21   34.86 v gen_col[4].u_pe_col/gen_pe[0].u_pe/_7790_/X (sky130_fd_sc_hd__o21a_1)
   0.19   35.06 v gen_col[4].u_pe_col/gen_pe[0].u_pe/_7792_/X (sky130_fd_sc_hd__o21a_1)
   0.19   35.24 ^ gen_col[4].u_pe_col/gen_pe[0].u_pe/_7823_/Y (sky130_fd_sc_hd__o211ai_1)
   0.11   35.36 v gen_col[4].u_pe_col/gen_pe[0].u_pe/_7839_/Y (sky130_fd_sc_hd__a21oi_1)
   0.17   35.53 v gen_col[4].u_pe_col/gen_pe[0].u_pe/_8150_/X (sky130_fd_sc_hd__o21a_1)
   0.20   35.73 ^ gen_col[4].u_pe_col/gen_pe[0].u_pe/_8152_/Y (sky130_fd_sc_hd__o31ai_1)
   0.00   35.73 ^ gen_col[4].u_pe_col/gen_pe[0].u_pe/_8305_/D (sky130_fd_sc_hd__dfrtp_1)
          35.73   data arrival time

  20.00   20.00   clock clk (rise edge)
   0.00   20.00   clock network delay (ideal)
   0.00   20.00   clock reconvergence pessimism
          20.00 ^ gen_col[4].u_pe_col/gen_pe[0].u_pe/_8305_/CLK (sky130_fd_sc_hd__dfrtp_1)
  -0.12   19.88   library setup time
          19.88   data required time
---------------------------------------------------------
          19.88   data required time
         -35.73   data arrival time
---------------------------------------------------------
         -15.85   slack (VIOLATED)


Startpoint: gen_col[4].u_pe_col/gen_pe[0].u_pe/_8170_
            (rising edge-triggered flip-flop clocked by clk)
Endpoint: gen_col[5].u_pe_col/gen_pe[0].u_pe/_8305_
          (rising edge-triggered flip-flop clocked by clk)
Path Group: clk
Path Type: max

  Delay    Time   Description
---------------------------------------------------------
   0.00    0.00   clock clk (rise edge)
   0.00    0.00   clock network delay (ideal)
   0.00    0.00 ^ gen_col[4].u_pe_col/gen_pe[0].u_pe/_8170_/CLK (sky130_fd_sc_hd__dfrtp_1)
   0.45    0.45 v gen_col[4].u_pe_col/gen_pe[0].u_pe/_8170_/Q (sky130_fd_sc_hd__dfrtp_1)
   1.09    1.55 v gen_col[5].u_pe_col/gen_pe[0].u_pe/_5665_/X (sky130_fd_sc_hd__and3_1)
  10.88   12.43 ^ gen_col[5].u_pe_col/gen_pe[0].u_pe/_5667_/Y (sky130_fd_sc_hd__nor2_1)
   0.73   13.15 v gen_col[5].u_pe_col/gen_pe[0].u_pe/_7336_/Y (sky130_fd_sc_hd__xnor2_1)
   0.73   13.88 ^ gen_col[5].u_pe_col/gen_pe[0].u_pe/_7338_/X (sky130_fd_sc_hd__xor2_1)
   0.12   14.01 v gen_col[5].u_pe_col/gen_pe[0].u_pe/_7339_/X (sky130_fd_sc_hd__xor2_1)
   0.39   14.40 v gen_col[5].u_pe_col/gen_pe[0].u_pe/_7341_/X (sky130_fd_sc_hd__maj3_1)
   0.21   14.61 ^ gen_col[5].u_pe_col/gen_pe[0].u_pe/_7345_/Y (sky130_fd_sc_hd__xnor2_1)
   0.21   14.81 ^ gen_col[5].u_pe_col/gen_pe[0].u_pe/_7377_/X (sky130_fd_sc_hd__xor2_1)
   0.09   14.91 v gen_col[5].u_pe_col/gen_pe[0].u_pe/_7408_/Y (sky130_fd_sc_hd__xnor2_1)
   0.16   15.07 v gen_col[5].u_pe_col/gen_pe[0].u_pe/_7409_/X (sky130_fd_sc_hd__and2_0)
   0.26   15.32 ^ gen_col[5].u_pe_col/gen_pe[0].u_pe/_7498_/Y (sky130_fd_sc_hd__a211oi_1)
   0.13   15.45 v gen_col[5].u_pe_col/gen_pe[0].u_pe/_7500_/Y (sky130_fd_sc_hd__o31ai_1)
   0.20   15.64 ^ gen_col[5].u_pe_col/gen_pe[0].u_pe/_7503_/Y (sky130_fd_sc_hd__a21oi_1)
   0.13   15.77 v gen_col[5].u_pe_col/gen_pe[0].u_pe/_7505_/Y (sky130_fd_sc_hd__o21bai_1)
   0.19   15.96 ^ gen_col[5].u_pe_col/gen_pe[0].u_pe/_7507_/Y (sky130_fd_sc_hd__a21oi_1)
   0.13   16.09 v gen_col[5].u_pe_col/gen_pe[0].u_pe/_7509_/Y (sky130_fd_sc_hd__o21bai_1)
   0.19   16.28 ^ gen_col[5].u_pe_col/gen_pe[0].u_pe/_7512_/Y (sky130_fd_sc_hd__a21oi_1)
   0.13   16.41 v gen_col[5].u_pe_col/gen_pe[0].u_pe/_7514_/Y (sky130_fd_sc_hd__o21bai_1)
   0.40   16.82 v gen_col[5].u_pe_col/gen_pe[0].u_pe/_7516_/X (sky130_fd_sc_hd__maj3_1)
   0.20   17.01 ^ gen_col[5].u_pe_col/gen_pe[0].u_pe/_7530_/Y (sky130_fd_sc_hd__a31oi_1)
   0.16   17.17 v gen_col[5].u_pe_col/gen_pe[0].u_pe/_7533_/Y (sky130_fd_sc_hd__o21ai_0)
   0.19   17.36 v gen_col[5].u_pe_col/gen_pe[0].u_pe/_7536_/X (sky130_fd_sc_hd__a21o_1)
   0.17   17.53 v gen_col[5].u_pe_col/gen_pe[0].u_pe/_7539_/X (sky130_fd_sc_hd__a21o_1)
   0.19   17.73 v gen_col[5].u_pe_col/gen_pe[0].u_pe/_7540_/X (sky130_fd_sc_hd__a21o_1)
   0.17   17.90 v gen_col[5].u_pe_col/gen_pe[0].u_pe/_7542_/X (sky130_fd_sc_hd__a21o_1)
   0.17   18.06 v gen_col[5].u_pe_col/gen_pe[0].u_pe/_7544_/X (sky130_fd_sc_hd__a21o_1)
   0.19   18.25 v gen_col[5].u_pe_col/gen_pe[0].u_pe/_7558_/X (sky130_fd_sc_hd__a31o_1)
   0.19   18.45 ^ gen_col[5].u_pe_col/gen_pe[0].u_pe/_7561_/Y (sky130_fd_sc_hd__a21oi_1)
   0.25   18.69 ^ gen_col[5].u_pe_col/gen_pe[0].u_pe/_7562_/X (sky130_fd_sc_hd__maj3_1)
   0.21   18.90 ^ gen_col[5].u_pe_col/gen_pe[0].u_pe/_7565_/X (sky130_fd_sc_hd__maj3_1)
   0.23   19.13 ^ gen_col[5].u_pe_col/gen_pe[0].u_pe/_7568_/Y (sky130_fd_sc_hd__a2bb2oi_1)
   0.24   19.37 ^ gen_col[5].u_pe_col/gen_pe[0].u_pe/_7569_/X (sky130_fd_sc_hd__maj3_1)
   0.19   19.57 ^ gen_col[5].u_pe_col/gen_pe[0].u_pe/_7572_/X (sky130_fd_sc_hd__maj3_1)
   0.10   19.67 v gen_col[5].u_pe_col/gen_pe[0].u_pe/_7589_/Y (sky130_fd_sc_hd__o31ai_1)
   0.07   19.74 ^ gen_col[5].u_pe_col/gen_pe[0].u_pe/_7591_/Y (sky130_fd_sc_hd__nand2_1)
   0.10   19.84 v gen_col[5].u_pe_col/gen_pe[0].u_pe/_7593_/Y (sky130_fd_sc_hd__a21oi_1)
   0.22   20.06 v gen_col[5].u_pe_col/gen_pe[0].u_pe/_7604_/X (sky130_fd_sc_hd__o211a_1)
   0.19   20.25 v gen_col[5].u_pe_col/gen_pe[0].u_pe/_7609_/X (sky130_fd_sc_hd__o21ba_1)
   0.19   20.44 v gen_col[5].u_pe_col/gen_pe[0].u_pe/_7610_/X (sky130_fd_sc_hd__o21a_1)
   0.19   20.63 ^ gen_col[5].u_pe_col/gen_pe[0].u_pe/_7624_/Y (sky130_fd_sc_hd__o211ai_1)
   0.12   20.75 v gen_col[5].u_pe_col/gen_pe[0].u_pe/_7628_/Y (sky130_fd_sc_hd__a21oi_1)
   0.20   20.94 v gen_col[5].u_pe_col/gen_pe[0].u_pe/_7629_/X (sky130_fd_sc_hd__o21a_1)
   0.19   21.14 v gen_col[5].u_pe_col/gen_pe[0].u_pe/_7631_/X (sky130_fd_sc_hd__o21a_1)
   0.21   21.34 ^ gen_col[5].u_pe_col/gen_pe[0].u_pe/_7632_/Y (sky130_fd_sc_hd__o21ai_0)
   0.16   21.50 v gen_col[5].u_pe_col/gen_pe[0].u_pe/_7637_/Y (sky130_fd_sc_hd__a21boi_0)
   0.22   21.72 v gen_col[5].u_pe_col/gen_pe[0].u_pe/_7638_/X (sky130_fd_sc_hd__o21a_1)
   0.19   21.91 v gen_col[5].u_pe_col/gen_pe[0].u_pe/_7640_/X (sky130_fd_sc_hd__o21a_1)
   0.18   22.09 v gen_col[5].u_pe_col/gen_pe[0].u_pe/_7642_/X (sky130_fd_sc_hd__o21a_1)
   0.20   22.28 ^ gen_col[5].u_pe_col/gen_pe[0].u_pe/_7644_/Y (sky130_fd_sc_hd__o21ai_0)
   0.39   22.68 v gen_col[5].u_pe_col/gen_pe[0].u_pe/_7646_/X (sky130_fd_sc_hd__or3b_1)
   0.32   23.00 ^ gen_col[5].u_pe_col/gen_pe[0].u_pe/_7651_/Y (sky130_fd_sc_hd__a311oi_1)
   0.14   23.14 v gen_col[5].u_pe_col/gen_pe[0].u_pe/_7654_/Y (sky130_fd_sc_hd__o41ai_1)
   0.22   23.35 ^ gen_col[5].u_pe_col/gen_pe[0].u_pe/_7656_/Y (sky130_fd_sc_hd__o21ai_0)
   0.18   23.54 v gen_col[5].u_pe_col/gen_pe[0].u_pe/_7660_/Y (sky130_fd_sc_hd__a21boi_0)
   0.21   23.74 ^ gen_col[5].u_pe_col/gen_pe[0].u_pe/_7666_/Y (sky130_fd_sc_hd__o211ai_1)
   0.13   23.87 v gen_col[5].u_pe_col/gen_pe[0].u_pe/_7668_/Y (sky130_fd_sc_hd__a21oi_1)
   0.20   24.07 v gen_col[5].u_pe_col/gen_pe[0].u_pe/_7669_/X (sky130_fd_sc_hd__o21a_1)
   0.20   24.28 v gen_col[5].u_pe_col/gen_pe[0].u_pe/_7672_/X (sky130_fd_sc_hd__o21a_1)
   0.19   24.46 v gen_col[5].u_pe_col/gen_pe[0].u_pe/_7674_/X (sky130_fd_sc_hd__o21a_1)
   0.19   24.65 v gen_col[5].u_pe_col/gen_pe[0].u_pe/_7676_/X (sky130_fd_sc_hd__o21a_1)
   0.18   24.83 v gen_col[5].u_pe_col/gen_pe[0].u_pe/_7677_/X (sky130_fd_sc_hd__o21a_1)
   0.20   25.03 ^ gen_col[5].u_pe_col/gen_pe[0].u_pe/_7679_/Y (sky130_fd_sc_hd__o21ai_0)
   0.40   25.42 v gen_col[5].u_pe_col/gen_pe[0].u_pe/_7681_/X (sky130_fd_sc_hd__or3b_1)
   0.25   25.67 ^ gen_col[5].u_pe_col/gen_pe[0].u_pe/_7683_/Y (sky130_fd_sc_hd__a31oi_1)
   0.25   25.92 ^ gen_col[5].u_pe_col/gen_pe[0].u_pe/_7684_/X (sky130_fd_sc_hd__maj3_1)
   0.21   26.13 ^ gen_col[5].u_pe_col/gen_pe[0].u_pe/_7686_/X (sky130_fd_sc_hd__maj3_1)
   0.21   26.34 ^ gen_col[5].u_pe_col/gen_pe[0].u_pe/_7688_/X (sky130_fd_sc_hd__maj3_1)
   0.21   26.54 ^ gen_col[5].u_pe_col/gen_pe[0].u_pe/_7690_/X (sky130_fd_sc_hd__maj3_1)
   0.21   26.76 ^ gen_col[5].u_pe_col/gen_pe[0].u_pe/_7692_/X (sky130_fd_sc_hd__maj3_1)
   0.18   26.94 ^ gen_col[5].u_pe_col/gen_pe[0].u_pe/_7696_/X (sky130_fd_sc_hd__o211a_1)
   0.11   27.05 ^ gen_col[5].u_pe_col/gen_pe[0].u_pe/_7699_/X (sky130_fd_sc_hd__or3_1)
   0.13   27.18 ^ gen_col[5].u_pe_col/gen_pe[0].u_pe/_7703_/X (sky130_fd_sc_hd__a21o_1)
   0.12   27.29 v gen_col[5].u_pe_col/gen_pe[0].u_pe/_7705_/Y (sky130_fd_sc_hd__a21boi_0)
   0.20   27.50 ^ gen_col[5].u_pe_col/gen_pe[0].u_pe/_7709_/Y (sky130_fd_sc_hd__o21bai_1)
   0.17   27.67 ^ gen_col[5].u_pe_col/gen_pe[0].u_pe/_7712_/X (sky130_fd_sc_hd__a21o_1)
   0.14   27.81 ^ gen_col[5].u_pe_col/gen_pe[0].u_pe/_7713_/X (sky130_fd_sc_hd__a21o_1)
   0.14   27.95 ^ gen_col[5].u_pe_col/gen_pe[0].u_pe/_7716_/X (sky130_fd_sc_hd__a21o_1)
   0.14   28.09 ^ gen_col[5].u_pe_col/gen_pe[0].u_pe/_7717_/X (sky130_fd_sc_hd__a21o_1)
   0.15   28.24 ^ gen_col[5].u_pe_col/gen_pe[0].u_pe/_7720_/X (sky130_fd_sc_hd__a21o_1)
   0.14   28.38 ^ gen_col[5].u_pe_col/gen_pe[0].u_pe/_7724_/X (sky130_fd_sc_hd__a21o_1)
   0.10   28.48 v gen_col[5].u_pe_col/gen_pe[0].u_pe/_7725_/Y (sky130_fd_sc_hd__a21oi_1)
   0.42   28.90 ^ gen_col[5].u_pe_col/gen_pe[0].u_pe/_7732_/Y (sky130_fd_sc_hd__o311ai_0)
   0.21   29.11 v gen_col[5].u_pe_col/gen_pe[0].u_pe/_7736_/Y (sky130_fd_sc_hd__a21boi_0)
   0.23   29.34 v gen_col[5].u_pe_col/gen_pe[0].u_pe/_7737_/X (sky130_fd_sc_hd__o21a_1)
   0.33   29.67 v gen_col[5].u_pe_col/gen_pe[0].u_pe/_7739_/X (sky130_fd_sc_hd__o311a_1)
   0.32   29.99 v gen_col[5].u_pe_col/gen_pe[0].u_pe/_7742_/X (sky130_fd_sc_hd__o311a_1)
   0.19   30.19 v gen_col[5].u_pe_col/gen_pe[0].u_pe/_7744_/X (sky130_fd_sc_hd__o21a_1)
   0.19   30.37 v gen_col[5].u_pe_col/gen_pe[0].u_pe/_7746_/X (sky130_fd_sc_hd__o21a_1)
   0.19   30.56 v gen_col[5].u_pe_col/gen_pe[0].u_pe/_7748_/X (sky130_fd_sc_hd__o21a_1)
   0.19   30.75 v gen_col[5].u_pe_col/gen_pe[0].u_pe/_7750_/X (sky130_fd_sc_hd__o21a_1)
   0.19   30.93 v gen_col[5].u_pe_col/gen_pe[0].u_pe/_7752_/X (sky130_fd_sc_hd__o21a_1)
   0.19   31.12 v gen_col[5].u_pe_col/gen_pe[0].u_pe/_7754_/X (sky130_fd_sc_hd__o21a_1)
   0.19   31.31 v gen_col[5].u_pe_col/gen_pe[0].u_pe/_7755_/X (sky130_fd_sc_hd__o21a_1)
   0.19   31.49 v gen_col[5].u_pe_col/gen_pe[0].u_pe/_7757_/X (sky130_fd_sc_hd__o21a_1)
   0.19   31.68 v gen_col[5].u_pe_col/gen_pe[0].u_pe/_7759_/X (sky130_fd_sc_hd__o21a_1)
   0.19   31.87 v gen_col[5].u_pe_col/gen_pe[0].u_pe/_7761_/X (sky130_fd_sc_hd__o21a_1)
   0.19   32.06 v gen_col[5].u_pe_col/gen_pe[0].u_pe/_7763_/X (sky130_fd_sc_hd__o21a_1)
   0.19   32.24 v gen_col[5].u_pe_col/gen_pe[0].u_pe/_7765_/X (sky130_fd_sc_hd__o21a_1)
   0.19   32.43 v gen_col[5].u_pe_col/gen_pe[0].u_pe/_7767_/X (sky130_fd_sc_hd__o21a_1)
   0.20   32.63 v gen_col[5].u_pe_col/gen_pe[0].u_pe/_7768_/X (sky130_fd_sc_hd__o21a_1)
   0.31   32.94 v gen_col[5].u_pe_col/gen_pe[0].u_pe/_7771_/X (sky130_fd_sc_hd__o311a_1)
   0.24   33.18 ^ gen_col[5].u_pe_col/gen_pe[0].u_pe/_7773_/Y (sky130_fd_sc_hd__o21ai_0)
   0.14   33.32 v gen_col[5].u_pe_col/gen_pe[0].u_pe/_7775_/Y (sky130_fd_sc_hd__a21oi_1)
   0.20   33.52 v gen_col[5].u_pe_col/gen_pe[0].u_pe/_7776_/X (sky130_fd_sc_hd__o21a_1)
   0.19   33.71 v gen_col[5].u_pe_col/gen_pe[0].u_pe/_7778_/X (sky130_fd_sc_hd__o21a_1)
   0.19   33.89 v gen_col[5].u_pe_col/gen_pe[0].u_pe/_7780_/X (sky130_fd_sc_hd__o21a_1)
   0.19   34.08 v gen_col[5].u_pe_col/gen_pe[0].u_pe/_7782_/X (sky130_fd_sc_hd__o21a_1)
   0.18   34.26 v gen_col[5].u_pe_col/gen_pe[0].u_pe/_7783_/X (sky130_fd_sc_hd__o21a_1)
   0.22   34.48 ^ gen_col[5].u_pe_col/gen_pe[0].u_pe/_7785_/Y (sky130_fd_sc_hd__o21ai_0)
   0.17   34.65 v gen_col[5].u_pe_col/gen_pe[0].u_pe/_7788_/Y (sky130_fd_sc_hd__a21boi_0)
   0.21   34.86 v gen_col[5].u_pe_col/gen_pe[0].u_pe/_7790_/X (sky130_fd_sc_hd__o21a_1)
   0.19   35.06 v gen_col[5].u_pe_col/gen_pe[0].u_pe/_7792_/X (sky130_fd_sc_hd__o21a_1)
   0.19   35.24 ^ gen_col[5].u_pe_col/gen_pe[0].u_pe/_7823_/Y (sky130_fd_sc_hd__o211ai_1)
   0.11   35.36 v gen_col[5].u_pe_col/gen_pe[0].u_pe/_7839_/Y (sky130_fd_sc_hd__a21oi_1)
   0.17   35.53 v gen_col[5].u_pe_col/gen_pe[0].u_pe/_8150_/X (sky130_fd_sc_hd__o21a_1)
   0.20   35.73 ^ gen_col[5].u_pe_col/gen_pe[0].u_pe/_8152_/Y (sky130_fd_sc_hd__o31ai_1)
   0.00   35.73 ^ gen_col[5].u_pe_col/gen_pe[0].u_pe/_8305_/D (sky130_fd_sc_hd__dfrtp_1)
          35.73   data arrival time

  20.00   20.00   clock clk (rise edge)
   0.00   20.00   clock network delay (ideal)
   0.00   20.00   clock reconvergence pessimism
          20.00 ^ gen_col[5].u_pe_col/gen_pe[0].u_pe/_8305_/CLK (sky130_fd_sc_hd__dfrtp_1)
  -0.12   19.88   library setup time
          19.88   data required time
---------------------------------------------------------
          19.88   data required time
         -35.73   data arrival time
---------------------------------------------------------
         -15.85   slack (VIOLATED)


Timing Analysis Completed.
