OpenSTA 3.1.0  Copyright (c) 2026, Parallax Software, Inc.
License GPLv3: GNU GPL version 3 <http://gnu.org/licenses/gpl.html>

This is free software, and you are free to change and redistribute it
under certain conditions; type `show_copying' for details. 
This program comes with ABSOLUTELY NO WARRANTY; for details type `show_warranty'.
Warning 503: timing.tcl line 1, report_checks -group_count is deprecated. Use -group_path_count instead.
Startpoint: gen_col[0].u_pe_col/gen_pe[0].u_pe/_8869_
            (rising edge-triggered flip-flop clocked by clk)
Endpoint: gen_col[0].u_pe_col/gen_pe[0].u_pe/_8963_
          (rising edge-triggered flip-flop clocked by clk)
Path Group: clk
Path Type: max

  Delay    Time   Description
---------------------------------------------------------
   0.00    0.00   clock clk (rise edge)
   0.00    0.00   clock network delay (ideal)
   0.00    0.00 ^ gen_col[0].u_pe_col/gen_pe[0].u_pe/_8869_/CLK (sky130_fd_sc_hd__dfrtp_1)
   0.91    0.91 ^ gen_col[0].u_pe_col/gen_pe[0].u_pe/_8869_/Q (sky130_fd_sc_hd__dfrtp_1)
   0.19    1.09 v gen_col[0].u_pe_col/gen_pe[0].u_pe/_8237_/Y (sky130_fd_sc_hd__nand2_1)
   0.41    1.50 v gen_col[0].u_pe_col/gen_pe[0].u_pe/_8239_/X (sky130_fd_sc_hd__maj3_1)
   0.22    1.72 ^ gen_col[0].u_pe_col/gen_pe[0].u_pe/_8241_/X (sky130_fd_sc_hd__xor2_1)
   0.49    2.21 v gen_col[0].u_pe_col/gen_pe[0].u_pe/_8279_/X (sky130_fd_sc_hd__xor3_1)
   0.38    2.58 v gen_col[0].u_pe_col/gen_pe[0].u_pe/_8308_/X (sky130_fd_sc_hd__xnor3_1)
   0.47    3.05 ^ gen_col[0].u_pe_col/gen_pe[0].u_pe/_8311_/Y (sky130_fd_sc_hd__nor4_1)
   0.12    3.17 v gen_col[0].u_pe_col/gen_pe[0].u_pe/_8313_/Y (sky130_fd_sc_hd__nor2_1)
   0.27    3.44 ^ gen_col[0].u_pe_col/gen_pe[0].u_pe/_8325_/Y (sky130_fd_sc_hd__xnor2_1)
   0.23    3.67 ^ gen_col[0].u_pe_col/gen_pe[0].u_pe/_8345_/X (sky130_fd_sc_hd__xor2_1)
   0.21    3.88 ^ gen_col[0].u_pe_col/gen_pe[0].u_pe/_8384_/X (sky130_fd_sc_hd__maj3_1)
   0.16    4.04 ^ gen_col[0].u_pe_col/gen_pe[0].u_pe/_8386_/X (sky130_fd_sc_hd__lpflow_isobufsrc_1)
   0.14    4.19 ^ gen_col[0].u_pe_col/gen_pe[0].u_pe/_8388_/X (sky130_fd_sc_hd__o21a_1)
   0.11    4.30 v gen_col[0].u_pe_col/gen_pe[0].u_pe/_8390_/Y (sky130_fd_sc_hd__o21ai_0)
   0.22    4.51 v gen_col[0].u_pe_col/gen_pe[0].u_pe/_8392_/X (sky130_fd_sc_hd__a21o_1)
   0.19    4.71 v gen_col[0].u_pe_col/gen_pe[0].u_pe/_8394_/X (sky130_fd_sc_hd__a21o_1)
   0.19    4.90 v gen_col[0].u_pe_col/gen_pe[0].u_pe/_8396_/X (sky130_fd_sc_hd__a21o_1)
   0.19    5.09 v gen_col[0].u_pe_col/gen_pe[0].u_pe/_8398_/X (sky130_fd_sc_hd__a21o_1)
   0.19    5.28 v gen_col[0].u_pe_col/gen_pe[0].u_pe/_8400_/X (sky130_fd_sc_hd__a21o_1)
   0.25    5.54 ^ gen_col[0].u_pe_col/gen_pe[0].u_pe/_8403_/Y (sky130_fd_sc_hd__a21boi_0)
   0.15    5.69 v gen_col[0].u_pe_col/gen_pe[0].u_pe/_8405_/Y (sky130_fd_sc_hd__o21ai_0)
   0.23    5.92 ^ gen_col[0].u_pe_col/gen_pe[0].u_pe/_8407_/Y (sky130_fd_sc_hd__a21oi_1)
   0.11    6.03 v gen_col[0].u_pe_col/gen_pe[0].u_pe/_8410_/Y (sky130_fd_sc_hd__o21bai_1)
   0.21    6.23 ^ gen_col[0].u_pe_col/gen_pe[0].u_pe/_8412_/Y (sky130_fd_sc_hd__a21oi_1)
   0.13    6.37 v gen_col[0].u_pe_col/gen_pe[0].u_pe/_8414_/Y (sky130_fd_sc_hd__o21ai_0)
   0.23    6.60 ^ gen_col[0].u_pe_col/gen_pe[0].u_pe/_8416_/Y (sky130_fd_sc_hd__a21oi_1)
   0.11    6.71 v gen_col[0].u_pe_col/gen_pe[0].u_pe/_8420_/Y (sky130_fd_sc_hd__o21bai_1)
   0.28    6.99 ^ gen_col[0].u_pe_col/gen_pe[0].u_pe/_8423_/Y (sky130_fd_sc_hd__a21boi_0)
   0.17    7.16 ^ gen_col[0].u_pe_col/gen_pe[0].u_pe/_8425_/X (sky130_fd_sc_hd__o21a_1)
   0.09    7.25 v gen_col[0].u_pe_col/gen_pe[0].u_pe/_8428_/Y (sky130_fd_sc_hd__o21ai_0)
   0.19    7.43 ^ gen_col[0].u_pe_col/gen_pe[0].u_pe/_8432_/Y (sky130_fd_sc_hd__a21oi_1)
   0.10    7.53 v gen_col[0].u_pe_col/gen_pe[0].u_pe/_8435_/Y (sky130_fd_sc_hd__o21bai_1)
   0.20    7.73 v gen_col[0].u_pe_col/gen_pe[0].u_pe/_8437_/X (sky130_fd_sc_hd__a21o_1)
   0.19    7.93 v gen_col[0].u_pe_col/gen_pe[0].u_pe/_8581_/X (sky130_fd_sc_hd__a21o_1)
   0.20    8.12 v gen_col[0].u_pe_col/gen_pe[0].u_pe/_8833_/X (sky130_fd_sc_hd__a31o_1)
   0.10    8.22 ^ gen_col[0].u_pe_col/gen_pe[0].u_pe/_8834_/Y (sky130_fd_sc_hd__o21bai_1)
   0.00    8.22 ^ gen_col[0].u_pe_col/gen_pe[0].u_pe/_8963_/D (sky130_fd_sc_hd__dfrtp_1)
           8.22   data arrival time

  20.00   20.00   clock clk (rise edge)
   0.00   20.00   clock network delay (ideal)
   0.00   20.00   clock reconvergence pessimism
          20.00 ^ gen_col[0].u_pe_col/gen_pe[0].u_pe/_8963_/CLK (sky130_fd_sc_hd__dfrtp_1)
  -0.08   19.92   library setup time
          19.92   data required time
---------------------------------------------------------
          19.92   data required time
          -8.22   data arrival time
---------------------------------------------------------
          11.70   slack (MET)


Startpoint: gen_col[0].u_pe_col/gen_pe[1].u_pe/_8869_
            (rising edge-triggered flip-flop clocked by clk)
Endpoint: gen_col[0].u_pe_col/gen_pe[1].u_pe/_8963_
          (rising edge-triggered flip-flop clocked by clk)
Path Group: clk
Path Type: max

  Delay    Time   Description
---------------------------------------------------------
   0.00    0.00   clock clk (rise edge)
   0.00    0.00   clock network delay (ideal)
   0.00    0.00 ^ gen_col[0].u_pe_col/gen_pe[1].u_pe/_8869_/CLK (sky130_fd_sc_hd__dfrtp_1)
   0.91    0.91 ^ gen_col[0].u_pe_col/gen_pe[1].u_pe/_8869_/Q (sky130_fd_sc_hd__dfrtp_1)
   0.19    1.09 v gen_col[0].u_pe_col/gen_pe[1].u_pe/_8237_/Y (sky130_fd_sc_hd__nand2_1)
   0.41    1.50 v gen_col[0].u_pe_col/gen_pe[1].u_pe/_8239_/X (sky130_fd_sc_hd__maj3_1)
   0.22    1.72 ^ gen_col[0].u_pe_col/gen_pe[1].u_pe/_8241_/X (sky130_fd_sc_hd__xor2_1)
   0.49    2.21 v gen_col[0].u_pe_col/gen_pe[1].u_pe/_8279_/X (sky130_fd_sc_hd__xor3_1)
   0.38    2.58 v gen_col[0].u_pe_col/gen_pe[1].u_pe/_8308_/X (sky130_fd_sc_hd__xnor3_1)
   0.47    3.05 ^ gen_col[0].u_pe_col/gen_pe[1].u_pe/_8311_/Y (sky130_fd_sc_hd__nor4_1)
   0.12    3.17 v gen_col[0].u_pe_col/gen_pe[1].u_pe/_8313_/Y (sky130_fd_sc_hd__nor2_1)
   0.27    3.44 ^ gen_col[0].u_pe_col/gen_pe[1].u_pe/_8325_/Y (sky130_fd_sc_hd__xnor2_1)
   0.23    3.67 ^ gen_col[0].u_pe_col/gen_pe[1].u_pe/_8345_/X (sky130_fd_sc_hd__xor2_1)
   0.21    3.88 ^ gen_col[0].u_pe_col/gen_pe[1].u_pe/_8384_/X (sky130_fd_sc_hd__maj3_1)
   0.16    4.04 ^ gen_col[0].u_pe_col/gen_pe[1].u_pe/_8386_/X (sky130_fd_sc_hd__lpflow_isobufsrc_1)
   0.14    4.19 ^ gen_col[0].u_pe_col/gen_pe[1].u_pe/_8388_/X (sky130_fd_sc_hd__o21a_1)
   0.11    4.30 v gen_col[0].u_pe_col/gen_pe[1].u_pe/_8390_/Y (sky130_fd_sc_hd__o21ai_0)
   0.22    4.51 v gen_col[0].u_pe_col/gen_pe[1].u_pe/_8392_/X (sky130_fd_sc_hd__a21o_1)
   0.19    4.71 v gen_col[0].u_pe_col/gen_pe[1].u_pe/_8394_/X (sky130_fd_sc_hd__a21o_1)
   0.19    4.90 v gen_col[0].u_pe_col/gen_pe[1].u_pe/_8396_/X (sky130_fd_sc_hd__a21o_1)
   0.19    5.09 v gen_col[0].u_pe_col/gen_pe[1].u_pe/_8398_/X (sky130_fd_sc_hd__a21o_1)
   0.19    5.28 v gen_col[0].u_pe_col/gen_pe[1].u_pe/_8400_/X (sky130_fd_sc_hd__a21o_1)
   0.25    5.54 ^ gen_col[0].u_pe_col/gen_pe[1].u_pe/_8403_/Y (sky130_fd_sc_hd__a21boi_0)
   0.15    5.69 v gen_col[0].u_pe_col/gen_pe[1].u_pe/_8405_/Y (sky130_fd_sc_hd__o21ai_0)
   0.23    5.92 ^ gen_col[0].u_pe_col/gen_pe[1].u_pe/_8407_/Y (sky130_fd_sc_hd__a21oi_1)
   0.11    6.03 v gen_col[0].u_pe_col/gen_pe[1].u_pe/_8410_/Y (sky130_fd_sc_hd__o21bai_1)
   0.21    6.23 ^ gen_col[0].u_pe_col/gen_pe[1].u_pe/_8412_/Y (sky130_fd_sc_hd__a21oi_1)
   0.13    6.37 v gen_col[0].u_pe_col/gen_pe[1].u_pe/_8414_/Y (sky130_fd_sc_hd__o21ai_0)
   0.23    6.60 ^ gen_col[0].u_pe_col/gen_pe[1].u_pe/_8416_/Y (sky130_fd_sc_hd__a21oi_1)
   0.11    6.71 v gen_col[0].u_pe_col/gen_pe[1].u_pe/_8420_/Y (sky130_fd_sc_hd__o21bai_1)
   0.28    6.99 ^ gen_col[0].u_pe_col/gen_pe[1].u_pe/_8423_/Y (sky130_fd_sc_hd__a21boi_0)
   0.17    7.16 ^ gen_col[0].u_pe_col/gen_pe[1].u_pe/_8425_/X (sky130_fd_sc_hd__o21a_1)
   0.09    7.25 v gen_col[0].u_pe_col/gen_pe[1].u_pe/_8428_/Y (sky130_fd_sc_hd__o21ai_0)
   0.19    7.43 ^ gen_col[0].u_pe_col/gen_pe[1].u_pe/_8432_/Y (sky130_fd_sc_hd__a21oi_1)
   0.10    7.53 v gen_col[0].u_pe_col/gen_pe[1].u_pe/_8435_/Y (sky130_fd_sc_hd__o21bai_1)
   0.20    7.73 v gen_col[0].u_pe_col/gen_pe[1].u_pe/_8437_/X (sky130_fd_sc_hd__a21o_1)
   0.19    7.93 v gen_col[0].u_pe_col/gen_pe[1].u_pe/_8581_/X (sky130_fd_sc_hd__a21o_1)
   0.20    8.12 v gen_col[0].u_pe_col/gen_pe[1].u_pe/_8833_/X (sky130_fd_sc_hd__a31o_1)
   0.10    8.22 ^ gen_col[0].u_pe_col/gen_pe[1].u_pe/_8834_/Y (sky130_fd_sc_hd__o21bai_1)
   0.00    8.22 ^ gen_col[0].u_pe_col/gen_pe[1].u_pe/_8963_/D (sky130_fd_sc_hd__dfrtp_1)
           8.22   data arrival time

  20.00   20.00   clock clk (rise edge)
   0.00   20.00   clock network delay (ideal)
   0.00   20.00   clock reconvergence pessimism
          20.00 ^ gen_col[0].u_pe_col/gen_pe[1].u_pe/_8963_/CLK (sky130_fd_sc_hd__dfrtp_1)
  -0.08   19.92   library setup time
          19.92   data required time
---------------------------------------------------------
          19.92   data required time
          -8.22   data arrival time
---------------------------------------------------------
          11.70   slack (MET)


Startpoint: gen_col[0].u_pe_col/gen_pe[2].u_pe/_8869_
            (rising edge-triggered flip-flop clocked by clk)
Endpoint: gen_col[0].u_pe_col/gen_pe[2].u_pe/_8963_
          (rising edge-triggered flip-flop clocked by clk)
Path Group: clk
Path Type: max

  Delay    Time   Description
---------------------------------------------------------
   0.00    0.00   clock clk (rise edge)
   0.00    0.00   clock network delay (ideal)
   0.00    0.00 ^ gen_col[0].u_pe_col/gen_pe[2].u_pe/_8869_/CLK (sky130_fd_sc_hd__dfrtp_1)
   0.91    0.91 ^ gen_col[0].u_pe_col/gen_pe[2].u_pe/_8869_/Q (sky130_fd_sc_hd__dfrtp_1)
   0.19    1.09 v gen_col[0].u_pe_col/gen_pe[2].u_pe/_8237_/Y (sky130_fd_sc_hd__nand2_1)
   0.41    1.50 v gen_col[0].u_pe_col/gen_pe[2].u_pe/_8239_/X (sky130_fd_sc_hd__maj3_1)
   0.22    1.72 ^ gen_col[0].u_pe_col/gen_pe[2].u_pe/_8241_/X (sky130_fd_sc_hd__xor2_1)
   0.49    2.21 v gen_col[0].u_pe_col/gen_pe[2].u_pe/_8279_/X (sky130_fd_sc_hd__xor3_1)
   0.38    2.58 v gen_col[0].u_pe_col/gen_pe[2].u_pe/_8308_/X (sky130_fd_sc_hd__xnor3_1)
   0.47    3.05 ^ gen_col[0].u_pe_col/gen_pe[2].u_pe/_8311_/Y (sky130_fd_sc_hd__nor4_1)
   0.12    3.17 v gen_col[0].u_pe_col/gen_pe[2].u_pe/_8313_/Y (sky130_fd_sc_hd__nor2_1)
   0.27    3.44 ^ gen_col[0].u_pe_col/gen_pe[2].u_pe/_8325_/Y (sky130_fd_sc_hd__xnor2_1)
   0.23    3.67 ^ gen_col[0].u_pe_col/gen_pe[2].u_pe/_8345_/X (sky130_fd_sc_hd__xor2_1)
   0.21    3.88 ^ gen_col[0].u_pe_col/gen_pe[2].u_pe/_8384_/X (sky130_fd_sc_hd__maj3_1)
   0.16    4.04 ^ gen_col[0].u_pe_col/gen_pe[2].u_pe/_8386_/X (sky130_fd_sc_hd__lpflow_isobufsrc_1)
   0.14    4.19 ^ gen_col[0].u_pe_col/gen_pe[2].u_pe/_8388_/X (sky130_fd_sc_hd__o21a_1)
   0.11    4.30 v gen_col[0].u_pe_col/gen_pe[2].u_pe/_8390_/Y (sky130_fd_sc_hd__o21ai_0)
   0.22    4.51 v gen_col[0].u_pe_col/gen_pe[2].u_pe/_8392_/X (sky130_fd_sc_hd__a21o_1)
   0.19    4.71 v gen_col[0].u_pe_col/gen_pe[2].u_pe/_8394_/X (sky130_fd_sc_hd__a21o_1)
   0.19    4.90 v gen_col[0].u_pe_col/gen_pe[2].u_pe/_8396_/X (sky130_fd_sc_hd__a21o_1)
   0.19    5.09 v gen_col[0].u_pe_col/gen_pe[2].u_pe/_8398_/X (sky130_fd_sc_hd__a21o_1)
   0.19    5.28 v gen_col[0].u_pe_col/gen_pe[2].u_pe/_8400_/X (sky130_fd_sc_hd__a21o_1)
   0.25    5.54 ^ gen_col[0].u_pe_col/gen_pe[2].u_pe/_8403_/Y (sky130_fd_sc_hd__a21boi_0)
   0.15    5.69 v gen_col[0].u_pe_col/gen_pe[2].u_pe/_8405_/Y (sky130_fd_sc_hd__o21ai_0)
   0.23    5.92 ^ gen_col[0].u_pe_col/gen_pe[2].u_pe/_8407_/Y (sky130_fd_sc_hd__a21oi_1)
   0.11    6.03 v gen_col[0].u_pe_col/gen_pe[2].u_pe/_8410_/Y (sky130_fd_sc_hd__o21bai_1)
   0.21    6.23 ^ gen_col[0].u_pe_col/gen_pe[2].u_pe/_8412_/Y (sky130_fd_sc_hd__a21oi_1)
   0.13    6.37 v gen_col[0].u_pe_col/gen_pe[2].u_pe/_8414_/Y (sky130_fd_sc_hd__o21ai_0)
   0.23    6.60 ^ gen_col[0].u_pe_col/gen_pe[2].u_pe/_8416_/Y (sky130_fd_sc_hd__a21oi_1)
   0.11    6.71 v gen_col[0].u_pe_col/gen_pe[2].u_pe/_8420_/Y (sky130_fd_sc_hd__o21bai_1)
   0.28    6.99 ^ gen_col[0].u_pe_col/gen_pe[2].u_pe/_8423_/Y (sky130_fd_sc_hd__a21boi_0)
   0.17    7.16 ^ gen_col[0].u_pe_col/gen_pe[2].u_pe/_8425_/X (sky130_fd_sc_hd__o21a_1)
   0.09    7.25 v gen_col[0].u_pe_col/gen_pe[2].u_pe/_8428_/Y (sky130_fd_sc_hd__o21ai_0)
   0.19    7.43 ^ gen_col[0].u_pe_col/gen_pe[2].u_pe/_8432_/Y (sky130_fd_sc_hd__a21oi_1)
   0.10    7.53 v gen_col[0].u_pe_col/gen_pe[2].u_pe/_8435_/Y (sky130_fd_sc_hd__o21bai_1)
   0.20    7.73 v gen_col[0].u_pe_col/gen_pe[2].u_pe/_8437_/X (sky130_fd_sc_hd__a21o_1)
   0.19    7.93 v gen_col[0].u_pe_col/gen_pe[2].u_pe/_8581_/X (sky130_fd_sc_hd__a21o_1)
   0.20    8.12 v gen_col[0].u_pe_col/gen_pe[2].u_pe/_8833_/X (sky130_fd_sc_hd__a31o_1)
   0.10    8.22 ^ gen_col[0].u_pe_col/gen_pe[2].u_pe/_8834_/Y (sky130_fd_sc_hd__o21bai_1)
   0.00    8.22 ^ gen_col[0].u_pe_col/gen_pe[2].u_pe/_8963_/D (sky130_fd_sc_hd__dfrtp_1)
           8.22   data arrival time

  20.00   20.00   clock clk (rise edge)
   0.00   20.00   clock network delay (ideal)
   0.00   20.00   clock reconvergence pessimism
          20.00 ^ gen_col[0].u_pe_col/gen_pe[2].u_pe/_8963_/CLK (sky130_fd_sc_hd__dfrtp_1)
  -0.08   19.92   library setup time
          19.92   data required time
---------------------------------------------------------
          19.92   data required time
          -8.22   data arrival time
---------------------------------------------------------
          11.70   slack (MET)


Startpoint: gen_col[0].u_pe_col/gen_pe[3].u_pe/_8869_
            (rising edge-triggered flip-flop clocked by clk)
Endpoint: gen_col[0].u_pe_col/gen_pe[3].u_pe/_8963_
          (rising edge-triggered flip-flop clocked by clk)
Path Group: clk
Path Type: max

  Delay    Time   Description
---------------------------------------------------------
   0.00    0.00   clock clk (rise edge)
   0.00    0.00   clock network delay (ideal)
   0.00    0.00 ^ gen_col[0].u_pe_col/gen_pe[3].u_pe/_8869_/CLK (sky130_fd_sc_hd__dfrtp_1)
   0.91    0.91 ^ gen_col[0].u_pe_col/gen_pe[3].u_pe/_8869_/Q (sky130_fd_sc_hd__dfrtp_1)
   0.19    1.09 v gen_col[0].u_pe_col/gen_pe[3].u_pe/_8237_/Y (sky130_fd_sc_hd__nand2_1)
   0.41    1.50 v gen_col[0].u_pe_col/gen_pe[3].u_pe/_8239_/X (sky130_fd_sc_hd__maj3_1)
   0.22    1.72 ^ gen_col[0].u_pe_col/gen_pe[3].u_pe/_8241_/X (sky130_fd_sc_hd__xor2_1)
   0.49    2.21 v gen_col[0].u_pe_col/gen_pe[3].u_pe/_8279_/X (sky130_fd_sc_hd__xor3_1)
   0.38    2.58 v gen_col[0].u_pe_col/gen_pe[3].u_pe/_8308_/X (sky130_fd_sc_hd__xnor3_1)
   0.47    3.05 ^ gen_col[0].u_pe_col/gen_pe[3].u_pe/_8311_/Y (sky130_fd_sc_hd__nor4_1)
   0.12    3.17 v gen_col[0].u_pe_col/gen_pe[3].u_pe/_8313_/Y (sky130_fd_sc_hd__nor2_1)
   0.27    3.44 ^ gen_col[0].u_pe_col/gen_pe[3].u_pe/_8325_/Y (sky130_fd_sc_hd__xnor2_1)
   0.23    3.67 ^ gen_col[0].u_pe_col/gen_pe[3].u_pe/_8345_/X (sky130_fd_sc_hd__xor2_1)
   0.21    3.88 ^ gen_col[0].u_pe_col/gen_pe[3].u_pe/_8384_/X (sky130_fd_sc_hd__maj3_1)
   0.16    4.04 ^ gen_col[0].u_pe_col/gen_pe[3].u_pe/_8386_/X (sky130_fd_sc_hd__lpflow_isobufsrc_1)
   0.14    4.19 ^ gen_col[0].u_pe_col/gen_pe[3].u_pe/_8388_/X (sky130_fd_sc_hd__o21a_1)
   0.11    4.30 v gen_col[0].u_pe_col/gen_pe[3].u_pe/_8390_/Y (sky130_fd_sc_hd__o21ai_0)
   0.22    4.51 v gen_col[0].u_pe_col/gen_pe[3].u_pe/_8392_/X (sky130_fd_sc_hd__a21o_1)
   0.19    4.71 v gen_col[0].u_pe_col/gen_pe[3].u_pe/_8394_/X (sky130_fd_sc_hd__a21o_1)
   0.19    4.90 v gen_col[0].u_pe_col/gen_pe[3].u_pe/_8396_/X (sky130_fd_sc_hd__a21o_1)
   0.19    5.09 v gen_col[0].u_pe_col/gen_pe[3].u_pe/_8398_/X (sky130_fd_sc_hd__a21o_1)
   0.19    5.28 v gen_col[0].u_pe_col/gen_pe[3].u_pe/_8400_/X (sky130_fd_sc_hd__a21o_1)
   0.25    5.54 ^ gen_col[0].u_pe_col/gen_pe[3].u_pe/_8403_/Y (sky130_fd_sc_hd__a21boi_0)
   0.15    5.69 v gen_col[0].u_pe_col/gen_pe[3].u_pe/_8405_/Y (sky130_fd_sc_hd__o21ai_0)
   0.23    5.92 ^ gen_col[0].u_pe_col/gen_pe[3].u_pe/_8407_/Y (sky130_fd_sc_hd__a21oi_1)
   0.11    6.03 v gen_col[0].u_pe_col/gen_pe[3].u_pe/_8410_/Y (sky130_fd_sc_hd__o21bai_1)
   0.21    6.23 ^ gen_col[0].u_pe_col/gen_pe[3].u_pe/_8412_/Y (sky130_fd_sc_hd__a21oi_1)
   0.13    6.37 v gen_col[0].u_pe_col/gen_pe[3].u_pe/_8414_/Y (sky130_fd_sc_hd__o21ai_0)
   0.23    6.60 ^ gen_col[0].u_pe_col/gen_pe[3].u_pe/_8416_/Y (sky130_fd_sc_hd__a21oi_1)
   0.11    6.71 v gen_col[0].u_pe_col/gen_pe[3].u_pe/_8420_/Y (sky130_fd_sc_hd__o21bai_1)
   0.28    6.99 ^ gen_col[0].u_pe_col/gen_pe[3].u_pe/_8423_/Y (sky130_fd_sc_hd__a21boi_0)
   0.17    7.16 ^ gen_col[0].u_pe_col/gen_pe[3].u_pe/_8425_/X (sky130_fd_sc_hd__o21a_1)
   0.09    7.25 v gen_col[0].u_pe_col/gen_pe[3].u_pe/_8428_/Y (sky130_fd_sc_hd__o21ai_0)
   0.19    7.43 ^ gen_col[0].u_pe_col/gen_pe[3].u_pe/_8432_/Y (sky130_fd_sc_hd__a21oi_1)
   0.10    7.53 v gen_col[0].u_pe_col/gen_pe[3].u_pe/_8435_/Y (sky130_fd_sc_hd__o21bai_1)
   0.20    7.73 v gen_col[0].u_pe_col/gen_pe[3].u_pe/_8437_/X (sky130_fd_sc_hd__a21o_1)
   0.19    7.93 v gen_col[0].u_pe_col/gen_pe[3].u_pe/_8581_/X (sky130_fd_sc_hd__a21o_1)
   0.20    8.12 v gen_col[0].u_pe_col/gen_pe[3].u_pe/_8833_/X (sky130_fd_sc_hd__a31o_1)
   0.10    8.22 ^ gen_col[0].u_pe_col/gen_pe[3].u_pe/_8834_/Y (sky130_fd_sc_hd__o21bai_1)
   0.00    8.22 ^ gen_col[0].u_pe_col/gen_pe[3].u_pe/_8963_/D (sky130_fd_sc_hd__dfrtp_1)
           8.22   data arrival time

  20.00   20.00   clock clk (rise edge)
   0.00   20.00   clock network delay (ideal)
   0.00   20.00   clock reconvergence pessimism
          20.00 ^ gen_col[0].u_pe_col/gen_pe[3].u_pe/_8963_/CLK (sky130_fd_sc_hd__dfrtp_1)
  -0.08   19.92   library setup time
          19.92   data required time
---------------------------------------------------------
          19.92   data required time
          -8.22   data arrival time
---------------------------------------------------------
          11.70   slack (MET)


Startpoint: gen_col[0].u_pe_col/gen_pe[4].u_pe/_8869_
            (rising edge-triggered flip-flop clocked by clk)
Endpoint: gen_col[0].u_pe_col/gen_pe[4].u_pe/_8963_
          (rising edge-triggered flip-flop clocked by clk)
Path Group: clk
Path Type: max

  Delay    Time   Description
---------------------------------------------------------
   0.00    0.00   clock clk (rise edge)
   0.00    0.00   clock network delay (ideal)
   0.00    0.00 ^ gen_col[0].u_pe_col/gen_pe[4].u_pe/_8869_/CLK (sky130_fd_sc_hd__dfrtp_1)
   0.91    0.91 ^ gen_col[0].u_pe_col/gen_pe[4].u_pe/_8869_/Q (sky130_fd_sc_hd__dfrtp_1)
   0.19    1.09 v gen_col[0].u_pe_col/gen_pe[4].u_pe/_8237_/Y (sky130_fd_sc_hd__nand2_1)
   0.41    1.50 v gen_col[0].u_pe_col/gen_pe[4].u_pe/_8239_/X (sky130_fd_sc_hd__maj3_1)
   0.22    1.72 ^ gen_col[0].u_pe_col/gen_pe[4].u_pe/_8241_/X (sky130_fd_sc_hd__xor2_1)
   0.49    2.21 v gen_col[0].u_pe_col/gen_pe[4].u_pe/_8279_/X (sky130_fd_sc_hd__xor3_1)
   0.38    2.58 v gen_col[0].u_pe_col/gen_pe[4].u_pe/_8308_/X (sky130_fd_sc_hd__xnor3_1)
   0.47    3.05 ^ gen_col[0].u_pe_col/gen_pe[4].u_pe/_8311_/Y (sky130_fd_sc_hd__nor4_1)
   0.12    3.17 v gen_col[0].u_pe_col/gen_pe[4].u_pe/_8313_/Y (sky130_fd_sc_hd__nor2_1)
   0.27    3.44 ^ gen_col[0].u_pe_col/gen_pe[4].u_pe/_8325_/Y (sky130_fd_sc_hd__xnor2_1)
   0.23    3.67 ^ gen_col[0].u_pe_col/gen_pe[4].u_pe/_8345_/X (sky130_fd_sc_hd__xor2_1)
   0.21    3.88 ^ gen_col[0].u_pe_col/gen_pe[4].u_pe/_8384_/X (sky130_fd_sc_hd__maj3_1)
   0.16    4.04 ^ gen_col[0].u_pe_col/gen_pe[4].u_pe/_8386_/X (sky130_fd_sc_hd__lpflow_isobufsrc_1)
   0.14    4.19 ^ gen_col[0].u_pe_col/gen_pe[4].u_pe/_8388_/X (sky130_fd_sc_hd__o21a_1)
   0.11    4.30 v gen_col[0].u_pe_col/gen_pe[4].u_pe/_8390_/Y (sky130_fd_sc_hd__o21ai_0)
   0.22    4.51 v gen_col[0].u_pe_col/gen_pe[4].u_pe/_8392_/X (sky130_fd_sc_hd__a21o_1)
   0.19    4.71 v gen_col[0].u_pe_col/gen_pe[4].u_pe/_8394_/X (sky130_fd_sc_hd__a21o_1)
   0.19    4.90 v gen_col[0].u_pe_col/gen_pe[4].u_pe/_8396_/X (sky130_fd_sc_hd__a21o_1)
   0.19    5.09 v gen_col[0].u_pe_col/gen_pe[4].u_pe/_8398_/X (sky130_fd_sc_hd__a21o_1)
   0.19    5.28 v gen_col[0].u_pe_col/gen_pe[4].u_pe/_8400_/X (sky130_fd_sc_hd__a21o_1)
   0.25    5.54 ^ gen_col[0].u_pe_col/gen_pe[4].u_pe/_8403_/Y (sky130_fd_sc_hd__a21boi_0)
   0.15    5.69 v gen_col[0].u_pe_col/gen_pe[4].u_pe/_8405_/Y (sky130_fd_sc_hd__o21ai_0)
   0.23    5.92 ^ gen_col[0].u_pe_col/gen_pe[4].u_pe/_8407_/Y (sky130_fd_sc_hd__a21oi_1)
   0.11    6.03 v gen_col[0].u_pe_col/gen_pe[4].u_pe/_8410_/Y (sky130_fd_sc_hd__o21bai_1)
   0.21    6.23 ^ gen_col[0].u_pe_col/gen_pe[4].u_pe/_8412_/Y (sky130_fd_sc_hd__a21oi_1)
   0.13    6.37 v gen_col[0].u_pe_col/gen_pe[4].u_pe/_8414_/Y (sky130_fd_sc_hd__o21ai_0)
   0.23    6.60 ^ gen_col[0].u_pe_col/gen_pe[4].u_pe/_8416_/Y (sky130_fd_sc_hd__a21oi_1)
   0.11    6.71 v gen_col[0].u_pe_col/gen_pe[4].u_pe/_8420_/Y (sky130_fd_sc_hd__o21bai_1)
   0.28    6.99 ^ gen_col[0].u_pe_col/gen_pe[4].u_pe/_8423_/Y (sky130_fd_sc_hd__a21boi_0)
   0.17    7.16 ^ gen_col[0].u_pe_col/gen_pe[4].u_pe/_8425_/X (sky130_fd_sc_hd__o21a_1)
   0.09    7.25 v gen_col[0].u_pe_col/gen_pe[4].u_pe/_8428_/Y (sky130_fd_sc_hd__o21ai_0)
   0.19    7.43 ^ gen_col[0].u_pe_col/gen_pe[4].u_pe/_8432_/Y (sky130_fd_sc_hd__a21oi_1)
   0.10    7.53 v gen_col[0].u_pe_col/gen_pe[4].u_pe/_8435_/Y (sky130_fd_sc_hd__o21bai_1)
   0.20    7.73 v gen_col[0].u_pe_col/gen_pe[4].u_pe/_8437_/X (sky130_fd_sc_hd__a21o_1)
   0.19    7.93 v gen_col[0].u_pe_col/gen_pe[4].u_pe/_8581_/X (sky130_fd_sc_hd__a21o_1)
   0.20    8.12 v gen_col[0].u_pe_col/gen_pe[4].u_pe/_8833_/X (sky130_fd_sc_hd__a31o_1)
   0.10    8.22 ^ gen_col[0].u_pe_col/gen_pe[4].u_pe/_8834_/Y (sky130_fd_sc_hd__o21bai_1)
   0.00    8.22 ^ gen_col[0].u_pe_col/gen_pe[4].u_pe/_8963_/D (sky130_fd_sc_hd__dfrtp_1)
           8.22   data arrival time

  20.00   20.00   clock clk (rise edge)
   0.00   20.00   clock network delay (ideal)
   0.00   20.00   clock reconvergence pessimism
          20.00 ^ gen_col[0].u_pe_col/gen_pe[4].u_pe/_8963_/CLK (sky130_fd_sc_hd__dfrtp_1)
  -0.08   19.92   library setup time
          19.92   data required time
---------------------------------------------------------
          19.92   data required time
          -8.22   data arrival time
---------------------------------------------------------
          11.70   slack (MET)


Timing Analysis Completed.
