OpenSTA 3.1.0  Copyright (c) 2026, Parallax Software, Inc.
License GPLv3: GNU GPL version 3 <http://gnu.org/licenses/gpl.html>

This is free software, and you are free to change and redistribute it
under certain conditions; type `show_copying' for details. 
This program comes with ABSOLUTELY NO WARRANTY; for details type `show_warranty'.
Warning 503: timing.tcl line 1, report_checks -group_count is deprecated. Use -group_path_count instead.
Startpoint: gen_col[9].u_pe_col/gen_pe[0].u_pe/_4255_
            (rising edge-triggered flip-flop clocked by clk)
Endpoint: gen_col[10].u_pe_col/gen_pe[0].u_pe/_4326_
          (rising edge-triggered flip-flop clocked by clk)
Path Group: clk
Path Type: max

  Delay    Time   Description
---------------------------------------------------------
   0.00    0.00   clock clk (rise edge)
   0.00    0.00   clock network delay (ideal)
   0.00    0.00 ^ gen_col[9].u_pe_col/gen_pe[0].u_pe/_4255_/CLK (sky130_fd_sc_hd__dfrtp_1)
   0.49    0.49 ^ gen_col[9].u_pe_col/gen_pe[0].u_pe/_4255_/Q (sky130_fd_sc_hd__dfrtp_1)
   0.13    0.63 v gen_col[10].u_pe_col/gen_pe[0].u_pe/_2965_/Y (sky130_fd_sc_hd__o21ai_0)
   5.62    6.24 ^ gen_col[10].u_pe_col/gen_pe[0].u_pe/_2966_/Y (sky130_fd_sc_hd__a21oi_1)
   0.46    6.70 v gen_col[10].u_pe_col/gen_pe[0].u_pe/_3689_/Y (sky130_fd_sc_hd__xnor2_1)
   0.40    7.10 v gen_col[10].u_pe_col/gen_pe[0].u_pe/_3691_/X (sky130_fd_sc_hd__xor2_1)
   0.26    7.36 ^ gen_col[10].u_pe_col/gen_pe[0].u_pe/_3692_/Y (sky130_fd_sc_hd__xnor2_1)
   0.47    7.83 v gen_col[10].u_pe_col/gen_pe[0].u_pe/_3726_/X (sky130_fd_sc_hd__xnor3_1)
   0.20    8.02 ^ gen_col[10].u_pe_col/gen_pe[0].u_pe/_3755_/Y (sky130_fd_sc_hd__xnor2_1)
   0.17    8.19 ^ gen_col[10].u_pe_col/gen_pe[0].u_pe/_3782_/Y (sky130_fd_sc_hd__xnor2_1)
   0.19    8.38 ^ gen_col[10].u_pe_col/gen_pe[0].u_pe/_3845_/Y (sky130_fd_sc_hd__xnor2_1)
   0.12    8.50 v gen_col[10].u_pe_col/gen_pe[0].u_pe/_3849_/Y (sky130_fd_sc_hd__a211oi_1)
   0.29    8.79 ^ gen_col[10].u_pe_col/gen_pe[0].u_pe/_3851_/Y (sky130_fd_sc_hd__o31ai_1)
   0.14    8.93 v gen_col[10].u_pe_col/gen_pe[0].u_pe/_3853_/Y (sky130_fd_sc_hd__a21oi_1)
   0.27    9.20 ^ gen_col[10].u_pe_col/gen_pe[0].u_pe/_3855_/Y (sky130_fd_sc_hd__o21ai_0)
   0.13    9.33 v gen_col[10].u_pe_col/gen_pe[0].u_pe/_3857_/Y (sky130_fd_sc_hd__a21oi_1)
   0.20    9.53 ^ gen_col[10].u_pe_col/gen_pe[0].u_pe/_3859_/Y (sky130_fd_sc_hd__o21bai_1)
   0.15    9.68 v gen_col[10].u_pe_col/gen_pe[0].u_pe/_3861_/Y (sky130_fd_sc_hd__a21boi_0)
   0.23    9.91 ^ gen_col[10].u_pe_col/gen_pe[0].u_pe/_3863_/Y (sky130_fd_sc_hd__o21bai_1)
   0.25   10.16 ^ gen_col[10].u_pe_col/gen_pe[0].u_pe/_3865_/X (sky130_fd_sc_hd__maj3_1)
   0.09   10.25 v gen_col[10].u_pe_col/gen_pe[0].u_pe/_3870_/Y (sky130_fd_sc_hd__nand3b_1)
   0.16   10.41 ^ gen_col[10].u_pe_col/gen_pe[0].u_pe/_3875_/Y (sky130_fd_sc_hd__a21oi_1)
   0.18   10.58 ^ gen_col[10].u_pe_col/gen_pe[0].u_pe/_3877_/X (sky130_fd_sc_hd__o21a_1)
   0.11   10.69 v gen_col[10].u_pe_col/gen_pe[0].u_pe/_3897_/Y (sky130_fd_sc_hd__o211ai_1)
   0.30   11.00 ^ gen_col[10].u_pe_col/gen_pe[0].u_pe/_3904_/Y (sky130_fd_sc_hd__a211oi_1)
   0.16   11.15 v gen_col[10].u_pe_col/gen_pe[0].u_pe/_3919_/Y (sky130_fd_sc_hd__o211ai_1)
   0.27   11.42 ^ gen_col[10].u_pe_col/gen_pe[0].u_pe/_3922_/Y (sky130_fd_sc_hd__a21oi_1)
   0.15   11.57 v gen_col[10].u_pe_col/gen_pe[0].u_pe/_3926_/Y (sky130_fd_sc_hd__o2111ai_1)
   0.19   11.76 ^ gen_col[10].u_pe_col/gen_pe[0].u_pe/_3929_/Y (sky130_fd_sc_hd__a21oi_1)
   0.13   11.89 v gen_col[10].u_pe_col/gen_pe[0].u_pe/_3931_/Y (sky130_fd_sc_hd__o21ai_0)
   0.23   12.12 ^ gen_col[10].u_pe_col/gen_pe[0].u_pe/_3933_/Y (sky130_fd_sc_hd__a21oi_1)
   0.16   12.28 ^ gen_col[10].u_pe_col/gen_pe[0].u_pe/_3935_/X (sky130_fd_sc_hd__o21a_1)
   0.10   12.37 v gen_col[10].u_pe_col/gen_pe[0].u_pe/_3937_/Y (sky130_fd_sc_hd__o21ai_0)
   0.20   12.58 ^ gen_col[10].u_pe_col/gen_pe[0].u_pe/_3939_/X (sky130_fd_sc_hd__or3b_1)
   0.12   12.69 v gen_col[10].u_pe_col/gen_pe[0].u_pe/_3941_/Y (sky130_fd_sc_hd__a31oi_1)
   0.40   13.09 v gen_col[10].u_pe_col/gen_pe[0].u_pe/_3942_/X (sky130_fd_sc_hd__maj3_1)
   0.39   13.48 v gen_col[10].u_pe_col/gen_pe[0].u_pe/_3944_/X (sky130_fd_sc_hd__maj3_1)
   0.40   13.89 v gen_col[10].u_pe_col/gen_pe[0].u_pe/_3946_/X (sky130_fd_sc_hd__maj3_1)
   0.25   14.14 ^ gen_col[10].u_pe_col/gen_pe[0].u_pe/_3951_/Y (sky130_fd_sc_hd__o211ai_1)
   0.16   14.29 v gen_col[10].u_pe_col/gen_pe[0].u_pe/_3955_/Y (sky130_fd_sc_hd__a311oi_1)
   0.30   14.60 ^ gen_col[10].u_pe_col/gen_pe[0].u_pe/_3957_/Y (sky130_fd_sc_hd__o31ai_1)
   0.17   14.77 v gen_col[10].u_pe_col/gen_pe[0].u_pe/_3960_/Y (sky130_fd_sc_hd__a22oi_1)
   0.41   15.18 v gen_col[10].u_pe_col/gen_pe[0].u_pe/_3961_/X (sky130_fd_sc_hd__maj3_1)
   0.40   15.58 v gen_col[10].u_pe_col/gen_pe[0].u_pe/_3963_/X (sky130_fd_sc_hd__maj3_1)
   0.33   15.91 ^ gen_col[10].u_pe_col/gen_pe[0].u_pe/_3992_/Y (sky130_fd_sc_hd__o31ai_1)
   0.17   16.08 v gen_col[10].u_pe_col/gen_pe[0].u_pe/_4007_/Y (sky130_fd_sc_hd__a31oi_1)
   0.40   16.48 v gen_col[10].u_pe_col/gen_pe[0].u_pe/_4009_/X (sky130_fd_sc_hd__maj3_1)
   0.39   16.87 v gen_col[10].u_pe_col/gen_pe[0].u_pe/_4010_/X (sky130_fd_sc_hd__maj3_1)
   0.39   17.26 v gen_col[10].u_pe_col/gen_pe[0].u_pe/_4013_/X (sky130_fd_sc_hd__maj3_1)
   0.39   17.64 v gen_col[10].u_pe_col/gen_pe[0].u_pe/_4015_/X (sky130_fd_sc_hd__maj3_1)
   0.39   18.03 v gen_col[10].u_pe_col/gen_pe[0].u_pe/_4018_/X (sky130_fd_sc_hd__maj3_1)
   0.40   18.44 v gen_col[10].u_pe_col/gen_pe[0].u_pe/_4020_/X (sky130_fd_sc_hd__maj3_1)
   0.22   18.66 ^ gen_col[10].u_pe_col/gen_pe[0].u_pe/_4052_/Y (sky130_fd_sc_hd__nor3b_1)
   0.15   18.81 v gen_col[10].u_pe_col/gen_pe[0].u_pe/_4068_/Y (sky130_fd_sc_hd__o21ai_0)
   0.18   18.99 v gen_col[10].u_pe_col/gen_pe[0].u_pe/_4236_/X (sky130_fd_sc_hd__and3_1)
   0.17   19.15 ^ gen_col[10].u_pe_col/gen_pe[0].u_pe/_4237_/Y (sky130_fd_sc_hd__o31ai_1)
   0.00   19.15 ^ gen_col[10].u_pe_col/gen_pe[0].u_pe/_4326_/D (sky130_fd_sc_hd__dfrtp_1)
          19.15   data arrival time

  20.00   20.00   clock clk (rise edge)
   0.00   20.00   clock network delay (ideal)
   0.00   20.00   clock reconvergence pessimism
          20.00 ^ gen_col[10].u_pe_col/gen_pe[0].u_pe/_4326_/CLK (sky130_fd_sc_hd__dfrtp_1)
  -0.10   19.90   library setup time
          19.90   data required time
---------------------------------------------------------
          19.90   data required time
         -19.15   data arrival time
---------------------------------------------------------
           0.75   slack (MET)


Startpoint: gen_col[10].u_pe_col/gen_pe[0].u_pe/_4255_
            (rising edge-triggered flip-flop clocked by clk)
Endpoint: gen_col[11].u_pe_col/gen_pe[0].u_pe/_4326_
          (rising edge-triggered flip-flop clocked by clk)
Path Group: clk
Path Type: max

  Delay    Time   Description
---------------------------------------------------------
   0.00    0.00   clock clk (rise edge)
   0.00    0.00   clock network delay (ideal)
   0.00    0.00 ^ gen_col[10].u_pe_col/gen_pe[0].u_pe/_4255_/CLK (sky130_fd_sc_hd__dfrtp_1)
   0.49    0.49 ^ gen_col[10].u_pe_col/gen_pe[0].u_pe/_4255_/Q (sky130_fd_sc_hd__dfrtp_1)
   0.13    0.63 v gen_col[11].u_pe_col/gen_pe[0].u_pe/_2965_/Y (sky130_fd_sc_hd__o21ai_0)
   5.62    6.24 ^ gen_col[11].u_pe_col/gen_pe[0].u_pe/_2966_/Y (sky130_fd_sc_hd__a21oi_1)
   0.46    6.70 v gen_col[11].u_pe_col/gen_pe[0].u_pe/_3689_/Y (sky130_fd_sc_hd__xnor2_1)
   0.40    7.10 v gen_col[11].u_pe_col/gen_pe[0].u_pe/_3691_/X (sky130_fd_sc_hd__xor2_1)
   0.26    7.36 ^ gen_col[11].u_pe_col/gen_pe[0].u_pe/_3692_/Y (sky130_fd_sc_hd__xnor2_1)
   0.47    7.83 v gen_col[11].u_pe_col/gen_pe[0].u_pe/_3726_/X (sky130_fd_sc_hd__xnor3_1)
   0.20    8.02 ^ gen_col[11].u_pe_col/gen_pe[0].u_pe/_3755_/Y (sky130_fd_sc_hd__xnor2_1)
   0.17    8.19 ^ gen_col[11].u_pe_col/gen_pe[0].u_pe/_3782_/Y (sky130_fd_sc_hd__xnor2_1)
   0.19    8.38 ^ gen_col[11].u_pe_col/gen_pe[0].u_pe/_3845_/Y (sky130_fd_sc_hd__xnor2_1)
   0.12    8.50 v gen_col[11].u_pe_col/gen_pe[0].u_pe/_3849_/Y (sky130_fd_sc_hd__a211oi_1)
   0.29    8.79 ^ gen_col[11].u_pe_col/gen_pe[0].u_pe/_3851_/Y (sky130_fd_sc_hd__o31ai_1)
   0.14    8.93 v gen_col[11].u_pe_col/gen_pe[0].u_pe/_3853_/Y (sky130_fd_sc_hd__a21oi_1)
   0.27    9.20 ^ gen_col[11].u_pe_col/gen_pe[0].u_pe/_3855_/Y (sky130_fd_sc_hd__o21ai_0)
   0.13    9.33 v gen_col[11].u_pe_col/gen_pe[0].u_pe/_3857_/Y (sky130_fd_sc_hd__a21oi_1)
   0.20    9.53 ^ gen_col[11].u_pe_col/gen_pe[0].u_pe/_3859_/Y (sky130_fd_sc_hd__o21bai_1)
   0.15    9.68 v gen_col[11].u_pe_col/gen_pe[0].u_pe/_3861_/Y (sky130_fd_sc_hd__a21boi_0)
   0.23    9.91 ^ gen_col[11].u_pe_col/gen_pe[0].u_pe/_3863_/Y (sky130_fd_sc_hd__o21bai_1)
   0.25   10.16 ^ gen_col[11].u_pe_col/gen_pe[0].u_pe/_3865_/X (sky130_fd_sc_hd__maj3_1)
   0.09   10.25 v gen_col[11].u_pe_col/gen_pe[0].u_pe/_3870_/Y (sky130_fd_sc_hd__nand3b_1)
   0.16   10.41 ^ gen_col[11].u_pe_col/gen_pe[0].u_pe/_3875_/Y (sky130_fd_sc_hd__a21oi_1)
   0.18   10.58 ^ gen_col[11].u_pe_col/gen_pe[0].u_pe/_3877_/X (sky130_fd_sc_hd__o21a_1)
   0.11   10.69 v gen_col[11].u_pe_col/gen_pe[0].u_pe/_3897_/Y (sky130_fd_sc_hd__o211ai_1)
   0.30   11.00 ^ gen_col[11].u_pe_col/gen_pe[0].u_pe/_3904_/Y (sky130_fd_sc_hd__a211oi_1)
   0.16   11.15 v gen_col[11].u_pe_col/gen_pe[0].u_pe/_3919_/Y (sky130_fd_sc_hd__o211ai_1)
   0.27   11.42 ^ gen_col[11].u_pe_col/gen_pe[0].u_pe/_3922_/Y (sky130_fd_sc_hd__a21oi_1)
   0.15   11.57 v gen_col[11].u_pe_col/gen_pe[0].u_pe/_3926_/Y (sky130_fd_sc_hd__o2111ai_1)
   0.19   11.76 ^ gen_col[11].u_pe_col/gen_pe[0].u_pe/_3929_/Y (sky130_fd_sc_hd__a21oi_1)
   0.13   11.89 v gen_col[11].u_pe_col/gen_pe[0].u_pe/_3931_/Y (sky130_fd_sc_hd__o21ai_0)
   0.23   12.12 ^ gen_col[11].u_pe_col/gen_pe[0].u_pe/_3933_/Y (sky130_fd_sc_hd__a21oi_1)
   0.16   12.28 ^ gen_col[11].u_pe_col/gen_pe[0].u_pe/_3935_/X (sky130_fd_sc_hd__o21a_1)
   0.10   12.37 v gen_col[11].u_pe_col/gen_pe[0].u_pe/_3937_/Y (sky130_fd_sc_hd__o21ai_0)
   0.20   12.58 ^ gen_col[11].u_pe_col/gen_pe[0].u_pe/_3939_/X (sky130_fd_sc_hd__or3b_1)
   0.12   12.69 v gen_col[11].u_pe_col/gen_pe[0].u_pe/_3941_/Y (sky130_fd_sc_hd__a31oi_1)
   0.40   13.09 v gen_col[11].u_pe_col/gen_pe[0].u_pe/_3942_/X (sky130_fd_sc_hd__maj3_1)
   0.39   13.48 v gen_col[11].u_pe_col/gen_pe[0].u_pe/_3944_/X (sky130_fd_sc_hd__maj3_1)
   0.40   13.89 v gen_col[11].u_pe_col/gen_pe[0].u_pe/_3946_/X (sky130_fd_sc_hd__maj3_1)
   0.25   14.14 ^ gen_col[11].u_pe_col/gen_pe[0].u_pe/_3951_/Y (sky130_fd_sc_hd__o211ai_1)
   0.16   14.29 v gen_col[11].u_pe_col/gen_pe[0].u_pe/_3955_/Y (sky130_fd_sc_hd__a311oi_1)
   0.30   14.60 ^ gen_col[11].u_pe_col/gen_pe[0].u_pe/_3957_/Y (sky130_fd_sc_hd__o31ai_1)
   0.17   14.77 v gen_col[11].u_pe_col/gen_pe[0].u_pe/_3960_/Y (sky130_fd_sc_hd__a22oi_1)
   0.41   15.18 v gen_col[11].u_pe_col/gen_pe[0].u_pe/_3961_/X (sky130_fd_sc_hd__maj3_1)
   0.40   15.58 v gen_col[11].u_pe_col/gen_pe[0].u_pe/_3963_/X (sky130_fd_sc_hd__maj3_1)
   0.33   15.91 ^ gen_col[11].u_pe_col/gen_pe[0].u_pe/_3992_/Y (sky130_fd_sc_hd__o31ai_1)
   0.17   16.08 v gen_col[11].u_pe_col/gen_pe[0].u_pe/_4007_/Y (sky130_fd_sc_hd__a31oi_1)
   0.40   16.48 v gen_col[11].u_pe_col/gen_pe[0].u_pe/_4009_/X (sky130_fd_sc_hd__maj3_1)
   0.39   16.87 v gen_col[11].u_pe_col/gen_pe[0].u_pe/_4010_/X (sky130_fd_sc_hd__maj3_1)
   0.39   17.26 v gen_col[11].u_pe_col/gen_pe[0].u_pe/_4013_/X (sky130_fd_sc_hd__maj3_1)
   0.39   17.64 v gen_col[11].u_pe_col/gen_pe[0].u_pe/_4015_/X (sky130_fd_sc_hd__maj3_1)
   0.39   18.03 v gen_col[11].u_pe_col/gen_pe[0].u_pe/_4018_/X (sky130_fd_sc_hd__maj3_1)
   0.40   18.44 v gen_col[11].u_pe_col/gen_pe[0].u_pe/_4020_/X (sky130_fd_sc_hd__maj3_1)
   0.22   18.66 ^ gen_col[11].u_pe_col/gen_pe[0].u_pe/_4052_/Y (sky130_fd_sc_hd__nor3b_1)
   0.15   18.81 v gen_col[11].u_pe_col/gen_pe[0].u_pe/_4068_/Y (sky130_fd_sc_hd__o21ai_0)
   0.18   18.99 v gen_col[11].u_pe_col/gen_pe[0].u_pe/_4236_/X (sky130_fd_sc_hd__and3_1)
   0.17   19.15 ^ gen_col[11].u_pe_col/gen_pe[0].u_pe/_4237_/Y (sky130_fd_sc_hd__o31ai_1)
   0.00   19.15 ^ gen_col[11].u_pe_col/gen_pe[0].u_pe/_4326_/D (sky130_fd_sc_hd__dfrtp_1)
          19.15   data arrival time

  20.00   20.00   clock clk (rise edge)
   0.00   20.00   clock network delay (ideal)
   0.00   20.00   clock reconvergence pessimism
          20.00 ^ gen_col[11].u_pe_col/gen_pe[0].u_pe/_4326_/CLK (sky130_fd_sc_hd__dfrtp_1)
  -0.10   19.90   library setup time
          19.90   data required time
---------------------------------------------------------
          19.90   data required time
         -19.15   data arrival time
---------------------------------------------------------
           0.75   slack (MET)


Startpoint: gen_col[11].u_pe_col/gen_pe[0].u_pe/_4255_
            (rising edge-triggered flip-flop clocked by clk)
Endpoint: gen_col[12].u_pe_col/gen_pe[0].u_pe/_4326_
          (rising edge-triggered flip-flop clocked by clk)
Path Group: clk
Path Type: max

  Delay    Time   Description
---------------------------------------------------------
   0.00    0.00   clock clk (rise edge)
   0.00    0.00   clock network delay (ideal)
   0.00    0.00 ^ gen_col[11].u_pe_col/gen_pe[0].u_pe/_4255_/CLK (sky130_fd_sc_hd__dfrtp_1)
   0.49    0.49 ^ gen_col[11].u_pe_col/gen_pe[0].u_pe/_4255_/Q (sky130_fd_sc_hd__dfrtp_1)
   0.13    0.63 v gen_col[12].u_pe_col/gen_pe[0].u_pe/_2965_/Y (sky130_fd_sc_hd__o21ai_0)
   5.62    6.24 ^ gen_col[12].u_pe_col/gen_pe[0].u_pe/_2966_/Y (sky130_fd_sc_hd__a21oi_1)
   0.46    6.70 v gen_col[12].u_pe_col/gen_pe[0].u_pe/_3689_/Y (sky130_fd_sc_hd__xnor2_1)
   0.40    7.10 v gen_col[12].u_pe_col/gen_pe[0].u_pe/_3691_/X (sky130_fd_sc_hd__xor2_1)
   0.26    7.36 ^ gen_col[12].u_pe_col/gen_pe[0].u_pe/_3692_/Y (sky130_fd_sc_hd__xnor2_1)
   0.47    7.83 v gen_col[12].u_pe_col/gen_pe[0].u_pe/_3726_/X (sky130_fd_sc_hd__xnor3_1)
   0.20    8.02 ^ gen_col[12].u_pe_col/gen_pe[0].u_pe/_3755_/Y (sky130_fd_sc_hd__xnor2_1)
   0.17    8.19 ^ gen_col[12].u_pe_col/gen_pe[0].u_pe/_3782_/Y (sky130_fd_sc_hd__xnor2_1)
   0.19    8.38 ^ gen_col[12].u_pe_col/gen_pe[0].u_pe/_3845_/Y (sky130_fd_sc_hd__xnor2_1)
   0.12    8.50 v gen_col[12].u_pe_col/gen_pe[0].u_pe/_3849_/Y (sky130_fd_sc_hd__a211oi_1)
   0.29    8.79 ^ gen_col[12].u_pe_col/gen_pe[0].u_pe/_3851_/Y (sky130_fd_sc_hd__o31ai_1)
   0.14    8.93 v gen_col[12].u_pe_col/gen_pe[0].u_pe/_3853_/Y (sky130_fd_sc_hd__a21oi_1)
   0.27    9.20 ^ gen_col[12].u_pe_col/gen_pe[0].u_pe/_3855_/Y (sky130_fd_sc_hd__o21ai_0)
   0.13    9.33 v gen_col[12].u_pe_col/gen_pe[0].u_pe/_3857_/Y (sky130_fd_sc_hd__a21oi_1)
   0.20    9.53 ^ gen_col[12].u_pe_col/gen_pe[0].u_pe/_3859_/Y (sky130_fd_sc_hd__o21bai_1)
   0.15    9.68 v gen_col[12].u_pe_col/gen_pe[0].u_pe/_3861_/Y (sky130_fd_sc_hd__a21boi_0)
   0.23    9.91 ^ gen_col[12].u_pe_col/gen_pe[0].u_pe/_3863_/Y (sky130_fd_sc_hd__o21bai_1)
   0.25   10.16 ^ gen_col[12].u_pe_col/gen_pe[0].u_pe/_3865_/X (sky130_fd_sc_hd__maj3_1)
   0.09   10.25 v gen_col[12].u_pe_col/gen_pe[0].u_pe/_3870_/Y (sky130_fd_sc_hd__nand3b_1)
   0.16   10.41 ^ gen_col[12].u_pe_col/gen_pe[0].u_pe/_3875_/Y (sky130_fd_sc_hd__a21oi_1)
   0.18   10.58 ^ gen_col[12].u_pe_col/gen_pe[0].u_pe/_3877_/X (sky130_fd_sc_hd__o21a_1)
   0.11   10.69 v gen_col[12].u_pe_col/gen_pe[0].u_pe/_3897_/Y (sky130_fd_sc_hd__o211ai_1)
   0.30   11.00 ^ gen_col[12].u_pe_col/gen_pe[0].u_pe/_3904_/Y (sky130_fd_sc_hd__a211oi_1)
   0.16   11.15 v gen_col[12].u_pe_col/gen_pe[0].u_pe/_3919_/Y (sky130_fd_sc_hd__o211ai_1)
   0.27   11.42 ^ gen_col[12].u_pe_col/gen_pe[0].u_pe/_3922_/Y (sky130_fd_sc_hd__a21oi_1)
   0.15   11.57 v gen_col[12].u_pe_col/gen_pe[0].u_pe/_3926_/Y (sky130_fd_sc_hd__o2111ai_1)
   0.19   11.76 ^ gen_col[12].u_pe_col/gen_pe[0].u_pe/_3929_/Y (sky130_fd_sc_hd__a21oi_1)
   0.13   11.89 v gen_col[12].u_pe_col/gen_pe[0].u_pe/_3931_/Y (sky130_fd_sc_hd__o21ai_0)
   0.23   12.12 ^ gen_col[12].u_pe_col/gen_pe[0].u_pe/_3933_/Y (sky130_fd_sc_hd__a21oi_1)
   0.16   12.28 ^ gen_col[12].u_pe_col/gen_pe[0].u_pe/_3935_/X (sky130_fd_sc_hd__o21a_1)
   0.10   12.37 v gen_col[12].u_pe_col/gen_pe[0].u_pe/_3937_/Y (sky130_fd_sc_hd__o21ai_0)
   0.20   12.58 ^ gen_col[12].u_pe_col/gen_pe[0].u_pe/_3939_/X (sky130_fd_sc_hd__or3b_1)
   0.12   12.69 v gen_col[12].u_pe_col/gen_pe[0].u_pe/_3941_/Y (sky130_fd_sc_hd__a31oi_1)
   0.40   13.09 v gen_col[12].u_pe_col/gen_pe[0].u_pe/_3942_/X (sky130_fd_sc_hd__maj3_1)
   0.39   13.48 v gen_col[12].u_pe_col/gen_pe[0].u_pe/_3944_/X (sky130_fd_sc_hd__maj3_1)
   0.40   13.89 v gen_col[12].u_pe_col/gen_pe[0].u_pe/_3946_/X (sky130_fd_sc_hd__maj3_1)
   0.25   14.14 ^ gen_col[12].u_pe_col/gen_pe[0].u_pe/_3951_/Y (sky130_fd_sc_hd__o211ai_1)
   0.16   14.29 v gen_col[12].u_pe_col/gen_pe[0].u_pe/_3955_/Y (sky130_fd_sc_hd__a311oi_1)
   0.30   14.60 ^ gen_col[12].u_pe_col/gen_pe[0].u_pe/_3957_/Y (sky130_fd_sc_hd__o31ai_1)
   0.17   14.77 v gen_col[12].u_pe_col/gen_pe[0].u_pe/_3960_/Y (sky130_fd_sc_hd__a22oi_1)
   0.41   15.18 v gen_col[12].u_pe_col/gen_pe[0].u_pe/_3961_/X (sky130_fd_sc_hd__maj3_1)
   0.40   15.58 v gen_col[12].u_pe_col/gen_pe[0].u_pe/_3963_/X (sky130_fd_sc_hd__maj3_1)
   0.33   15.91 ^ gen_col[12].u_pe_col/gen_pe[0].u_pe/_3992_/Y (sky130_fd_sc_hd__o31ai_1)
   0.17   16.08 v gen_col[12].u_pe_col/gen_pe[0].u_pe/_4007_/Y (sky130_fd_sc_hd__a31oi_1)
   0.40   16.48 v gen_col[12].u_pe_col/gen_pe[0].u_pe/_4009_/X (sky130_fd_sc_hd__maj3_1)
   0.39   16.87 v gen_col[12].u_pe_col/gen_pe[0].u_pe/_4010_/X (sky130_fd_sc_hd__maj3_1)
   0.39   17.26 v gen_col[12].u_pe_col/gen_pe[0].u_pe/_4013_/X (sky130_fd_sc_hd__maj3_1)
   0.39   17.64 v gen_col[12].u_pe_col/gen_pe[0].u_pe/_4015_/X (sky130_fd_sc_hd__maj3_1)
   0.39   18.03 v gen_col[12].u_pe_col/gen_pe[0].u_pe/_4018_/X (sky130_fd_sc_hd__maj3_1)
   0.40   18.44 v gen_col[12].u_pe_col/gen_pe[0].u_pe/_4020_/X (sky130_fd_sc_hd__maj3_1)
   0.22   18.66 ^ gen_col[12].u_pe_col/gen_pe[0].u_pe/_4052_/Y (sky130_fd_sc_hd__nor3b_1)
   0.15   18.81 v gen_col[12].u_pe_col/gen_pe[0].u_pe/_4068_/Y (sky130_fd_sc_hd__o21ai_0)
   0.18   18.99 v gen_col[12].u_pe_col/gen_pe[0].u_pe/_4236_/X (sky130_fd_sc_hd__and3_1)
   0.17   19.15 ^ gen_col[12].u_pe_col/gen_pe[0].u_pe/_4237_/Y (sky130_fd_sc_hd__o31ai_1)
   0.00   19.15 ^ gen_col[12].u_pe_col/gen_pe[0].u_pe/_4326_/D (sky130_fd_sc_hd__dfrtp_1)
          19.15   data arrival time

  20.00   20.00   clock clk (rise edge)
   0.00   20.00   clock network delay (ideal)
   0.00   20.00   clock reconvergence pessimism
          20.00 ^ gen_col[12].u_pe_col/gen_pe[0].u_pe/_4326_/CLK (sky130_fd_sc_hd__dfrtp_1)
  -0.10   19.90   library setup time
          19.90   data required time
---------------------------------------------------------
          19.90   data required time
         -19.15   data arrival time
---------------------------------------------------------
           0.75   slack (MET)


Startpoint: gen_col[12].u_pe_col/gen_pe[0].u_pe/_4255_
            (rising edge-triggered flip-flop clocked by clk)
Endpoint: gen_col[13].u_pe_col/gen_pe[0].u_pe/_4326_
          (rising edge-triggered flip-flop clocked by clk)
Path Group: clk
Path Type: max

  Delay    Time   Description
---------------------------------------------------------
   0.00    0.00   clock clk (rise edge)
   0.00    0.00   clock network delay (ideal)
   0.00    0.00 ^ gen_col[12].u_pe_col/gen_pe[0].u_pe/_4255_/CLK (sky130_fd_sc_hd__dfrtp_1)
   0.49    0.49 ^ gen_col[12].u_pe_col/gen_pe[0].u_pe/_4255_/Q (sky130_fd_sc_hd__dfrtp_1)
   0.13    0.63 v gen_col[13].u_pe_col/gen_pe[0].u_pe/_2965_/Y (sky130_fd_sc_hd__o21ai_0)
   5.62    6.24 ^ gen_col[13].u_pe_col/gen_pe[0].u_pe/_2966_/Y (sky130_fd_sc_hd__a21oi_1)
   0.46    6.70 v gen_col[13].u_pe_col/gen_pe[0].u_pe/_3689_/Y (sky130_fd_sc_hd__xnor2_1)
   0.40    7.10 v gen_col[13].u_pe_col/gen_pe[0].u_pe/_3691_/X (sky130_fd_sc_hd__xor2_1)
   0.26    7.36 ^ gen_col[13].u_pe_col/gen_pe[0].u_pe/_3692_/Y (sky130_fd_sc_hd__xnor2_1)
   0.47    7.83 v gen_col[13].u_pe_col/gen_pe[0].u_pe/_3726_/X (sky130_fd_sc_hd__xnor3_1)
   0.20    8.02 ^ gen_col[13].u_pe_col/gen_pe[0].u_pe/_3755_/Y (sky130_fd_sc_hd__xnor2_1)
   0.17    8.19 ^ gen_col[13].u_pe_col/gen_pe[0].u_pe/_3782_/Y (sky130_fd_sc_hd__xnor2_1)
   0.19    8.38 ^ gen_col[13].u_pe_col/gen_pe[0].u_pe/_3845_/Y (sky130_fd_sc_hd__xnor2_1)
   0.12    8.50 v gen_col[13].u_pe_col/gen_pe[0].u_pe/_3849_/Y (sky130_fd_sc_hd__a211oi_1)
   0.29    8.79 ^ gen_col[13].u_pe_col/gen_pe[0].u_pe/_3851_/Y (sky130_fd_sc_hd__o31ai_1)
   0.14    8.93 v gen_col[13].u_pe_col/gen_pe[0].u_pe/_3853_/Y (sky130_fd_sc_hd__a21oi_1)
   0.27    9.20 ^ gen_col[13].u_pe_col/gen_pe[0].u_pe/_3855_/Y (sky130_fd_sc_hd__o21ai_0)
   0.13    9.33 v gen_col[13].u_pe_col/gen_pe[0].u_pe/_3857_/Y (sky130_fd_sc_hd__a21oi_1)
   0.20    9.53 ^ gen_col[13].u_pe_col/gen_pe[0].u_pe/_3859_/Y (sky130_fd_sc_hd__o21bai_1)
   0.15    9.68 v gen_col[13].u_pe_col/gen_pe[0].u_pe/_3861_/Y (sky130_fd_sc_hd__a21boi_0)
   0.23    9.91 ^ gen_col[13].u_pe_col/gen_pe[0].u_pe/_3863_/Y (sky130_fd_sc_hd__o21bai_1)
   0.25   10.16 ^ gen_col[13].u_pe_col/gen_pe[0].u_pe/_3865_/X (sky130_fd_sc_hd__maj3_1)
   0.09   10.25 v gen_col[13].u_pe_col/gen_pe[0].u_pe/_3870_/Y (sky130_fd_sc_hd__nand3b_1)
   0.16   10.41 ^ gen_col[13].u_pe_col/gen_pe[0].u_pe/_3875_/Y (sky130_fd_sc_hd__a21oi_1)
   0.18   10.58 ^ gen_col[13].u_pe_col/gen_pe[0].u_pe/_3877_/X (sky130_fd_sc_hd__o21a_1)
   0.11   10.69 v gen_col[13].u_pe_col/gen_pe[0].u_pe/_3897_/Y (sky130_fd_sc_hd__o211ai_1)
   0.30   11.00 ^ gen_col[13].u_pe_col/gen_pe[0].u_pe/_3904_/Y (sky130_fd_sc_hd__a211oi_1)
   0.16   11.15 v gen_col[13].u_pe_col/gen_pe[0].u_pe/_3919_/Y (sky130_fd_sc_hd__o211ai_1)
   0.27   11.42 ^ gen_col[13].u_pe_col/gen_pe[0].u_pe/_3922_/Y (sky130_fd_sc_hd__a21oi_1)
   0.15   11.57 v gen_col[13].u_pe_col/gen_pe[0].u_pe/_3926_/Y (sky130_fd_sc_hd__o2111ai_1)
   0.19   11.76 ^ gen_col[13].u_pe_col/gen_pe[0].u_pe/_3929_/Y (sky130_fd_sc_hd__a21oi_1)
   0.13   11.89 v gen_col[13].u_pe_col/gen_pe[0].u_pe/_3931_/Y (sky130_fd_sc_hd__o21ai_0)
   0.23   12.12 ^ gen_col[13].u_pe_col/gen_pe[0].u_pe/_3933_/Y (sky130_fd_sc_hd__a21oi_1)
   0.16   12.28 ^ gen_col[13].u_pe_col/gen_pe[0].u_pe/_3935_/X (sky130_fd_sc_hd__o21a_1)
   0.10   12.37 v gen_col[13].u_pe_col/gen_pe[0].u_pe/_3937_/Y (sky130_fd_sc_hd__o21ai_0)
   0.20   12.58 ^ gen_col[13].u_pe_col/gen_pe[0].u_pe/_3939_/X (sky130_fd_sc_hd__or3b_1)
   0.12   12.69 v gen_col[13].u_pe_col/gen_pe[0].u_pe/_3941_/Y (sky130_fd_sc_hd__a31oi_1)
   0.40   13.09 v gen_col[13].u_pe_col/gen_pe[0].u_pe/_3942_/X (sky130_fd_sc_hd__maj3_1)
   0.39   13.48 v gen_col[13].u_pe_col/gen_pe[0].u_pe/_3944_/X (sky130_fd_sc_hd__maj3_1)
   0.40   13.89 v gen_col[13].u_pe_col/gen_pe[0].u_pe/_3946_/X (sky130_fd_sc_hd__maj3_1)
   0.25   14.14 ^ gen_col[13].u_pe_col/gen_pe[0].u_pe/_3951_/Y (sky130_fd_sc_hd__o211ai_1)
   0.16   14.29 v gen_col[13].u_pe_col/gen_pe[0].u_pe/_3955_/Y (sky130_fd_sc_hd__a311oi_1)
   0.30   14.60 ^ gen_col[13].u_pe_col/gen_pe[0].u_pe/_3957_/Y (sky130_fd_sc_hd__o31ai_1)
   0.17   14.77 v gen_col[13].u_pe_col/gen_pe[0].u_pe/_3960_/Y (sky130_fd_sc_hd__a22oi_1)
   0.41   15.18 v gen_col[13].u_pe_col/gen_pe[0].u_pe/_3961_/X (sky130_fd_sc_hd__maj3_1)
   0.40   15.58 v gen_col[13].u_pe_col/gen_pe[0].u_pe/_3963_/X (sky130_fd_sc_hd__maj3_1)
   0.33   15.91 ^ gen_col[13].u_pe_col/gen_pe[0].u_pe/_3992_/Y (sky130_fd_sc_hd__o31ai_1)
   0.17   16.08 v gen_col[13].u_pe_col/gen_pe[0].u_pe/_4007_/Y (sky130_fd_sc_hd__a31oi_1)
   0.40   16.48 v gen_col[13].u_pe_col/gen_pe[0].u_pe/_4009_/X (sky130_fd_sc_hd__maj3_1)
   0.39   16.87 v gen_col[13].u_pe_col/gen_pe[0].u_pe/_4010_/X (sky130_fd_sc_hd__maj3_1)
   0.39   17.26 v gen_col[13].u_pe_col/gen_pe[0].u_pe/_4013_/X (sky130_fd_sc_hd__maj3_1)
   0.39   17.64 v gen_col[13].u_pe_col/gen_pe[0].u_pe/_4015_/X (sky130_fd_sc_hd__maj3_1)
   0.39   18.03 v gen_col[13].u_pe_col/gen_pe[0].u_pe/_4018_/X (sky130_fd_sc_hd__maj3_1)
   0.40   18.44 v gen_col[13].u_pe_col/gen_pe[0].u_pe/_4020_/X (sky130_fd_sc_hd__maj3_1)
   0.22   18.66 ^ gen_col[13].u_pe_col/gen_pe[0].u_pe/_4052_/Y (sky130_fd_sc_hd__nor3b_1)
   0.15   18.81 v gen_col[13].u_pe_col/gen_pe[0].u_pe/_4068_/Y (sky130_fd_sc_hd__o21ai_0)
   0.18   18.99 v gen_col[13].u_pe_col/gen_pe[0].u_pe/_4236_/X (sky130_fd_sc_hd__and3_1)
   0.17   19.15 ^ gen_col[13].u_pe_col/gen_pe[0].u_pe/_4237_/Y (sky130_fd_sc_hd__o31ai_1)
   0.00   19.15 ^ gen_col[13].u_pe_col/gen_pe[0].u_pe/_4326_/D (sky130_fd_sc_hd__dfrtp_1)
          19.15   data arrival time

  20.00   20.00   clock clk (rise edge)
   0.00   20.00   clock network delay (ideal)
   0.00   20.00   clock reconvergence pessimism
          20.00 ^ gen_col[13].u_pe_col/gen_pe[0].u_pe/_4326_/CLK (sky130_fd_sc_hd__dfrtp_1)
  -0.10   19.90   library setup time
          19.90   data required time
---------------------------------------------------------
          19.90   data required time
         -19.15   data arrival time
---------------------------------------------------------
           0.75   slack (MET)


Startpoint: gen_col[13].u_pe_col/gen_pe[0].u_pe/_4255_
            (rising edge-triggered flip-flop clocked by clk)
Endpoint: gen_col[14].u_pe_col/gen_pe[0].u_pe/_4326_
          (rising edge-triggered flip-flop clocked by clk)
Path Group: clk
Path Type: max

  Delay    Time   Description
---------------------------------------------------------
   0.00    0.00   clock clk (rise edge)
   0.00    0.00   clock network delay (ideal)
   0.00    0.00 ^ gen_col[13].u_pe_col/gen_pe[0].u_pe/_4255_/CLK (sky130_fd_sc_hd__dfrtp_1)
   0.49    0.49 ^ gen_col[13].u_pe_col/gen_pe[0].u_pe/_4255_/Q (sky130_fd_sc_hd__dfrtp_1)
   0.13    0.63 v gen_col[14].u_pe_col/gen_pe[0].u_pe/_2965_/Y (sky130_fd_sc_hd__o21ai_0)
   5.62    6.24 ^ gen_col[14].u_pe_col/gen_pe[0].u_pe/_2966_/Y (sky130_fd_sc_hd__a21oi_1)
   0.46    6.70 v gen_col[14].u_pe_col/gen_pe[0].u_pe/_3689_/Y (sky130_fd_sc_hd__xnor2_1)
   0.40    7.10 v gen_col[14].u_pe_col/gen_pe[0].u_pe/_3691_/X (sky130_fd_sc_hd__xor2_1)
   0.26    7.36 ^ gen_col[14].u_pe_col/gen_pe[0].u_pe/_3692_/Y (sky130_fd_sc_hd__xnor2_1)
   0.47    7.83 v gen_col[14].u_pe_col/gen_pe[0].u_pe/_3726_/X (sky130_fd_sc_hd__xnor3_1)
   0.20    8.02 ^ gen_col[14].u_pe_col/gen_pe[0].u_pe/_3755_/Y (sky130_fd_sc_hd__xnor2_1)
   0.17    8.19 ^ gen_col[14].u_pe_col/gen_pe[0].u_pe/_3782_/Y (sky130_fd_sc_hd__xnor2_1)
   0.19    8.38 ^ gen_col[14].u_pe_col/gen_pe[0].u_pe/_3845_/Y (sky130_fd_sc_hd__xnor2_1)
   0.12    8.50 v gen_col[14].u_pe_col/gen_pe[0].u_pe/_3849_/Y (sky130_fd_sc_hd__a211oi_1)
   0.29    8.79 ^ gen_col[14].u_pe_col/gen_pe[0].u_pe/_3851_/Y (sky130_fd_sc_hd__o31ai_1)
   0.14    8.93 v gen_col[14].u_pe_col/gen_pe[0].u_pe/_3853_/Y (sky130_fd_sc_hd__a21oi_1)
   0.27    9.20 ^ gen_col[14].u_pe_col/gen_pe[0].u_pe/_3855_/Y (sky130_fd_sc_hd__o21ai_0)
   0.13    9.33 v gen_col[14].u_pe_col/gen_pe[0].u_pe/_3857_/Y (sky130_fd_sc_hd__a21oi_1)
   0.20    9.53 ^ gen_col[14].u_pe_col/gen_pe[0].u_pe/_3859_/Y (sky130_fd_sc_hd__o21bai_1)
   0.15    9.68 v gen_col[14].u_pe_col/gen_pe[0].u_pe/_3861_/Y (sky130_fd_sc_hd__a21boi_0)
   0.23    9.91 ^ gen_col[14].u_pe_col/gen_pe[0].u_pe/_3863_/Y (sky130_fd_sc_hd__o21bai_1)
   0.25   10.16 ^ gen_col[14].u_pe_col/gen_pe[0].u_pe/_3865_/X (sky130_fd_sc_hd__maj3_1)
   0.09   10.25 v gen_col[14].u_pe_col/gen_pe[0].u_pe/_3870_/Y (sky130_fd_sc_hd__nand3b_1)
   0.16   10.41 ^ gen_col[14].u_pe_col/gen_pe[0].u_pe/_3875_/Y (sky130_fd_sc_hd__a21oi_1)
   0.18   10.58 ^ gen_col[14].u_pe_col/gen_pe[0].u_pe/_3877_/X (sky130_fd_sc_hd__o21a_1)
   0.11   10.69 v gen_col[14].u_pe_col/gen_pe[0].u_pe/_3897_/Y (sky130_fd_sc_hd__o211ai_1)
   0.30   11.00 ^ gen_col[14].u_pe_col/gen_pe[0].u_pe/_3904_/Y (sky130_fd_sc_hd__a211oi_1)
   0.16   11.15 v gen_col[14].u_pe_col/gen_pe[0].u_pe/_3919_/Y (sky130_fd_sc_hd__o211ai_1)
   0.27   11.42 ^ gen_col[14].u_pe_col/gen_pe[0].u_pe/_3922_/Y (sky130_fd_sc_hd__a21oi_1)
   0.15   11.57 v gen_col[14].u_pe_col/gen_pe[0].u_pe/_3926_/Y (sky130_fd_sc_hd__o2111ai_1)
   0.19   11.76 ^ gen_col[14].u_pe_col/gen_pe[0].u_pe/_3929_/Y (sky130_fd_sc_hd__a21oi_1)
   0.13   11.89 v gen_col[14].u_pe_col/gen_pe[0].u_pe/_3931_/Y (sky130_fd_sc_hd__o21ai_0)
   0.23   12.12 ^ gen_col[14].u_pe_col/gen_pe[0].u_pe/_3933_/Y (sky130_fd_sc_hd__a21oi_1)
   0.16   12.28 ^ gen_col[14].u_pe_col/gen_pe[0].u_pe/_3935_/X (sky130_fd_sc_hd__o21a_1)
   0.10   12.37 v gen_col[14].u_pe_col/gen_pe[0].u_pe/_3937_/Y (sky130_fd_sc_hd__o21ai_0)
   0.20   12.58 ^ gen_col[14].u_pe_col/gen_pe[0].u_pe/_3939_/X (sky130_fd_sc_hd__or3b_1)
   0.12   12.69 v gen_col[14].u_pe_col/gen_pe[0].u_pe/_3941_/Y (sky130_fd_sc_hd__a31oi_1)
   0.40   13.09 v gen_col[14].u_pe_col/gen_pe[0].u_pe/_3942_/X (sky130_fd_sc_hd__maj3_1)
   0.39   13.48 v gen_col[14].u_pe_col/gen_pe[0].u_pe/_3944_/X (sky130_fd_sc_hd__maj3_1)
   0.40   13.89 v gen_col[14].u_pe_col/gen_pe[0].u_pe/_3946_/X (sky130_fd_sc_hd__maj3_1)
   0.25   14.14 ^ gen_col[14].u_pe_col/gen_pe[0].u_pe/_3951_/Y (sky130_fd_sc_hd__o211ai_1)
   0.16   14.29 v gen_col[14].u_pe_col/gen_pe[0].u_pe/_3955_/Y (sky130_fd_sc_hd__a311oi_1)
   0.30   14.60 ^ gen_col[14].u_pe_col/gen_pe[0].u_pe/_3957_/Y (sky130_fd_sc_hd__o31ai_1)
   0.17   14.77 v gen_col[14].u_pe_col/gen_pe[0].u_pe/_3960_/Y (sky130_fd_sc_hd__a22oi_1)
   0.41   15.18 v gen_col[14].u_pe_col/gen_pe[0].u_pe/_3961_/X (sky130_fd_sc_hd__maj3_1)
   0.40   15.58 v gen_col[14].u_pe_col/gen_pe[0].u_pe/_3963_/X (sky130_fd_sc_hd__maj3_1)
   0.33   15.91 ^ gen_col[14].u_pe_col/gen_pe[0].u_pe/_3992_/Y (sky130_fd_sc_hd__o31ai_1)
   0.17   16.08 v gen_col[14].u_pe_col/gen_pe[0].u_pe/_4007_/Y (sky130_fd_sc_hd__a31oi_1)
   0.40   16.48 v gen_col[14].u_pe_col/gen_pe[0].u_pe/_4009_/X (sky130_fd_sc_hd__maj3_1)
   0.39   16.87 v gen_col[14].u_pe_col/gen_pe[0].u_pe/_4010_/X (sky130_fd_sc_hd__maj3_1)
   0.39   17.26 v gen_col[14].u_pe_col/gen_pe[0].u_pe/_4013_/X (sky130_fd_sc_hd__maj3_1)
   0.39   17.64 v gen_col[14].u_pe_col/gen_pe[0].u_pe/_4015_/X (sky130_fd_sc_hd__maj3_1)
   0.39   18.03 v gen_col[14].u_pe_col/gen_pe[0].u_pe/_4018_/X (sky130_fd_sc_hd__maj3_1)
   0.40   18.44 v gen_col[14].u_pe_col/gen_pe[0].u_pe/_4020_/X (sky130_fd_sc_hd__maj3_1)
   0.22   18.66 ^ gen_col[14].u_pe_col/gen_pe[0].u_pe/_4052_/Y (sky130_fd_sc_hd__nor3b_1)
   0.15   18.81 v gen_col[14].u_pe_col/gen_pe[0].u_pe/_4068_/Y (sky130_fd_sc_hd__o21ai_0)
   0.18   18.99 v gen_col[14].u_pe_col/gen_pe[0].u_pe/_4236_/X (sky130_fd_sc_hd__and3_1)
   0.17   19.15 ^ gen_col[14].u_pe_col/gen_pe[0].u_pe/_4237_/Y (sky130_fd_sc_hd__o31ai_1)
   0.00   19.15 ^ gen_col[14].u_pe_col/gen_pe[0].u_pe/_4326_/D (sky130_fd_sc_hd__dfrtp_1)
          19.15   data arrival time

  20.00   20.00   clock clk (rise edge)
   0.00   20.00   clock network delay (ideal)
   0.00   20.00   clock reconvergence pessimism
          20.00 ^ gen_col[14].u_pe_col/gen_pe[0].u_pe/_4326_/CLK (sky130_fd_sc_hd__dfrtp_1)
  -0.10   19.90   library setup time
          19.90   data required time
---------------------------------------------------------
          19.90   data required time
         -19.15   data arrival time
---------------------------------------------------------
           0.75   slack (MET)


Timing Analysis Completed.
