OpenSTA 3.1.0  Copyright (c) 2026, Parallax Software, Inc.
License GPLv3: GNU GPL version 3 <http://gnu.org/licenses/gpl.html>

This is free software, and you are free to change and redistribute it
under certain conditions; type `show_copying' for details. 
This program comes with ABSOLUTELY NO WARRANTY; for details type `show_warranty'.
Warning 503: timing.tcl line 1, report_checks -group_count is deprecated. Use -group_path_count instead.
Startpoint: gen_col[0].u_pe_col/gen_pe[0].u_pe/_5255_
            (rising edge-triggered flip-flop clocked by clk)
Endpoint: gen_col[0].u_pe_col/gen_pe[0].u_pe/_5387_
          (rising edge-triggered flip-flop clocked by clk)
Path Group: clk
Path Type: max

  Delay    Time   Description
---------------------------------------------------------
   0.00    0.00   clock clk (rise edge)
   0.00    0.00   clock network delay (ideal)
   0.00    0.00 ^ gen_col[0].u_pe_col/gen_pe[0].u_pe/_5255_/CLK (sky130_fd_sc_hd__dfrtp_1)
   0.40    0.40 ^ gen_col[0].u_pe_col/gen_pe[0].u_pe/_5255_/Q (sky130_fd_sc_hd__dfrtp_1)
  10.19   10.59 ^ gen_col[0].u_pe_col/gen_pe[0].u_pe/_3589_/X (sky130_fd_sc_hd__and2_0)
   1.56   12.15 ^ gen_col[0].u_pe_col/gen_pe[0].u_pe/_4658_/X (sky130_fd_sc_hd__maj3_1)
   0.27   12.41 v gen_col[0].u_pe_col/gen_pe[0].u_pe/_4662_/X (sky130_fd_sc_hd__xnor3_1)
   0.42   12.83 v gen_col[0].u_pe_col/gen_pe[0].u_pe/_4685_/X (sky130_fd_sc_hd__or3_1)
   0.39   13.23 v gen_col[0].u_pe_col/gen_pe[0].u_pe/_4687_/X (sky130_fd_sc_hd__maj3_1)
   0.39   13.62 v gen_col[0].u_pe_col/gen_pe[0].u_pe/_4690_/X (sky130_fd_sc_hd__maj3_1)
   0.39   14.01 v gen_col[0].u_pe_col/gen_pe[0].u_pe/_4692_/X (sky130_fd_sc_hd__maj3_1)
   0.22   14.22 v gen_col[0].u_pe_col/gen_pe[0].u_pe/_4694_/X (sky130_fd_sc_hd__o21a_1)
   0.38   14.61 v gen_col[0].u_pe_col/gen_pe[0].u_pe/_4696_/X (sky130_fd_sc_hd__maj3_1)
   0.40   15.00 v gen_col[0].u_pe_col/gen_pe[0].u_pe/_4698_/X (sky130_fd_sc_hd__maj3_1)
   0.40   15.40 v gen_col[0].u_pe_col/gen_pe[0].u_pe/_4700_/X (sky130_fd_sc_hd__maj3_1)
   0.40   15.79 v gen_col[0].u_pe_col/gen_pe[0].u_pe/_4702_/X (sky130_fd_sc_hd__maj3_1)
   0.40   16.20 v gen_col[0].u_pe_col/gen_pe[0].u_pe/_4704_/X (sky130_fd_sc_hd__maj3_1)
   0.22   16.42 ^ gen_col[0].u_pe_col/gen_pe[0].u_pe/_4708_/Y (sky130_fd_sc_hd__o211ai_1)
   0.14   16.56 v gen_col[0].u_pe_col/gen_pe[0].u_pe/_4710_/Y (sky130_fd_sc_hd__a31oi_1)
   0.40   16.96 v gen_col[0].u_pe_col/gen_pe[0].u_pe/_4712_/X (sky130_fd_sc_hd__maj3_1)
   0.40   17.36 v gen_col[0].u_pe_col/gen_pe[0].u_pe/_4714_/X (sky130_fd_sc_hd__maj3_1)
   0.40   17.75 v gen_col[0].u_pe_col/gen_pe[0].u_pe/_4716_/X (sky130_fd_sc_hd__maj3_1)
   0.40   18.15 v gen_col[0].u_pe_col/gen_pe[0].u_pe/_4718_/X (sky130_fd_sc_hd__maj3_1)
   0.40   18.55 v gen_col[0].u_pe_col/gen_pe[0].u_pe/_4720_/X (sky130_fd_sc_hd__maj3_1)
   0.22   18.77 ^ gen_col[0].u_pe_col/gen_pe[0].u_pe/_4724_/Y (sky130_fd_sc_hd__o211ai_1)
   0.14   18.91 v gen_col[0].u_pe_col/gen_pe[0].u_pe/_4726_/Y (sky130_fd_sc_hd__a31oi_1)
   0.39   19.31 v gen_col[0].u_pe_col/gen_pe[0].u_pe/_4728_/X (sky130_fd_sc_hd__maj3_1)
   0.22   19.52 ^ gen_col[0].u_pe_col/gen_pe[0].u_pe/_4734_/Y (sky130_fd_sc_hd__o211ai_1)
   0.12   19.65 v gen_col[0].u_pe_col/gen_pe[0].u_pe/_4737_/Y (sky130_fd_sc_hd__a311oi_1)
   0.35   20.00 ^ gen_col[0].u_pe_col/gen_pe[0].u_pe/_4741_/Y (sky130_fd_sc_hd__o311ai_0)
   0.18   20.18 v gen_col[0].u_pe_col/gen_pe[0].u_pe/_4743_/Y (sky130_fd_sc_hd__a31oi_1)
   0.41   20.59 v gen_col[0].u_pe_col/gen_pe[0].u_pe/_4745_/X (sky130_fd_sc_hd__maj3_1)
   0.40   20.98 v gen_col[0].u_pe_col/gen_pe[0].u_pe/_4747_/X (sky130_fd_sc_hd__maj3_1)
   0.40   21.38 v gen_col[0].u_pe_col/gen_pe[0].u_pe/_4749_/X (sky130_fd_sc_hd__maj3_1)
   0.40   21.78 v gen_col[0].u_pe_col/gen_pe[0].u_pe/_4751_/X (sky130_fd_sc_hd__maj3_1)
   0.40   22.18 v gen_col[0].u_pe_col/gen_pe[0].u_pe/_4753_/X (sky130_fd_sc_hd__maj3_1)
   0.21   22.39 ^ gen_col[0].u_pe_col/gen_pe[0].u_pe/_4756_/Y (sky130_fd_sc_hd__o211ai_1)
   0.21   22.59 ^ gen_col[0].u_pe_col/gen_pe[0].u_pe/_4757_/X (sky130_fd_sc_hd__and3_1)
   0.13   22.72 v gen_col[0].u_pe_col/gen_pe[0].u_pe/_4759_/Y (sky130_fd_sc_hd__o21ai_0)
   0.23   22.95 v gen_col[0].u_pe_col/gen_pe[0].u_pe/_4762_/X (sky130_fd_sc_hd__a21o_1)
   0.37   23.32 v gen_col[0].u_pe_col/gen_pe[0].u_pe/_4765_/X (sky130_fd_sc_hd__a311o_1)
   0.37   23.70 ^ gen_col[0].u_pe_col/gen_pe[0].u_pe/_4768_/Y (sky130_fd_sc_hd__a311oi_1)
   0.22   23.91 ^ gen_col[0].u_pe_col/gen_pe[0].u_pe/_4771_/X (sky130_fd_sc_hd__o311a_1)
   0.11   24.03 v gen_col[0].u_pe_col/gen_pe[0].u_pe/_4773_/Y (sky130_fd_sc_hd__o21ai_0)
   0.23   24.26 v gen_col[0].u_pe_col/gen_pe[0].u_pe/_4775_/X (sky130_fd_sc_hd__a21o_1)
   0.33   24.58 ^ gen_col[0].u_pe_col/gen_pe[0].u_pe/_4778_/Y (sky130_fd_sc_hd__a311oi_1)
   0.17   24.75 v gen_col[0].u_pe_col/gen_pe[0].u_pe/_4781_/Y (sky130_fd_sc_hd__o311ai_0)
   0.28   25.03 ^ gen_col[0].u_pe_col/gen_pe[0].u_pe/_4782_/Y (sky130_fd_sc_hd__a21oi_1)
   0.15   25.18 v gen_col[0].u_pe_col/gen_pe[0].u_pe/_4790_/Y (sky130_fd_sc_hd__o2111ai_1)
   0.17   25.34 ^ gen_col[0].u_pe_col/gen_pe[0].u_pe/_4792_/Y (sky130_fd_sc_hd__o21ai_0)
   0.10   25.45 v gen_col[0].u_pe_col/gen_pe[0].u_pe/_4808_/Y (sky130_fd_sc_hd__a21oi_1)
   0.38   25.83 v gen_col[0].u_pe_col/gen_pe[0].u_pe/_4811_/X (sky130_fd_sc_hd__maj3_1)
   0.40   26.22 v gen_col[0].u_pe_col/gen_pe[0].u_pe/_4814_/X (sky130_fd_sc_hd__maj3_1)
   0.40   26.62 v gen_col[0].u_pe_col/gen_pe[0].u_pe/_4816_/X (sky130_fd_sc_hd__maj3_1)
   0.40   27.02 v gen_col[0].u_pe_col/gen_pe[0].u_pe/_4818_/X (sky130_fd_sc_hd__maj3_1)
   0.40   27.41 v gen_col[0].u_pe_col/gen_pe[0].u_pe/_4820_/X (sky130_fd_sc_hd__maj3_1)
   0.41   27.82 v gen_col[0].u_pe_col/gen_pe[0].u_pe/_4822_/X (sky130_fd_sc_hd__maj3_1)
   0.24   28.06 ^ gen_col[0].u_pe_col/gen_pe[0].u_pe/_4827_/Y (sky130_fd_sc_hd__o211ai_1)
   0.13   28.20 v gen_col[0].u_pe_col/gen_pe[0].u_pe/_4829_/Y (sky130_fd_sc_hd__a31oi_1)
   0.40   28.59 v gen_col[0].u_pe_col/gen_pe[0].u_pe/_4832_/X (sky130_fd_sc_hd__maj3_1)
   0.24   28.84 ^ gen_col[0].u_pe_col/gen_pe[0].u_pe/_4836_/Y (sky130_fd_sc_hd__o211ai_1)
   0.14   28.98 v gen_col[0].u_pe_col/gen_pe[0].u_pe/_4839_/Y (sky130_fd_sc_hd__a311oi_1)
   0.37   29.35 ^ gen_col[0].u_pe_col/gen_pe[0].u_pe/_4842_/Y (sky130_fd_sc_hd__o311ai_0)
   0.18   29.53 v gen_col[0].u_pe_col/gen_pe[0].u_pe/_4844_/Y (sky130_fd_sc_hd__a31oi_1)
   0.41   29.94 v gen_col[0].u_pe_col/gen_pe[0].u_pe/_4846_/X (sky130_fd_sc_hd__maj3_1)
   0.25   30.19 v gen_col[0].u_pe_col/gen_pe[0].u_pe/_4849_/X (sky130_fd_sc_hd__o211a_1)
   0.31   30.50 ^ gen_col[0].u_pe_col/gen_pe[0].u_pe/_4851_/Y (sky130_fd_sc_hd__o32ai_1)
   0.18   30.68 v gen_col[0].u_pe_col/gen_pe[0].u_pe/_4853_/Y (sky130_fd_sc_hd__a21oi_1)
   0.22   30.90 ^ gen_col[0].u_pe_col/gen_pe[0].u_pe/_4856_/Y (sky130_fd_sc_hd__o211ai_1)
   0.13   31.03 v gen_col[0].u_pe_col/gen_pe[0].u_pe/_4859_/Y (sky130_fd_sc_hd__a311oi_1)
   0.32   31.35 ^ gen_col[0].u_pe_col/gen_pe[0].u_pe/_4861_/Y (sky130_fd_sc_hd__o31ai_1)
   0.26   31.61 ^ gen_col[0].u_pe_col/gen_pe[0].u_pe/_4864_/X (sky130_fd_sc_hd__maj3_1)
   0.08   31.69 v gen_col[0].u_pe_col/gen_pe[0].u_pe/_4868_/Y (sky130_fd_sc_hd__a211oi_1)
   0.32   32.01 ^ gen_col[0].u_pe_col/gen_pe[0].u_pe/_4870_/Y (sky130_fd_sc_hd__o31ai_1)
   0.27   32.29 ^ gen_col[0].u_pe_col/gen_pe[0].u_pe/_4872_/X (sky130_fd_sc_hd__maj3_1)
   0.21   32.49 ^ gen_col[0].u_pe_col/gen_pe[0].u_pe/_4875_/X (sky130_fd_sc_hd__maj3_1)
   0.21   32.70 ^ gen_col[0].u_pe_col/gen_pe[0].u_pe/_4877_/X (sky130_fd_sc_hd__maj3_1)
   0.21   32.91 ^ gen_col[0].u_pe_col/gen_pe[0].u_pe/_4879_/X (sky130_fd_sc_hd__maj3_1)
   0.21   33.11 ^ gen_col[0].u_pe_col/gen_pe[0].u_pe/_4881_/X (sky130_fd_sc_hd__maj3_1)
   0.21   33.32 ^ gen_col[0].u_pe_col/gen_pe[0].u_pe/_4883_/X (sky130_fd_sc_hd__maj3_1)
   0.22   33.54 ^ gen_col[0].u_pe_col/gen_pe[0].u_pe/_4885_/X (sky130_fd_sc_hd__maj3_1)
   0.09   33.64 v gen_col[0].u_pe_col/gen_pe[0].u_pe/_4888_/Y (sky130_fd_sc_hd__a211oi_1)
   0.32   33.95 ^ gen_col[0].u_pe_col/gen_pe[0].u_pe/_4891_/Y (sky130_fd_sc_hd__o31ai_1)
   0.29   34.24 ^ gen_col[0].u_pe_col/gen_pe[0].u_pe/_4893_/X (sky130_fd_sc_hd__maj3_1)
   0.10   34.34 v gen_col[0].u_pe_col/gen_pe[0].u_pe/_4896_/Y (sky130_fd_sc_hd__a211oi_1)
   0.41   34.75 ^ gen_col[0].u_pe_col/gen_pe[0].u_pe/_4899_/Y (sky130_fd_sc_hd__o311ai_0)
   0.25   35.01 ^ gen_col[0].u_pe_col/gen_pe[0].u_pe/_4902_/X (sky130_fd_sc_hd__a311o_1)
   0.11   35.11 v gen_col[0].u_pe_col/gen_pe[0].u_pe/_4904_/Y (sky130_fd_sc_hd__a31oi_1)
   0.27   35.39 ^ gen_col[0].u_pe_col/gen_pe[0].u_pe/_4907_/Y (sky130_fd_sc_hd__o21ai_0)
   0.26   35.65 ^ gen_col[0].u_pe_col/gen_pe[0].u_pe/_4909_/X (sky130_fd_sc_hd__maj3_1)
   0.21   35.85 ^ gen_col[0].u_pe_col/gen_pe[0].u_pe/_4912_/X (sky130_fd_sc_hd__maj3_1)
   0.20   36.06 ^ gen_col[0].u_pe_col/gen_pe[0].u_pe/_4914_/X (sky130_fd_sc_hd__maj3_1)
   0.22   36.27 ^ gen_col[0].u_pe_col/gen_pe[0].u_pe/_4917_/X (sky130_fd_sc_hd__maj3_1)
   0.10   36.38 v gen_col[0].u_pe_col/gen_pe[0].u_pe/_4920_/Y (sky130_fd_sc_hd__a211oi_1)
   0.23   36.61 ^ gen_col[0].u_pe_col/gen_pe[0].u_pe/_4922_/Y (sky130_fd_sc_hd__o31ai_1)
   0.21   36.82 ^ gen_col[0].u_pe_col/gen_pe[0].u_pe/_4924_/X (sky130_fd_sc_hd__and2_0)
   0.15   36.97 ^ gen_col[0].u_pe_col/gen_pe[0].u_pe/_4926_/X (sky130_fd_sc_hd__o21a_1)
   0.14   37.12 ^ gen_col[0].u_pe_col/gen_pe[0].u_pe/_4928_/X (sky130_fd_sc_hd__o21a_1)
   0.14   37.26 ^ gen_col[0].u_pe_col/gen_pe[0].u_pe/_4930_/X (sky130_fd_sc_hd__o21a_1)
   0.13   37.40 ^ gen_col[0].u_pe_col/gen_pe[0].u_pe/_4932_/X (sky130_fd_sc_hd__o21a_1)
   0.11   37.51 v gen_col[0].u_pe_col/gen_pe[0].u_pe/_4941_/Y (sky130_fd_sc_hd__o21ai_0)
   0.23   37.74 v gen_col[0].u_pe_col/gen_pe[0].u_pe/_5249_/X (sky130_fd_sc_hd__a31o_1)
   0.12   37.85 ^ gen_col[0].u_pe_col/gen_pe[0].u_pe/_5250_/Y (sky130_fd_sc_hd__o21ai_0)
   0.00   37.85 ^ gen_col[0].u_pe_col/gen_pe[0].u_pe/_5387_/D (sky130_fd_sc_hd__dfrtp_1)
          37.85   data arrival time

  20.00   20.00   clock clk (rise edge)
   0.00   20.00   clock network delay (ideal)
   0.00   20.00   clock reconvergence pessimism
          20.00 ^ gen_col[0].u_pe_col/gen_pe[0].u_pe/_5387_/CLK (sky130_fd_sc_hd__dfrtp_1)
  -0.13   19.87   library setup time
          19.87   data required time
---------------------------------------------------------
          19.87   data required time
         -37.85   data arrival time
---------------------------------------------------------
         -17.98   slack (VIOLATED)


Startpoint: gen_col[1].u_pe_col/gen_pe[0].u_pe/_5255_
            (rising edge-triggered flip-flop clocked by clk)
Endpoint: gen_col[1].u_pe_col/gen_pe[0].u_pe/_5387_
          (rising edge-triggered flip-flop clocked by clk)
Path Group: clk
Path Type: max

  Delay    Time   Description
---------------------------------------------------------
   0.00    0.00   clock clk (rise edge)
   0.00    0.00   clock network delay (ideal)
   0.00    0.00 ^ gen_col[1].u_pe_col/gen_pe[0].u_pe/_5255_/CLK (sky130_fd_sc_hd__dfrtp_1)
   0.40    0.40 ^ gen_col[1].u_pe_col/gen_pe[0].u_pe/_5255_/Q (sky130_fd_sc_hd__dfrtp_1)
  10.19   10.59 ^ gen_col[1].u_pe_col/gen_pe[0].u_pe/_3589_/X (sky130_fd_sc_hd__and2_0)
   1.56   12.15 ^ gen_col[1].u_pe_col/gen_pe[0].u_pe/_4658_/X (sky130_fd_sc_hd__maj3_1)
   0.27   12.41 v gen_col[1].u_pe_col/gen_pe[0].u_pe/_4662_/X (sky130_fd_sc_hd__xnor3_1)
   0.42   12.83 v gen_col[1].u_pe_col/gen_pe[0].u_pe/_4685_/X (sky130_fd_sc_hd__or3_1)
   0.39   13.23 v gen_col[1].u_pe_col/gen_pe[0].u_pe/_4687_/X (sky130_fd_sc_hd__maj3_1)
   0.39   13.62 v gen_col[1].u_pe_col/gen_pe[0].u_pe/_4690_/X (sky130_fd_sc_hd__maj3_1)
   0.39   14.01 v gen_col[1].u_pe_col/gen_pe[0].u_pe/_4692_/X (sky130_fd_sc_hd__maj3_1)
   0.22   14.22 v gen_col[1].u_pe_col/gen_pe[0].u_pe/_4694_/X (sky130_fd_sc_hd__o21a_1)
   0.38   14.61 v gen_col[1].u_pe_col/gen_pe[0].u_pe/_4696_/X (sky130_fd_sc_hd__maj3_1)
   0.40   15.00 v gen_col[1].u_pe_col/gen_pe[0].u_pe/_4698_/X (sky130_fd_sc_hd__maj3_1)
   0.40   15.40 v gen_col[1].u_pe_col/gen_pe[0].u_pe/_4700_/X (sky130_fd_sc_hd__maj3_1)
   0.40   15.79 v gen_col[1].u_pe_col/gen_pe[0].u_pe/_4702_/X (sky130_fd_sc_hd__maj3_1)
   0.40   16.20 v gen_col[1].u_pe_col/gen_pe[0].u_pe/_4704_/X (sky130_fd_sc_hd__maj3_1)
   0.22   16.42 ^ gen_col[1].u_pe_col/gen_pe[0].u_pe/_4708_/Y (sky130_fd_sc_hd__o211ai_1)
   0.14   16.56 v gen_col[1].u_pe_col/gen_pe[0].u_pe/_4710_/Y (sky130_fd_sc_hd__a31oi_1)
   0.40   16.96 v gen_col[1].u_pe_col/gen_pe[0].u_pe/_4712_/X (sky130_fd_sc_hd__maj3_1)
   0.40   17.36 v gen_col[1].u_pe_col/gen_pe[0].u_pe/_4714_/X (sky130_fd_sc_hd__maj3_1)
   0.40   17.75 v gen_col[1].u_pe_col/gen_pe[0].u_pe/_4716_/X (sky130_fd_sc_hd__maj3_1)
   0.40   18.15 v gen_col[1].u_pe_col/gen_pe[0].u_pe/_4718_/X (sky130_fd_sc_hd__maj3_1)
   0.40   18.55 v gen_col[1].u_pe_col/gen_pe[0].u_pe/_4720_/X (sky130_fd_sc_hd__maj3_1)
   0.22   18.77 ^ gen_col[1].u_pe_col/gen_pe[0].u_pe/_4724_/Y (sky130_fd_sc_hd__o211ai_1)
   0.14   18.91 v gen_col[1].u_pe_col/gen_pe[0].u_pe/_4726_/Y (sky130_fd_sc_hd__a31oi_1)
   0.39   19.31 v gen_col[1].u_pe_col/gen_pe[0].u_pe/_4728_/X (sky130_fd_sc_hd__maj3_1)
   0.22   19.52 ^ gen_col[1].u_pe_col/gen_pe[0].u_pe/_4734_/Y (sky130_fd_sc_hd__o211ai_1)
   0.12   19.65 v gen_col[1].u_pe_col/gen_pe[0].u_pe/_4737_/Y (sky130_fd_sc_hd__a311oi_1)
   0.35   20.00 ^ gen_col[1].u_pe_col/gen_pe[0].u_pe/_4741_/Y (sky130_fd_sc_hd__o311ai_0)
   0.18   20.18 v gen_col[1].u_pe_col/gen_pe[0].u_pe/_4743_/Y (sky130_fd_sc_hd__a31oi_1)
   0.41   20.59 v gen_col[1].u_pe_col/gen_pe[0].u_pe/_4745_/X (sky130_fd_sc_hd__maj3_1)
   0.40   20.98 v gen_col[1].u_pe_col/gen_pe[0].u_pe/_4747_/X (sky130_fd_sc_hd__maj3_1)
   0.40   21.38 v gen_col[1].u_pe_col/gen_pe[0].u_pe/_4749_/X (sky130_fd_sc_hd__maj3_1)
   0.40   21.78 v gen_col[1].u_pe_col/gen_pe[0].u_pe/_4751_/X (sky130_fd_sc_hd__maj3_1)
   0.40   22.18 v gen_col[1].u_pe_col/gen_pe[0].u_pe/_4753_/X (sky130_fd_sc_hd__maj3_1)
   0.21   22.39 ^ gen_col[1].u_pe_col/gen_pe[0].u_pe/_4756_/Y (sky130_fd_sc_hd__o211ai_1)
   0.21   22.59 ^ gen_col[1].u_pe_col/gen_pe[0].u_pe/_4757_/X (sky130_fd_sc_hd__and3_1)
   0.13   22.72 v gen_col[1].u_pe_col/gen_pe[0].u_pe/_4759_/Y (sky130_fd_sc_hd__o21ai_0)
   0.23   22.95 v gen_col[1].u_pe_col/gen_pe[0].u_pe/_4762_/X (sky130_fd_sc_hd__a21o_1)
   0.37   23.32 v gen_col[1].u_pe_col/gen_pe[0].u_pe/_4765_/X (sky130_fd_sc_hd__a311o_1)
   0.37   23.70 ^ gen_col[1].u_pe_col/gen_pe[0].u_pe/_4768_/Y (sky130_fd_sc_hd__a311oi_1)
   0.22   23.91 ^ gen_col[1].u_pe_col/gen_pe[0].u_pe/_4771_/X (sky130_fd_sc_hd__o311a_1)
   0.11   24.03 v gen_col[1].u_pe_col/gen_pe[0].u_pe/_4773_/Y (sky130_fd_sc_hd__o21ai_0)
   0.23   24.26 v gen_col[1].u_pe_col/gen_pe[0].u_pe/_4775_/X (sky130_fd_sc_hd__a21o_1)
   0.33   24.58 ^ gen_col[1].u_pe_col/gen_pe[0].u_pe/_4778_/Y (sky130_fd_sc_hd__a311oi_1)
   0.17   24.75 v gen_col[1].u_pe_col/gen_pe[0].u_pe/_4781_/Y (sky130_fd_sc_hd__o311ai_0)
   0.28   25.03 ^ gen_col[1].u_pe_col/gen_pe[0].u_pe/_4782_/Y (sky130_fd_sc_hd__a21oi_1)
   0.15   25.18 v gen_col[1].u_pe_col/gen_pe[0].u_pe/_4790_/Y (sky130_fd_sc_hd__o2111ai_1)
   0.17   25.34 ^ gen_col[1].u_pe_col/gen_pe[0].u_pe/_4792_/Y (sky130_fd_sc_hd__o21ai_0)
   0.10   25.45 v gen_col[1].u_pe_col/gen_pe[0].u_pe/_4808_/Y (sky130_fd_sc_hd__a21oi_1)
   0.38   25.83 v gen_col[1].u_pe_col/gen_pe[0].u_pe/_4811_/X (sky130_fd_sc_hd__maj3_1)
   0.40   26.22 v gen_col[1].u_pe_col/gen_pe[0].u_pe/_4814_/X (sky130_fd_sc_hd__maj3_1)
   0.40   26.62 v gen_col[1].u_pe_col/gen_pe[0].u_pe/_4816_/X (sky130_fd_sc_hd__maj3_1)
   0.40   27.02 v gen_col[1].u_pe_col/gen_pe[0].u_pe/_4818_/X (sky130_fd_sc_hd__maj3_1)
   0.40   27.41 v gen_col[1].u_pe_col/gen_pe[0].u_pe/_4820_/X (sky130_fd_sc_hd__maj3_1)
   0.41   27.82 v gen_col[1].u_pe_col/gen_pe[0].u_pe/_4822_/X (sky130_fd_sc_hd__maj3_1)
   0.24   28.06 ^ gen_col[1].u_pe_col/gen_pe[0].u_pe/_4827_/Y (sky130_fd_sc_hd__o211ai_1)
   0.13   28.20 v gen_col[1].u_pe_col/gen_pe[0].u_pe/_4829_/Y (sky130_fd_sc_hd__a31oi_1)
   0.40   28.59 v gen_col[1].u_pe_col/gen_pe[0].u_pe/_4832_/X (sky130_fd_sc_hd__maj3_1)
   0.24   28.84 ^ gen_col[1].u_pe_col/gen_pe[0].u_pe/_4836_/Y (sky130_fd_sc_hd__o211ai_1)
   0.14   28.98 v gen_col[1].u_pe_col/gen_pe[0].u_pe/_4839_/Y (sky130_fd_sc_hd__a311oi_1)
   0.37   29.35 ^ gen_col[1].u_pe_col/gen_pe[0].u_pe/_4842_/Y (sky130_fd_sc_hd__o311ai_0)
   0.18   29.53 v gen_col[1].u_pe_col/gen_pe[0].u_pe/_4844_/Y (sky130_fd_sc_hd__a31oi_1)
   0.41   29.94 v gen_col[1].u_pe_col/gen_pe[0].u_pe/_4846_/X (sky130_fd_sc_hd__maj3_1)
   0.25   30.19 v gen_col[1].u_pe_col/gen_pe[0].u_pe/_4849_/X (sky130_fd_sc_hd__o211a_1)
   0.31   30.50 ^ gen_col[1].u_pe_col/gen_pe[0].u_pe/_4851_/Y (sky130_fd_sc_hd__o32ai_1)
   0.18   30.68 v gen_col[1].u_pe_col/gen_pe[0].u_pe/_4853_/Y (sky130_fd_sc_hd__a21oi_1)
   0.22   30.90 ^ gen_col[1].u_pe_col/gen_pe[0].u_pe/_4856_/Y (sky130_fd_sc_hd__o211ai_1)
   0.13   31.03 v gen_col[1].u_pe_col/gen_pe[0].u_pe/_4859_/Y (sky130_fd_sc_hd__a311oi_1)
   0.32   31.35 ^ gen_col[1].u_pe_col/gen_pe[0].u_pe/_4861_/Y (sky130_fd_sc_hd__o31ai_1)
   0.26   31.61 ^ gen_col[1].u_pe_col/gen_pe[0].u_pe/_4864_/X (sky130_fd_sc_hd__maj3_1)
   0.08   31.69 v gen_col[1].u_pe_col/gen_pe[0].u_pe/_4868_/Y (sky130_fd_sc_hd__a211oi_1)
   0.32   32.01 ^ gen_col[1].u_pe_col/gen_pe[0].u_pe/_4870_/Y (sky130_fd_sc_hd__o31ai_1)
   0.27   32.29 ^ gen_col[1].u_pe_col/gen_pe[0].u_pe/_4872_/X (sky130_fd_sc_hd__maj3_1)
   0.21   32.49 ^ gen_col[1].u_pe_col/gen_pe[0].u_pe/_4875_/X (sky130_fd_sc_hd__maj3_1)
   0.21   32.70 ^ gen_col[1].u_pe_col/gen_pe[0].u_pe/_4877_/X (sky130_fd_sc_hd__maj3_1)
   0.21   32.91 ^ gen_col[1].u_pe_col/gen_pe[0].u_pe/_4879_/X (sky130_fd_sc_hd__maj3_1)
   0.21   33.11 ^ gen_col[1].u_pe_col/gen_pe[0].u_pe/_4881_/X (sky130_fd_sc_hd__maj3_1)
   0.21   33.32 ^ gen_col[1].u_pe_col/gen_pe[0].u_pe/_4883_/X (sky130_fd_sc_hd__maj3_1)
   0.22   33.54 ^ gen_col[1].u_pe_col/gen_pe[0].u_pe/_4885_/X (sky130_fd_sc_hd__maj3_1)
   0.09   33.64 v gen_col[1].u_pe_col/gen_pe[0].u_pe/_4888_/Y (sky130_fd_sc_hd__a211oi_1)
   0.32   33.95 ^ gen_col[1].u_pe_col/gen_pe[0].u_pe/_4891_/Y (sky130_fd_sc_hd__o31ai_1)
   0.29   34.24 ^ gen_col[1].u_pe_col/gen_pe[0].u_pe/_4893_/X (sky130_fd_sc_hd__maj3_1)
   0.10   34.34 v gen_col[1].u_pe_col/gen_pe[0].u_pe/_4896_/Y (sky130_fd_sc_hd__a211oi_1)
   0.41   34.75 ^ gen_col[1].u_pe_col/gen_pe[0].u_pe/_4899_/Y (sky130_fd_sc_hd__o311ai_0)
   0.25   35.01 ^ gen_col[1].u_pe_col/gen_pe[0].u_pe/_4902_/X (sky130_fd_sc_hd__a311o_1)
   0.11   35.11 v gen_col[1].u_pe_col/gen_pe[0].u_pe/_4904_/Y (sky130_fd_sc_hd__a31oi_1)
   0.27   35.39 ^ gen_col[1].u_pe_col/gen_pe[0].u_pe/_4907_/Y (sky130_fd_sc_hd__o21ai_0)
   0.26   35.65 ^ gen_col[1].u_pe_col/gen_pe[0].u_pe/_4909_/X (sky130_fd_sc_hd__maj3_1)
   0.21   35.85 ^ gen_col[1].u_pe_col/gen_pe[0].u_pe/_4912_/X (sky130_fd_sc_hd__maj3_1)
   0.20   36.06 ^ gen_col[1].u_pe_col/gen_pe[0].u_pe/_4914_/X (sky130_fd_sc_hd__maj3_1)
   0.22   36.27 ^ gen_col[1].u_pe_col/gen_pe[0].u_pe/_4917_/X (sky130_fd_sc_hd__maj3_1)
   0.10   36.38 v gen_col[1].u_pe_col/gen_pe[0].u_pe/_4920_/Y (sky130_fd_sc_hd__a211oi_1)
   0.23   36.61 ^ gen_col[1].u_pe_col/gen_pe[0].u_pe/_4922_/Y (sky130_fd_sc_hd__o31ai_1)
   0.21   36.82 ^ gen_col[1].u_pe_col/gen_pe[0].u_pe/_4924_/X (sky130_fd_sc_hd__and2_0)
   0.15   36.97 ^ gen_col[1].u_pe_col/gen_pe[0].u_pe/_4926_/X (sky130_fd_sc_hd__o21a_1)
   0.14   37.12 ^ gen_col[1].u_pe_col/gen_pe[0].u_pe/_4928_/X (sky130_fd_sc_hd__o21a_1)
   0.14   37.26 ^ gen_col[1].u_pe_col/gen_pe[0].u_pe/_4930_/X (sky130_fd_sc_hd__o21a_1)
   0.13   37.40 ^ gen_col[1].u_pe_col/gen_pe[0].u_pe/_4932_/X (sky130_fd_sc_hd__o21a_1)
   0.11   37.51 v gen_col[1].u_pe_col/gen_pe[0].u_pe/_4941_/Y (sky130_fd_sc_hd__o21ai_0)
   0.23   37.74 v gen_col[1].u_pe_col/gen_pe[0].u_pe/_5249_/X (sky130_fd_sc_hd__a31o_1)
   0.12   37.85 ^ gen_col[1].u_pe_col/gen_pe[0].u_pe/_5250_/Y (sky130_fd_sc_hd__o21ai_0)
   0.00   37.85 ^ gen_col[1].u_pe_col/gen_pe[0].u_pe/_5387_/D (sky130_fd_sc_hd__dfrtp_1)
          37.85   data arrival time

  20.00   20.00   clock clk (rise edge)
   0.00   20.00   clock network delay (ideal)
   0.00   20.00   clock reconvergence pessimism
          20.00 ^ gen_col[1].u_pe_col/gen_pe[0].u_pe/_5387_/CLK (sky130_fd_sc_hd__dfrtp_1)
  -0.13   19.87   library setup time
          19.87   data required time
---------------------------------------------------------
          19.87   data required time
         -37.85   data arrival time
---------------------------------------------------------
         -17.98   slack (VIOLATED)


Startpoint: gen_col[2].u_pe_col/gen_pe[0].u_pe/_5255_
            (rising edge-triggered flip-flop clocked by clk)
Endpoint: gen_col[2].u_pe_col/gen_pe[0].u_pe/_5387_
          (rising edge-triggered flip-flop clocked by clk)
Path Group: clk
Path Type: max

  Delay    Time   Description
---------------------------------------------------------
   0.00    0.00   clock clk (rise edge)
   0.00    0.00   clock network delay (ideal)
   0.00    0.00 ^ gen_col[2].u_pe_col/gen_pe[0].u_pe/_5255_/CLK (sky130_fd_sc_hd__dfrtp_1)
   0.40    0.40 ^ gen_col[2].u_pe_col/gen_pe[0].u_pe/_5255_/Q (sky130_fd_sc_hd__dfrtp_1)
  10.19   10.59 ^ gen_col[2].u_pe_col/gen_pe[0].u_pe/_3589_/X (sky130_fd_sc_hd__and2_0)
   1.56   12.15 ^ gen_col[2].u_pe_col/gen_pe[0].u_pe/_4658_/X (sky130_fd_sc_hd__maj3_1)
   0.27   12.41 v gen_col[2].u_pe_col/gen_pe[0].u_pe/_4662_/X (sky130_fd_sc_hd__xnor3_1)
   0.42   12.83 v gen_col[2].u_pe_col/gen_pe[0].u_pe/_4685_/X (sky130_fd_sc_hd__or3_1)
   0.39   13.23 v gen_col[2].u_pe_col/gen_pe[0].u_pe/_4687_/X (sky130_fd_sc_hd__maj3_1)
   0.39   13.62 v gen_col[2].u_pe_col/gen_pe[0].u_pe/_4690_/X (sky130_fd_sc_hd__maj3_1)
   0.39   14.01 v gen_col[2].u_pe_col/gen_pe[0].u_pe/_4692_/X (sky130_fd_sc_hd__maj3_1)
   0.22   14.22 v gen_col[2].u_pe_col/gen_pe[0].u_pe/_4694_/X (sky130_fd_sc_hd__o21a_1)
   0.38   14.61 v gen_col[2].u_pe_col/gen_pe[0].u_pe/_4696_/X (sky130_fd_sc_hd__maj3_1)
   0.40   15.00 v gen_col[2].u_pe_col/gen_pe[0].u_pe/_4698_/X (sky130_fd_sc_hd__maj3_1)
   0.40   15.40 v gen_col[2].u_pe_col/gen_pe[0].u_pe/_4700_/X (sky130_fd_sc_hd__maj3_1)
   0.40   15.79 v gen_col[2].u_pe_col/gen_pe[0].u_pe/_4702_/X (sky130_fd_sc_hd__maj3_1)
   0.40   16.20 v gen_col[2].u_pe_col/gen_pe[0].u_pe/_4704_/X (sky130_fd_sc_hd__maj3_1)
   0.22   16.42 ^ gen_col[2].u_pe_col/gen_pe[0].u_pe/_4708_/Y (sky130_fd_sc_hd__o211ai_1)
   0.14   16.56 v gen_col[2].u_pe_col/gen_pe[0].u_pe/_4710_/Y (sky130_fd_sc_hd__a31oi_1)
   0.40   16.96 v gen_col[2].u_pe_col/gen_pe[0].u_pe/_4712_/X (sky130_fd_sc_hd__maj3_1)
   0.40   17.36 v gen_col[2].u_pe_col/gen_pe[0].u_pe/_4714_/X (sky130_fd_sc_hd__maj3_1)
   0.40   17.75 v gen_col[2].u_pe_col/gen_pe[0].u_pe/_4716_/X (sky130_fd_sc_hd__maj3_1)
   0.40   18.15 v gen_col[2].u_pe_col/gen_pe[0].u_pe/_4718_/X (sky130_fd_sc_hd__maj3_1)
   0.40   18.55 v gen_col[2].u_pe_col/gen_pe[0].u_pe/_4720_/X (sky130_fd_sc_hd__maj3_1)
   0.22   18.77 ^ gen_col[2].u_pe_col/gen_pe[0].u_pe/_4724_/Y (sky130_fd_sc_hd__o211ai_1)
   0.14   18.91 v gen_col[2].u_pe_col/gen_pe[0].u_pe/_4726_/Y (sky130_fd_sc_hd__a31oi_1)
   0.39   19.31 v gen_col[2].u_pe_col/gen_pe[0].u_pe/_4728_/X (sky130_fd_sc_hd__maj3_1)
   0.22   19.52 ^ gen_col[2].u_pe_col/gen_pe[0].u_pe/_4734_/Y (sky130_fd_sc_hd__o211ai_1)
   0.12   19.65 v gen_col[2].u_pe_col/gen_pe[0].u_pe/_4737_/Y (sky130_fd_sc_hd__a311oi_1)
   0.35   20.00 ^ gen_col[2].u_pe_col/gen_pe[0].u_pe/_4741_/Y (sky130_fd_sc_hd__o311ai_0)
   0.18   20.18 v gen_col[2].u_pe_col/gen_pe[0].u_pe/_4743_/Y (sky130_fd_sc_hd__a31oi_1)
   0.41   20.59 v gen_col[2].u_pe_col/gen_pe[0].u_pe/_4745_/X (sky130_fd_sc_hd__maj3_1)
   0.40   20.98 v gen_col[2].u_pe_col/gen_pe[0].u_pe/_4747_/X (sky130_fd_sc_hd__maj3_1)
   0.40   21.38 v gen_col[2].u_pe_col/gen_pe[0].u_pe/_4749_/X (sky130_fd_sc_hd__maj3_1)
   0.40   21.78 v gen_col[2].u_pe_col/gen_pe[0].u_pe/_4751_/X (sky130_fd_sc_hd__maj3_1)
   0.40   22.18 v gen_col[2].u_pe_col/gen_pe[0].u_pe/_4753_/X (sky130_fd_sc_hd__maj3_1)
   0.21   22.39 ^ gen_col[2].u_pe_col/gen_pe[0].u_pe/_4756_/Y (sky130_fd_sc_hd__o211ai_1)
   0.21   22.59 ^ gen_col[2].u_pe_col/gen_pe[0].u_pe/_4757_/X (sky130_fd_sc_hd__and3_1)
   0.13   22.72 v gen_col[2].u_pe_col/gen_pe[0].u_pe/_4759_/Y (sky130_fd_sc_hd__o21ai_0)
   0.23   22.95 v gen_col[2].u_pe_col/gen_pe[0].u_pe/_4762_/X (sky130_fd_sc_hd__a21o_1)
   0.37   23.32 v gen_col[2].u_pe_col/gen_pe[0].u_pe/_4765_/X (sky130_fd_sc_hd__a311o_1)
   0.37   23.70 ^ gen_col[2].u_pe_col/gen_pe[0].u_pe/_4768_/Y (sky130_fd_sc_hd__a311oi_1)
   0.22   23.91 ^ gen_col[2].u_pe_col/gen_pe[0].u_pe/_4771_/X (sky130_fd_sc_hd__o311a_1)
   0.11   24.03 v gen_col[2].u_pe_col/gen_pe[0].u_pe/_4773_/Y (sky130_fd_sc_hd__o21ai_0)
   0.23   24.26 v gen_col[2].u_pe_col/gen_pe[0].u_pe/_4775_/X (sky130_fd_sc_hd__a21o_1)
   0.33   24.58 ^ gen_col[2].u_pe_col/gen_pe[0].u_pe/_4778_/Y (sky130_fd_sc_hd__a311oi_1)
   0.17   24.75 v gen_col[2].u_pe_col/gen_pe[0].u_pe/_4781_/Y (sky130_fd_sc_hd__o311ai_0)
   0.28   25.03 ^ gen_col[2].u_pe_col/gen_pe[0].u_pe/_4782_/Y (sky130_fd_sc_hd__a21oi_1)
   0.15   25.18 v gen_col[2].u_pe_col/gen_pe[0].u_pe/_4790_/Y (sky130_fd_sc_hd__o2111ai_1)
   0.17   25.34 ^ gen_col[2].u_pe_col/gen_pe[0].u_pe/_4792_/Y (sky130_fd_sc_hd__o21ai_0)
   0.10   25.45 v gen_col[2].u_pe_col/gen_pe[0].u_pe/_4808_/Y (sky130_fd_sc_hd__a21oi_1)
   0.38   25.83 v gen_col[2].u_pe_col/gen_pe[0].u_pe/_4811_/X (sky130_fd_sc_hd__maj3_1)
   0.40   26.22 v gen_col[2].u_pe_col/gen_pe[0].u_pe/_4814_/X (sky130_fd_sc_hd__maj3_1)
   0.40   26.62 v gen_col[2].u_pe_col/gen_pe[0].u_pe/_4816_/X (sky130_fd_sc_hd__maj3_1)
   0.40   27.02 v gen_col[2].u_pe_col/gen_pe[0].u_pe/_4818_/X (sky130_fd_sc_hd__maj3_1)
   0.40   27.41 v gen_col[2].u_pe_col/gen_pe[0].u_pe/_4820_/X (sky130_fd_sc_hd__maj3_1)
   0.41   27.82 v gen_col[2].u_pe_col/gen_pe[0].u_pe/_4822_/X (sky130_fd_sc_hd__maj3_1)
   0.24   28.06 ^ gen_col[2].u_pe_col/gen_pe[0].u_pe/_4827_/Y (sky130_fd_sc_hd__o211ai_1)
   0.13   28.20 v gen_col[2].u_pe_col/gen_pe[0].u_pe/_4829_/Y (sky130_fd_sc_hd__a31oi_1)
   0.40   28.59 v gen_col[2].u_pe_col/gen_pe[0].u_pe/_4832_/X (sky130_fd_sc_hd__maj3_1)
   0.24   28.84 ^ gen_col[2].u_pe_col/gen_pe[0].u_pe/_4836_/Y (sky130_fd_sc_hd__o211ai_1)
   0.14   28.98 v gen_col[2].u_pe_col/gen_pe[0].u_pe/_4839_/Y (sky130_fd_sc_hd__a311oi_1)
   0.37   29.35 ^ gen_col[2].u_pe_col/gen_pe[0].u_pe/_4842_/Y (sky130_fd_sc_hd__o311ai_0)
   0.18   29.53 v gen_col[2].u_pe_col/gen_pe[0].u_pe/_4844_/Y (sky130_fd_sc_hd__a31oi_1)
   0.41   29.94 v gen_col[2].u_pe_col/gen_pe[0].u_pe/_4846_/X (sky130_fd_sc_hd__maj3_1)
   0.25   30.19 v gen_col[2].u_pe_col/gen_pe[0].u_pe/_4849_/X (sky130_fd_sc_hd__o211a_1)
   0.31   30.50 ^ gen_col[2].u_pe_col/gen_pe[0].u_pe/_4851_/Y (sky130_fd_sc_hd__o32ai_1)
   0.18   30.68 v gen_col[2].u_pe_col/gen_pe[0].u_pe/_4853_/Y (sky130_fd_sc_hd__a21oi_1)
   0.22   30.90 ^ gen_col[2].u_pe_col/gen_pe[0].u_pe/_4856_/Y (sky130_fd_sc_hd__o211ai_1)
   0.13   31.03 v gen_col[2].u_pe_col/gen_pe[0].u_pe/_4859_/Y (sky130_fd_sc_hd__a311oi_1)
   0.32   31.35 ^ gen_col[2].u_pe_col/gen_pe[0].u_pe/_4861_/Y (sky130_fd_sc_hd__o31ai_1)
   0.26   31.61 ^ gen_col[2].u_pe_col/gen_pe[0].u_pe/_4864_/X (sky130_fd_sc_hd__maj3_1)
   0.08   31.69 v gen_col[2].u_pe_col/gen_pe[0].u_pe/_4868_/Y (sky130_fd_sc_hd__a211oi_1)
   0.32   32.01 ^ gen_col[2].u_pe_col/gen_pe[0].u_pe/_4870_/Y (sky130_fd_sc_hd__o31ai_1)
   0.27   32.29 ^ gen_col[2].u_pe_col/gen_pe[0].u_pe/_4872_/X (sky130_fd_sc_hd__maj3_1)
   0.21   32.49 ^ gen_col[2].u_pe_col/gen_pe[0].u_pe/_4875_/X (sky130_fd_sc_hd__maj3_1)
   0.21   32.70 ^ gen_col[2].u_pe_col/gen_pe[0].u_pe/_4877_/X (sky130_fd_sc_hd__maj3_1)
   0.21   32.91 ^ gen_col[2].u_pe_col/gen_pe[0].u_pe/_4879_/X (sky130_fd_sc_hd__maj3_1)
   0.21   33.11 ^ gen_col[2].u_pe_col/gen_pe[0].u_pe/_4881_/X (sky130_fd_sc_hd__maj3_1)
   0.21   33.32 ^ gen_col[2].u_pe_col/gen_pe[0].u_pe/_4883_/X (sky130_fd_sc_hd__maj3_1)
   0.22   33.54 ^ gen_col[2].u_pe_col/gen_pe[0].u_pe/_4885_/X (sky130_fd_sc_hd__maj3_1)
   0.09   33.64 v gen_col[2].u_pe_col/gen_pe[0].u_pe/_4888_/Y (sky130_fd_sc_hd__a211oi_1)
   0.32   33.95 ^ gen_col[2].u_pe_col/gen_pe[0].u_pe/_4891_/Y (sky130_fd_sc_hd__o31ai_1)
   0.29   34.24 ^ gen_col[2].u_pe_col/gen_pe[0].u_pe/_4893_/X (sky130_fd_sc_hd__maj3_1)
   0.10   34.34 v gen_col[2].u_pe_col/gen_pe[0].u_pe/_4896_/Y (sky130_fd_sc_hd__a211oi_1)
   0.41   34.75 ^ gen_col[2].u_pe_col/gen_pe[0].u_pe/_4899_/Y (sky130_fd_sc_hd__o311ai_0)
   0.25   35.01 ^ gen_col[2].u_pe_col/gen_pe[0].u_pe/_4902_/X (sky130_fd_sc_hd__a311o_1)
   0.11   35.11 v gen_col[2].u_pe_col/gen_pe[0].u_pe/_4904_/Y (sky130_fd_sc_hd__a31oi_1)
   0.27   35.39 ^ gen_col[2].u_pe_col/gen_pe[0].u_pe/_4907_/Y (sky130_fd_sc_hd__o21ai_0)
   0.26   35.65 ^ gen_col[2].u_pe_col/gen_pe[0].u_pe/_4909_/X (sky130_fd_sc_hd__maj3_1)
   0.21   35.85 ^ gen_col[2].u_pe_col/gen_pe[0].u_pe/_4912_/X (sky130_fd_sc_hd__maj3_1)
   0.20   36.06 ^ gen_col[2].u_pe_col/gen_pe[0].u_pe/_4914_/X (sky130_fd_sc_hd__maj3_1)
   0.22   36.27 ^ gen_col[2].u_pe_col/gen_pe[0].u_pe/_4917_/X (sky130_fd_sc_hd__maj3_1)
   0.10   36.38 v gen_col[2].u_pe_col/gen_pe[0].u_pe/_4920_/Y (sky130_fd_sc_hd__a211oi_1)
   0.23   36.61 ^ gen_col[2].u_pe_col/gen_pe[0].u_pe/_4922_/Y (sky130_fd_sc_hd__o31ai_1)
   0.21   36.82 ^ gen_col[2].u_pe_col/gen_pe[0].u_pe/_4924_/X (sky130_fd_sc_hd__and2_0)
   0.15   36.97 ^ gen_col[2].u_pe_col/gen_pe[0].u_pe/_4926_/X (sky130_fd_sc_hd__o21a_1)
   0.14   37.12 ^ gen_col[2].u_pe_col/gen_pe[0].u_pe/_4928_/X (sky130_fd_sc_hd__o21a_1)
   0.14   37.26 ^ gen_col[2].u_pe_col/gen_pe[0].u_pe/_4930_/X (sky130_fd_sc_hd__o21a_1)
   0.13   37.40 ^ gen_col[2].u_pe_col/gen_pe[0].u_pe/_4932_/X (sky130_fd_sc_hd__o21a_1)
   0.11   37.51 v gen_col[2].u_pe_col/gen_pe[0].u_pe/_4941_/Y (sky130_fd_sc_hd__o21ai_0)
   0.23   37.74 v gen_col[2].u_pe_col/gen_pe[0].u_pe/_5249_/X (sky130_fd_sc_hd__a31o_1)
   0.12   37.85 ^ gen_col[2].u_pe_col/gen_pe[0].u_pe/_5250_/Y (sky130_fd_sc_hd__o21ai_0)
   0.00   37.85 ^ gen_col[2].u_pe_col/gen_pe[0].u_pe/_5387_/D (sky130_fd_sc_hd__dfrtp_1)
          37.85   data arrival time

  20.00   20.00   clock clk (rise edge)
   0.00   20.00   clock network delay (ideal)
   0.00   20.00   clock reconvergence pessimism
          20.00 ^ gen_col[2].u_pe_col/gen_pe[0].u_pe/_5387_/CLK (sky130_fd_sc_hd__dfrtp_1)
  -0.13   19.87   library setup time
          19.87   data required time
---------------------------------------------------------
          19.87   data required time
         -37.85   data arrival time
---------------------------------------------------------
         -17.98   slack (VIOLATED)


Startpoint: gen_col[3].u_pe_col/gen_pe[0].u_pe/_5255_
            (rising edge-triggered flip-flop clocked by clk)
Endpoint: gen_col[3].u_pe_col/gen_pe[0].u_pe/_5387_
          (rising edge-triggered flip-flop clocked by clk)
Path Group: clk
Path Type: max

  Delay    Time   Description
---------------------------------------------------------
   0.00    0.00   clock clk (rise edge)
   0.00    0.00   clock network delay (ideal)
   0.00    0.00 ^ gen_col[3].u_pe_col/gen_pe[0].u_pe/_5255_/CLK (sky130_fd_sc_hd__dfrtp_1)
   0.40    0.40 ^ gen_col[3].u_pe_col/gen_pe[0].u_pe/_5255_/Q (sky130_fd_sc_hd__dfrtp_1)
  10.19   10.59 ^ gen_col[3].u_pe_col/gen_pe[0].u_pe/_3589_/X (sky130_fd_sc_hd__and2_0)
   1.56   12.15 ^ gen_col[3].u_pe_col/gen_pe[0].u_pe/_4658_/X (sky130_fd_sc_hd__maj3_1)
   0.27   12.41 v gen_col[3].u_pe_col/gen_pe[0].u_pe/_4662_/X (sky130_fd_sc_hd__xnor3_1)
   0.42   12.83 v gen_col[3].u_pe_col/gen_pe[0].u_pe/_4685_/X (sky130_fd_sc_hd__or3_1)
   0.39   13.23 v gen_col[3].u_pe_col/gen_pe[0].u_pe/_4687_/X (sky130_fd_sc_hd__maj3_1)
   0.39   13.62 v gen_col[3].u_pe_col/gen_pe[0].u_pe/_4690_/X (sky130_fd_sc_hd__maj3_1)
   0.39   14.01 v gen_col[3].u_pe_col/gen_pe[0].u_pe/_4692_/X (sky130_fd_sc_hd__maj3_1)
   0.22   14.22 v gen_col[3].u_pe_col/gen_pe[0].u_pe/_4694_/X (sky130_fd_sc_hd__o21a_1)
   0.38   14.61 v gen_col[3].u_pe_col/gen_pe[0].u_pe/_4696_/X (sky130_fd_sc_hd__maj3_1)
   0.40   15.00 v gen_col[3].u_pe_col/gen_pe[0].u_pe/_4698_/X (sky130_fd_sc_hd__maj3_1)
   0.40   15.40 v gen_col[3].u_pe_col/gen_pe[0].u_pe/_4700_/X (sky130_fd_sc_hd__maj3_1)
   0.40   15.79 v gen_col[3].u_pe_col/gen_pe[0].u_pe/_4702_/X (sky130_fd_sc_hd__maj3_1)
   0.40   16.20 v gen_col[3].u_pe_col/gen_pe[0].u_pe/_4704_/X (sky130_fd_sc_hd__maj3_1)
   0.22   16.42 ^ gen_col[3].u_pe_col/gen_pe[0].u_pe/_4708_/Y (sky130_fd_sc_hd__o211ai_1)
   0.14   16.56 v gen_col[3].u_pe_col/gen_pe[0].u_pe/_4710_/Y (sky130_fd_sc_hd__a31oi_1)
   0.40   16.96 v gen_col[3].u_pe_col/gen_pe[0].u_pe/_4712_/X (sky130_fd_sc_hd__maj3_1)
   0.40   17.36 v gen_col[3].u_pe_col/gen_pe[0].u_pe/_4714_/X (sky130_fd_sc_hd__maj3_1)
   0.40   17.75 v gen_col[3].u_pe_col/gen_pe[0].u_pe/_4716_/X (sky130_fd_sc_hd__maj3_1)
   0.40   18.15 v gen_col[3].u_pe_col/gen_pe[0].u_pe/_4718_/X (sky130_fd_sc_hd__maj3_1)
   0.40   18.55 v gen_col[3].u_pe_col/gen_pe[0].u_pe/_4720_/X (sky130_fd_sc_hd__maj3_1)
   0.22   18.77 ^ gen_col[3].u_pe_col/gen_pe[0].u_pe/_4724_/Y (sky130_fd_sc_hd__o211ai_1)
   0.14   18.91 v gen_col[3].u_pe_col/gen_pe[0].u_pe/_4726_/Y (sky130_fd_sc_hd__a31oi_1)
   0.39   19.31 v gen_col[3].u_pe_col/gen_pe[0].u_pe/_4728_/X (sky130_fd_sc_hd__maj3_1)
   0.22   19.52 ^ gen_col[3].u_pe_col/gen_pe[0].u_pe/_4734_/Y (sky130_fd_sc_hd__o211ai_1)
   0.12   19.65 v gen_col[3].u_pe_col/gen_pe[0].u_pe/_4737_/Y (sky130_fd_sc_hd__a311oi_1)
   0.35   20.00 ^ gen_col[3].u_pe_col/gen_pe[0].u_pe/_4741_/Y (sky130_fd_sc_hd__o311ai_0)
   0.18   20.18 v gen_col[3].u_pe_col/gen_pe[0].u_pe/_4743_/Y (sky130_fd_sc_hd__a31oi_1)
   0.41   20.59 v gen_col[3].u_pe_col/gen_pe[0].u_pe/_4745_/X (sky130_fd_sc_hd__maj3_1)
   0.40   20.98 v gen_col[3].u_pe_col/gen_pe[0].u_pe/_4747_/X (sky130_fd_sc_hd__maj3_1)
   0.40   21.38 v gen_col[3].u_pe_col/gen_pe[0].u_pe/_4749_/X (sky130_fd_sc_hd__maj3_1)
   0.40   21.78 v gen_col[3].u_pe_col/gen_pe[0].u_pe/_4751_/X (sky130_fd_sc_hd__maj3_1)
   0.40   22.18 v gen_col[3].u_pe_col/gen_pe[0].u_pe/_4753_/X (sky130_fd_sc_hd__maj3_1)
   0.21   22.39 ^ gen_col[3].u_pe_col/gen_pe[0].u_pe/_4756_/Y (sky130_fd_sc_hd__o211ai_1)
   0.21   22.59 ^ gen_col[3].u_pe_col/gen_pe[0].u_pe/_4757_/X (sky130_fd_sc_hd__and3_1)
   0.13   22.72 v gen_col[3].u_pe_col/gen_pe[0].u_pe/_4759_/Y (sky130_fd_sc_hd__o21ai_0)
   0.23   22.95 v gen_col[3].u_pe_col/gen_pe[0].u_pe/_4762_/X (sky130_fd_sc_hd__a21o_1)
   0.37   23.32 v gen_col[3].u_pe_col/gen_pe[0].u_pe/_4765_/X (sky130_fd_sc_hd__a311o_1)
   0.37   23.70 ^ gen_col[3].u_pe_col/gen_pe[0].u_pe/_4768_/Y (sky130_fd_sc_hd__a311oi_1)
   0.22   23.91 ^ gen_col[3].u_pe_col/gen_pe[0].u_pe/_4771_/X (sky130_fd_sc_hd__o311a_1)
   0.11   24.03 v gen_col[3].u_pe_col/gen_pe[0].u_pe/_4773_/Y (sky130_fd_sc_hd__o21ai_0)
   0.23   24.26 v gen_col[3].u_pe_col/gen_pe[0].u_pe/_4775_/X (sky130_fd_sc_hd__a21o_1)
   0.33   24.58 ^ gen_col[3].u_pe_col/gen_pe[0].u_pe/_4778_/Y (sky130_fd_sc_hd__a311oi_1)
   0.17   24.75 v gen_col[3].u_pe_col/gen_pe[0].u_pe/_4781_/Y (sky130_fd_sc_hd__o311ai_0)
   0.28   25.03 ^ gen_col[3].u_pe_col/gen_pe[0].u_pe/_4782_/Y (sky130_fd_sc_hd__a21oi_1)
   0.15   25.18 v gen_col[3].u_pe_col/gen_pe[0].u_pe/_4790_/Y (sky130_fd_sc_hd__o2111ai_1)
   0.17   25.34 ^ gen_col[3].u_pe_col/gen_pe[0].u_pe/_4792_/Y (sky130_fd_sc_hd__o21ai_0)
   0.10   25.45 v gen_col[3].u_pe_col/gen_pe[0].u_pe/_4808_/Y (sky130_fd_sc_hd__a21oi_1)
   0.38   25.83 v gen_col[3].u_pe_col/gen_pe[0].u_pe/_4811_/X (sky130_fd_sc_hd__maj3_1)
   0.40   26.22 v gen_col[3].u_pe_col/gen_pe[0].u_pe/_4814_/X (sky130_fd_sc_hd__maj3_1)
   0.40   26.62 v gen_col[3].u_pe_col/gen_pe[0].u_pe/_4816_/X (sky130_fd_sc_hd__maj3_1)
   0.40   27.02 v gen_col[3].u_pe_col/gen_pe[0].u_pe/_4818_/X (sky130_fd_sc_hd__maj3_1)
   0.40   27.41 v gen_col[3].u_pe_col/gen_pe[0].u_pe/_4820_/X (sky130_fd_sc_hd__maj3_1)
   0.41   27.82 v gen_col[3].u_pe_col/gen_pe[0].u_pe/_4822_/X (sky130_fd_sc_hd__maj3_1)
   0.24   28.06 ^ gen_col[3].u_pe_col/gen_pe[0].u_pe/_4827_/Y (sky130_fd_sc_hd__o211ai_1)
   0.13   28.20 v gen_col[3].u_pe_col/gen_pe[0].u_pe/_4829_/Y (sky130_fd_sc_hd__a31oi_1)
   0.40   28.59 v gen_col[3].u_pe_col/gen_pe[0].u_pe/_4832_/X (sky130_fd_sc_hd__maj3_1)
   0.24   28.84 ^ gen_col[3].u_pe_col/gen_pe[0].u_pe/_4836_/Y (sky130_fd_sc_hd__o211ai_1)
   0.14   28.98 v gen_col[3].u_pe_col/gen_pe[0].u_pe/_4839_/Y (sky130_fd_sc_hd__a311oi_1)
   0.37   29.35 ^ gen_col[3].u_pe_col/gen_pe[0].u_pe/_4842_/Y (sky130_fd_sc_hd__o311ai_0)
   0.18   29.53 v gen_col[3].u_pe_col/gen_pe[0].u_pe/_4844_/Y (sky130_fd_sc_hd__a31oi_1)
   0.41   29.94 v gen_col[3].u_pe_col/gen_pe[0].u_pe/_4846_/X (sky130_fd_sc_hd__maj3_1)
   0.25   30.19 v gen_col[3].u_pe_col/gen_pe[0].u_pe/_4849_/X (sky130_fd_sc_hd__o211a_1)
   0.31   30.50 ^ gen_col[3].u_pe_col/gen_pe[0].u_pe/_4851_/Y (sky130_fd_sc_hd__o32ai_1)
   0.18   30.68 v gen_col[3].u_pe_col/gen_pe[0].u_pe/_4853_/Y (sky130_fd_sc_hd__a21oi_1)
   0.22   30.90 ^ gen_col[3].u_pe_col/gen_pe[0].u_pe/_4856_/Y (sky130_fd_sc_hd__o211ai_1)
   0.13   31.03 v gen_col[3].u_pe_col/gen_pe[0].u_pe/_4859_/Y (sky130_fd_sc_hd__a311oi_1)
   0.32   31.35 ^ gen_col[3].u_pe_col/gen_pe[0].u_pe/_4861_/Y (sky130_fd_sc_hd__o31ai_1)
   0.26   31.61 ^ gen_col[3].u_pe_col/gen_pe[0].u_pe/_4864_/X (sky130_fd_sc_hd__maj3_1)
   0.08   31.69 v gen_col[3].u_pe_col/gen_pe[0].u_pe/_4868_/Y (sky130_fd_sc_hd__a211oi_1)
   0.32   32.01 ^ gen_col[3].u_pe_col/gen_pe[0].u_pe/_4870_/Y (sky130_fd_sc_hd__o31ai_1)
   0.27   32.29 ^ gen_col[3].u_pe_col/gen_pe[0].u_pe/_4872_/X (sky130_fd_sc_hd__maj3_1)
   0.21   32.49 ^ gen_col[3].u_pe_col/gen_pe[0].u_pe/_4875_/X (sky130_fd_sc_hd__maj3_1)
   0.21   32.70 ^ gen_col[3].u_pe_col/gen_pe[0].u_pe/_4877_/X (sky130_fd_sc_hd__maj3_1)
   0.21   32.91 ^ gen_col[3].u_pe_col/gen_pe[0].u_pe/_4879_/X (sky130_fd_sc_hd__maj3_1)
   0.21   33.11 ^ gen_col[3].u_pe_col/gen_pe[0].u_pe/_4881_/X (sky130_fd_sc_hd__maj3_1)
   0.21   33.32 ^ gen_col[3].u_pe_col/gen_pe[0].u_pe/_4883_/X (sky130_fd_sc_hd__maj3_1)
   0.22   33.54 ^ gen_col[3].u_pe_col/gen_pe[0].u_pe/_4885_/X (sky130_fd_sc_hd__maj3_1)
   0.09   33.64 v gen_col[3].u_pe_col/gen_pe[0].u_pe/_4888_/Y (sky130_fd_sc_hd__a211oi_1)
   0.32   33.95 ^ gen_col[3].u_pe_col/gen_pe[0].u_pe/_4891_/Y (sky130_fd_sc_hd__o31ai_1)
   0.29   34.24 ^ gen_col[3].u_pe_col/gen_pe[0].u_pe/_4893_/X (sky130_fd_sc_hd__maj3_1)
   0.10   34.34 v gen_col[3].u_pe_col/gen_pe[0].u_pe/_4896_/Y (sky130_fd_sc_hd__a211oi_1)
   0.41   34.75 ^ gen_col[3].u_pe_col/gen_pe[0].u_pe/_4899_/Y (sky130_fd_sc_hd__o311ai_0)
   0.25   35.01 ^ gen_col[3].u_pe_col/gen_pe[0].u_pe/_4902_/X (sky130_fd_sc_hd__a311o_1)
   0.11   35.11 v gen_col[3].u_pe_col/gen_pe[0].u_pe/_4904_/Y (sky130_fd_sc_hd__a31oi_1)
   0.27   35.39 ^ gen_col[3].u_pe_col/gen_pe[0].u_pe/_4907_/Y (sky130_fd_sc_hd__o21ai_0)
   0.26   35.65 ^ gen_col[3].u_pe_col/gen_pe[0].u_pe/_4909_/X (sky130_fd_sc_hd__maj3_1)
   0.21   35.85 ^ gen_col[3].u_pe_col/gen_pe[0].u_pe/_4912_/X (sky130_fd_sc_hd__maj3_1)
   0.20   36.06 ^ gen_col[3].u_pe_col/gen_pe[0].u_pe/_4914_/X (sky130_fd_sc_hd__maj3_1)
   0.22   36.27 ^ gen_col[3].u_pe_col/gen_pe[0].u_pe/_4917_/X (sky130_fd_sc_hd__maj3_1)
   0.10   36.38 v gen_col[3].u_pe_col/gen_pe[0].u_pe/_4920_/Y (sky130_fd_sc_hd__a211oi_1)
   0.23   36.61 ^ gen_col[3].u_pe_col/gen_pe[0].u_pe/_4922_/Y (sky130_fd_sc_hd__o31ai_1)
   0.21   36.82 ^ gen_col[3].u_pe_col/gen_pe[0].u_pe/_4924_/X (sky130_fd_sc_hd__and2_0)
   0.15   36.97 ^ gen_col[3].u_pe_col/gen_pe[0].u_pe/_4926_/X (sky130_fd_sc_hd__o21a_1)
   0.14   37.12 ^ gen_col[3].u_pe_col/gen_pe[0].u_pe/_4928_/X (sky130_fd_sc_hd__o21a_1)
   0.14   37.26 ^ gen_col[3].u_pe_col/gen_pe[0].u_pe/_4930_/X (sky130_fd_sc_hd__o21a_1)
   0.13   37.40 ^ gen_col[3].u_pe_col/gen_pe[0].u_pe/_4932_/X (sky130_fd_sc_hd__o21a_1)
   0.11   37.51 v gen_col[3].u_pe_col/gen_pe[0].u_pe/_4941_/Y (sky130_fd_sc_hd__o21ai_0)
   0.23   37.74 v gen_col[3].u_pe_col/gen_pe[0].u_pe/_5249_/X (sky130_fd_sc_hd__a31o_1)
   0.12   37.85 ^ gen_col[3].u_pe_col/gen_pe[0].u_pe/_5250_/Y (sky130_fd_sc_hd__o21ai_0)
   0.00   37.85 ^ gen_col[3].u_pe_col/gen_pe[0].u_pe/_5387_/D (sky130_fd_sc_hd__dfrtp_1)
          37.85   data arrival time

  20.00   20.00   clock clk (rise edge)
   0.00   20.00   clock network delay (ideal)
   0.00   20.00   clock reconvergence pessimism
          20.00 ^ gen_col[3].u_pe_col/gen_pe[0].u_pe/_5387_/CLK (sky130_fd_sc_hd__dfrtp_1)
  -0.13   19.87   library setup time
          19.87   data required time
---------------------------------------------------------
          19.87   data required time
         -37.85   data arrival time
---------------------------------------------------------
         -17.98   slack (VIOLATED)


Startpoint: gen_col[0].u_pe_col/gen_pe[1].u_pe/_5255_
            (rising edge-triggered flip-flop clocked by clk)
Endpoint: gen_col[0].u_pe_col/gen_pe[1].u_pe/_5387_
          (rising edge-triggered flip-flop clocked by clk)
Path Group: clk
Path Type: max

  Delay    Time   Description
---------------------------------------------------------
   0.00    0.00   clock clk (rise edge)
   0.00    0.00   clock network delay (ideal)
   0.00    0.00 ^ gen_col[0].u_pe_col/gen_pe[1].u_pe/_5255_/CLK (sky130_fd_sc_hd__dfrtp_1)
   0.40    0.40 ^ gen_col[0].u_pe_col/gen_pe[1].u_pe/_5255_/Q (sky130_fd_sc_hd__dfrtp_1)
  10.19   10.59 ^ gen_col[0].u_pe_col/gen_pe[1].u_pe/_3589_/X (sky130_fd_sc_hd__and2_0)
   1.56   12.15 ^ gen_col[0].u_pe_col/gen_pe[1].u_pe/_4658_/X (sky130_fd_sc_hd__maj3_1)
   0.27   12.41 v gen_col[0].u_pe_col/gen_pe[1].u_pe/_4662_/X (sky130_fd_sc_hd__xnor3_1)
   0.42   12.83 v gen_col[0].u_pe_col/gen_pe[1].u_pe/_4685_/X (sky130_fd_sc_hd__or3_1)
   0.39   13.23 v gen_col[0].u_pe_col/gen_pe[1].u_pe/_4687_/X (sky130_fd_sc_hd__maj3_1)
   0.39   13.62 v gen_col[0].u_pe_col/gen_pe[1].u_pe/_4690_/X (sky130_fd_sc_hd__maj3_1)
   0.39   14.01 v gen_col[0].u_pe_col/gen_pe[1].u_pe/_4692_/X (sky130_fd_sc_hd__maj3_1)
   0.22   14.22 v gen_col[0].u_pe_col/gen_pe[1].u_pe/_4694_/X (sky130_fd_sc_hd__o21a_1)
   0.38   14.61 v gen_col[0].u_pe_col/gen_pe[1].u_pe/_4696_/X (sky130_fd_sc_hd__maj3_1)
   0.40   15.00 v gen_col[0].u_pe_col/gen_pe[1].u_pe/_4698_/X (sky130_fd_sc_hd__maj3_1)
   0.40   15.40 v gen_col[0].u_pe_col/gen_pe[1].u_pe/_4700_/X (sky130_fd_sc_hd__maj3_1)
   0.40   15.79 v gen_col[0].u_pe_col/gen_pe[1].u_pe/_4702_/X (sky130_fd_sc_hd__maj3_1)
   0.40   16.20 v gen_col[0].u_pe_col/gen_pe[1].u_pe/_4704_/X (sky130_fd_sc_hd__maj3_1)
   0.22   16.42 ^ gen_col[0].u_pe_col/gen_pe[1].u_pe/_4708_/Y (sky130_fd_sc_hd__o211ai_1)
   0.14   16.56 v gen_col[0].u_pe_col/gen_pe[1].u_pe/_4710_/Y (sky130_fd_sc_hd__a31oi_1)
   0.40   16.96 v gen_col[0].u_pe_col/gen_pe[1].u_pe/_4712_/X (sky130_fd_sc_hd__maj3_1)
   0.40   17.36 v gen_col[0].u_pe_col/gen_pe[1].u_pe/_4714_/X (sky130_fd_sc_hd__maj3_1)
   0.40   17.75 v gen_col[0].u_pe_col/gen_pe[1].u_pe/_4716_/X (sky130_fd_sc_hd__maj3_1)
   0.40   18.15 v gen_col[0].u_pe_col/gen_pe[1].u_pe/_4718_/X (sky130_fd_sc_hd__maj3_1)
   0.40   18.55 v gen_col[0].u_pe_col/gen_pe[1].u_pe/_4720_/X (sky130_fd_sc_hd__maj3_1)
   0.22   18.77 ^ gen_col[0].u_pe_col/gen_pe[1].u_pe/_4724_/Y (sky130_fd_sc_hd__o211ai_1)
   0.14   18.91 v gen_col[0].u_pe_col/gen_pe[1].u_pe/_4726_/Y (sky130_fd_sc_hd__a31oi_1)
   0.39   19.31 v gen_col[0].u_pe_col/gen_pe[1].u_pe/_4728_/X (sky130_fd_sc_hd__maj3_1)
   0.22   19.52 ^ gen_col[0].u_pe_col/gen_pe[1].u_pe/_4734_/Y (sky130_fd_sc_hd__o211ai_1)
   0.12   19.65 v gen_col[0].u_pe_col/gen_pe[1].u_pe/_4737_/Y (sky130_fd_sc_hd__a311oi_1)
   0.35   20.00 ^ gen_col[0].u_pe_col/gen_pe[1].u_pe/_4741_/Y (sky130_fd_sc_hd__o311ai_0)
   0.18   20.18 v gen_col[0].u_pe_col/gen_pe[1].u_pe/_4743_/Y (sky130_fd_sc_hd__a31oi_1)
   0.41   20.59 v gen_col[0].u_pe_col/gen_pe[1].u_pe/_4745_/X (sky130_fd_sc_hd__maj3_1)
   0.40   20.98 v gen_col[0].u_pe_col/gen_pe[1].u_pe/_4747_/X (sky130_fd_sc_hd__maj3_1)
   0.40   21.38 v gen_col[0].u_pe_col/gen_pe[1].u_pe/_4749_/X (sky130_fd_sc_hd__maj3_1)
   0.40   21.78 v gen_col[0].u_pe_col/gen_pe[1].u_pe/_4751_/X (sky130_fd_sc_hd__maj3_1)
   0.40   22.18 v gen_col[0].u_pe_col/gen_pe[1].u_pe/_4753_/X (sky130_fd_sc_hd__maj3_1)
   0.21   22.39 ^ gen_col[0].u_pe_col/gen_pe[1].u_pe/_4756_/Y (sky130_fd_sc_hd__o211ai_1)
   0.21   22.59 ^ gen_col[0].u_pe_col/gen_pe[1].u_pe/_4757_/X (sky130_fd_sc_hd__and3_1)
   0.13   22.72 v gen_col[0].u_pe_col/gen_pe[1].u_pe/_4759_/Y (sky130_fd_sc_hd__o21ai_0)
   0.23   22.95 v gen_col[0].u_pe_col/gen_pe[1].u_pe/_4762_/X (sky130_fd_sc_hd__a21o_1)
   0.37   23.32 v gen_col[0].u_pe_col/gen_pe[1].u_pe/_4765_/X (sky130_fd_sc_hd__a311o_1)
   0.37   23.70 ^ gen_col[0].u_pe_col/gen_pe[1].u_pe/_4768_/Y (sky130_fd_sc_hd__a311oi_1)
   0.22   23.91 ^ gen_col[0].u_pe_col/gen_pe[1].u_pe/_4771_/X (sky130_fd_sc_hd__o311a_1)
   0.11   24.03 v gen_col[0].u_pe_col/gen_pe[1].u_pe/_4773_/Y (sky130_fd_sc_hd__o21ai_0)
   0.23   24.26 v gen_col[0].u_pe_col/gen_pe[1].u_pe/_4775_/X (sky130_fd_sc_hd__a21o_1)
   0.33   24.58 ^ gen_col[0].u_pe_col/gen_pe[1].u_pe/_4778_/Y (sky130_fd_sc_hd__a311oi_1)
   0.17   24.75 v gen_col[0].u_pe_col/gen_pe[1].u_pe/_4781_/Y (sky130_fd_sc_hd__o311ai_0)
   0.28   25.03 ^ gen_col[0].u_pe_col/gen_pe[1].u_pe/_4782_/Y (sky130_fd_sc_hd__a21oi_1)
   0.15   25.18 v gen_col[0].u_pe_col/gen_pe[1].u_pe/_4790_/Y (sky130_fd_sc_hd__o2111ai_1)
   0.17   25.34 ^ gen_col[0].u_pe_col/gen_pe[1].u_pe/_4792_/Y (sky130_fd_sc_hd__o21ai_0)
   0.10   25.45 v gen_col[0].u_pe_col/gen_pe[1].u_pe/_4808_/Y (sky130_fd_sc_hd__a21oi_1)
   0.38   25.83 v gen_col[0].u_pe_col/gen_pe[1].u_pe/_4811_/X (sky130_fd_sc_hd__maj3_1)
   0.40   26.22 v gen_col[0].u_pe_col/gen_pe[1].u_pe/_4814_/X (sky130_fd_sc_hd__maj3_1)
   0.40   26.62 v gen_col[0].u_pe_col/gen_pe[1].u_pe/_4816_/X (sky130_fd_sc_hd__maj3_1)
   0.40   27.02 v gen_col[0].u_pe_col/gen_pe[1].u_pe/_4818_/X (sky130_fd_sc_hd__maj3_1)
   0.40   27.41 v gen_col[0].u_pe_col/gen_pe[1].u_pe/_4820_/X (sky130_fd_sc_hd__maj3_1)
   0.41   27.82 v gen_col[0].u_pe_col/gen_pe[1].u_pe/_4822_/X (sky130_fd_sc_hd__maj3_1)
   0.24   28.06 ^ gen_col[0].u_pe_col/gen_pe[1].u_pe/_4827_/Y (sky130_fd_sc_hd__o211ai_1)
   0.13   28.20 v gen_col[0].u_pe_col/gen_pe[1].u_pe/_4829_/Y (sky130_fd_sc_hd__a31oi_1)
   0.40   28.59 v gen_col[0].u_pe_col/gen_pe[1].u_pe/_4832_/X (sky130_fd_sc_hd__maj3_1)
   0.24   28.84 ^ gen_col[0].u_pe_col/gen_pe[1].u_pe/_4836_/Y (sky130_fd_sc_hd__o211ai_1)
   0.14   28.98 v gen_col[0].u_pe_col/gen_pe[1].u_pe/_4839_/Y (sky130_fd_sc_hd__a311oi_1)
   0.37   29.35 ^ gen_col[0].u_pe_col/gen_pe[1].u_pe/_4842_/Y (sky130_fd_sc_hd__o311ai_0)
   0.18   29.53 v gen_col[0].u_pe_col/gen_pe[1].u_pe/_4844_/Y (sky130_fd_sc_hd__a31oi_1)
   0.41   29.94 v gen_col[0].u_pe_col/gen_pe[1].u_pe/_4846_/X (sky130_fd_sc_hd__maj3_1)
   0.25   30.19 v gen_col[0].u_pe_col/gen_pe[1].u_pe/_4849_/X (sky130_fd_sc_hd__o211a_1)
   0.31   30.50 ^ gen_col[0].u_pe_col/gen_pe[1].u_pe/_4851_/Y (sky130_fd_sc_hd__o32ai_1)
   0.18   30.68 v gen_col[0].u_pe_col/gen_pe[1].u_pe/_4853_/Y (sky130_fd_sc_hd__a21oi_1)
   0.22   30.90 ^ gen_col[0].u_pe_col/gen_pe[1].u_pe/_4856_/Y (sky130_fd_sc_hd__o211ai_1)
   0.13   31.03 v gen_col[0].u_pe_col/gen_pe[1].u_pe/_4859_/Y (sky130_fd_sc_hd__a311oi_1)
   0.32   31.35 ^ gen_col[0].u_pe_col/gen_pe[1].u_pe/_4861_/Y (sky130_fd_sc_hd__o31ai_1)
   0.26   31.61 ^ gen_col[0].u_pe_col/gen_pe[1].u_pe/_4864_/X (sky130_fd_sc_hd__maj3_1)
   0.08   31.69 v gen_col[0].u_pe_col/gen_pe[1].u_pe/_4868_/Y (sky130_fd_sc_hd__a211oi_1)
   0.32   32.01 ^ gen_col[0].u_pe_col/gen_pe[1].u_pe/_4870_/Y (sky130_fd_sc_hd__o31ai_1)
   0.27   32.29 ^ gen_col[0].u_pe_col/gen_pe[1].u_pe/_4872_/X (sky130_fd_sc_hd__maj3_1)
   0.21   32.49 ^ gen_col[0].u_pe_col/gen_pe[1].u_pe/_4875_/X (sky130_fd_sc_hd__maj3_1)
   0.21   32.70 ^ gen_col[0].u_pe_col/gen_pe[1].u_pe/_4877_/X (sky130_fd_sc_hd__maj3_1)
   0.21   32.91 ^ gen_col[0].u_pe_col/gen_pe[1].u_pe/_4879_/X (sky130_fd_sc_hd__maj3_1)
   0.21   33.11 ^ gen_col[0].u_pe_col/gen_pe[1].u_pe/_4881_/X (sky130_fd_sc_hd__maj3_1)
   0.21   33.32 ^ gen_col[0].u_pe_col/gen_pe[1].u_pe/_4883_/X (sky130_fd_sc_hd__maj3_1)
   0.22   33.54 ^ gen_col[0].u_pe_col/gen_pe[1].u_pe/_4885_/X (sky130_fd_sc_hd__maj3_1)
   0.09   33.64 v gen_col[0].u_pe_col/gen_pe[1].u_pe/_4888_/Y (sky130_fd_sc_hd__a211oi_1)
   0.32   33.95 ^ gen_col[0].u_pe_col/gen_pe[1].u_pe/_4891_/Y (sky130_fd_sc_hd__o31ai_1)
   0.29   34.24 ^ gen_col[0].u_pe_col/gen_pe[1].u_pe/_4893_/X (sky130_fd_sc_hd__maj3_1)
   0.10   34.34 v gen_col[0].u_pe_col/gen_pe[1].u_pe/_4896_/Y (sky130_fd_sc_hd__a211oi_1)
   0.41   34.75 ^ gen_col[0].u_pe_col/gen_pe[1].u_pe/_4899_/Y (sky130_fd_sc_hd__o311ai_0)
   0.25   35.01 ^ gen_col[0].u_pe_col/gen_pe[1].u_pe/_4902_/X (sky130_fd_sc_hd__a311o_1)
   0.11   35.11 v gen_col[0].u_pe_col/gen_pe[1].u_pe/_4904_/Y (sky130_fd_sc_hd__a31oi_1)
   0.27   35.39 ^ gen_col[0].u_pe_col/gen_pe[1].u_pe/_4907_/Y (sky130_fd_sc_hd__o21ai_0)
   0.26   35.65 ^ gen_col[0].u_pe_col/gen_pe[1].u_pe/_4909_/X (sky130_fd_sc_hd__maj3_1)
   0.21   35.85 ^ gen_col[0].u_pe_col/gen_pe[1].u_pe/_4912_/X (sky130_fd_sc_hd__maj3_1)
   0.20   36.06 ^ gen_col[0].u_pe_col/gen_pe[1].u_pe/_4914_/X (sky130_fd_sc_hd__maj3_1)
   0.22   36.27 ^ gen_col[0].u_pe_col/gen_pe[1].u_pe/_4917_/X (sky130_fd_sc_hd__maj3_1)
   0.10   36.38 v gen_col[0].u_pe_col/gen_pe[1].u_pe/_4920_/Y (sky130_fd_sc_hd__a211oi_1)
   0.23   36.61 ^ gen_col[0].u_pe_col/gen_pe[1].u_pe/_4922_/Y (sky130_fd_sc_hd__o31ai_1)
   0.21   36.82 ^ gen_col[0].u_pe_col/gen_pe[1].u_pe/_4924_/X (sky130_fd_sc_hd__and2_0)
   0.15   36.97 ^ gen_col[0].u_pe_col/gen_pe[1].u_pe/_4926_/X (sky130_fd_sc_hd__o21a_1)
   0.14   37.12 ^ gen_col[0].u_pe_col/gen_pe[1].u_pe/_4928_/X (sky130_fd_sc_hd__o21a_1)
   0.14   37.26 ^ gen_col[0].u_pe_col/gen_pe[1].u_pe/_4930_/X (sky130_fd_sc_hd__o21a_1)
   0.13   37.40 ^ gen_col[0].u_pe_col/gen_pe[1].u_pe/_4932_/X (sky130_fd_sc_hd__o21a_1)
   0.11   37.51 v gen_col[0].u_pe_col/gen_pe[1].u_pe/_4941_/Y (sky130_fd_sc_hd__o21ai_0)
   0.23   37.74 v gen_col[0].u_pe_col/gen_pe[1].u_pe/_5249_/X (sky130_fd_sc_hd__a31o_1)
   0.12   37.85 ^ gen_col[0].u_pe_col/gen_pe[1].u_pe/_5250_/Y (sky130_fd_sc_hd__o21ai_0)
   0.00   37.85 ^ gen_col[0].u_pe_col/gen_pe[1].u_pe/_5387_/D (sky130_fd_sc_hd__dfrtp_1)
          37.85   data arrival time

  20.00   20.00   clock clk (rise edge)
   0.00   20.00   clock network delay (ideal)
   0.00   20.00   clock reconvergence pessimism
          20.00 ^ gen_col[0].u_pe_col/gen_pe[1].u_pe/_5387_/CLK (sky130_fd_sc_hd__dfrtp_1)
  -0.13   19.87   library setup time
          19.87   data required time
---------------------------------------------------------
          19.87   data required time
         -37.85   data arrival time
---------------------------------------------------------
         -17.98   slack (VIOLATED)


Timing Analysis Completed.
