OpenSTA 3.1.0  Copyright (c) 2026, Parallax Software, Inc.
License GPLv3: GNU GPL version 3 <http://gnu.org/licenses/gpl.html>

This is free software, and you are free to change and redistribute it
under certain conditions; type `show_copying' for details. 
This program comes with ABSOLUTELY NO WARRANTY; for details type `show_warranty'.
Warning 503: timing.tcl line 1, report_checks -group_count is deprecated. Use -group_path_count instead.
Startpoint: gen_col[9].u_pe_col/gen_pe[0].u_pe/_11788_
            (rising edge-triggered flip-flop clocked by clk)
Endpoint: gen_col[10].u_pe_col/gen_pe[0].u_pe/_11930_
          (rising edge-triggered flip-flop clocked by clk)
Path Group: clk
Path Type: max

  Delay    Time   Description
---------------------------------------------------------
   0.00    0.00   clock clk (rise edge)
   0.00    0.00   clock network delay (ideal)
   0.00    0.00 ^ gen_col[9].u_pe_col/gen_pe[0].u_pe/_11788_/CLK (sky130_fd_sc_hd__dfrtp_1)
   0.51    0.51 v gen_col[9].u_pe_col/gen_pe[0].u_pe/_11788_/Q (sky130_fd_sc_hd__dfrtp_1)
  12.96   13.47 ^ gen_col[10].u_pe_col/gen_pe[0].u_pe/_08192_/Y (sky130_fd_sc_hd__a31oi_1)
   0.79   14.25 v gen_col[10].u_pe_col/gen_pe[0].u_pe/_10377_/Y (sky130_fd_sc_hd__xnor2_1)
   0.78   15.03 ^ gen_col[10].u_pe_col/gen_pe[0].u_pe/_10378_/Y (sky130_fd_sc_hd__xnor2_1)
   0.19   15.22 ^ gen_col[10].u_pe_col/gen_pe[0].u_pe/_10379_/Y (sky130_fd_sc_hd__xnor2_1)
   0.17   15.39 ^ gen_col[10].u_pe_col/gen_pe[0].u_pe/_10380_/Y (sky130_fd_sc_hd__xnor2_1)
   0.22   15.61 ^ gen_col[10].u_pe_col/gen_pe[0].u_pe/_10493_/X (sky130_fd_sc_hd__xor2_1)
   0.18   15.79 ^ gen_col[10].u_pe_col/gen_pe[0].u_pe/_10495_/X (sky130_fd_sc_hd__xor2_1)
   0.21   16.00 ^ gen_col[10].u_pe_col/gen_pe[0].u_pe/_10569_/X (sky130_fd_sc_hd__xor2_1)
   0.17   16.17 ^ gen_col[10].u_pe_col/gen_pe[0].u_pe/_11170_/X (sky130_fd_sc_hd__xor2_1)
   0.10   16.27 v gen_col[10].u_pe_col/gen_pe[0].u_pe/_11171_/Y (sky130_fd_sc_hd__clkinv_1)
   0.21   16.48 ^ gen_col[10].u_pe_col/gen_pe[0].u_pe/_11172_/Y (sky130_fd_sc_hd__a21oi_1)
   0.13   16.60 v gen_col[10].u_pe_col/gen_pe[0].u_pe/_11174_/Y (sky130_fd_sc_hd__o21bai_1)
   0.23   16.83 ^ gen_col[10].u_pe_col/gen_pe[0].u_pe/_11176_/Y (sky130_fd_sc_hd__a21oi_1)
   0.14   16.97 v gen_col[10].u_pe_col/gen_pe[0].u_pe/_11193_/Y (sky130_fd_sc_hd__o31ai_1)
   0.19   17.16 ^ gen_col[10].u_pe_col/gen_pe[0].u_pe/_11195_/Y (sky130_fd_sc_hd__a21oi_1)
   0.18   17.34 v gen_col[10].u_pe_col/gen_pe[0].u_pe/_11198_/Y (sky130_fd_sc_hd__o21ai_0)
   0.25   17.58 ^ gen_col[10].u_pe_col/gen_pe[0].u_pe/_11215_/Y (sky130_fd_sc_hd__a31oi_1)
   0.16   17.74 v gen_col[10].u_pe_col/gen_pe[0].u_pe/_11219_/Y (sky130_fd_sc_hd__o211ai_1)
   0.39   18.13 ^ gen_col[10].u_pe_col/gen_pe[0].u_pe/_11222_/Y (sky130_fd_sc_hd__a311oi_1)
   0.14   18.27 v gen_col[10].u_pe_col/gen_pe[0].u_pe/_11224_/Y (sky130_fd_sc_hd__o31ai_1)
   0.23   18.50 ^ gen_col[10].u_pe_col/gen_pe[0].u_pe/_11227_/Y (sky130_fd_sc_hd__a21oi_1)
   0.16   18.66 v gen_col[10].u_pe_col/gen_pe[0].u_pe/_11231_/Y (sky130_fd_sc_hd__o211ai_1)
   0.29   18.95 ^ gen_col[10].u_pe_col/gen_pe[0].u_pe/_11234_/Y (sky130_fd_sc_hd__a311oi_1)
   0.19   19.14 v gen_col[10].u_pe_col/gen_pe[0].u_pe/_11237_/Y (sky130_fd_sc_hd__o311ai_0)
   0.37   19.51 ^ gen_col[10].u_pe_col/gen_pe[0].u_pe/_11240_/Y (sky130_fd_sc_hd__a311oi_1)
   0.20   19.71 v gen_col[10].u_pe_col/gen_pe[0].u_pe/_11243_/Y (sky130_fd_sc_hd__o311ai_0)
   0.35   20.06 ^ gen_col[10].u_pe_col/gen_pe[0].u_pe/_11245_/Y (sky130_fd_sc_hd__a311oi_1)
   0.17   20.22 v gen_col[10].u_pe_col/gen_pe[0].u_pe/_11248_/Y (sky130_fd_sc_hd__o311ai_0)
   0.43   20.66 ^ gen_col[10].u_pe_col/gen_pe[0].u_pe/_11251_/Y (sky130_fd_sc_hd__a311oi_1)
   0.18   20.84 v gen_col[10].u_pe_col/gen_pe[0].u_pe/_11254_/Y (sky130_fd_sc_hd__o311ai_0)
   0.32   21.16 ^ gen_col[10].u_pe_col/gen_pe[0].u_pe/_11257_/Y (sky130_fd_sc_hd__a311oi_1)
   0.16   21.32 v gen_col[10].u_pe_col/gen_pe[0].u_pe/_11261_/Y (sky130_fd_sc_hd__o311ai_0)
   0.30   21.62 ^ gen_col[10].u_pe_col/gen_pe[0].u_pe/_11264_/Y (sky130_fd_sc_hd__a311oi_1)
   0.16   21.77 v gen_col[10].u_pe_col/gen_pe[0].u_pe/_11267_/Y (sky130_fd_sc_hd__o311ai_0)
   0.43   22.20 ^ gen_col[10].u_pe_col/gen_pe[0].u_pe/_11270_/Y (sky130_fd_sc_hd__a311oi_1)
   0.19   22.40 v gen_col[10].u_pe_col/gen_pe[0].u_pe/_11273_/Y (sky130_fd_sc_hd__o311ai_0)
   0.25   22.65 ^ gen_col[10].u_pe_col/gen_pe[0].u_pe/_11275_/Y (sky130_fd_sc_hd__a31oi_1)
   0.16   22.80 ^ gen_col[10].u_pe_col/gen_pe[0].u_pe/_11278_/X (sky130_fd_sc_hd__o21ba_1)
   0.11   22.91 v gen_col[10].u_pe_col/gen_pe[0].u_pe/_11283_/Y (sky130_fd_sc_hd__o211ai_1)
   0.41   23.32 ^ gen_col[10].u_pe_col/gen_pe[0].u_pe/_11286_/Y (sky130_fd_sc_hd__a311oi_1)
   0.18   23.50 v gen_col[10].u_pe_col/gen_pe[0].u_pe/_11289_/Y (sky130_fd_sc_hd__o311ai_0)
   0.43   23.93 ^ gen_col[10].u_pe_col/gen_pe[0].u_pe/_11292_/Y (sky130_fd_sc_hd__a311oi_1)
   0.18   24.12 v gen_col[10].u_pe_col/gen_pe[0].u_pe/_11295_/Y (sky130_fd_sc_hd__o311ai_0)
   0.43   24.55 ^ gen_col[10].u_pe_col/gen_pe[0].u_pe/_11298_/Y (sky130_fd_sc_hd__a311oi_1)
   0.22   24.78 v gen_col[10].u_pe_col/gen_pe[0].u_pe/_11301_/Y (sky130_fd_sc_hd__o311ai_0)
   0.45   25.23 ^ gen_col[10].u_pe_col/gen_pe[0].u_pe/_11304_/Y (sky130_fd_sc_hd__a311oi_1)
   0.21   25.44 v gen_col[10].u_pe_col/gen_pe[0].u_pe/_11307_/Y (sky130_fd_sc_hd__o311ai_0)
   0.39   25.83 ^ gen_col[10].u_pe_col/gen_pe[0].u_pe/_11310_/Y (sky130_fd_sc_hd__a311oi_1)
   0.17   26.00 v gen_col[10].u_pe_col/gen_pe[0].u_pe/_11315_/Y (sky130_fd_sc_hd__o311ai_0)
   0.43   26.43 ^ gen_col[10].u_pe_col/gen_pe[0].u_pe/_11318_/Y (sky130_fd_sc_hd__a311oi_1)
   0.22   26.66 v gen_col[10].u_pe_col/gen_pe[0].u_pe/_11321_/Y (sky130_fd_sc_hd__o311ai_0)
   0.43   27.09 ^ gen_col[10].u_pe_col/gen_pe[0].u_pe/_11324_/Y (sky130_fd_sc_hd__a311oi_1)
   0.19   27.28 v gen_col[10].u_pe_col/gen_pe[0].u_pe/_11327_/Y (sky130_fd_sc_hd__o311ai_0)
   0.26   27.54 ^ gen_col[10].u_pe_col/gen_pe[0].u_pe/_11329_/Y (sky130_fd_sc_hd__a31oi_1)
   0.26   27.80 ^ gen_col[10].u_pe_col/gen_pe[0].u_pe/_11332_/X (sky130_fd_sc_hd__maj3_1)
   0.13   27.93 v gen_col[10].u_pe_col/gen_pe[0].u_pe/_11336_/Y (sky130_fd_sc_hd__o211ai_1)
   0.42   28.35 ^ gen_col[10].u_pe_col/gen_pe[0].u_pe/_11339_/Y (sky130_fd_sc_hd__a311oi_1)
   0.25   28.60 v gen_col[10].u_pe_col/gen_pe[0].u_pe/_11342_/Y (sky130_fd_sc_hd__o311ai_0)
   0.46   29.07 ^ gen_col[10].u_pe_col/gen_pe[0].u_pe/_11345_/Y (sky130_fd_sc_hd__a311oi_1)
   0.21   29.28 v gen_col[10].u_pe_col/gen_pe[0].u_pe/_11348_/Y (sky130_fd_sc_hd__o311ai_0)
   0.45   29.73 ^ gen_col[10].u_pe_col/gen_pe[0].u_pe/_11351_/Y (sky130_fd_sc_hd__a311oi_1)
   0.19   29.92 v gen_col[10].u_pe_col/gen_pe[0].u_pe/_11354_/Y (sky130_fd_sc_hd__o311ai_0)
   0.26   30.18 ^ gen_col[10].u_pe_col/gen_pe[0].u_pe/_11356_/Y (sky130_fd_sc_hd__a31oi_1)
   0.19   30.36 ^ gen_col[10].u_pe_col/gen_pe[0].u_pe/_11358_/X (sky130_fd_sc_hd__o21a_1)
   0.20   30.56 ^ gen_col[10].u_pe_col/gen_pe[0].u_pe/_11361_/X (sky130_fd_sc_hd__maj3_1)
   0.22   30.78 ^ gen_col[10].u_pe_col/gen_pe[0].u_pe/_11363_/X (sky130_fd_sc_hd__maj3_1)
   0.13   30.91 v gen_col[10].u_pe_col/gen_pe[0].u_pe/_11367_/Y (sky130_fd_sc_hd__o211ai_1)
   0.33   31.24 ^ gen_col[10].u_pe_col/gen_pe[0].u_pe/_11370_/Y (sky130_fd_sc_hd__a311oi_1)
   0.13   31.37 v gen_col[10].u_pe_col/gen_pe[0].u_pe/_11372_/Y (sky130_fd_sc_hd__o31ai_1)
   0.39   31.76 v gen_col[10].u_pe_col/gen_pe[0].u_pe/_11375_/X (sky130_fd_sc_hd__maj3_1)
   0.39   32.15 v gen_col[10].u_pe_col/gen_pe[0].u_pe/_11377_/X (sky130_fd_sc_hd__maj3_1)
   0.39   32.55 v gen_col[10].u_pe_col/gen_pe[0].u_pe/_11379_/X (sky130_fd_sc_hd__maj3_1)
   0.38   32.93 v gen_col[10].u_pe_col/gen_pe[0].u_pe/_11381_/X (sky130_fd_sc_hd__maj3_1)
   0.16   33.09 ^ gen_col[10].u_pe_col/gen_pe[0].u_pe/_11384_/Y (sky130_fd_sc_hd__a21oi_1)
   0.08   33.17 v gen_col[10].u_pe_col/gen_pe[0].u_pe/_11403_/Y (sky130_fd_sc_hd__nor2_1)
   0.20   33.37 ^ gen_col[10].u_pe_col/gen_pe[0].u_pe/_11752_/Y (sky130_fd_sc_hd__o31ai_1)
   0.09   33.46 v gen_col[10].u_pe_col/gen_pe[0].u_pe/_11753_/Y (sky130_fd_sc_hd__o21ai_0)
   0.00   33.46 v gen_col[10].u_pe_col/gen_pe[0].u_pe/_11930_/D (sky130_fd_sc_hd__dfrtp_1)
          33.46   data arrival time

  20.00   20.00   clock clk (rise edge)
   0.00   20.00   clock network delay (ideal)
   0.00   20.00   clock reconvergence pessimism
          20.00 ^ gen_col[10].u_pe_col/gen_pe[0].u_pe/_11930_/CLK (sky130_fd_sc_hd__dfrtp_1)
  -0.22   19.78   library setup time
          19.78   data required time
---------------------------------------------------------
          19.78   data required time
         -33.46   data arrival time
---------------------------------------------------------
         -13.68   slack (VIOLATED)


Startpoint: gen_col[10].u_pe_col/gen_pe[0].u_pe/_11788_
            (rising edge-triggered flip-flop clocked by clk)
Endpoint: gen_col[11].u_pe_col/gen_pe[0].u_pe/_11930_
          (rising edge-triggered flip-flop clocked by clk)
Path Group: clk
Path Type: max

  Delay    Time   Description
---------------------------------------------------------
   0.00    0.00   clock clk (rise edge)
   0.00    0.00   clock network delay (ideal)
   0.00    0.00 ^ gen_col[10].u_pe_col/gen_pe[0].u_pe/_11788_/CLK (sky130_fd_sc_hd__dfrtp_1)
   0.51    0.51 v gen_col[10].u_pe_col/gen_pe[0].u_pe/_11788_/Q (sky130_fd_sc_hd__dfrtp_1)
  12.96   13.47 ^ gen_col[11].u_pe_col/gen_pe[0].u_pe/_08192_/Y (sky130_fd_sc_hd__a31oi_1)
   0.79   14.25 v gen_col[11].u_pe_col/gen_pe[0].u_pe/_10377_/Y (sky130_fd_sc_hd__xnor2_1)
   0.78   15.03 ^ gen_col[11].u_pe_col/gen_pe[0].u_pe/_10378_/Y (sky130_fd_sc_hd__xnor2_1)
   0.19   15.22 ^ gen_col[11].u_pe_col/gen_pe[0].u_pe/_10379_/Y (sky130_fd_sc_hd__xnor2_1)
   0.17   15.39 ^ gen_col[11].u_pe_col/gen_pe[0].u_pe/_10380_/Y (sky130_fd_sc_hd__xnor2_1)
   0.22   15.61 ^ gen_col[11].u_pe_col/gen_pe[0].u_pe/_10493_/X (sky130_fd_sc_hd__xor2_1)
   0.18   15.79 ^ gen_col[11].u_pe_col/gen_pe[0].u_pe/_10495_/X (sky130_fd_sc_hd__xor2_1)
   0.21   16.00 ^ gen_col[11].u_pe_col/gen_pe[0].u_pe/_10569_/X (sky130_fd_sc_hd__xor2_1)
   0.17   16.17 ^ gen_col[11].u_pe_col/gen_pe[0].u_pe/_11170_/X (sky130_fd_sc_hd__xor2_1)
   0.10   16.27 v gen_col[11].u_pe_col/gen_pe[0].u_pe/_11171_/Y (sky130_fd_sc_hd__clkinv_1)
   0.21   16.48 ^ gen_col[11].u_pe_col/gen_pe[0].u_pe/_11172_/Y (sky130_fd_sc_hd__a21oi_1)
   0.13   16.60 v gen_col[11].u_pe_col/gen_pe[0].u_pe/_11174_/Y (sky130_fd_sc_hd__o21bai_1)
   0.23   16.83 ^ gen_col[11].u_pe_col/gen_pe[0].u_pe/_11176_/Y (sky130_fd_sc_hd__a21oi_1)
   0.14   16.97 v gen_col[11].u_pe_col/gen_pe[0].u_pe/_11193_/Y (sky130_fd_sc_hd__o31ai_1)
   0.19   17.16 ^ gen_col[11].u_pe_col/gen_pe[0].u_pe/_11195_/Y (sky130_fd_sc_hd__a21oi_1)
   0.18   17.34 v gen_col[11].u_pe_col/gen_pe[0].u_pe/_11198_/Y (sky130_fd_sc_hd__o21ai_0)
   0.25   17.58 ^ gen_col[11].u_pe_col/gen_pe[0].u_pe/_11215_/Y (sky130_fd_sc_hd__a31oi_1)
   0.16   17.74 v gen_col[11].u_pe_col/gen_pe[0].u_pe/_11219_/Y (sky130_fd_sc_hd__o211ai_1)
   0.39   18.13 ^ gen_col[11].u_pe_col/gen_pe[0].u_pe/_11222_/Y (sky130_fd_sc_hd__a311oi_1)
   0.14   18.27 v gen_col[11].u_pe_col/gen_pe[0].u_pe/_11224_/Y (sky130_fd_sc_hd__o31ai_1)
   0.23   18.50 ^ gen_col[11].u_pe_col/gen_pe[0].u_pe/_11227_/Y (sky130_fd_sc_hd__a21oi_1)
   0.16   18.66 v gen_col[11].u_pe_col/gen_pe[0].u_pe/_11231_/Y (sky130_fd_sc_hd__o211ai_1)
   0.29   18.95 ^ gen_col[11].u_pe_col/gen_pe[0].u_pe/_11234_/Y (sky130_fd_sc_hd__a311oi_1)
   0.19   19.14 v gen_col[11].u_pe_col/gen_pe[0].u_pe/_11237_/Y (sky130_fd_sc_hd__o311ai_0)
   0.37   19.51 ^ gen_col[11].u_pe_col/gen_pe[0].u_pe/_11240_/Y (sky130_fd_sc_hd__a311oi_1)
   0.20   19.71 v gen_col[11].u_pe_col/gen_pe[0].u_pe/_11243_/Y (sky130_fd_sc_hd__o311ai_0)
   0.35   20.06 ^ gen_col[11].u_pe_col/gen_pe[0].u_pe/_11245_/Y (sky130_fd_sc_hd__a311oi_1)
   0.17   20.22 v gen_col[11].u_pe_col/gen_pe[0].u_pe/_11248_/Y (sky130_fd_sc_hd__o311ai_0)
   0.43   20.66 ^ gen_col[11].u_pe_col/gen_pe[0].u_pe/_11251_/Y (sky130_fd_sc_hd__a311oi_1)
   0.18   20.84 v gen_col[11].u_pe_col/gen_pe[0].u_pe/_11254_/Y (sky130_fd_sc_hd__o311ai_0)
   0.32   21.16 ^ gen_col[11].u_pe_col/gen_pe[0].u_pe/_11257_/Y (sky130_fd_sc_hd__a311oi_1)
   0.16   21.32 v gen_col[11].u_pe_col/gen_pe[0].u_pe/_11261_/Y (sky130_fd_sc_hd__o311ai_0)
   0.30   21.62 ^ gen_col[11].u_pe_col/gen_pe[0].u_pe/_11264_/Y (sky130_fd_sc_hd__a311oi_1)
   0.16   21.77 v gen_col[11].u_pe_col/gen_pe[0].u_pe/_11267_/Y (sky130_fd_sc_hd__o311ai_0)
   0.43   22.20 ^ gen_col[11].u_pe_col/gen_pe[0].u_pe/_11270_/Y (sky130_fd_sc_hd__a311oi_1)
   0.19   22.40 v gen_col[11].u_pe_col/gen_pe[0].u_pe/_11273_/Y (sky130_fd_sc_hd__o311ai_0)
   0.25   22.65 ^ gen_col[11].u_pe_col/gen_pe[0].u_pe/_11275_/Y (sky130_fd_sc_hd__a31oi_1)
   0.16   22.80 ^ gen_col[11].u_pe_col/gen_pe[0].u_pe/_11278_/X (sky130_fd_sc_hd__o21ba_1)
   0.11   22.91 v gen_col[11].u_pe_col/gen_pe[0].u_pe/_11283_/Y (sky130_fd_sc_hd__o211ai_1)
   0.41   23.32 ^ gen_col[11].u_pe_col/gen_pe[0].u_pe/_11286_/Y (sky130_fd_sc_hd__a311oi_1)
   0.18   23.50 v gen_col[11].u_pe_col/gen_pe[0].u_pe/_11289_/Y (sky130_fd_sc_hd__o311ai_0)
   0.43   23.93 ^ gen_col[11].u_pe_col/gen_pe[0].u_pe/_11292_/Y (sky130_fd_sc_hd__a311oi_1)
   0.18   24.12 v gen_col[11].u_pe_col/gen_pe[0].u_pe/_11295_/Y (sky130_fd_sc_hd__o311ai_0)
   0.43   24.55 ^ gen_col[11].u_pe_col/gen_pe[0].u_pe/_11298_/Y (sky130_fd_sc_hd__a311oi_1)
   0.22   24.78 v gen_col[11].u_pe_col/gen_pe[0].u_pe/_11301_/Y (sky130_fd_sc_hd__o311ai_0)
   0.45   25.23 ^ gen_col[11].u_pe_col/gen_pe[0].u_pe/_11304_/Y (sky130_fd_sc_hd__a311oi_1)
   0.21   25.44 v gen_col[11].u_pe_col/gen_pe[0].u_pe/_11307_/Y (sky130_fd_sc_hd__o311ai_0)
   0.39   25.83 ^ gen_col[11].u_pe_col/gen_pe[0].u_pe/_11310_/Y (sky130_fd_sc_hd__a311oi_1)
   0.17   26.00 v gen_col[11].u_pe_col/gen_pe[0].u_pe/_11315_/Y (sky130_fd_sc_hd__o311ai_0)
   0.43   26.43 ^ gen_col[11].u_pe_col/gen_pe[0].u_pe/_11318_/Y (sky130_fd_sc_hd__a311oi_1)
   0.22   26.66 v gen_col[11].u_pe_col/gen_pe[0].u_pe/_11321_/Y (sky130_fd_sc_hd__o311ai_0)
   0.43   27.09 ^ gen_col[11].u_pe_col/gen_pe[0].u_pe/_11324_/Y (sky130_fd_sc_hd__a311oi_1)
   0.19   27.28 v gen_col[11].u_pe_col/gen_pe[0].u_pe/_11327_/Y (sky130_fd_sc_hd__o311ai_0)
   0.26   27.54 ^ gen_col[11].u_pe_col/gen_pe[0].u_pe/_11329_/Y (sky130_fd_sc_hd__a31oi_1)
   0.26   27.80 ^ gen_col[11].u_pe_col/gen_pe[0].u_pe/_11332_/X (sky130_fd_sc_hd__maj3_1)
   0.13   27.93 v gen_col[11].u_pe_col/gen_pe[0].u_pe/_11336_/Y (sky130_fd_sc_hd__o211ai_1)
   0.42   28.35 ^ gen_col[11].u_pe_col/gen_pe[0].u_pe/_11339_/Y (sky130_fd_sc_hd__a311oi_1)
   0.25   28.60 v gen_col[11].u_pe_col/gen_pe[0].u_pe/_11342_/Y (sky130_fd_sc_hd__o311ai_0)
   0.46   29.07 ^ gen_col[11].u_pe_col/gen_pe[0].u_pe/_11345_/Y (sky130_fd_sc_hd__a311oi_1)
   0.21   29.28 v gen_col[11].u_pe_col/gen_pe[0].u_pe/_11348_/Y (sky130_fd_sc_hd__o311ai_0)
   0.45   29.73 ^ gen_col[11].u_pe_col/gen_pe[0].u_pe/_11351_/Y (sky130_fd_sc_hd__a311oi_1)
   0.19   29.92 v gen_col[11].u_pe_col/gen_pe[0].u_pe/_11354_/Y (sky130_fd_sc_hd__o311ai_0)
   0.26   30.18 ^ gen_col[11].u_pe_col/gen_pe[0].u_pe/_11356_/Y (sky130_fd_sc_hd__a31oi_1)
   0.19   30.36 ^ gen_col[11].u_pe_col/gen_pe[0].u_pe/_11358_/X (sky130_fd_sc_hd__o21a_1)
   0.20   30.56 ^ gen_col[11].u_pe_col/gen_pe[0].u_pe/_11361_/X (sky130_fd_sc_hd__maj3_1)
   0.22   30.78 ^ gen_col[11].u_pe_col/gen_pe[0].u_pe/_11363_/X (sky130_fd_sc_hd__maj3_1)
   0.13   30.91 v gen_col[11].u_pe_col/gen_pe[0].u_pe/_11367_/Y (sky130_fd_sc_hd__o211ai_1)
   0.33   31.24 ^ gen_col[11].u_pe_col/gen_pe[0].u_pe/_11370_/Y (sky130_fd_sc_hd__a311oi_1)
   0.13   31.37 v gen_col[11].u_pe_col/gen_pe[0].u_pe/_11372_/Y (sky130_fd_sc_hd__o31ai_1)
   0.39   31.76 v gen_col[11].u_pe_col/gen_pe[0].u_pe/_11375_/X (sky130_fd_sc_hd__maj3_1)
   0.39   32.15 v gen_col[11].u_pe_col/gen_pe[0].u_pe/_11377_/X (sky130_fd_sc_hd__maj3_1)
   0.39   32.55 v gen_col[11].u_pe_col/gen_pe[0].u_pe/_11379_/X (sky130_fd_sc_hd__maj3_1)
   0.38   32.93 v gen_col[11].u_pe_col/gen_pe[0].u_pe/_11381_/X (sky130_fd_sc_hd__maj3_1)
   0.16   33.09 ^ gen_col[11].u_pe_col/gen_pe[0].u_pe/_11384_/Y (sky130_fd_sc_hd__a21oi_1)
   0.08   33.17 v gen_col[11].u_pe_col/gen_pe[0].u_pe/_11403_/Y (sky130_fd_sc_hd__nor2_1)
   0.20   33.37 ^ gen_col[11].u_pe_col/gen_pe[0].u_pe/_11752_/Y (sky130_fd_sc_hd__o31ai_1)
   0.09   33.46 v gen_col[11].u_pe_col/gen_pe[0].u_pe/_11753_/Y (sky130_fd_sc_hd__o21ai_0)
   0.00   33.46 v gen_col[11].u_pe_col/gen_pe[0].u_pe/_11930_/D (sky130_fd_sc_hd__dfrtp_1)
          33.46   data arrival time

  20.00   20.00   clock clk (rise edge)
   0.00   20.00   clock network delay (ideal)
   0.00   20.00   clock reconvergence pessimism
          20.00 ^ gen_col[11].u_pe_col/gen_pe[0].u_pe/_11930_/CLK (sky130_fd_sc_hd__dfrtp_1)
  -0.22   19.78   library setup time
          19.78   data required time
---------------------------------------------------------
          19.78   data required time
         -33.46   data arrival time
---------------------------------------------------------
         -13.68   slack (VIOLATED)


Startpoint: gen_col[11].u_pe_col/gen_pe[0].u_pe/_11788_
            (rising edge-triggered flip-flop clocked by clk)
Endpoint: gen_col[12].u_pe_col/gen_pe[0].u_pe/_11930_
          (rising edge-triggered flip-flop clocked by clk)
Path Group: clk
Path Type: max

  Delay    Time   Description
---------------------------------------------------------
   0.00    0.00   clock clk (rise edge)
   0.00    0.00   clock network delay (ideal)
   0.00    0.00 ^ gen_col[11].u_pe_col/gen_pe[0].u_pe/_11788_/CLK (sky130_fd_sc_hd__dfrtp_1)
   0.51    0.51 v gen_col[11].u_pe_col/gen_pe[0].u_pe/_11788_/Q (sky130_fd_sc_hd__dfrtp_1)
  12.96   13.47 ^ gen_col[12].u_pe_col/gen_pe[0].u_pe/_08192_/Y (sky130_fd_sc_hd__a31oi_1)
   0.79   14.25 v gen_col[12].u_pe_col/gen_pe[0].u_pe/_10377_/Y (sky130_fd_sc_hd__xnor2_1)
   0.78   15.03 ^ gen_col[12].u_pe_col/gen_pe[0].u_pe/_10378_/Y (sky130_fd_sc_hd__xnor2_1)
   0.19   15.22 ^ gen_col[12].u_pe_col/gen_pe[0].u_pe/_10379_/Y (sky130_fd_sc_hd__xnor2_1)
   0.17   15.39 ^ gen_col[12].u_pe_col/gen_pe[0].u_pe/_10380_/Y (sky130_fd_sc_hd__xnor2_1)
   0.22   15.61 ^ gen_col[12].u_pe_col/gen_pe[0].u_pe/_10493_/X (sky130_fd_sc_hd__xor2_1)
   0.18   15.79 ^ gen_col[12].u_pe_col/gen_pe[0].u_pe/_10495_/X (sky130_fd_sc_hd__xor2_1)
   0.21   16.00 ^ gen_col[12].u_pe_col/gen_pe[0].u_pe/_10569_/X (sky130_fd_sc_hd__xor2_1)
   0.17   16.17 ^ gen_col[12].u_pe_col/gen_pe[0].u_pe/_11170_/X (sky130_fd_sc_hd__xor2_1)
   0.10   16.27 v gen_col[12].u_pe_col/gen_pe[0].u_pe/_11171_/Y (sky130_fd_sc_hd__clkinv_1)
   0.21   16.48 ^ gen_col[12].u_pe_col/gen_pe[0].u_pe/_11172_/Y (sky130_fd_sc_hd__a21oi_1)
   0.13   16.60 v gen_col[12].u_pe_col/gen_pe[0].u_pe/_11174_/Y (sky130_fd_sc_hd__o21bai_1)
   0.23   16.83 ^ gen_col[12].u_pe_col/gen_pe[0].u_pe/_11176_/Y (sky130_fd_sc_hd__a21oi_1)
   0.14   16.97 v gen_col[12].u_pe_col/gen_pe[0].u_pe/_11193_/Y (sky130_fd_sc_hd__o31ai_1)
   0.19   17.16 ^ gen_col[12].u_pe_col/gen_pe[0].u_pe/_11195_/Y (sky130_fd_sc_hd__a21oi_1)
   0.18   17.34 v gen_col[12].u_pe_col/gen_pe[0].u_pe/_11198_/Y (sky130_fd_sc_hd__o21ai_0)
   0.25   17.58 ^ gen_col[12].u_pe_col/gen_pe[0].u_pe/_11215_/Y (sky130_fd_sc_hd__a31oi_1)
   0.16   17.74 v gen_col[12].u_pe_col/gen_pe[0].u_pe/_11219_/Y (sky130_fd_sc_hd__o211ai_1)
   0.39   18.13 ^ gen_col[12].u_pe_col/gen_pe[0].u_pe/_11222_/Y (sky130_fd_sc_hd__a311oi_1)
   0.14   18.27 v gen_col[12].u_pe_col/gen_pe[0].u_pe/_11224_/Y (sky130_fd_sc_hd__o31ai_1)
   0.23   18.50 ^ gen_col[12].u_pe_col/gen_pe[0].u_pe/_11227_/Y (sky130_fd_sc_hd__a21oi_1)
   0.16   18.66 v gen_col[12].u_pe_col/gen_pe[0].u_pe/_11231_/Y (sky130_fd_sc_hd__o211ai_1)
   0.29   18.95 ^ gen_col[12].u_pe_col/gen_pe[0].u_pe/_11234_/Y (sky130_fd_sc_hd__a311oi_1)
   0.19   19.14 v gen_col[12].u_pe_col/gen_pe[0].u_pe/_11237_/Y (sky130_fd_sc_hd__o311ai_0)
   0.37   19.51 ^ gen_col[12].u_pe_col/gen_pe[0].u_pe/_11240_/Y (sky130_fd_sc_hd__a311oi_1)
   0.20   19.71 v gen_col[12].u_pe_col/gen_pe[0].u_pe/_11243_/Y (sky130_fd_sc_hd__o311ai_0)
   0.35   20.06 ^ gen_col[12].u_pe_col/gen_pe[0].u_pe/_11245_/Y (sky130_fd_sc_hd__a311oi_1)
   0.17   20.22 v gen_col[12].u_pe_col/gen_pe[0].u_pe/_11248_/Y (sky130_fd_sc_hd__o311ai_0)
   0.43   20.66 ^ gen_col[12].u_pe_col/gen_pe[0].u_pe/_11251_/Y (sky130_fd_sc_hd__a311oi_1)
   0.18   20.84 v gen_col[12].u_pe_col/gen_pe[0].u_pe/_11254_/Y (sky130_fd_sc_hd__o311ai_0)
   0.32   21.16 ^ gen_col[12].u_pe_col/gen_pe[0].u_pe/_11257_/Y (sky130_fd_sc_hd__a311oi_1)
   0.16   21.32 v gen_col[12].u_pe_col/gen_pe[0].u_pe/_11261_/Y (sky130_fd_sc_hd__o311ai_0)
   0.30   21.62 ^ gen_col[12].u_pe_col/gen_pe[0].u_pe/_11264_/Y (sky130_fd_sc_hd__a311oi_1)
   0.16   21.77 v gen_col[12].u_pe_col/gen_pe[0].u_pe/_11267_/Y (sky130_fd_sc_hd__o311ai_0)
   0.43   22.20 ^ gen_col[12].u_pe_col/gen_pe[0].u_pe/_11270_/Y (sky130_fd_sc_hd__a311oi_1)
   0.19   22.40 v gen_col[12].u_pe_col/gen_pe[0].u_pe/_11273_/Y (sky130_fd_sc_hd__o311ai_0)
   0.25   22.65 ^ gen_col[12].u_pe_col/gen_pe[0].u_pe/_11275_/Y (sky130_fd_sc_hd__a31oi_1)
   0.16   22.80 ^ gen_col[12].u_pe_col/gen_pe[0].u_pe/_11278_/X (sky130_fd_sc_hd__o21ba_1)
   0.11   22.91 v gen_col[12].u_pe_col/gen_pe[0].u_pe/_11283_/Y (sky130_fd_sc_hd__o211ai_1)
   0.41   23.32 ^ gen_col[12].u_pe_col/gen_pe[0].u_pe/_11286_/Y (sky130_fd_sc_hd__a311oi_1)
   0.18   23.50 v gen_col[12].u_pe_col/gen_pe[0].u_pe/_11289_/Y (sky130_fd_sc_hd__o311ai_0)
   0.43   23.93 ^ gen_col[12].u_pe_col/gen_pe[0].u_pe/_11292_/Y (sky130_fd_sc_hd__a311oi_1)
   0.18   24.12 v gen_col[12].u_pe_col/gen_pe[0].u_pe/_11295_/Y (sky130_fd_sc_hd__o311ai_0)
   0.43   24.55 ^ gen_col[12].u_pe_col/gen_pe[0].u_pe/_11298_/Y (sky130_fd_sc_hd__a311oi_1)
   0.22   24.78 v gen_col[12].u_pe_col/gen_pe[0].u_pe/_11301_/Y (sky130_fd_sc_hd__o311ai_0)
   0.45   25.23 ^ gen_col[12].u_pe_col/gen_pe[0].u_pe/_11304_/Y (sky130_fd_sc_hd__a311oi_1)
   0.21   25.44 v gen_col[12].u_pe_col/gen_pe[0].u_pe/_11307_/Y (sky130_fd_sc_hd__o311ai_0)
   0.39   25.83 ^ gen_col[12].u_pe_col/gen_pe[0].u_pe/_11310_/Y (sky130_fd_sc_hd__a311oi_1)
   0.17   26.00 v gen_col[12].u_pe_col/gen_pe[0].u_pe/_11315_/Y (sky130_fd_sc_hd__o311ai_0)
   0.43   26.43 ^ gen_col[12].u_pe_col/gen_pe[0].u_pe/_11318_/Y (sky130_fd_sc_hd__a311oi_1)
   0.22   26.66 v gen_col[12].u_pe_col/gen_pe[0].u_pe/_11321_/Y (sky130_fd_sc_hd__o311ai_0)
   0.43   27.09 ^ gen_col[12].u_pe_col/gen_pe[0].u_pe/_11324_/Y (sky130_fd_sc_hd__a311oi_1)
   0.19   27.28 v gen_col[12].u_pe_col/gen_pe[0].u_pe/_11327_/Y (sky130_fd_sc_hd__o311ai_0)
   0.26   27.54 ^ gen_col[12].u_pe_col/gen_pe[0].u_pe/_11329_/Y (sky130_fd_sc_hd__a31oi_1)
   0.26   27.80 ^ gen_col[12].u_pe_col/gen_pe[0].u_pe/_11332_/X (sky130_fd_sc_hd__maj3_1)
   0.13   27.93 v gen_col[12].u_pe_col/gen_pe[0].u_pe/_11336_/Y (sky130_fd_sc_hd__o211ai_1)
   0.42   28.35 ^ gen_col[12].u_pe_col/gen_pe[0].u_pe/_11339_/Y (sky130_fd_sc_hd__a311oi_1)
   0.25   28.60 v gen_col[12].u_pe_col/gen_pe[0].u_pe/_11342_/Y (sky130_fd_sc_hd__o311ai_0)
   0.46   29.07 ^ gen_col[12].u_pe_col/gen_pe[0].u_pe/_11345_/Y (sky130_fd_sc_hd__a311oi_1)
   0.21   29.28 v gen_col[12].u_pe_col/gen_pe[0].u_pe/_11348_/Y (sky130_fd_sc_hd__o311ai_0)
   0.45   29.73 ^ gen_col[12].u_pe_col/gen_pe[0].u_pe/_11351_/Y (sky130_fd_sc_hd__a311oi_1)
   0.19   29.92 v gen_col[12].u_pe_col/gen_pe[0].u_pe/_11354_/Y (sky130_fd_sc_hd__o311ai_0)
   0.26   30.18 ^ gen_col[12].u_pe_col/gen_pe[0].u_pe/_11356_/Y (sky130_fd_sc_hd__a31oi_1)
   0.19   30.36 ^ gen_col[12].u_pe_col/gen_pe[0].u_pe/_11358_/X (sky130_fd_sc_hd__o21a_1)
   0.20   30.56 ^ gen_col[12].u_pe_col/gen_pe[0].u_pe/_11361_/X (sky130_fd_sc_hd__maj3_1)
   0.22   30.78 ^ gen_col[12].u_pe_col/gen_pe[0].u_pe/_11363_/X (sky130_fd_sc_hd__maj3_1)
   0.13   30.91 v gen_col[12].u_pe_col/gen_pe[0].u_pe/_11367_/Y (sky130_fd_sc_hd__o211ai_1)
   0.33   31.24 ^ gen_col[12].u_pe_col/gen_pe[0].u_pe/_11370_/Y (sky130_fd_sc_hd__a311oi_1)
   0.13   31.37 v gen_col[12].u_pe_col/gen_pe[0].u_pe/_11372_/Y (sky130_fd_sc_hd__o31ai_1)
   0.39   31.76 v gen_col[12].u_pe_col/gen_pe[0].u_pe/_11375_/X (sky130_fd_sc_hd__maj3_1)
   0.39   32.15 v gen_col[12].u_pe_col/gen_pe[0].u_pe/_11377_/X (sky130_fd_sc_hd__maj3_1)
   0.39   32.55 v gen_col[12].u_pe_col/gen_pe[0].u_pe/_11379_/X (sky130_fd_sc_hd__maj3_1)
   0.38   32.93 v gen_col[12].u_pe_col/gen_pe[0].u_pe/_11381_/X (sky130_fd_sc_hd__maj3_1)
   0.16   33.09 ^ gen_col[12].u_pe_col/gen_pe[0].u_pe/_11384_/Y (sky130_fd_sc_hd__a21oi_1)
   0.08   33.17 v gen_col[12].u_pe_col/gen_pe[0].u_pe/_11403_/Y (sky130_fd_sc_hd__nor2_1)
   0.20   33.37 ^ gen_col[12].u_pe_col/gen_pe[0].u_pe/_11752_/Y (sky130_fd_sc_hd__o31ai_1)
   0.09   33.46 v gen_col[12].u_pe_col/gen_pe[0].u_pe/_11753_/Y (sky130_fd_sc_hd__o21ai_0)
   0.00   33.46 v gen_col[12].u_pe_col/gen_pe[0].u_pe/_11930_/D (sky130_fd_sc_hd__dfrtp_1)
          33.46   data arrival time

  20.00   20.00   clock clk (rise edge)
   0.00   20.00   clock network delay (ideal)
   0.00   20.00   clock reconvergence pessimism
          20.00 ^ gen_col[12].u_pe_col/gen_pe[0].u_pe/_11930_/CLK (sky130_fd_sc_hd__dfrtp_1)
  -0.22   19.78   library setup time
          19.78   data required time
---------------------------------------------------------
          19.78   data required time
         -33.46   data arrival time
---------------------------------------------------------
         -13.68   slack (VIOLATED)


Startpoint: gen_col[12].u_pe_col/gen_pe[0].u_pe/_11788_
            (rising edge-triggered flip-flop clocked by clk)
Endpoint: gen_col[13].u_pe_col/gen_pe[0].u_pe/_11930_
          (rising edge-triggered flip-flop clocked by clk)
Path Group: clk
Path Type: max

  Delay    Time   Description
---------------------------------------------------------
   0.00    0.00   clock clk (rise edge)
   0.00    0.00   clock network delay (ideal)
   0.00    0.00 ^ gen_col[12].u_pe_col/gen_pe[0].u_pe/_11788_/CLK (sky130_fd_sc_hd__dfrtp_1)
   0.51    0.51 v gen_col[12].u_pe_col/gen_pe[0].u_pe/_11788_/Q (sky130_fd_sc_hd__dfrtp_1)
  12.96   13.47 ^ gen_col[13].u_pe_col/gen_pe[0].u_pe/_08192_/Y (sky130_fd_sc_hd__a31oi_1)
   0.79   14.25 v gen_col[13].u_pe_col/gen_pe[0].u_pe/_10377_/Y (sky130_fd_sc_hd__xnor2_1)
   0.78   15.03 ^ gen_col[13].u_pe_col/gen_pe[0].u_pe/_10378_/Y (sky130_fd_sc_hd__xnor2_1)
   0.19   15.22 ^ gen_col[13].u_pe_col/gen_pe[0].u_pe/_10379_/Y (sky130_fd_sc_hd__xnor2_1)
   0.17   15.39 ^ gen_col[13].u_pe_col/gen_pe[0].u_pe/_10380_/Y (sky130_fd_sc_hd__xnor2_1)
   0.22   15.61 ^ gen_col[13].u_pe_col/gen_pe[0].u_pe/_10493_/X (sky130_fd_sc_hd__xor2_1)
   0.18   15.79 ^ gen_col[13].u_pe_col/gen_pe[0].u_pe/_10495_/X (sky130_fd_sc_hd__xor2_1)
   0.21   16.00 ^ gen_col[13].u_pe_col/gen_pe[0].u_pe/_10569_/X (sky130_fd_sc_hd__xor2_1)
   0.17   16.17 ^ gen_col[13].u_pe_col/gen_pe[0].u_pe/_11170_/X (sky130_fd_sc_hd__xor2_1)
   0.10   16.27 v gen_col[13].u_pe_col/gen_pe[0].u_pe/_11171_/Y (sky130_fd_sc_hd__clkinv_1)
   0.21   16.48 ^ gen_col[13].u_pe_col/gen_pe[0].u_pe/_11172_/Y (sky130_fd_sc_hd__a21oi_1)
   0.13   16.60 v gen_col[13].u_pe_col/gen_pe[0].u_pe/_11174_/Y (sky130_fd_sc_hd__o21bai_1)
   0.23   16.83 ^ gen_col[13].u_pe_col/gen_pe[0].u_pe/_11176_/Y (sky130_fd_sc_hd__a21oi_1)
   0.14   16.97 v gen_col[13].u_pe_col/gen_pe[0].u_pe/_11193_/Y (sky130_fd_sc_hd__o31ai_1)
   0.19   17.16 ^ gen_col[13].u_pe_col/gen_pe[0].u_pe/_11195_/Y (sky130_fd_sc_hd__a21oi_1)
   0.18   17.34 v gen_col[13].u_pe_col/gen_pe[0].u_pe/_11198_/Y (sky130_fd_sc_hd__o21ai_0)
   0.25   17.58 ^ gen_col[13].u_pe_col/gen_pe[0].u_pe/_11215_/Y (sky130_fd_sc_hd__a31oi_1)
   0.16   17.74 v gen_col[13].u_pe_col/gen_pe[0].u_pe/_11219_/Y (sky130_fd_sc_hd__o211ai_1)
   0.39   18.13 ^ gen_col[13].u_pe_col/gen_pe[0].u_pe/_11222_/Y (sky130_fd_sc_hd__a311oi_1)
   0.14   18.27 v gen_col[13].u_pe_col/gen_pe[0].u_pe/_11224_/Y (sky130_fd_sc_hd__o31ai_1)
   0.23   18.50 ^ gen_col[13].u_pe_col/gen_pe[0].u_pe/_11227_/Y (sky130_fd_sc_hd__a21oi_1)
   0.16   18.66 v gen_col[13].u_pe_col/gen_pe[0].u_pe/_11231_/Y (sky130_fd_sc_hd__o211ai_1)
   0.29   18.95 ^ gen_col[13].u_pe_col/gen_pe[0].u_pe/_11234_/Y (sky130_fd_sc_hd__a311oi_1)
   0.19   19.14 v gen_col[13].u_pe_col/gen_pe[0].u_pe/_11237_/Y (sky130_fd_sc_hd__o311ai_0)
   0.37   19.51 ^ gen_col[13].u_pe_col/gen_pe[0].u_pe/_11240_/Y (sky130_fd_sc_hd__a311oi_1)
   0.20   19.71 v gen_col[13].u_pe_col/gen_pe[0].u_pe/_11243_/Y (sky130_fd_sc_hd__o311ai_0)
   0.35   20.06 ^ gen_col[13].u_pe_col/gen_pe[0].u_pe/_11245_/Y (sky130_fd_sc_hd__a311oi_1)
   0.17   20.22 v gen_col[13].u_pe_col/gen_pe[0].u_pe/_11248_/Y (sky130_fd_sc_hd__o311ai_0)
   0.43   20.66 ^ gen_col[13].u_pe_col/gen_pe[0].u_pe/_11251_/Y (sky130_fd_sc_hd__a311oi_1)
   0.18   20.84 v gen_col[13].u_pe_col/gen_pe[0].u_pe/_11254_/Y (sky130_fd_sc_hd__o311ai_0)
   0.32   21.16 ^ gen_col[13].u_pe_col/gen_pe[0].u_pe/_11257_/Y (sky130_fd_sc_hd__a311oi_1)
   0.16   21.32 v gen_col[13].u_pe_col/gen_pe[0].u_pe/_11261_/Y (sky130_fd_sc_hd__o311ai_0)
   0.30   21.62 ^ gen_col[13].u_pe_col/gen_pe[0].u_pe/_11264_/Y (sky130_fd_sc_hd__a311oi_1)
   0.16   21.77 v gen_col[13].u_pe_col/gen_pe[0].u_pe/_11267_/Y (sky130_fd_sc_hd__o311ai_0)
   0.43   22.20 ^ gen_col[13].u_pe_col/gen_pe[0].u_pe/_11270_/Y (sky130_fd_sc_hd__a311oi_1)
   0.19   22.40 v gen_col[13].u_pe_col/gen_pe[0].u_pe/_11273_/Y (sky130_fd_sc_hd__o311ai_0)
   0.25   22.65 ^ gen_col[13].u_pe_col/gen_pe[0].u_pe/_11275_/Y (sky130_fd_sc_hd__a31oi_1)
   0.16   22.80 ^ gen_col[13].u_pe_col/gen_pe[0].u_pe/_11278_/X (sky130_fd_sc_hd__o21ba_1)
   0.11   22.91 v gen_col[13].u_pe_col/gen_pe[0].u_pe/_11283_/Y (sky130_fd_sc_hd__o211ai_1)
   0.41   23.32 ^ gen_col[13].u_pe_col/gen_pe[0].u_pe/_11286_/Y (sky130_fd_sc_hd__a311oi_1)
   0.18   23.50 v gen_col[13].u_pe_col/gen_pe[0].u_pe/_11289_/Y (sky130_fd_sc_hd__o311ai_0)
   0.43   23.93 ^ gen_col[13].u_pe_col/gen_pe[0].u_pe/_11292_/Y (sky130_fd_sc_hd__a311oi_1)
   0.18   24.12 v gen_col[13].u_pe_col/gen_pe[0].u_pe/_11295_/Y (sky130_fd_sc_hd__o311ai_0)
   0.43   24.55 ^ gen_col[13].u_pe_col/gen_pe[0].u_pe/_11298_/Y (sky130_fd_sc_hd__a311oi_1)
   0.22   24.78 v gen_col[13].u_pe_col/gen_pe[0].u_pe/_11301_/Y (sky130_fd_sc_hd__o311ai_0)
   0.45   25.23 ^ gen_col[13].u_pe_col/gen_pe[0].u_pe/_11304_/Y (sky130_fd_sc_hd__a311oi_1)
   0.21   25.44 v gen_col[13].u_pe_col/gen_pe[0].u_pe/_11307_/Y (sky130_fd_sc_hd__o311ai_0)
   0.39   25.83 ^ gen_col[13].u_pe_col/gen_pe[0].u_pe/_11310_/Y (sky130_fd_sc_hd__a311oi_1)
   0.17   26.00 v gen_col[13].u_pe_col/gen_pe[0].u_pe/_11315_/Y (sky130_fd_sc_hd__o311ai_0)
   0.43   26.43 ^ gen_col[13].u_pe_col/gen_pe[0].u_pe/_11318_/Y (sky130_fd_sc_hd__a311oi_1)
   0.22   26.66 v gen_col[13].u_pe_col/gen_pe[0].u_pe/_11321_/Y (sky130_fd_sc_hd__o311ai_0)
   0.43   27.09 ^ gen_col[13].u_pe_col/gen_pe[0].u_pe/_11324_/Y (sky130_fd_sc_hd__a311oi_1)
   0.19   27.28 v gen_col[13].u_pe_col/gen_pe[0].u_pe/_11327_/Y (sky130_fd_sc_hd__o311ai_0)
   0.26   27.54 ^ gen_col[13].u_pe_col/gen_pe[0].u_pe/_11329_/Y (sky130_fd_sc_hd__a31oi_1)
   0.26   27.80 ^ gen_col[13].u_pe_col/gen_pe[0].u_pe/_11332_/X (sky130_fd_sc_hd__maj3_1)
   0.13   27.93 v gen_col[13].u_pe_col/gen_pe[0].u_pe/_11336_/Y (sky130_fd_sc_hd__o211ai_1)
   0.42   28.35 ^ gen_col[13].u_pe_col/gen_pe[0].u_pe/_11339_/Y (sky130_fd_sc_hd__a311oi_1)
   0.25   28.60 v gen_col[13].u_pe_col/gen_pe[0].u_pe/_11342_/Y (sky130_fd_sc_hd__o311ai_0)
   0.46   29.07 ^ gen_col[13].u_pe_col/gen_pe[0].u_pe/_11345_/Y (sky130_fd_sc_hd__a311oi_1)
   0.21   29.28 v gen_col[13].u_pe_col/gen_pe[0].u_pe/_11348_/Y (sky130_fd_sc_hd__o311ai_0)
   0.45   29.73 ^ gen_col[13].u_pe_col/gen_pe[0].u_pe/_11351_/Y (sky130_fd_sc_hd__a311oi_1)
   0.19   29.92 v gen_col[13].u_pe_col/gen_pe[0].u_pe/_11354_/Y (sky130_fd_sc_hd__o311ai_0)
   0.26   30.18 ^ gen_col[13].u_pe_col/gen_pe[0].u_pe/_11356_/Y (sky130_fd_sc_hd__a31oi_1)
   0.19   30.36 ^ gen_col[13].u_pe_col/gen_pe[0].u_pe/_11358_/X (sky130_fd_sc_hd__o21a_1)
   0.20   30.56 ^ gen_col[13].u_pe_col/gen_pe[0].u_pe/_11361_/X (sky130_fd_sc_hd__maj3_1)
   0.22   30.78 ^ gen_col[13].u_pe_col/gen_pe[0].u_pe/_11363_/X (sky130_fd_sc_hd__maj3_1)
   0.13   30.91 v gen_col[13].u_pe_col/gen_pe[0].u_pe/_11367_/Y (sky130_fd_sc_hd__o211ai_1)
   0.33   31.24 ^ gen_col[13].u_pe_col/gen_pe[0].u_pe/_11370_/Y (sky130_fd_sc_hd__a311oi_1)
   0.13   31.37 v gen_col[13].u_pe_col/gen_pe[0].u_pe/_11372_/Y (sky130_fd_sc_hd__o31ai_1)
   0.39   31.76 v gen_col[13].u_pe_col/gen_pe[0].u_pe/_11375_/X (sky130_fd_sc_hd__maj3_1)
   0.39   32.15 v gen_col[13].u_pe_col/gen_pe[0].u_pe/_11377_/X (sky130_fd_sc_hd__maj3_1)
   0.39   32.55 v gen_col[13].u_pe_col/gen_pe[0].u_pe/_11379_/X (sky130_fd_sc_hd__maj3_1)
   0.38   32.93 v gen_col[13].u_pe_col/gen_pe[0].u_pe/_11381_/X (sky130_fd_sc_hd__maj3_1)
   0.16   33.09 ^ gen_col[13].u_pe_col/gen_pe[0].u_pe/_11384_/Y (sky130_fd_sc_hd__a21oi_1)
   0.08   33.17 v gen_col[13].u_pe_col/gen_pe[0].u_pe/_11403_/Y (sky130_fd_sc_hd__nor2_1)
   0.20   33.37 ^ gen_col[13].u_pe_col/gen_pe[0].u_pe/_11752_/Y (sky130_fd_sc_hd__o31ai_1)
   0.09   33.46 v gen_col[13].u_pe_col/gen_pe[0].u_pe/_11753_/Y (sky130_fd_sc_hd__o21ai_0)
   0.00   33.46 v gen_col[13].u_pe_col/gen_pe[0].u_pe/_11930_/D (sky130_fd_sc_hd__dfrtp_1)
          33.46   data arrival time

  20.00   20.00   clock clk (rise edge)
   0.00   20.00   clock network delay (ideal)
   0.00   20.00   clock reconvergence pessimism
          20.00 ^ gen_col[13].u_pe_col/gen_pe[0].u_pe/_11930_/CLK (sky130_fd_sc_hd__dfrtp_1)
  -0.22   19.78   library setup time
          19.78   data required time
---------------------------------------------------------
          19.78   data required time
         -33.46   data arrival time
---------------------------------------------------------
         -13.68   slack (VIOLATED)


Startpoint: gen_col[13].u_pe_col/gen_pe[0].u_pe/_11788_
            (rising edge-triggered flip-flop clocked by clk)
Endpoint: gen_col[14].u_pe_col/gen_pe[0].u_pe/_11930_
          (rising edge-triggered flip-flop clocked by clk)
Path Group: clk
Path Type: max

  Delay    Time   Description
---------------------------------------------------------
   0.00    0.00   clock clk (rise edge)
   0.00    0.00   clock network delay (ideal)
   0.00    0.00 ^ gen_col[13].u_pe_col/gen_pe[0].u_pe/_11788_/CLK (sky130_fd_sc_hd__dfrtp_1)
   0.51    0.51 v gen_col[13].u_pe_col/gen_pe[0].u_pe/_11788_/Q (sky130_fd_sc_hd__dfrtp_1)
  12.96   13.47 ^ gen_col[14].u_pe_col/gen_pe[0].u_pe/_08192_/Y (sky130_fd_sc_hd__a31oi_1)
   0.79   14.25 v gen_col[14].u_pe_col/gen_pe[0].u_pe/_10377_/Y (sky130_fd_sc_hd__xnor2_1)
   0.78   15.03 ^ gen_col[14].u_pe_col/gen_pe[0].u_pe/_10378_/Y (sky130_fd_sc_hd__xnor2_1)
   0.19   15.22 ^ gen_col[14].u_pe_col/gen_pe[0].u_pe/_10379_/Y (sky130_fd_sc_hd__xnor2_1)
   0.17   15.39 ^ gen_col[14].u_pe_col/gen_pe[0].u_pe/_10380_/Y (sky130_fd_sc_hd__xnor2_1)
   0.22   15.61 ^ gen_col[14].u_pe_col/gen_pe[0].u_pe/_10493_/X (sky130_fd_sc_hd__xor2_1)
   0.18   15.79 ^ gen_col[14].u_pe_col/gen_pe[0].u_pe/_10495_/X (sky130_fd_sc_hd__xor2_1)
   0.21   16.00 ^ gen_col[14].u_pe_col/gen_pe[0].u_pe/_10569_/X (sky130_fd_sc_hd__xor2_1)
   0.17   16.17 ^ gen_col[14].u_pe_col/gen_pe[0].u_pe/_11170_/X (sky130_fd_sc_hd__xor2_1)
   0.10   16.27 v gen_col[14].u_pe_col/gen_pe[0].u_pe/_11171_/Y (sky130_fd_sc_hd__clkinv_1)
   0.21   16.48 ^ gen_col[14].u_pe_col/gen_pe[0].u_pe/_11172_/Y (sky130_fd_sc_hd__a21oi_1)
   0.13   16.60 v gen_col[14].u_pe_col/gen_pe[0].u_pe/_11174_/Y (sky130_fd_sc_hd__o21bai_1)
   0.23   16.83 ^ gen_col[14].u_pe_col/gen_pe[0].u_pe/_11176_/Y (sky130_fd_sc_hd__a21oi_1)
   0.14   16.97 v gen_col[14].u_pe_col/gen_pe[0].u_pe/_11193_/Y (sky130_fd_sc_hd__o31ai_1)
   0.19   17.16 ^ gen_col[14].u_pe_col/gen_pe[0].u_pe/_11195_/Y (sky130_fd_sc_hd__a21oi_1)
   0.18   17.34 v gen_col[14].u_pe_col/gen_pe[0].u_pe/_11198_/Y (sky130_fd_sc_hd__o21ai_0)
   0.25   17.58 ^ gen_col[14].u_pe_col/gen_pe[0].u_pe/_11215_/Y (sky130_fd_sc_hd__a31oi_1)
   0.16   17.74 v gen_col[14].u_pe_col/gen_pe[0].u_pe/_11219_/Y (sky130_fd_sc_hd__o211ai_1)
   0.39   18.13 ^ gen_col[14].u_pe_col/gen_pe[0].u_pe/_11222_/Y (sky130_fd_sc_hd__a311oi_1)
   0.14   18.27 v gen_col[14].u_pe_col/gen_pe[0].u_pe/_11224_/Y (sky130_fd_sc_hd__o31ai_1)
   0.23   18.50 ^ gen_col[14].u_pe_col/gen_pe[0].u_pe/_11227_/Y (sky130_fd_sc_hd__a21oi_1)
   0.16   18.66 v gen_col[14].u_pe_col/gen_pe[0].u_pe/_11231_/Y (sky130_fd_sc_hd__o211ai_1)
   0.29   18.95 ^ gen_col[14].u_pe_col/gen_pe[0].u_pe/_11234_/Y (sky130_fd_sc_hd__a311oi_1)
   0.19   19.14 v gen_col[14].u_pe_col/gen_pe[0].u_pe/_11237_/Y (sky130_fd_sc_hd__o311ai_0)
   0.37   19.51 ^ gen_col[14].u_pe_col/gen_pe[0].u_pe/_11240_/Y (sky130_fd_sc_hd__a311oi_1)
   0.20   19.71 v gen_col[14].u_pe_col/gen_pe[0].u_pe/_11243_/Y (sky130_fd_sc_hd__o311ai_0)
   0.35   20.06 ^ gen_col[14].u_pe_col/gen_pe[0].u_pe/_11245_/Y (sky130_fd_sc_hd__a311oi_1)
   0.17   20.22 v gen_col[14].u_pe_col/gen_pe[0].u_pe/_11248_/Y (sky130_fd_sc_hd__o311ai_0)
   0.43   20.66 ^ gen_col[14].u_pe_col/gen_pe[0].u_pe/_11251_/Y (sky130_fd_sc_hd__a311oi_1)
   0.18   20.84 v gen_col[14].u_pe_col/gen_pe[0].u_pe/_11254_/Y (sky130_fd_sc_hd__o311ai_0)
   0.32   21.16 ^ gen_col[14].u_pe_col/gen_pe[0].u_pe/_11257_/Y (sky130_fd_sc_hd__a311oi_1)
   0.16   21.32 v gen_col[14].u_pe_col/gen_pe[0].u_pe/_11261_/Y (sky130_fd_sc_hd__o311ai_0)
   0.30   21.62 ^ gen_col[14].u_pe_col/gen_pe[0].u_pe/_11264_/Y (sky130_fd_sc_hd__a311oi_1)
   0.16   21.77 v gen_col[14].u_pe_col/gen_pe[0].u_pe/_11267_/Y (sky130_fd_sc_hd__o311ai_0)
   0.43   22.20 ^ gen_col[14].u_pe_col/gen_pe[0].u_pe/_11270_/Y (sky130_fd_sc_hd__a311oi_1)
   0.19   22.40 v gen_col[14].u_pe_col/gen_pe[0].u_pe/_11273_/Y (sky130_fd_sc_hd__o311ai_0)
   0.25   22.65 ^ gen_col[14].u_pe_col/gen_pe[0].u_pe/_11275_/Y (sky130_fd_sc_hd__a31oi_1)
   0.16   22.80 ^ gen_col[14].u_pe_col/gen_pe[0].u_pe/_11278_/X (sky130_fd_sc_hd__o21ba_1)
   0.11   22.91 v gen_col[14].u_pe_col/gen_pe[0].u_pe/_11283_/Y (sky130_fd_sc_hd__o211ai_1)
   0.41   23.32 ^ gen_col[14].u_pe_col/gen_pe[0].u_pe/_11286_/Y (sky130_fd_sc_hd__a311oi_1)
   0.18   23.50 v gen_col[14].u_pe_col/gen_pe[0].u_pe/_11289_/Y (sky130_fd_sc_hd__o311ai_0)
   0.43   23.93 ^ gen_col[14].u_pe_col/gen_pe[0].u_pe/_11292_/Y (sky130_fd_sc_hd__a311oi_1)
   0.18   24.12 v gen_col[14].u_pe_col/gen_pe[0].u_pe/_11295_/Y (sky130_fd_sc_hd__o311ai_0)
   0.43   24.55 ^ gen_col[14].u_pe_col/gen_pe[0].u_pe/_11298_/Y (sky130_fd_sc_hd__a311oi_1)
   0.22   24.78 v gen_col[14].u_pe_col/gen_pe[0].u_pe/_11301_/Y (sky130_fd_sc_hd__o311ai_0)
   0.45   25.23 ^ gen_col[14].u_pe_col/gen_pe[0].u_pe/_11304_/Y (sky130_fd_sc_hd__a311oi_1)
   0.21   25.44 v gen_col[14].u_pe_col/gen_pe[0].u_pe/_11307_/Y (sky130_fd_sc_hd__o311ai_0)
   0.39   25.83 ^ gen_col[14].u_pe_col/gen_pe[0].u_pe/_11310_/Y (sky130_fd_sc_hd__a311oi_1)
   0.17   26.00 v gen_col[14].u_pe_col/gen_pe[0].u_pe/_11315_/Y (sky130_fd_sc_hd__o311ai_0)
   0.43   26.43 ^ gen_col[14].u_pe_col/gen_pe[0].u_pe/_11318_/Y (sky130_fd_sc_hd__a311oi_1)
   0.22   26.66 v gen_col[14].u_pe_col/gen_pe[0].u_pe/_11321_/Y (sky130_fd_sc_hd__o311ai_0)
   0.43   27.09 ^ gen_col[14].u_pe_col/gen_pe[0].u_pe/_11324_/Y (sky130_fd_sc_hd__a311oi_1)
   0.19   27.28 v gen_col[14].u_pe_col/gen_pe[0].u_pe/_11327_/Y (sky130_fd_sc_hd__o311ai_0)
   0.26   27.54 ^ gen_col[14].u_pe_col/gen_pe[0].u_pe/_11329_/Y (sky130_fd_sc_hd__a31oi_1)
   0.26   27.80 ^ gen_col[14].u_pe_col/gen_pe[0].u_pe/_11332_/X (sky130_fd_sc_hd__maj3_1)
   0.13   27.93 v gen_col[14].u_pe_col/gen_pe[0].u_pe/_11336_/Y (sky130_fd_sc_hd__o211ai_1)
   0.42   28.35 ^ gen_col[14].u_pe_col/gen_pe[0].u_pe/_11339_/Y (sky130_fd_sc_hd__a311oi_1)
   0.25   28.60 v gen_col[14].u_pe_col/gen_pe[0].u_pe/_11342_/Y (sky130_fd_sc_hd__o311ai_0)
   0.46   29.07 ^ gen_col[14].u_pe_col/gen_pe[0].u_pe/_11345_/Y (sky130_fd_sc_hd__a311oi_1)
   0.21   29.28 v gen_col[14].u_pe_col/gen_pe[0].u_pe/_11348_/Y (sky130_fd_sc_hd__o311ai_0)
   0.45   29.73 ^ gen_col[14].u_pe_col/gen_pe[0].u_pe/_11351_/Y (sky130_fd_sc_hd__a311oi_1)
   0.19   29.92 v gen_col[14].u_pe_col/gen_pe[0].u_pe/_11354_/Y (sky130_fd_sc_hd__o311ai_0)
   0.26   30.18 ^ gen_col[14].u_pe_col/gen_pe[0].u_pe/_11356_/Y (sky130_fd_sc_hd__a31oi_1)
   0.19   30.36 ^ gen_col[14].u_pe_col/gen_pe[0].u_pe/_11358_/X (sky130_fd_sc_hd__o21a_1)
   0.20   30.56 ^ gen_col[14].u_pe_col/gen_pe[0].u_pe/_11361_/X (sky130_fd_sc_hd__maj3_1)
   0.22   30.78 ^ gen_col[14].u_pe_col/gen_pe[0].u_pe/_11363_/X (sky130_fd_sc_hd__maj3_1)
   0.13   30.91 v gen_col[14].u_pe_col/gen_pe[0].u_pe/_11367_/Y (sky130_fd_sc_hd__o211ai_1)
   0.33   31.24 ^ gen_col[14].u_pe_col/gen_pe[0].u_pe/_11370_/Y (sky130_fd_sc_hd__a311oi_1)
   0.13   31.37 v gen_col[14].u_pe_col/gen_pe[0].u_pe/_11372_/Y (sky130_fd_sc_hd__o31ai_1)
   0.39   31.76 v gen_col[14].u_pe_col/gen_pe[0].u_pe/_11375_/X (sky130_fd_sc_hd__maj3_1)
   0.39   32.15 v gen_col[14].u_pe_col/gen_pe[0].u_pe/_11377_/X (sky130_fd_sc_hd__maj3_1)
   0.39   32.55 v gen_col[14].u_pe_col/gen_pe[0].u_pe/_11379_/X (sky130_fd_sc_hd__maj3_1)
   0.38   32.93 v gen_col[14].u_pe_col/gen_pe[0].u_pe/_11381_/X (sky130_fd_sc_hd__maj3_1)
   0.16   33.09 ^ gen_col[14].u_pe_col/gen_pe[0].u_pe/_11384_/Y (sky130_fd_sc_hd__a21oi_1)
   0.08   33.17 v gen_col[14].u_pe_col/gen_pe[0].u_pe/_11403_/Y (sky130_fd_sc_hd__nor2_1)
   0.20   33.37 ^ gen_col[14].u_pe_col/gen_pe[0].u_pe/_11752_/Y (sky130_fd_sc_hd__o31ai_1)
   0.09   33.46 v gen_col[14].u_pe_col/gen_pe[0].u_pe/_11753_/Y (sky130_fd_sc_hd__o21ai_0)
   0.00   33.46 v gen_col[14].u_pe_col/gen_pe[0].u_pe/_11930_/D (sky130_fd_sc_hd__dfrtp_1)
          33.46   data arrival time

  20.00   20.00   clock clk (rise edge)
   0.00   20.00   clock network delay (ideal)
   0.00   20.00   clock reconvergence pessimism
          20.00 ^ gen_col[14].u_pe_col/gen_pe[0].u_pe/_11930_/CLK (sky130_fd_sc_hd__dfrtp_1)
  -0.22   19.78   library setup time
          19.78   data required time
---------------------------------------------------------
          19.78   data required time
         -33.46   data arrival time
---------------------------------------------------------
         -13.68   slack (VIOLATED)


Timing Analysis Completed.
