OpenSTA 3.1.0  Copyright (c) 2026, Parallax Software, Inc.
License GPLv3: GNU GPL version 3 <http://gnu.org/licenses/gpl.html>

This is free software, and you are free to change and redistribute it
under certain conditions; type `show_copying' for details. 
This program comes with ABSOLUTELY NO WARRANTY; for details type `show_warranty'.
Warning 503: timing.tcl line 1, report_checks -group_count is deprecated. Use -group_path_count instead.
Startpoint: gen_col[0].u_pe_col/gen_pe[0].u_pe/_7607_
            (rising edge-triggered flip-flop clocked by clk)
Endpoint: gen_col[1].u_pe_col/gen_pe[0].u_pe/_7685_
          (rising edge-triggered flip-flop clocked by clk)
Path Group: clk
Path Type: max

  Delay    Time   Description
---------------------------------------------------------
   0.00    0.00   clock clk (rise edge)
   0.00    0.00   clock network delay (ideal)
   0.00    0.00 ^ gen_col[0].u_pe_col/gen_pe[0].u_pe/_7607_/CLK (sky130_fd_sc_hd__dfrtp_1)
   0.51    0.51 v gen_col[0].u_pe_col/gen_pe[0].u_pe/_7607_/Q (sky130_fd_sc_hd__dfrtp_1)
   5.38    5.89 ^ gen_col[1].u_pe_col/gen_pe[0].u_pe/_5299_/Y (sky130_fd_sc_hd__a31oi_1)
   0.41    6.29 v gen_col[1].u_pe_col/gen_pe[0].u_pe/_6461_/Y (sky130_fd_sc_hd__xnor2_1)
   0.48    6.77 ^ gen_col[1].u_pe_col/gen_pe[0].u_pe/_6462_/Y (sky130_fd_sc_hd__xnor2_1)
   0.17    6.95 ^ gen_col[1].u_pe_col/gen_pe[0].u_pe/_6463_/Y (sky130_fd_sc_hd__xnor2_1)
   0.17    7.11 ^ gen_col[1].u_pe_col/gen_pe[0].u_pe/_6464_/Y (sky130_fd_sc_hd__xnor2_1)
   0.22    7.33 ^ gen_col[1].u_pe_col/gen_pe[0].u_pe/_6577_/X (sky130_fd_sc_hd__xor2_1)
   0.18    7.52 ^ gen_col[1].u_pe_col/gen_pe[0].u_pe/_6579_/X (sky130_fd_sc_hd__xor2_1)
   0.21    7.73 ^ gen_col[1].u_pe_col/gen_pe[0].u_pe/_6652_/X (sky130_fd_sc_hd__xor2_1)
   0.09    7.82 v gen_col[1].u_pe_col/gen_pe[0].u_pe/_7251_/X (sky130_fd_sc_hd__xor2_1)
   0.07    7.89 ^ gen_col[1].u_pe_col/gen_pe[0].u_pe/_7252_/Y (sky130_fd_sc_hd__clkinv_1)
   0.08    7.97 v gen_col[1].u_pe_col/gen_pe[0].u_pe/_7253_/Y (sky130_fd_sc_hd__a21oi_1)
   0.20    8.17 ^ gen_col[1].u_pe_col/gen_pe[0].u_pe/_7256_/Y (sky130_fd_sc_hd__o21bai_1)
   0.13    8.30 v gen_col[1].u_pe_col/gen_pe[0].u_pe/_7258_/Y (sky130_fd_sc_hd__a21oi_1)
   0.34    8.64 ^ gen_col[1].u_pe_col/gen_pe[0].u_pe/_7275_/Y (sky130_fd_sc_hd__o31ai_1)
   0.14    8.78 v gen_col[1].u_pe_col/gen_pe[0].u_pe/_7277_/Y (sky130_fd_sc_hd__a21oi_1)
   0.31    9.09 ^ gen_col[1].u_pe_col/gen_pe[0].u_pe/_7281_/Y (sky130_fd_sc_hd__o21ai_0)
   0.18    9.27 v gen_col[1].u_pe_col/gen_pe[0].u_pe/_7298_/Y (sky130_fd_sc_hd__a31oi_1)
   0.25    9.53 ^ gen_col[1].u_pe_col/gen_pe[0].u_pe/_7302_/Y (sky130_fd_sc_hd__o211ai_1)
   0.15    9.67 v gen_col[1].u_pe_col/gen_pe[0].u_pe/_7305_/Y (sky130_fd_sc_hd__a311oi_1)
   0.30    9.97 ^ gen_col[1].u_pe_col/gen_pe[0].u_pe/_7307_/Y (sky130_fd_sc_hd__o31ai_1)
   0.16   10.13 v gen_col[1].u_pe_col/gen_pe[0].u_pe/_7310_/Y (sky130_fd_sc_hd__a21oi_1)
   0.26   10.39 ^ gen_col[1].u_pe_col/gen_pe[0].u_pe/_7314_/Y (sky130_fd_sc_hd__o211ai_1)
   0.17   10.56 v gen_col[1].u_pe_col/gen_pe[0].u_pe/_7317_/Y (sky130_fd_sc_hd__a311oi_1)
   0.35   10.91 ^ gen_col[1].u_pe_col/gen_pe[0].u_pe/_7320_/Y (sky130_fd_sc_hd__o311ai_0)
   0.19   11.10 v gen_col[1].u_pe_col/gen_pe[0].u_pe/_7323_/Y (sky130_fd_sc_hd__a311oi_1)
   0.46   11.55 ^ gen_col[1].u_pe_col/gen_pe[0].u_pe/_7326_/Y (sky130_fd_sc_hd__o311ai_0)
   0.20   11.75 v gen_col[1].u_pe_col/gen_pe[0].u_pe/_7329_/Y (sky130_fd_sc_hd__a311oi_1)
   0.46   12.21 ^ gen_col[1].u_pe_col/gen_pe[0].u_pe/_7332_/Y (sky130_fd_sc_hd__o311ai_0)
   0.18   12.39 v gen_col[1].u_pe_col/gen_pe[0].u_pe/_7333_/Y (sky130_fd_sc_hd__a31oi_1)
   0.22   12.61 v gen_col[1].u_pe_col/gen_pe[0].u_pe/_7336_/X (sky130_fd_sc_hd__o21ba_1)
   0.39   13.00 v gen_col[1].u_pe_col/gen_pe[0].u_pe/_7339_/X (sky130_fd_sc_hd__maj3_1)
   0.36   13.36 v gen_col[1].u_pe_col/gen_pe[0].u_pe/_7342_/X (sky130_fd_sc_hd__maj3_1)
   0.22   13.58 ^ gen_col[1].u_pe_col/gen_pe[0].u_pe/_7347_/Y (sky130_fd_sc_hd__o221ai_1)
   0.14   13.72 v gen_col[1].u_pe_col/gen_pe[0].u_pe/_7350_/Y (sky130_fd_sc_hd__a311oi_1)
   0.18   13.90 ^ gen_col[1].u_pe_col/gen_pe[0].u_pe/_7352_/Y (sky130_fd_sc_hd__nor3_1)
   0.14   14.03 v gen_col[1].u_pe_col/gen_pe[0].u_pe/_7354_/Y (sky130_fd_sc_hd__o21ai_0)
   0.22   14.26 v gen_col[1].u_pe_col/gen_pe[0].u_pe/_7357_/X (sky130_fd_sc_hd__a21o_1)
   0.31   14.57 ^ gen_col[1].u_pe_col/gen_pe[0].u_pe/_7360_/Y (sky130_fd_sc_hd__a311oi_1)
   0.13   14.70 v gen_col[1].u_pe_col/gen_pe[0].u_pe/_7362_/Y (sky130_fd_sc_hd__o21bai_1)
   0.20   14.90 v gen_col[1].u_pe_col/gen_pe[0].u_pe/_7381_/X (sky130_fd_sc_hd__a21o_1)
   0.16   15.06 v gen_col[1].u_pe_col/gen_pe[0].u_pe/_7570_/X (sky130_fd_sc_hd__and3_1)
   0.20   15.25 ^ gen_col[1].u_pe_col/gen_pe[0].u_pe/_7572_/Y (sky130_fd_sc_hd__o31ai_1)
   0.00   15.25 ^ gen_col[1].u_pe_col/gen_pe[0].u_pe/_7685_/D (sky130_fd_sc_hd__dfrtp_1)
          15.25   data arrival time

  20.00   20.00   clock clk (rise edge)
   0.00   20.00   clock network delay (ideal)
   0.00   20.00   clock reconvergence pessimism
          20.00 ^ gen_col[1].u_pe_col/gen_pe[0].u_pe/_7685_/CLK (sky130_fd_sc_hd__dfrtp_1)
  -0.10   19.90   library setup time
          19.90   data required time
---------------------------------------------------------
          19.90   data required time
         -15.25   data arrival time
---------------------------------------------------------
           4.65   slack (MET)


Startpoint: gen_col[0].u_pe_col/gen_pe[1].u_pe/_7607_
            (rising edge-triggered flip-flop clocked by clk)
Endpoint: gen_col[1].u_pe_col/gen_pe[1].u_pe/_7685_
          (rising edge-triggered flip-flop clocked by clk)
Path Group: clk
Path Type: max

  Delay    Time   Description
---------------------------------------------------------
   0.00    0.00   clock clk (rise edge)
   0.00    0.00   clock network delay (ideal)
   0.00    0.00 ^ gen_col[0].u_pe_col/gen_pe[1].u_pe/_7607_/CLK (sky130_fd_sc_hd__dfrtp_1)
   0.51    0.51 v gen_col[0].u_pe_col/gen_pe[1].u_pe/_7607_/Q (sky130_fd_sc_hd__dfrtp_1)
   5.38    5.89 ^ gen_col[1].u_pe_col/gen_pe[1].u_pe/_5299_/Y (sky130_fd_sc_hd__a31oi_1)
   0.41    6.29 v gen_col[1].u_pe_col/gen_pe[1].u_pe/_6461_/Y (sky130_fd_sc_hd__xnor2_1)
   0.48    6.77 ^ gen_col[1].u_pe_col/gen_pe[1].u_pe/_6462_/Y (sky130_fd_sc_hd__xnor2_1)
   0.17    6.95 ^ gen_col[1].u_pe_col/gen_pe[1].u_pe/_6463_/Y (sky130_fd_sc_hd__xnor2_1)
   0.17    7.11 ^ gen_col[1].u_pe_col/gen_pe[1].u_pe/_6464_/Y (sky130_fd_sc_hd__xnor2_1)
   0.22    7.33 ^ gen_col[1].u_pe_col/gen_pe[1].u_pe/_6577_/X (sky130_fd_sc_hd__xor2_1)
   0.18    7.52 ^ gen_col[1].u_pe_col/gen_pe[1].u_pe/_6579_/X (sky130_fd_sc_hd__xor2_1)
   0.21    7.73 ^ gen_col[1].u_pe_col/gen_pe[1].u_pe/_6652_/X (sky130_fd_sc_hd__xor2_1)
   0.09    7.82 v gen_col[1].u_pe_col/gen_pe[1].u_pe/_7251_/X (sky130_fd_sc_hd__xor2_1)
   0.07    7.89 ^ gen_col[1].u_pe_col/gen_pe[1].u_pe/_7252_/Y (sky130_fd_sc_hd__clkinv_1)
   0.08    7.97 v gen_col[1].u_pe_col/gen_pe[1].u_pe/_7253_/Y (sky130_fd_sc_hd__a21oi_1)
   0.20    8.17 ^ gen_col[1].u_pe_col/gen_pe[1].u_pe/_7256_/Y (sky130_fd_sc_hd__o21bai_1)
   0.13    8.30 v gen_col[1].u_pe_col/gen_pe[1].u_pe/_7258_/Y (sky130_fd_sc_hd__a21oi_1)
   0.34    8.64 ^ gen_col[1].u_pe_col/gen_pe[1].u_pe/_7275_/Y (sky130_fd_sc_hd__o31ai_1)
   0.14    8.78 v gen_col[1].u_pe_col/gen_pe[1].u_pe/_7277_/Y (sky130_fd_sc_hd__a21oi_1)
   0.31    9.09 ^ gen_col[1].u_pe_col/gen_pe[1].u_pe/_7281_/Y (sky130_fd_sc_hd__o21ai_0)
   0.18    9.27 v gen_col[1].u_pe_col/gen_pe[1].u_pe/_7298_/Y (sky130_fd_sc_hd__a31oi_1)
   0.25    9.53 ^ gen_col[1].u_pe_col/gen_pe[1].u_pe/_7302_/Y (sky130_fd_sc_hd__o211ai_1)
   0.15    9.67 v gen_col[1].u_pe_col/gen_pe[1].u_pe/_7305_/Y (sky130_fd_sc_hd__a311oi_1)
   0.30    9.97 ^ gen_col[1].u_pe_col/gen_pe[1].u_pe/_7307_/Y (sky130_fd_sc_hd__o31ai_1)
   0.16   10.13 v gen_col[1].u_pe_col/gen_pe[1].u_pe/_7310_/Y (sky130_fd_sc_hd__a21oi_1)
   0.26   10.39 ^ gen_col[1].u_pe_col/gen_pe[1].u_pe/_7314_/Y (sky130_fd_sc_hd__o211ai_1)
   0.17   10.56 v gen_col[1].u_pe_col/gen_pe[1].u_pe/_7317_/Y (sky130_fd_sc_hd__a311oi_1)
   0.35   10.91 ^ gen_col[1].u_pe_col/gen_pe[1].u_pe/_7320_/Y (sky130_fd_sc_hd__o311ai_0)
   0.19   11.10 v gen_col[1].u_pe_col/gen_pe[1].u_pe/_7323_/Y (sky130_fd_sc_hd__a311oi_1)
   0.46   11.55 ^ gen_col[1].u_pe_col/gen_pe[1].u_pe/_7326_/Y (sky130_fd_sc_hd__o311ai_0)
   0.20   11.75 v gen_col[1].u_pe_col/gen_pe[1].u_pe/_7329_/Y (sky130_fd_sc_hd__a311oi_1)
   0.46   12.21 ^ gen_col[1].u_pe_col/gen_pe[1].u_pe/_7332_/Y (sky130_fd_sc_hd__o311ai_0)
   0.18   12.39 v gen_col[1].u_pe_col/gen_pe[1].u_pe/_7333_/Y (sky130_fd_sc_hd__a31oi_1)
   0.22   12.61 v gen_col[1].u_pe_col/gen_pe[1].u_pe/_7336_/X (sky130_fd_sc_hd__o21ba_1)
   0.39   13.00 v gen_col[1].u_pe_col/gen_pe[1].u_pe/_7339_/X (sky130_fd_sc_hd__maj3_1)
   0.36   13.36 v gen_col[1].u_pe_col/gen_pe[1].u_pe/_7342_/X (sky130_fd_sc_hd__maj3_1)
   0.22   13.58 ^ gen_col[1].u_pe_col/gen_pe[1].u_pe/_7347_/Y (sky130_fd_sc_hd__o221ai_1)
   0.14   13.72 v gen_col[1].u_pe_col/gen_pe[1].u_pe/_7350_/Y (sky130_fd_sc_hd__a311oi_1)
   0.18   13.90 ^ gen_col[1].u_pe_col/gen_pe[1].u_pe/_7352_/Y (sky130_fd_sc_hd__nor3_1)
   0.14   14.03 v gen_col[1].u_pe_col/gen_pe[1].u_pe/_7354_/Y (sky130_fd_sc_hd__o21ai_0)
   0.22   14.26 v gen_col[1].u_pe_col/gen_pe[1].u_pe/_7357_/X (sky130_fd_sc_hd__a21o_1)
   0.31   14.57 ^ gen_col[1].u_pe_col/gen_pe[1].u_pe/_7360_/Y (sky130_fd_sc_hd__a311oi_1)
   0.13   14.70 v gen_col[1].u_pe_col/gen_pe[1].u_pe/_7362_/Y (sky130_fd_sc_hd__o21bai_1)
   0.20   14.90 v gen_col[1].u_pe_col/gen_pe[1].u_pe/_7381_/X (sky130_fd_sc_hd__a21o_1)
   0.16   15.06 v gen_col[1].u_pe_col/gen_pe[1].u_pe/_7570_/X (sky130_fd_sc_hd__and3_1)
   0.20   15.25 ^ gen_col[1].u_pe_col/gen_pe[1].u_pe/_7572_/Y (sky130_fd_sc_hd__o31ai_1)
   0.00   15.25 ^ gen_col[1].u_pe_col/gen_pe[1].u_pe/_7685_/D (sky130_fd_sc_hd__dfrtp_1)
          15.25   data arrival time

  20.00   20.00   clock clk (rise edge)
   0.00   20.00   clock network delay (ideal)
   0.00   20.00   clock reconvergence pessimism
          20.00 ^ gen_col[1].u_pe_col/gen_pe[1].u_pe/_7685_/CLK (sky130_fd_sc_hd__dfrtp_1)
  -0.10   19.90   library setup time
          19.90   data required time
---------------------------------------------------------
          19.90   data required time
         -15.25   data arrival time
---------------------------------------------------------
           4.65   slack (MET)


Startpoint: gen_col[0].u_pe_col/gen_pe[2].u_pe/_7607_
            (rising edge-triggered flip-flop clocked by clk)
Endpoint: gen_col[1].u_pe_col/gen_pe[2].u_pe/_7685_
          (rising edge-triggered flip-flop clocked by clk)
Path Group: clk
Path Type: max

  Delay    Time   Description
---------------------------------------------------------
   0.00    0.00   clock clk (rise edge)
   0.00    0.00   clock network delay (ideal)
   0.00    0.00 ^ gen_col[0].u_pe_col/gen_pe[2].u_pe/_7607_/CLK (sky130_fd_sc_hd__dfrtp_1)
   0.51    0.51 v gen_col[0].u_pe_col/gen_pe[2].u_pe/_7607_/Q (sky130_fd_sc_hd__dfrtp_1)
   5.38    5.89 ^ gen_col[1].u_pe_col/gen_pe[2].u_pe/_5299_/Y (sky130_fd_sc_hd__a31oi_1)
   0.41    6.29 v gen_col[1].u_pe_col/gen_pe[2].u_pe/_6461_/Y (sky130_fd_sc_hd__xnor2_1)
   0.48    6.77 ^ gen_col[1].u_pe_col/gen_pe[2].u_pe/_6462_/Y (sky130_fd_sc_hd__xnor2_1)
   0.17    6.95 ^ gen_col[1].u_pe_col/gen_pe[2].u_pe/_6463_/Y (sky130_fd_sc_hd__xnor2_1)
   0.17    7.11 ^ gen_col[1].u_pe_col/gen_pe[2].u_pe/_6464_/Y (sky130_fd_sc_hd__xnor2_1)
   0.22    7.33 ^ gen_col[1].u_pe_col/gen_pe[2].u_pe/_6577_/X (sky130_fd_sc_hd__xor2_1)
   0.18    7.52 ^ gen_col[1].u_pe_col/gen_pe[2].u_pe/_6579_/X (sky130_fd_sc_hd__xor2_1)
   0.21    7.73 ^ gen_col[1].u_pe_col/gen_pe[2].u_pe/_6652_/X (sky130_fd_sc_hd__xor2_1)
   0.09    7.82 v gen_col[1].u_pe_col/gen_pe[2].u_pe/_7251_/X (sky130_fd_sc_hd__xor2_1)
   0.07    7.89 ^ gen_col[1].u_pe_col/gen_pe[2].u_pe/_7252_/Y (sky130_fd_sc_hd__clkinv_1)
   0.08    7.97 v gen_col[1].u_pe_col/gen_pe[2].u_pe/_7253_/Y (sky130_fd_sc_hd__a21oi_1)
   0.20    8.17 ^ gen_col[1].u_pe_col/gen_pe[2].u_pe/_7256_/Y (sky130_fd_sc_hd__o21bai_1)
   0.13    8.30 v gen_col[1].u_pe_col/gen_pe[2].u_pe/_7258_/Y (sky130_fd_sc_hd__a21oi_1)
   0.34    8.64 ^ gen_col[1].u_pe_col/gen_pe[2].u_pe/_7275_/Y (sky130_fd_sc_hd__o31ai_1)
   0.14    8.78 v gen_col[1].u_pe_col/gen_pe[2].u_pe/_7277_/Y (sky130_fd_sc_hd__a21oi_1)
   0.31    9.09 ^ gen_col[1].u_pe_col/gen_pe[2].u_pe/_7281_/Y (sky130_fd_sc_hd__o21ai_0)
   0.18    9.27 v gen_col[1].u_pe_col/gen_pe[2].u_pe/_7298_/Y (sky130_fd_sc_hd__a31oi_1)
   0.25    9.53 ^ gen_col[1].u_pe_col/gen_pe[2].u_pe/_7302_/Y (sky130_fd_sc_hd__o211ai_1)
   0.15    9.67 v gen_col[1].u_pe_col/gen_pe[2].u_pe/_7305_/Y (sky130_fd_sc_hd__a311oi_1)
   0.30    9.97 ^ gen_col[1].u_pe_col/gen_pe[2].u_pe/_7307_/Y (sky130_fd_sc_hd__o31ai_1)
   0.16   10.13 v gen_col[1].u_pe_col/gen_pe[2].u_pe/_7310_/Y (sky130_fd_sc_hd__a21oi_1)
   0.26   10.39 ^ gen_col[1].u_pe_col/gen_pe[2].u_pe/_7314_/Y (sky130_fd_sc_hd__o211ai_1)
   0.17   10.56 v gen_col[1].u_pe_col/gen_pe[2].u_pe/_7317_/Y (sky130_fd_sc_hd__a311oi_1)
   0.35   10.91 ^ gen_col[1].u_pe_col/gen_pe[2].u_pe/_7320_/Y (sky130_fd_sc_hd__o311ai_0)
   0.19   11.10 v gen_col[1].u_pe_col/gen_pe[2].u_pe/_7323_/Y (sky130_fd_sc_hd__a311oi_1)
   0.46   11.55 ^ gen_col[1].u_pe_col/gen_pe[2].u_pe/_7326_/Y (sky130_fd_sc_hd__o311ai_0)
   0.20   11.75 v gen_col[1].u_pe_col/gen_pe[2].u_pe/_7329_/Y (sky130_fd_sc_hd__a311oi_1)
   0.46   12.21 ^ gen_col[1].u_pe_col/gen_pe[2].u_pe/_7332_/Y (sky130_fd_sc_hd__o311ai_0)
   0.18   12.39 v gen_col[1].u_pe_col/gen_pe[2].u_pe/_7333_/Y (sky130_fd_sc_hd__a31oi_1)
   0.22   12.61 v gen_col[1].u_pe_col/gen_pe[2].u_pe/_7336_/X (sky130_fd_sc_hd__o21ba_1)
   0.39   13.00 v gen_col[1].u_pe_col/gen_pe[2].u_pe/_7339_/X (sky130_fd_sc_hd__maj3_1)
   0.36   13.36 v gen_col[1].u_pe_col/gen_pe[2].u_pe/_7342_/X (sky130_fd_sc_hd__maj3_1)
   0.22   13.58 ^ gen_col[1].u_pe_col/gen_pe[2].u_pe/_7347_/Y (sky130_fd_sc_hd__o221ai_1)
   0.14   13.72 v gen_col[1].u_pe_col/gen_pe[2].u_pe/_7350_/Y (sky130_fd_sc_hd__a311oi_1)
   0.18   13.90 ^ gen_col[1].u_pe_col/gen_pe[2].u_pe/_7352_/Y (sky130_fd_sc_hd__nor3_1)
   0.14   14.03 v gen_col[1].u_pe_col/gen_pe[2].u_pe/_7354_/Y (sky130_fd_sc_hd__o21ai_0)
   0.22   14.26 v gen_col[1].u_pe_col/gen_pe[2].u_pe/_7357_/X (sky130_fd_sc_hd__a21o_1)
   0.31   14.57 ^ gen_col[1].u_pe_col/gen_pe[2].u_pe/_7360_/Y (sky130_fd_sc_hd__a311oi_1)
   0.13   14.70 v gen_col[1].u_pe_col/gen_pe[2].u_pe/_7362_/Y (sky130_fd_sc_hd__o21bai_1)
   0.20   14.90 v gen_col[1].u_pe_col/gen_pe[2].u_pe/_7381_/X (sky130_fd_sc_hd__a21o_1)
   0.16   15.06 v gen_col[1].u_pe_col/gen_pe[2].u_pe/_7570_/X (sky130_fd_sc_hd__and3_1)
   0.20   15.25 ^ gen_col[1].u_pe_col/gen_pe[2].u_pe/_7572_/Y (sky130_fd_sc_hd__o31ai_1)
   0.00   15.25 ^ gen_col[1].u_pe_col/gen_pe[2].u_pe/_7685_/D (sky130_fd_sc_hd__dfrtp_1)
          15.25   data arrival time

  20.00   20.00   clock clk (rise edge)
   0.00   20.00   clock network delay (ideal)
   0.00   20.00   clock reconvergence pessimism
          20.00 ^ gen_col[1].u_pe_col/gen_pe[2].u_pe/_7685_/CLK (sky130_fd_sc_hd__dfrtp_1)
  -0.10   19.90   library setup time
          19.90   data required time
---------------------------------------------------------
          19.90   data required time
         -15.25   data arrival time
---------------------------------------------------------
           4.65   slack (MET)


Startpoint: gen_col[0].u_pe_col/gen_pe[3].u_pe/_7607_
            (rising edge-triggered flip-flop clocked by clk)
Endpoint: gen_col[1].u_pe_col/gen_pe[3].u_pe/_7685_
          (rising edge-triggered flip-flop clocked by clk)
Path Group: clk
Path Type: max

  Delay    Time   Description
---------------------------------------------------------
   0.00    0.00   clock clk (rise edge)
   0.00    0.00   clock network delay (ideal)
   0.00    0.00 ^ gen_col[0].u_pe_col/gen_pe[3].u_pe/_7607_/CLK (sky130_fd_sc_hd__dfrtp_1)
   0.51    0.51 v gen_col[0].u_pe_col/gen_pe[3].u_pe/_7607_/Q (sky130_fd_sc_hd__dfrtp_1)
   5.38    5.89 ^ gen_col[1].u_pe_col/gen_pe[3].u_pe/_5299_/Y (sky130_fd_sc_hd__a31oi_1)
   0.41    6.29 v gen_col[1].u_pe_col/gen_pe[3].u_pe/_6461_/Y (sky130_fd_sc_hd__xnor2_1)
   0.48    6.77 ^ gen_col[1].u_pe_col/gen_pe[3].u_pe/_6462_/Y (sky130_fd_sc_hd__xnor2_1)
   0.17    6.95 ^ gen_col[1].u_pe_col/gen_pe[3].u_pe/_6463_/Y (sky130_fd_sc_hd__xnor2_1)
   0.17    7.11 ^ gen_col[1].u_pe_col/gen_pe[3].u_pe/_6464_/Y (sky130_fd_sc_hd__xnor2_1)
   0.22    7.33 ^ gen_col[1].u_pe_col/gen_pe[3].u_pe/_6577_/X (sky130_fd_sc_hd__xor2_1)
   0.18    7.52 ^ gen_col[1].u_pe_col/gen_pe[3].u_pe/_6579_/X (sky130_fd_sc_hd__xor2_1)
   0.21    7.73 ^ gen_col[1].u_pe_col/gen_pe[3].u_pe/_6652_/X (sky130_fd_sc_hd__xor2_1)
   0.09    7.82 v gen_col[1].u_pe_col/gen_pe[3].u_pe/_7251_/X (sky130_fd_sc_hd__xor2_1)
   0.07    7.89 ^ gen_col[1].u_pe_col/gen_pe[3].u_pe/_7252_/Y (sky130_fd_sc_hd__clkinv_1)
   0.08    7.97 v gen_col[1].u_pe_col/gen_pe[3].u_pe/_7253_/Y (sky130_fd_sc_hd__a21oi_1)
   0.20    8.17 ^ gen_col[1].u_pe_col/gen_pe[3].u_pe/_7256_/Y (sky130_fd_sc_hd__o21bai_1)
   0.13    8.30 v gen_col[1].u_pe_col/gen_pe[3].u_pe/_7258_/Y (sky130_fd_sc_hd__a21oi_1)
   0.34    8.64 ^ gen_col[1].u_pe_col/gen_pe[3].u_pe/_7275_/Y (sky130_fd_sc_hd__o31ai_1)
   0.14    8.78 v gen_col[1].u_pe_col/gen_pe[3].u_pe/_7277_/Y (sky130_fd_sc_hd__a21oi_1)
   0.31    9.09 ^ gen_col[1].u_pe_col/gen_pe[3].u_pe/_7281_/Y (sky130_fd_sc_hd__o21ai_0)
   0.18    9.27 v gen_col[1].u_pe_col/gen_pe[3].u_pe/_7298_/Y (sky130_fd_sc_hd__a31oi_1)
   0.25    9.53 ^ gen_col[1].u_pe_col/gen_pe[3].u_pe/_7302_/Y (sky130_fd_sc_hd__o211ai_1)
   0.15    9.67 v gen_col[1].u_pe_col/gen_pe[3].u_pe/_7305_/Y (sky130_fd_sc_hd__a311oi_1)
   0.30    9.97 ^ gen_col[1].u_pe_col/gen_pe[3].u_pe/_7307_/Y (sky130_fd_sc_hd__o31ai_1)
   0.16   10.13 v gen_col[1].u_pe_col/gen_pe[3].u_pe/_7310_/Y (sky130_fd_sc_hd__a21oi_1)
   0.26   10.39 ^ gen_col[1].u_pe_col/gen_pe[3].u_pe/_7314_/Y (sky130_fd_sc_hd__o211ai_1)
   0.17   10.56 v gen_col[1].u_pe_col/gen_pe[3].u_pe/_7317_/Y (sky130_fd_sc_hd__a311oi_1)
   0.35   10.91 ^ gen_col[1].u_pe_col/gen_pe[3].u_pe/_7320_/Y (sky130_fd_sc_hd__o311ai_0)
   0.19   11.10 v gen_col[1].u_pe_col/gen_pe[3].u_pe/_7323_/Y (sky130_fd_sc_hd__a311oi_1)
   0.46   11.55 ^ gen_col[1].u_pe_col/gen_pe[3].u_pe/_7326_/Y (sky130_fd_sc_hd__o311ai_0)
   0.20   11.75 v gen_col[1].u_pe_col/gen_pe[3].u_pe/_7329_/Y (sky130_fd_sc_hd__a311oi_1)
   0.46   12.21 ^ gen_col[1].u_pe_col/gen_pe[3].u_pe/_7332_/Y (sky130_fd_sc_hd__o311ai_0)
   0.18   12.39 v gen_col[1].u_pe_col/gen_pe[3].u_pe/_7333_/Y (sky130_fd_sc_hd__a31oi_1)
   0.22   12.61 v gen_col[1].u_pe_col/gen_pe[3].u_pe/_7336_/X (sky130_fd_sc_hd__o21ba_1)
   0.39   13.00 v gen_col[1].u_pe_col/gen_pe[3].u_pe/_7339_/X (sky130_fd_sc_hd__maj3_1)
   0.36   13.36 v gen_col[1].u_pe_col/gen_pe[3].u_pe/_7342_/X (sky130_fd_sc_hd__maj3_1)
   0.22   13.58 ^ gen_col[1].u_pe_col/gen_pe[3].u_pe/_7347_/Y (sky130_fd_sc_hd__o221ai_1)
   0.14   13.72 v gen_col[1].u_pe_col/gen_pe[3].u_pe/_7350_/Y (sky130_fd_sc_hd__a311oi_1)
   0.18   13.90 ^ gen_col[1].u_pe_col/gen_pe[3].u_pe/_7352_/Y (sky130_fd_sc_hd__nor3_1)
   0.14   14.03 v gen_col[1].u_pe_col/gen_pe[3].u_pe/_7354_/Y (sky130_fd_sc_hd__o21ai_0)
   0.22   14.26 v gen_col[1].u_pe_col/gen_pe[3].u_pe/_7357_/X (sky130_fd_sc_hd__a21o_1)
   0.31   14.57 ^ gen_col[1].u_pe_col/gen_pe[3].u_pe/_7360_/Y (sky130_fd_sc_hd__a311oi_1)
   0.13   14.70 v gen_col[1].u_pe_col/gen_pe[3].u_pe/_7362_/Y (sky130_fd_sc_hd__o21bai_1)
   0.20   14.90 v gen_col[1].u_pe_col/gen_pe[3].u_pe/_7381_/X (sky130_fd_sc_hd__a21o_1)
   0.16   15.06 v gen_col[1].u_pe_col/gen_pe[3].u_pe/_7570_/X (sky130_fd_sc_hd__and3_1)
   0.20   15.25 ^ gen_col[1].u_pe_col/gen_pe[3].u_pe/_7572_/Y (sky130_fd_sc_hd__o31ai_1)
   0.00   15.25 ^ gen_col[1].u_pe_col/gen_pe[3].u_pe/_7685_/D (sky130_fd_sc_hd__dfrtp_1)
          15.25   data arrival time

  20.00   20.00   clock clk (rise edge)
   0.00   20.00   clock network delay (ideal)
   0.00   20.00   clock reconvergence pessimism
          20.00 ^ gen_col[1].u_pe_col/gen_pe[3].u_pe/_7685_/CLK (sky130_fd_sc_hd__dfrtp_1)
  -0.10   19.90   library setup time
          19.90   data required time
---------------------------------------------------------
          19.90   data required time
         -15.25   data arrival time
---------------------------------------------------------
           4.65   slack (MET)


Startpoint: gen_col[0].u_pe_col/gen_pe[4].u_pe/_7607_
            (rising edge-triggered flip-flop clocked by clk)
Endpoint: gen_col[1].u_pe_col/gen_pe[4].u_pe/_7685_
          (rising edge-triggered flip-flop clocked by clk)
Path Group: clk
Path Type: max

  Delay    Time   Description
---------------------------------------------------------
   0.00    0.00   clock clk (rise edge)
   0.00    0.00   clock network delay (ideal)
   0.00    0.00 ^ gen_col[0].u_pe_col/gen_pe[4].u_pe/_7607_/CLK (sky130_fd_sc_hd__dfrtp_1)
   0.51    0.51 v gen_col[0].u_pe_col/gen_pe[4].u_pe/_7607_/Q (sky130_fd_sc_hd__dfrtp_1)
   5.38    5.89 ^ gen_col[1].u_pe_col/gen_pe[4].u_pe/_5299_/Y (sky130_fd_sc_hd__a31oi_1)
   0.41    6.29 v gen_col[1].u_pe_col/gen_pe[4].u_pe/_6461_/Y (sky130_fd_sc_hd__xnor2_1)
   0.48    6.77 ^ gen_col[1].u_pe_col/gen_pe[4].u_pe/_6462_/Y (sky130_fd_sc_hd__xnor2_1)
   0.17    6.95 ^ gen_col[1].u_pe_col/gen_pe[4].u_pe/_6463_/Y (sky130_fd_sc_hd__xnor2_1)
   0.17    7.11 ^ gen_col[1].u_pe_col/gen_pe[4].u_pe/_6464_/Y (sky130_fd_sc_hd__xnor2_1)
   0.22    7.33 ^ gen_col[1].u_pe_col/gen_pe[4].u_pe/_6577_/X (sky130_fd_sc_hd__xor2_1)
   0.18    7.52 ^ gen_col[1].u_pe_col/gen_pe[4].u_pe/_6579_/X (sky130_fd_sc_hd__xor2_1)
   0.21    7.73 ^ gen_col[1].u_pe_col/gen_pe[4].u_pe/_6652_/X (sky130_fd_sc_hd__xor2_1)
   0.09    7.82 v gen_col[1].u_pe_col/gen_pe[4].u_pe/_7251_/X (sky130_fd_sc_hd__xor2_1)
   0.07    7.89 ^ gen_col[1].u_pe_col/gen_pe[4].u_pe/_7252_/Y (sky130_fd_sc_hd__clkinv_1)
   0.08    7.97 v gen_col[1].u_pe_col/gen_pe[4].u_pe/_7253_/Y (sky130_fd_sc_hd__a21oi_1)
   0.20    8.17 ^ gen_col[1].u_pe_col/gen_pe[4].u_pe/_7256_/Y (sky130_fd_sc_hd__o21bai_1)
   0.13    8.30 v gen_col[1].u_pe_col/gen_pe[4].u_pe/_7258_/Y (sky130_fd_sc_hd__a21oi_1)
   0.34    8.64 ^ gen_col[1].u_pe_col/gen_pe[4].u_pe/_7275_/Y (sky130_fd_sc_hd__o31ai_1)
   0.14    8.78 v gen_col[1].u_pe_col/gen_pe[4].u_pe/_7277_/Y (sky130_fd_sc_hd__a21oi_1)
   0.31    9.09 ^ gen_col[1].u_pe_col/gen_pe[4].u_pe/_7281_/Y (sky130_fd_sc_hd__o21ai_0)
   0.18    9.27 v gen_col[1].u_pe_col/gen_pe[4].u_pe/_7298_/Y (sky130_fd_sc_hd__a31oi_1)
   0.25    9.53 ^ gen_col[1].u_pe_col/gen_pe[4].u_pe/_7302_/Y (sky130_fd_sc_hd__o211ai_1)
   0.15    9.67 v gen_col[1].u_pe_col/gen_pe[4].u_pe/_7305_/Y (sky130_fd_sc_hd__a311oi_1)
   0.30    9.97 ^ gen_col[1].u_pe_col/gen_pe[4].u_pe/_7307_/Y (sky130_fd_sc_hd__o31ai_1)
   0.16   10.13 v gen_col[1].u_pe_col/gen_pe[4].u_pe/_7310_/Y (sky130_fd_sc_hd__a21oi_1)
   0.26   10.39 ^ gen_col[1].u_pe_col/gen_pe[4].u_pe/_7314_/Y (sky130_fd_sc_hd__o211ai_1)
   0.17   10.56 v gen_col[1].u_pe_col/gen_pe[4].u_pe/_7317_/Y (sky130_fd_sc_hd__a311oi_1)
   0.35   10.91 ^ gen_col[1].u_pe_col/gen_pe[4].u_pe/_7320_/Y (sky130_fd_sc_hd__o311ai_0)
   0.19   11.10 v gen_col[1].u_pe_col/gen_pe[4].u_pe/_7323_/Y (sky130_fd_sc_hd__a311oi_1)
   0.46   11.55 ^ gen_col[1].u_pe_col/gen_pe[4].u_pe/_7326_/Y (sky130_fd_sc_hd__o311ai_0)
   0.20   11.75 v gen_col[1].u_pe_col/gen_pe[4].u_pe/_7329_/Y (sky130_fd_sc_hd__a311oi_1)
   0.46   12.21 ^ gen_col[1].u_pe_col/gen_pe[4].u_pe/_7332_/Y (sky130_fd_sc_hd__o311ai_0)
   0.18   12.39 v gen_col[1].u_pe_col/gen_pe[4].u_pe/_7333_/Y (sky130_fd_sc_hd__a31oi_1)
   0.22   12.61 v gen_col[1].u_pe_col/gen_pe[4].u_pe/_7336_/X (sky130_fd_sc_hd__o21ba_1)
   0.39   13.00 v gen_col[1].u_pe_col/gen_pe[4].u_pe/_7339_/X (sky130_fd_sc_hd__maj3_1)
   0.36   13.36 v gen_col[1].u_pe_col/gen_pe[4].u_pe/_7342_/X (sky130_fd_sc_hd__maj3_1)
   0.22   13.58 ^ gen_col[1].u_pe_col/gen_pe[4].u_pe/_7347_/Y (sky130_fd_sc_hd__o221ai_1)
   0.14   13.72 v gen_col[1].u_pe_col/gen_pe[4].u_pe/_7350_/Y (sky130_fd_sc_hd__a311oi_1)
   0.18   13.90 ^ gen_col[1].u_pe_col/gen_pe[4].u_pe/_7352_/Y (sky130_fd_sc_hd__nor3_1)
   0.14   14.03 v gen_col[1].u_pe_col/gen_pe[4].u_pe/_7354_/Y (sky130_fd_sc_hd__o21ai_0)
   0.22   14.26 v gen_col[1].u_pe_col/gen_pe[4].u_pe/_7357_/X (sky130_fd_sc_hd__a21o_1)
   0.31   14.57 ^ gen_col[1].u_pe_col/gen_pe[4].u_pe/_7360_/Y (sky130_fd_sc_hd__a311oi_1)
   0.13   14.70 v gen_col[1].u_pe_col/gen_pe[4].u_pe/_7362_/Y (sky130_fd_sc_hd__o21bai_1)
   0.20   14.90 v gen_col[1].u_pe_col/gen_pe[4].u_pe/_7381_/X (sky130_fd_sc_hd__a21o_1)
   0.16   15.06 v gen_col[1].u_pe_col/gen_pe[4].u_pe/_7570_/X (sky130_fd_sc_hd__and3_1)
   0.20   15.25 ^ gen_col[1].u_pe_col/gen_pe[4].u_pe/_7572_/Y (sky130_fd_sc_hd__o31ai_1)
   0.00   15.25 ^ gen_col[1].u_pe_col/gen_pe[4].u_pe/_7685_/D (sky130_fd_sc_hd__dfrtp_1)
          15.25   data arrival time

  20.00   20.00   clock clk (rise edge)
   0.00   20.00   clock network delay (ideal)
   0.00   20.00   clock reconvergence pessimism
          20.00 ^ gen_col[1].u_pe_col/gen_pe[4].u_pe/_7685_/CLK (sky130_fd_sc_hd__dfrtp_1)
  -0.10   19.90   library setup time
          19.90   data required time
---------------------------------------------------------
          19.90   data required time
         -15.25   data arrival time
---------------------------------------------------------
           4.65   slack (MET)


Timing Analysis Completed.
