OpenSTA 3.1.0  Copyright (c) 2026, Parallax Software, Inc.
License GPLv3: GNU GPL version 3 <http://gnu.org/licenses/gpl.html>

This is free software, and you are free to change and redistribute it
under certain conditions; type `show_copying' for details. 
This program comes with ABSOLUTELY NO WARRANTY; for details type `show_warranty'.
Warning 503: timing.tcl line 1, report_checks -group_count is deprecated. Use -group_path_count instead.
Startpoint: gen_col[10].u_pe_col/gen_pe[0].u_pe/_20353_
            (rising edge-triggered flip-flop clocked by clk)
Endpoint: gen_col[10].u_pe_col/gen_pe[0].u_pe/_20479_
          (rising edge-triggered flip-flop clocked by clk)
Path Group: clk
Path Type: max

  Delay    Time   Description
---------------------------------------------------------
   0.00    0.00   clock clk (rise edge)
   0.00    0.00   clock network delay (ideal)
   0.00    0.00 ^ gen_col[10].u_pe_col/gen_pe[0].u_pe/_20353_/CLK (sky130_fd_sc_hd__dfrtp_1)
   0.96    0.96 ^ gen_col[10].u_pe_col/gen_pe[0].u_pe/_20353_/Q (sky130_fd_sc_hd__dfrtp_1)
   0.19    1.15 v gen_col[10].u_pe_col/gen_pe[0].u_pe/_19738_/Y (sky130_fd_sc_hd__nand2_1)
   0.40    1.55 v gen_col[10].u_pe_col/gen_pe[0].u_pe/_19740_/X (sky130_fd_sc_hd__maj3_1)
   0.22    1.77 ^ gen_col[10].u_pe_col/gen_pe[0].u_pe/_19742_/X (sky130_fd_sc_hd__xor2_1)
   0.49    2.26 v gen_col[10].u_pe_col/gen_pe[0].u_pe/_19781_/X (sky130_fd_sc_hd__xor3_1)
   0.28    2.54 ^ gen_col[10].u_pe_col/gen_pe[0].u_pe/_19782_/Y (sky130_fd_sc_hd__xnor2_1)
   0.20    2.74 ^ gen_col[10].u_pe_col/gen_pe[0].u_pe/_19809_/Y (sky130_fd_sc_hd__xnor2_1)
   0.39    3.12 v gen_col[10].u_pe_col/gen_pe[0].u_pe/_19843_/X (sky130_fd_sc_hd__xnor3_1)
   0.24    3.36 v gen_col[10].u_pe_col/gen_pe[0].u_pe/_19844_/X (sky130_fd_sc_hd__and3_1)
   0.33    3.69 v gen_col[10].u_pe_col/gen_pe[0].u_pe/_19885_/X (sky130_fd_sc_hd__o31a_1)
   0.38    4.07 v gen_col[10].u_pe_col/gen_pe[0].u_pe/_19887_/X (sky130_fd_sc_hd__maj3_1)
   0.19    4.26 ^ gen_col[10].u_pe_col/gen_pe[0].u_pe/_19889_/Y (sky130_fd_sc_hd__o32ai_1)
   0.15    4.41 v gen_col[10].u_pe_col/gen_pe[0].u_pe/_19891_/Y (sky130_fd_sc_hd__a21oi_1)
   0.22    4.63 v gen_col[10].u_pe_col/gen_pe[0].u_pe/_19893_/X (sky130_fd_sc_hd__o21a_1)
   0.25    4.87 ^ gen_col[10].u_pe_col/gen_pe[0].u_pe/_19896_/Y (sky130_fd_sc_hd__o21ai_0)
   0.17    5.05 ^ gen_col[10].u_pe_col/gen_pe[0].u_pe/_19898_/X (sky130_fd_sc_hd__a21bo_1)
   0.08    5.13 v gen_col[10].u_pe_col/gen_pe[0].u_pe/_19900_/Y (sky130_fd_sc_hd__a21oi_1)
   0.26    5.38 ^ gen_col[10].u_pe_col/gen_pe[0].u_pe/_19902_/Y (sky130_fd_sc_hd__o21ai_0)
   0.17    5.56 ^ gen_col[10].u_pe_col/gen_pe[0].u_pe/_19906_/X (sky130_fd_sc_hd__a21o_1)
   0.13    5.69 ^ gen_col[10].u_pe_col/gen_pe[0].u_pe/_19909_/X (sky130_fd_sc_hd__a21o_1)
   0.13    5.82 ^ gen_col[10].u_pe_col/gen_pe[0].u_pe/_19911_/X (sky130_fd_sc_hd__a21o_1)
   0.13    5.95 ^ gen_col[10].u_pe_col/gen_pe[0].u_pe/_19914_/X (sky130_fd_sc_hd__a21o_1)
   0.11    6.07 v gen_col[10].u_pe_col/gen_pe[0].u_pe/_19917_/Y (sky130_fd_sc_hd__a21boi_0)
   0.21    6.28 ^ gen_col[10].u_pe_col/gen_pe[0].u_pe/_19920_/Y (sky130_fd_sc_hd__o21bai_1)
   0.11    6.39 v gen_col[10].u_pe_col/gen_pe[0].u_pe/_19923_/Y (sky130_fd_sc_hd__a21oi_1)
   0.26    6.65 ^ gen_col[10].u_pe_col/gen_pe[0].u_pe/_19926_/Y (sky130_fd_sc_hd__o21ai_0)
   0.13    6.78 v gen_col[10].u_pe_col/gen_pe[0].u_pe/_19929_/Y (sky130_fd_sc_hd__a21oi_1)
   0.25    7.03 ^ gen_col[10].u_pe_col/gen_pe[0].u_pe/_19932_/Y (sky130_fd_sc_hd__o21ai_0)
   0.11    7.13 v gen_col[10].u_pe_col/gen_pe[0].u_pe/_19936_/Y (sky130_fd_sc_hd__a21oi_1)
   0.25    7.39 ^ gen_col[10].u_pe_col/gen_pe[0].u_pe/_19940_/Y (sky130_fd_sc_hd__o21ai_0)
   0.13    7.52 v gen_col[10].u_pe_col/gen_pe[0].u_pe/_19943_/Y (sky130_fd_sc_hd__a21oi_1)
   0.26    7.78 ^ gen_col[10].u_pe_col/gen_pe[0].u_pe/_19946_/Y (sky130_fd_sc_hd__o21ai_0)
   0.13    7.91 v gen_col[10].u_pe_col/gen_pe[0].u_pe/_19949_/Y (sky130_fd_sc_hd__a21oi_1)
   0.26    8.17 ^ gen_col[10].u_pe_col/gen_pe[0].u_pe/_19952_/Y (sky130_fd_sc_hd__o21ai_0)
   0.13    8.30 v gen_col[10].u_pe_col/gen_pe[0].u_pe/_19953_/Y (sky130_fd_sc_hd__a21oi_1)
   0.26    8.56 ^ gen_col[10].u_pe_col/gen_pe[0].u_pe/_19956_/Y (sky130_fd_sc_hd__o21ai_0)
   0.13    8.69 v gen_col[10].u_pe_col/gen_pe[0].u_pe/_19959_/Y (sky130_fd_sc_hd__a21oi_1)
   0.26    8.95 ^ gen_col[10].u_pe_col/gen_pe[0].u_pe/_19962_/Y (sky130_fd_sc_hd__o21ai_0)
   0.18    9.13 ^ gen_col[10].u_pe_col/gen_pe[0].u_pe/_19967_/X (sky130_fd_sc_hd__a21o_1)
   0.14    9.27 ^ gen_col[10].u_pe_col/gen_pe[0].u_pe/_19969_/X (sky130_fd_sc_hd__a21o_1)
   0.20    9.46 ^ gen_col[10].u_pe_col/gen_pe[0].u_pe/_19973_/X (sky130_fd_sc_hd__maj3_1)
   0.14    9.60 ^ gen_col[10].u_pe_col/gen_pe[0].u_pe/_19975_/X (sky130_fd_sc_hd__a21o_1)
   0.08    9.68 v gen_col[10].u_pe_col/gen_pe[0].u_pe/_19979_/Y (sky130_fd_sc_hd__a21oi_1)
   0.20    9.88 ^ gen_col[10].u_pe_col/gen_pe[0].u_pe/_19982_/Y (sky130_fd_sc_hd__o21bai_1)
   0.11   10.00 v gen_col[10].u_pe_col/gen_pe[0].u_pe/_19985_/Y (sky130_fd_sc_hd__a21oi_1)
   0.24   10.24 ^ gen_col[10].u_pe_col/gen_pe[0].u_pe/_19988_/Y (sky130_fd_sc_hd__o21ai_0)
   0.16   10.40 v gen_col[10].u_pe_col/gen_pe[0].u_pe/_19991_/Y (sky130_fd_sc_hd__a21boi_0)
   0.34   10.74 ^ gen_col[10].u_pe_col/gen_pe[0].u_pe/_19996_/Y (sky130_fd_sc_hd__o31ai_1)
   0.14   10.88 v gen_col[10].u_pe_col/gen_pe[0].u_pe/_19997_/Y (sky130_fd_sc_hd__a22oi_1)
   0.25   11.14 ^ gen_col[10].u_pe_col/gen_pe[0].u_pe/_19998_/Y (sky130_fd_sc_hd__o21ai_0)
   0.13   11.27 v gen_col[10].u_pe_col/gen_pe[0].u_pe/_20000_/Y (sky130_fd_sc_hd__a21oi_1)
   0.25   11.52 ^ gen_col[10].u_pe_col/gen_pe[0].u_pe/_20003_/Y (sky130_fd_sc_hd__o21ai_0)
   0.13   11.64 v gen_col[10].u_pe_col/gen_pe[0].u_pe/_20007_/Y (sky130_fd_sc_hd__a21oi_1)
   0.26   11.90 ^ gen_col[10].u_pe_col/gen_pe[0].u_pe/_20010_/Y (sky130_fd_sc_hd__o21ai_0)
   0.13   12.03 v gen_col[10].u_pe_col/gen_pe[0].u_pe/_20013_/Y (sky130_fd_sc_hd__a21oi_1)
   0.31   12.34 ^ gen_col[10].u_pe_col/gen_pe[0].u_pe/_20016_/Y (sky130_fd_sc_hd__o21ai_0)
   0.12   12.47 v gen_col[10].u_pe_col/gen_pe[0].u_pe/_20020_/Y (sky130_fd_sc_hd__a211oi_1)
   0.36   12.83 v gen_col[10].u_pe_col/gen_pe[0].u_pe/_20021_/X (sky130_fd_sc_hd__or3_1)
   0.20   13.03 v gen_col[10].u_pe_col/gen_pe[0].u_pe/_20024_/X (sky130_fd_sc_hd__a21o_1)
   0.19   13.22 v gen_col[10].u_pe_col/gen_pe[0].u_pe/_20026_/X (sky130_fd_sc_hd__a21o_1)
   0.18   13.40 ^ gen_col[10].u_pe_col/gen_pe[0].u_pe/_20028_/Y (sky130_fd_sc_hd__a21oi_1)
   0.13   13.53 v gen_col[10].u_pe_col/gen_pe[0].u_pe/_20030_/Y (sky130_fd_sc_hd__o21ai_0)
   0.21   13.74 ^ gen_col[10].u_pe_col/gen_pe[0].u_pe/_20032_/Y (sky130_fd_sc_hd__a21oi_1)
   0.13   13.87 v gen_col[10].u_pe_col/gen_pe[0].u_pe/_20084_/Y (sky130_fd_sc_hd__o21ai_0)
   0.18   14.05 v gen_col[10].u_pe_col/gen_pe[0].u_pe/_20315_/X (sky130_fd_sc_hd__and3_1)
   0.20   14.25 ^ gen_col[10].u_pe_col/gen_pe[0].u_pe/_20317_/Y (sky130_fd_sc_hd__o31ai_1)
   0.00   14.25 ^ gen_col[10].u_pe_col/gen_pe[0].u_pe/_20479_/D (sky130_fd_sc_hd__dfrtp_1)
          14.25   data arrival time

  20.00   20.00   clock clk (rise edge)
   0.00   20.00   clock network delay (ideal)
   0.00   20.00   clock reconvergence pessimism
          20.00 ^ gen_col[10].u_pe_col/gen_pe[0].u_pe/_20479_/CLK (sky130_fd_sc_hd__dfrtp_1)
  -0.10   19.90   library setup time
          19.90   data required time
---------------------------------------------------------
          19.90   data required time
         -14.25   data arrival time
---------------------------------------------------------
           5.66   slack (MET)


Startpoint: gen_col[10].u_pe_col/gen_pe[10].u_pe/_20353_
            (rising edge-triggered flip-flop clocked by clk)
Endpoint: gen_col[10].u_pe_col/gen_pe[10].u_pe/_20479_
          (rising edge-triggered flip-flop clocked by clk)
Path Group: clk
Path Type: max

  Delay    Time   Description
---------------------------------------------------------
   0.00    0.00   clock clk (rise edge)
   0.00    0.00   clock network delay (ideal)
   0.00    0.00 ^ gen_col[10].u_pe_col/gen_pe[10].u_pe/_20353_/CLK (sky130_fd_sc_hd__dfrtp_1)
   0.96    0.96 ^ gen_col[10].u_pe_col/gen_pe[10].u_pe/_20353_/Q (sky130_fd_sc_hd__dfrtp_1)
   0.19    1.15 v gen_col[10].u_pe_col/gen_pe[10].u_pe/_19738_/Y (sky130_fd_sc_hd__nand2_1)
   0.40    1.55 v gen_col[10].u_pe_col/gen_pe[10].u_pe/_19740_/X (sky130_fd_sc_hd__maj3_1)
   0.22    1.77 ^ gen_col[10].u_pe_col/gen_pe[10].u_pe/_19742_/X (sky130_fd_sc_hd__xor2_1)
   0.49    2.26 v gen_col[10].u_pe_col/gen_pe[10].u_pe/_19781_/X (sky130_fd_sc_hd__xor3_1)
   0.28    2.54 ^ gen_col[10].u_pe_col/gen_pe[10].u_pe/_19782_/Y (sky130_fd_sc_hd__xnor2_1)
   0.20    2.74 ^ gen_col[10].u_pe_col/gen_pe[10].u_pe/_19809_/Y (sky130_fd_sc_hd__xnor2_1)
   0.39    3.12 v gen_col[10].u_pe_col/gen_pe[10].u_pe/_19843_/X (sky130_fd_sc_hd__xnor3_1)
   0.24    3.36 v gen_col[10].u_pe_col/gen_pe[10].u_pe/_19844_/X (sky130_fd_sc_hd__and3_1)
   0.33    3.69 v gen_col[10].u_pe_col/gen_pe[10].u_pe/_19885_/X (sky130_fd_sc_hd__o31a_1)
   0.38    4.07 v gen_col[10].u_pe_col/gen_pe[10].u_pe/_19887_/X (sky130_fd_sc_hd__maj3_1)
   0.19    4.26 ^ gen_col[10].u_pe_col/gen_pe[10].u_pe/_19889_/Y (sky130_fd_sc_hd__o32ai_1)
   0.15    4.41 v gen_col[10].u_pe_col/gen_pe[10].u_pe/_19891_/Y (sky130_fd_sc_hd__a21oi_1)
   0.22    4.63 v gen_col[10].u_pe_col/gen_pe[10].u_pe/_19893_/X (sky130_fd_sc_hd__o21a_1)
   0.25    4.87 ^ gen_col[10].u_pe_col/gen_pe[10].u_pe/_19896_/Y (sky130_fd_sc_hd__o21ai_0)
   0.17    5.05 ^ gen_col[10].u_pe_col/gen_pe[10].u_pe/_19898_/X (sky130_fd_sc_hd__a21bo_1)
   0.08    5.13 v gen_col[10].u_pe_col/gen_pe[10].u_pe/_19900_/Y (sky130_fd_sc_hd__a21oi_1)
   0.26    5.38 ^ gen_col[10].u_pe_col/gen_pe[10].u_pe/_19902_/Y (sky130_fd_sc_hd__o21ai_0)
   0.17    5.56 ^ gen_col[10].u_pe_col/gen_pe[10].u_pe/_19906_/X (sky130_fd_sc_hd__a21o_1)
   0.13    5.69 ^ gen_col[10].u_pe_col/gen_pe[10].u_pe/_19909_/X (sky130_fd_sc_hd__a21o_1)
   0.13    5.82 ^ gen_col[10].u_pe_col/gen_pe[10].u_pe/_19911_/X (sky130_fd_sc_hd__a21o_1)
   0.13    5.95 ^ gen_col[10].u_pe_col/gen_pe[10].u_pe/_19914_/X (sky130_fd_sc_hd__a21o_1)
   0.11    6.07 v gen_col[10].u_pe_col/gen_pe[10].u_pe/_19917_/Y (sky130_fd_sc_hd__a21boi_0)
   0.21    6.28 ^ gen_col[10].u_pe_col/gen_pe[10].u_pe/_19920_/Y (sky130_fd_sc_hd__o21bai_1)
   0.11    6.39 v gen_col[10].u_pe_col/gen_pe[10].u_pe/_19923_/Y (sky130_fd_sc_hd__a21oi_1)
   0.26    6.65 ^ gen_col[10].u_pe_col/gen_pe[10].u_pe/_19926_/Y (sky130_fd_sc_hd__o21ai_0)
   0.13    6.78 v gen_col[10].u_pe_col/gen_pe[10].u_pe/_19929_/Y (sky130_fd_sc_hd__a21oi_1)
   0.25    7.03 ^ gen_col[10].u_pe_col/gen_pe[10].u_pe/_19932_/Y (sky130_fd_sc_hd__o21ai_0)
   0.11    7.13 v gen_col[10].u_pe_col/gen_pe[10].u_pe/_19936_/Y (sky130_fd_sc_hd__a21oi_1)
   0.25    7.39 ^ gen_col[10].u_pe_col/gen_pe[10].u_pe/_19940_/Y (sky130_fd_sc_hd__o21ai_0)
   0.13    7.52 v gen_col[10].u_pe_col/gen_pe[10].u_pe/_19943_/Y (sky130_fd_sc_hd__a21oi_1)
   0.26    7.78 ^ gen_col[10].u_pe_col/gen_pe[10].u_pe/_19946_/Y (sky130_fd_sc_hd__o21ai_0)
   0.13    7.91 v gen_col[10].u_pe_col/gen_pe[10].u_pe/_19949_/Y (sky130_fd_sc_hd__a21oi_1)
   0.26    8.17 ^ gen_col[10].u_pe_col/gen_pe[10].u_pe/_19952_/Y (sky130_fd_sc_hd__o21ai_0)
   0.13    8.30 v gen_col[10].u_pe_col/gen_pe[10].u_pe/_19953_/Y (sky130_fd_sc_hd__a21oi_1)
   0.26    8.56 ^ gen_col[10].u_pe_col/gen_pe[10].u_pe/_19956_/Y (sky130_fd_sc_hd__o21ai_0)
   0.13    8.69 v gen_col[10].u_pe_col/gen_pe[10].u_pe/_19959_/Y (sky130_fd_sc_hd__a21oi_1)
   0.26    8.95 ^ gen_col[10].u_pe_col/gen_pe[10].u_pe/_19962_/Y (sky130_fd_sc_hd__o21ai_0)
   0.18    9.13 ^ gen_col[10].u_pe_col/gen_pe[10].u_pe/_19967_/X (sky130_fd_sc_hd__a21o_1)
   0.14    9.27 ^ gen_col[10].u_pe_col/gen_pe[10].u_pe/_19969_/X (sky130_fd_sc_hd__a21o_1)
   0.20    9.46 ^ gen_col[10].u_pe_col/gen_pe[10].u_pe/_19973_/X (sky130_fd_sc_hd__maj3_1)
   0.14    9.60 ^ gen_col[10].u_pe_col/gen_pe[10].u_pe/_19975_/X (sky130_fd_sc_hd__a21o_1)
   0.08    9.68 v gen_col[10].u_pe_col/gen_pe[10].u_pe/_19979_/Y (sky130_fd_sc_hd__a21oi_1)
   0.20    9.88 ^ gen_col[10].u_pe_col/gen_pe[10].u_pe/_19982_/Y (sky130_fd_sc_hd__o21bai_1)
   0.11   10.00 v gen_col[10].u_pe_col/gen_pe[10].u_pe/_19985_/Y (sky130_fd_sc_hd__a21oi_1)
   0.24   10.24 ^ gen_col[10].u_pe_col/gen_pe[10].u_pe/_19988_/Y (sky130_fd_sc_hd__o21ai_0)
   0.16   10.40 v gen_col[10].u_pe_col/gen_pe[10].u_pe/_19991_/Y (sky130_fd_sc_hd__a21boi_0)
   0.34   10.74 ^ gen_col[10].u_pe_col/gen_pe[10].u_pe/_19996_/Y (sky130_fd_sc_hd__o31ai_1)
   0.14   10.88 v gen_col[10].u_pe_col/gen_pe[10].u_pe/_19997_/Y (sky130_fd_sc_hd__a22oi_1)
   0.25   11.14 ^ gen_col[10].u_pe_col/gen_pe[10].u_pe/_19998_/Y (sky130_fd_sc_hd__o21ai_0)
   0.13   11.27 v gen_col[10].u_pe_col/gen_pe[10].u_pe/_20000_/Y (sky130_fd_sc_hd__a21oi_1)
   0.25   11.52 ^ gen_col[10].u_pe_col/gen_pe[10].u_pe/_20003_/Y (sky130_fd_sc_hd__o21ai_0)
   0.13   11.64 v gen_col[10].u_pe_col/gen_pe[10].u_pe/_20007_/Y (sky130_fd_sc_hd__a21oi_1)
   0.26   11.90 ^ gen_col[10].u_pe_col/gen_pe[10].u_pe/_20010_/Y (sky130_fd_sc_hd__o21ai_0)
   0.13   12.03 v gen_col[10].u_pe_col/gen_pe[10].u_pe/_20013_/Y (sky130_fd_sc_hd__a21oi_1)
   0.31   12.34 ^ gen_col[10].u_pe_col/gen_pe[10].u_pe/_20016_/Y (sky130_fd_sc_hd__o21ai_0)
   0.12   12.47 v gen_col[10].u_pe_col/gen_pe[10].u_pe/_20020_/Y (sky130_fd_sc_hd__a211oi_1)
   0.36   12.83 v gen_col[10].u_pe_col/gen_pe[10].u_pe/_20021_/X (sky130_fd_sc_hd__or3_1)
   0.20   13.03 v gen_col[10].u_pe_col/gen_pe[10].u_pe/_20024_/X (sky130_fd_sc_hd__a21o_1)
   0.19   13.22 v gen_col[10].u_pe_col/gen_pe[10].u_pe/_20026_/X (sky130_fd_sc_hd__a21o_1)
   0.18   13.40 ^ gen_col[10].u_pe_col/gen_pe[10].u_pe/_20028_/Y (sky130_fd_sc_hd__a21oi_1)
   0.13   13.53 v gen_col[10].u_pe_col/gen_pe[10].u_pe/_20030_/Y (sky130_fd_sc_hd__o21ai_0)
   0.21   13.74 ^ gen_col[10].u_pe_col/gen_pe[10].u_pe/_20032_/Y (sky130_fd_sc_hd__a21oi_1)
   0.13   13.87 v gen_col[10].u_pe_col/gen_pe[10].u_pe/_20084_/Y (sky130_fd_sc_hd__o21ai_0)
   0.18   14.05 v gen_col[10].u_pe_col/gen_pe[10].u_pe/_20315_/X (sky130_fd_sc_hd__and3_1)
   0.20   14.25 ^ gen_col[10].u_pe_col/gen_pe[10].u_pe/_20317_/Y (sky130_fd_sc_hd__o31ai_1)
   0.00   14.25 ^ gen_col[10].u_pe_col/gen_pe[10].u_pe/_20479_/D (sky130_fd_sc_hd__dfrtp_1)
          14.25   data arrival time

  20.00   20.00   clock clk (rise edge)
   0.00   20.00   clock network delay (ideal)
   0.00   20.00   clock reconvergence pessimism
          20.00 ^ gen_col[10].u_pe_col/gen_pe[10].u_pe/_20479_/CLK (sky130_fd_sc_hd__dfrtp_1)
  -0.10   19.90   library setup time
          19.90   data required time
---------------------------------------------------------
          19.90   data required time
         -14.25   data arrival time
---------------------------------------------------------
           5.66   slack (MET)


Startpoint: gen_col[10].u_pe_col/gen_pe[11].u_pe/_20353_
            (rising edge-triggered flip-flop clocked by clk)
Endpoint: gen_col[10].u_pe_col/gen_pe[11].u_pe/_20479_
          (rising edge-triggered flip-flop clocked by clk)
Path Group: clk
Path Type: max

  Delay    Time   Description
---------------------------------------------------------
   0.00    0.00   clock clk (rise edge)
   0.00    0.00   clock network delay (ideal)
   0.00    0.00 ^ gen_col[10].u_pe_col/gen_pe[11].u_pe/_20353_/CLK (sky130_fd_sc_hd__dfrtp_1)
   0.96    0.96 ^ gen_col[10].u_pe_col/gen_pe[11].u_pe/_20353_/Q (sky130_fd_sc_hd__dfrtp_1)
   0.19    1.15 v gen_col[10].u_pe_col/gen_pe[11].u_pe/_19738_/Y (sky130_fd_sc_hd__nand2_1)
   0.40    1.55 v gen_col[10].u_pe_col/gen_pe[11].u_pe/_19740_/X (sky130_fd_sc_hd__maj3_1)
   0.22    1.77 ^ gen_col[10].u_pe_col/gen_pe[11].u_pe/_19742_/X (sky130_fd_sc_hd__xor2_1)
   0.49    2.26 v gen_col[10].u_pe_col/gen_pe[11].u_pe/_19781_/X (sky130_fd_sc_hd__xor3_1)
   0.28    2.54 ^ gen_col[10].u_pe_col/gen_pe[11].u_pe/_19782_/Y (sky130_fd_sc_hd__xnor2_1)
   0.20    2.74 ^ gen_col[10].u_pe_col/gen_pe[11].u_pe/_19809_/Y (sky130_fd_sc_hd__xnor2_1)
   0.39    3.12 v gen_col[10].u_pe_col/gen_pe[11].u_pe/_19843_/X (sky130_fd_sc_hd__xnor3_1)
   0.24    3.36 v gen_col[10].u_pe_col/gen_pe[11].u_pe/_19844_/X (sky130_fd_sc_hd__and3_1)
   0.33    3.69 v gen_col[10].u_pe_col/gen_pe[11].u_pe/_19885_/X (sky130_fd_sc_hd__o31a_1)
   0.38    4.07 v gen_col[10].u_pe_col/gen_pe[11].u_pe/_19887_/X (sky130_fd_sc_hd__maj3_1)
   0.19    4.26 ^ gen_col[10].u_pe_col/gen_pe[11].u_pe/_19889_/Y (sky130_fd_sc_hd__o32ai_1)
   0.15    4.41 v gen_col[10].u_pe_col/gen_pe[11].u_pe/_19891_/Y (sky130_fd_sc_hd__a21oi_1)
   0.22    4.63 v gen_col[10].u_pe_col/gen_pe[11].u_pe/_19893_/X (sky130_fd_sc_hd__o21a_1)
   0.25    4.87 ^ gen_col[10].u_pe_col/gen_pe[11].u_pe/_19896_/Y (sky130_fd_sc_hd__o21ai_0)
   0.17    5.05 ^ gen_col[10].u_pe_col/gen_pe[11].u_pe/_19898_/X (sky130_fd_sc_hd__a21bo_1)
   0.08    5.13 v gen_col[10].u_pe_col/gen_pe[11].u_pe/_19900_/Y (sky130_fd_sc_hd__a21oi_1)
   0.26    5.38 ^ gen_col[10].u_pe_col/gen_pe[11].u_pe/_19902_/Y (sky130_fd_sc_hd__o21ai_0)
   0.17    5.56 ^ gen_col[10].u_pe_col/gen_pe[11].u_pe/_19906_/X (sky130_fd_sc_hd__a21o_1)
   0.13    5.69 ^ gen_col[10].u_pe_col/gen_pe[11].u_pe/_19909_/X (sky130_fd_sc_hd__a21o_1)
   0.13    5.82 ^ gen_col[10].u_pe_col/gen_pe[11].u_pe/_19911_/X (sky130_fd_sc_hd__a21o_1)
   0.13    5.95 ^ gen_col[10].u_pe_col/gen_pe[11].u_pe/_19914_/X (sky130_fd_sc_hd__a21o_1)
   0.11    6.07 v gen_col[10].u_pe_col/gen_pe[11].u_pe/_19917_/Y (sky130_fd_sc_hd__a21boi_0)
   0.21    6.28 ^ gen_col[10].u_pe_col/gen_pe[11].u_pe/_19920_/Y (sky130_fd_sc_hd__o21bai_1)
   0.11    6.39 v gen_col[10].u_pe_col/gen_pe[11].u_pe/_19923_/Y (sky130_fd_sc_hd__a21oi_1)
   0.26    6.65 ^ gen_col[10].u_pe_col/gen_pe[11].u_pe/_19926_/Y (sky130_fd_sc_hd__o21ai_0)
   0.13    6.78 v gen_col[10].u_pe_col/gen_pe[11].u_pe/_19929_/Y (sky130_fd_sc_hd__a21oi_1)
   0.25    7.03 ^ gen_col[10].u_pe_col/gen_pe[11].u_pe/_19932_/Y (sky130_fd_sc_hd__o21ai_0)
   0.11    7.13 v gen_col[10].u_pe_col/gen_pe[11].u_pe/_19936_/Y (sky130_fd_sc_hd__a21oi_1)
   0.25    7.39 ^ gen_col[10].u_pe_col/gen_pe[11].u_pe/_19940_/Y (sky130_fd_sc_hd__o21ai_0)
   0.13    7.52 v gen_col[10].u_pe_col/gen_pe[11].u_pe/_19943_/Y (sky130_fd_sc_hd__a21oi_1)
   0.26    7.78 ^ gen_col[10].u_pe_col/gen_pe[11].u_pe/_19946_/Y (sky130_fd_sc_hd__o21ai_0)
   0.13    7.91 v gen_col[10].u_pe_col/gen_pe[11].u_pe/_19949_/Y (sky130_fd_sc_hd__a21oi_1)
   0.26    8.17 ^ gen_col[10].u_pe_col/gen_pe[11].u_pe/_19952_/Y (sky130_fd_sc_hd__o21ai_0)
   0.13    8.30 v gen_col[10].u_pe_col/gen_pe[11].u_pe/_19953_/Y (sky130_fd_sc_hd__a21oi_1)
   0.26    8.56 ^ gen_col[10].u_pe_col/gen_pe[11].u_pe/_19956_/Y (sky130_fd_sc_hd__o21ai_0)
   0.13    8.69 v gen_col[10].u_pe_col/gen_pe[11].u_pe/_19959_/Y (sky130_fd_sc_hd__a21oi_1)
   0.26    8.95 ^ gen_col[10].u_pe_col/gen_pe[11].u_pe/_19962_/Y (sky130_fd_sc_hd__o21ai_0)
   0.18    9.13 ^ gen_col[10].u_pe_col/gen_pe[11].u_pe/_19967_/X (sky130_fd_sc_hd__a21o_1)
   0.14    9.27 ^ gen_col[10].u_pe_col/gen_pe[11].u_pe/_19969_/X (sky130_fd_sc_hd__a21o_1)
   0.20    9.46 ^ gen_col[10].u_pe_col/gen_pe[11].u_pe/_19973_/X (sky130_fd_sc_hd__maj3_1)
   0.14    9.60 ^ gen_col[10].u_pe_col/gen_pe[11].u_pe/_19975_/X (sky130_fd_sc_hd__a21o_1)
   0.08    9.68 v gen_col[10].u_pe_col/gen_pe[11].u_pe/_19979_/Y (sky130_fd_sc_hd__a21oi_1)
   0.20    9.88 ^ gen_col[10].u_pe_col/gen_pe[11].u_pe/_19982_/Y (sky130_fd_sc_hd__o21bai_1)
   0.11   10.00 v gen_col[10].u_pe_col/gen_pe[11].u_pe/_19985_/Y (sky130_fd_sc_hd__a21oi_1)
   0.24   10.24 ^ gen_col[10].u_pe_col/gen_pe[11].u_pe/_19988_/Y (sky130_fd_sc_hd__o21ai_0)
   0.16   10.40 v gen_col[10].u_pe_col/gen_pe[11].u_pe/_19991_/Y (sky130_fd_sc_hd__a21boi_0)
   0.34   10.74 ^ gen_col[10].u_pe_col/gen_pe[11].u_pe/_19996_/Y (sky130_fd_sc_hd__o31ai_1)
   0.14   10.88 v gen_col[10].u_pe_col/gen_pe[11].u_pe/_19997_/Y (sky130_fd_sc_hd__a22oi_1)
   0.25   11.14 ^ gen_col[10].u_pe_col/gen_pe[11].u_pe/_19998_/Y (sky130_fd_sc_hd__o21ai_0)
   0.13   11.27 v gen_col[10].u_pe_col/gen_pe[11].u_pe/_20000_/Y (sky130_fd_sc_hd__a21oi_1)
   0.25   11.52 ^ gen_col[10].u_pe_col/gen_pe[11].u_pe/_20003_/Y (sky130_fd_sc_hd__o21ai_0)
   0.13   11.64 v gen_col[10].u_pe_col/gen_pe[11].u_pe/_20007_/Y (sky130_fd_sc_hd__a21oi_1)
   0.26   11.90 ^ gen_col[10].u_pe_col/gen_pe[11].u_pe/_20010_/Y (sky130_fd_sc_hd__o21ai_0)
   0.13   12.03 v gen_col[10].u_pe_col/gen_pe[11].u_pe/_20013_/Y (sky130_fd_sc_hd__a21oi_1)
   0.31   12.34 ^ gen_col[10].u_pe_col/gen_pe[11].u_pe/_20016_/Y (sky130_fd_sc_hd__o21ai_0)
   0.12   12.47 v gen_col[10].u_pe_col/gen_pe[11].u_pe/_20020_/Y (sky130_fd_sc_hd__a211oi_1)
   0.36   12.83 v gen_col[10].u_pe_col/gen_pe[11].u_pe/_20021_/X (sky130_fd_sc_hd__or3_1)
   0.20   13.03 v gen_col[10].u_pe_col/gen_pe[11].u_pe/_20024_/X (sky130_fd_sc_hd__a21o_1)
   0.19   13.22 v gen_col[10].u_pe_col/gen_pe[11].u_pe/_20026_/X (sky130_fd_sc_hd__a21o_1)
   0.18   13.40 ^ gen_col[10].u_pe_col/gen_pe[11].u_pe/_20028_/Y (sky130_fd_sc_hd__a21oi_1)
   0.13   13.53 v gen_col[10].u_pe_col/gen_pe[11].u_pe/_20030_/Y (sky130_fd_sc_hd__o21ai_0)
   0.21   13.74 ^ gen_col[10].u_pe_col/gen_pe[11].u_pe/_20032_/Y (sky130_fd_sc_hd__a21oi_1)
   0.13   13.87 v gen_col[10].u_pe_col/gen_pe[11].u_pe/_20084_/Y (sky130_fd_sc_hd__o21ai_0)
   0.18   14.05 v gen_col[10].u_pe_col/gen_pe[11].u_pe/_20315_/X (sky130_fd_sc_hd__and3_1)
   0.20   14.25 ^ gen_col[10].u_pe_col/gen_pe[11].u_pe/_20317_/Y (sky130_fd_sc_hd__o31ai_1)
   0.00   14.25 ^ gen_col[10].u_pe_col/gen_pe[11].u_pe/_20479_/D (sky130_fd_sc_hd__dfrtp_1)
          14.25   data arrival time

  20.00   20.00   clock clk (rise edge)
   0.00   20.00   clock network delay (ideal)
   0.00   20.00   clock reconvergence pessimism
          20.00 ^ gen_col[10].u_pe_col/gen_pe[11].u_pe/_20479_/CLK (sky130_fd_sc_hd__dfrtp_1)
  -0.10   19.90   library setup time
          19.90   data required time
---------------------------------------------------------
          19.90   data required time
         -14.25   data arrival time
---------------------------------------------------------
           5.66   slack (MET)


Startpoint: gen_col[10].u_pe_col/gen_pe[12].u_pe/_20353_
            (rising edge-triggered flip-flop clocked by clk)
Endpoint: gen_col[10].u_pe_col/gen_pe[12].u_pe/_20479_
          (rising edge-triggered flip-flop clocked by clk)
Path Group: clk
Path Type: max

  Delay    Time   Description
---------------------------------------------------------
   0.00    0.00   clock clk (rise edge)
   0.00    0.00   clock network delay (ideal)
   0.00    0.00 ^ gen_col[10].u_pe_col/gen_pe[12].u_pe/_20353_/CLK (sky130_fd_sc_hd__dfrtp_1)
   0.96    0.96 ^ gen_col[10].u_pe_col/gen_pe[12].u_pe/_20353_/Q (sky130_fd_sc_hd__dfrtp_1)
   0.19    1.15 v gen_col[10].u_pe_col/gen_pe[12].u_pe/_19738_/Y (sky130_fd_sc_hd__nand2_1)
   0.40    1.55 v gen_col[10].u_pe_col/gen_pe[12].u_pe/_19740_/X (sky130_fd_sc_hd__maj3_1)
   0.22    1.77 ^ gen_col[10].u_pe_col/gen_pe[12].u_pe/_19742_/X (sky130_fd_sc_hd__xor2_1)
   0.49    2.26 v gen_col[10].u_pe_col/gen_pe[12].u_pe/_19781_/X (sky130_fd_sc_hd__xor3_1)
   0.28    2.54 ^ gen_col[10].u_pe_col/gen_pe[12].u_pe/_19782_/Y (sky130_fd_sc_hd__xnor2_1)
   0.20    2.74 ^ gen_col[10].u_pe_col/gen_pe[12].u_pe/_19809_/Y (sky130_fd_sc_hd__xnor2_1)
   0.39    3.12 v gen_col[10].u_pe_col/gen_pe[12].u_pe/_19843_/X (sky130_fd_sc_hd__xnor3_1)
   0.24    3.36 v gen_col[10].u_pe_col/gen_pe[12].u_pe/_19844_/X (sky130_fd_sc_hd__and3_1)
   0.33    3.69 v gen_col[10].u_pe_col/gen_pe[12].u_pe/_19885_/X (sky130_fd_sc_hd__o31a_1)
   0.38    4.07 v gen_col[10].u_pe_col/gen_pe[12].u_pe/_19887_/X (sky130_fd_sc_hd__maj3_1)
   0.19    4.26 ^ gen_col[10].u_pe_col/gen_pe[12].u_pe/_19889_/Y (sky130_fd_sc_hd__o32ai_1)
   0.15    4.41 v gen_col[10].u_pe_col/gen_pe[12].u_pe/_19891_/Y (sky130_fd_sc_hd__a21oi_1)
   0.22    4.63 v gen_col[10].u_pe_col/gen_pe[12].u_pe/_19893_/X (sky130_fd_sc_hd__o21a_1)
   0.25    4.87 ^ gen_col[10].u_pe_col/gen_pe[12].u_pe/_19896_/Y (sky130_fd_sc_hd__o21ai_0)
   0.17    5.05 ^ gen_col[10].u_pe_col/gen_pe[12].u_pe/_19898_/X (sky130_fd_sc_hd__a21bo_1)
   0.08    5.13 v gen_col[10].u_pe_col/gen_pe[12].u_pe/_19900_/Y (sky130_fd_sc_hd__a21oi_1)
   0.26    5.38 ^ gen_col[10].u_pe_col/gen_pe[12].u_pe/_19902_/Y (sky130_fd_sc_hd__o21ai_0)
   0.17    5.56 ^ gen_col[10].u_pe_col/gen_pe[12].u_pe/_19906_/X (sky130_fd_sc_hd__a21o_1)
   0.13    5.69 ^ gen_col[10].u_pe_col/gen_pe[12].u_pe/_19909_/X (sky130_fd_sc_hd__a21o_1)
   0.13    5.82 ^ gen_col[10].u_pe_col/gen_pe[12].u_pe/_19911_/X (sky130_fd_sc_hd__a21o_1)
   0.13    5.95 ^ gen_col[10].u_pe_col/gen_pe[12].u_pe/_19914_/X (sky130_fd_sc_hd__a21o_1)
   0.11    6.07 v gen_col[10].u_pe_col/gen_pe[12].u_pe/_19917_/Y (sky130_fd_sc_hd__a21boi_0)
   0.21    6.28 ^ gen_col[10].u_pe_col/gen_pe[12].u_pe/_19920_/Y (sky130_fd_sc_hd__o21bai_1)
   0.11    6.39 v gen_col[10].u_pe_col/gen_pe[12].u_pe/_19923_/Y (sky130_fd_sc_hd__a21oi_1)
   0.26    6.65 ^ gen_col[10].u_pe_col/gen_pe[12].u_pe/_19926_/Y (sky130_fd_sc_hd__o21ai_0)
   0.13    6.78 v gen_col[10].u_pe_col/gen_pe[12].u_pe/_19929_/Y (sky130_fd_sc_hd__a21oi_1)
   0.25    7.03 ^ gen_col[10].u_pe_col/gen_pe[12].u_pe/_19932_/Y (sky130_fd_sc_hd__o21ai_0)
   0.11    7.13 v gen_col[10].u_pe_col/gen_pe[12].u_pe/_19936_/Y (sky130_fd_sc_hd__a21oi_1)
   0.25    7.39 ^ gen_col[10].u_pe_col/gen_pe[12].u_pe/_19940_/Y (sky130_fd_sc_hd__o21ai_0)
   0.13    7.52 v gen_col[10].u_pe_col/gen_pe[12].u_pe/_19943_/Y (sky130_fd_sc_hd__a21oi_1)
   0.26    7.78 ^ gen_col[10].u_pe_col/gen_pe[12].u_pe/_19946_/Y (sky130_fd_sc_hd__o21ai_0)
   0.13    7.91 v gen_col[10].u_pe_col/gen_pe[12].u_pe/_19949_/Y (sky130_fd_sc_hd__a21oi_1)
   0.26    8.17 ^ gen_col[10].u_pe_col/gen_pe[12].u_pe/_19952_/Y (sky130_fd_sc_hd__o21ai_0)
   0.13    8.30 v gen_col[10].u_pe_col/gen_pe[12].u_pe/_19953_/Y (sky130_fd_sc_hd__a21oi_1)
   0.26    8.56 ^ gen_col[10].u_pe_col/gen_pe[12].u_pe/_19956_/Y (sky130_fd_sc_hd__o21ai_0)
   0.13    8.69 v gen_col[10].u_pe_col/gen_pe[12].u_pe/_19959_/Y (sky130_fd_sc_hd__a21oi_1)
   0.26    8.95 ^ gen_col[10].u_pe_col/gen_pe[12].u_pe/_19962_/Y (sky130_fd_sc_hd__o21ai_0)
   0.18    9.13 ^ gen_col[10].u_pe_col/gen_pe[12].u_pe/_19967_/X (sky130_fd_sc_hd__a21o_1)
   0.14    9.27 ^ gen_col[10].u_pe_col/gen_pe[12].u_pe/_19969_/X (sky130_fd_sc_hd__a21o_1)
   0.20    9.46 ^ gen_col[10].u_pe_col/gen_pe[12].u_pe/_19973_/X (sky130_fd_sc_hd__maj3_1)
   0.14    9.60 ^ gen_col[10].u_pe_col/gen_pe[12].u_pe/_19975_/X (sky130_fd_sc_hd__a21o_1)
   0.08    9.68 v gen_col[10].u_pe_col/gen_pe[12].u_pe/_19979_/Y (sky130_fd_sc_hd__a21oi_1)
   0.20    9.88 ^ gen_col[10].u_pe_col/gen_pe[12].u_pe/_19982_/Y (sky130_fd_sc_hd__o21bai_1)
   0.11   10.00 v gen_col[10].u_pe_col/gen_pe[12].u_pe/_19985_/Y (sky130_fd_sc_hd__a21oi_1)
   0.24   10.24 ^ gen_col[10].u_pe_col/gen_pe[12].u_pe/_19988_/Y (sky130_fd_sc_hd__o21ai_0)
   0.16   10.40 v gen_col[10].u_pe_col/gen_pe[12].u_pe/_19991_/Y (sky130_fd_sc_hd__a21boi_0)
   0.34   10.74 ^ gen_col[10].u_pe_col/gen_pe[12].u_pe/_19996_/Y (sky130_fd_sc_hd__o31ai_1)
   0.14   10.88 v gen_col[10].u_pe_col/gen_pe[12].u_pe/_19997_/Y (sky130_fd_sc_hd__a22oi_1)
   0.25   11.14 ^ gen_col[10].u_pe_col/gen_pe[12].u_pe/_19998_/Y (sky130_fd_sc_hd__o21ai_0)
   0.13   11.27 v gen_col[10].u_pe_col/gen_pe[12].u_pe/_20000_/Y (sky130_fd_sc_hd__a21oi_1)
   0.25   11.52 ^ gen_col[10].u_pe_col/gen_pe[12].u_pe/_20003_/Y (sky130_fd_sc_hd__o21ai_0)
   0.13   11.64 v gen_col[10].u_pe_col/gen_pe[12].u_pe/_20007_/Y (sky130_fd_sc_hd__a21oi_1)
   0.26   11.90 ^ gen_col[10].u_pe_col/gen_pe[12].u_pe/_20010_/Y (sky130_fd_sc_hd__o21ai_0)
   0.13   12.03 v gen_col[10].u_pe_col/gen_pe[12].u_pe/_20013_/Y (sky130_fd_sc_hd__a21oi_1)
   0.31   12.34 ^ gen_col[10].u_pe_col/gen_pe[12].u_pe/_20016_/Y (sky130_fd_sc_hd__o21ai_0)
   0.12   12.47 v gen_col[10].u_pe_col/gen_pe[12].u_pe/_20020_/Y (sky130_fd_sc_hd__a211oi_1)
   0.36   12.83 v gen_col[10].u_pe_col/gen_pe[12].u_pe/_20021_/X (sky130_fd_sc_hd__or3_1)
   0.20   13.03 v gen_col[10].u_pe_col/gen_pe[12].u_pe/_20024_/X (sky130_fd_sc_hd__a21o_1)
   0.19   13.22 v gen_col[10].u_pe_col/gen_pe[12].u_pe/_20026_/X (sky130_fd_sc_hd__a21o_1)
   0.18   13.40 ^ gen_col[10].u_pe_col/gen_pe[12].u_pe/_20028_/Y (sky130_fd_sc_hd__a21oi_1)
   0.13   13.53 v gen_col[10].u_pe_col/gen_pe[12].u_pe/_20030_/Y (sky130_fd_sc_hd__o21ai_0)
   0.21   13.74 ^ gen_col[10].u_pe_col/gen_pe[12].u_pe/_20032_/Y (sky130_fd_sc_hd__a21oi_1)
   0.13   13.87 v gen_col[10].u_pe_col/gen_pe[12].u_pe/_20084_/Y (sky130_fd_sc_hd__o21ai_0)
   0.18   14.05 v gen_col[10].u_pe_col/gen_pe[12].u_pe/_20315_/X (sky130_fd_sc_hd__and3_1)
   0.20   14.25 ^ gen_col[10].u_pe_col/gen_pe[12].u_pe/_20317_/Y (sky130_fd_sc_hd__o31ai_1)
   0.00   14.25 ^ gen_col[10].u_pe_col/gen_pe[12].u_pe/_20479_/D (sky130_fd_sc_hd__dfrtp_1)
          14.25   data arrival time

  20.00   20.00   clock clk (rise edge)
   0.00   20.00   clock network delay (ideal)
   0.00   20.00   clock reconvergence pessimism
          20.00 ^ gen_col[10].u_pe_col/gen_pe[12].u_pe/_20479_/CLK (sky130_fd_sc_hd__dfrtp_1)
  -0.10   19.90   library setup time
          19.90   data required time
---------------------------------------------------------
          19.90   data required time
         -14.25   data arrival time
---------------------------------------------------------
           5.66   slack (MET)


Startpoint: gen_col[10].u_pe_col/gen_pe[13].u_pe/_20353_
            (rising edge-triggered flip-flop clocked by clk)
Endpoint: gen_col[10].u_pe_col/gen_pe[13].u_pe/_20479_
          (rising edge-triggered flip-flop clocked by clk)
Path Group: clk
Path Type: max

  Delay    Time   Description
---------------------------------------------------------
   0.00    0.00   clock clk (rise edge)
   0.00    0.00   clock network delay (ideal)
   0.00    0.00 ^ gen_col[10].u_pe_col/gen_pe[13].u_pe/_20353_/CLK (sky130_fd_sc_hd__dfrtp_1)
   0.96    0.96 ^ gen_col[10].u_pe_col/gen_pe[13].u_pe/_20353_/Q (sky130_fd_sc_hd__dfrtp_1)
   0.19    1.15 v gen_col[10].u_pe_col/gen_pe[13].u_pe/_19738_/Y (sky130_fd_sc_hd__nand2_1)
   0.40    1.55 v gen_col[10].u_pe_col/gen_pe[13].u_pe/_19740_/X (sky130_fd_sc_hd__maj3_1)
   0.22    1.77 ^ gen_col[10].u_pe_col/gen_pe[13].u_pe/_19742_/X (sky130_fd_sc_hd__xor2_1)
   0.49    2.26 v gen_col[10].u_pe_col/gen_pe[13].u_pe/_19781_/X (sky130_fd_sc_hd__xor3_1)
   0.28    2.54 ^ gen_col[10].u_pe_col/gen_pe[13].u_pe/_19782_/Y (sky130_fd_sc_hd__xnor2_1)
   0.20    2.74 ^ gen_col[10].u_pe_col/gen_pe[13].u_pe/_19809_/Y (sky130_fd_sc_hd__xnor2_1)
   0.39    3.12 v gen_col[10].u_pe_col/gen_pe[13].u_pe/_19843_/X (sky130_fd_sc_hd__xnor3_1)
   0.24    3.36 v gen_col[10].u_pe_col/gen_pe[13].u_pe/_19844_/X (sky130_fd_sc_hd__and3_1)
   0.33    3.69 v gen_col[10].u_pe_col/gen_pe[13].u_pe/_19885_/X (sky130_fd_sc_hd__o31a_1)
   0.38    4.07 v gen_col[10].u_pe_col/gen_pe[13].u_pe/_19887_/X (sky130_fd_sc_hd__maj3_1)
   0.19    4.26 ^ gen_col[10].u_pe_col/gen_pe[13].u_pe/_19889_/Y (sky130_fd_sc_hd__o32ai_1)
   0.15    4.41 v gen_col[10].u_pe_col/gen_pe[13].u_pe/_19891_/Y (sky130_fd_sc_hd__a21oi_1)
   0.22    4.63 v gen_col[10].u_pe_col/gen_pe[13].u_pe/_19893_/X (sky130_fd_sc_hd__o21a_1)
   0.25    4.87 ^ gen_col[10].u_pe_col/gen_pe[13].u_pe/_19896_/Y (sky130_fd_sc_hd__o21ai_0)
   0.17    5.05 ^ gen_col[10].u_pe_col/gen_pe[13].u_pe/_19898_/X (sky130_fd_sc_hd__a21bo_1)
   0.08    5.13 v gen_col[10].u_pe_col/gen_pe[13].u_pe/_19900_/Y (sky130_fd_sc_hd__a21oi_1)
   0.26    5.38 ^ gen_col[10].u_pe_col/gen_pe[13].u_pe/_19902_/Y (sky130_fd_sc_hd__o21ai_0)
   0.17    5.56 ^ gen_col[10].u_pe_col/gen_pe[13].u_pe/_19906_/X (sky130_fd_sc_hd__a21o_1)
   0.13    5.69 ^ gen_col[10].u_pe_col/gen_pe[13].u_pe/_19909_/X (sky130_fd_sc_hd__a21o_1)
   0.13    5.82 ^ gen_col[10].u_pe_col/gen_pe[13].u_pe/_19911_/X (sky130_fd_sc_hd__a21o_1)
   0.13    5.95 ^ gen_col[10].u_pe_col/gen_pe[13].u_pe/_19914_/X (sky130_fd_sc_hd__a21o_1)
   0.11    6.07 v gen_col[10].u_pe_col/gen_pe[13].u_pe/_19917_/Y (sky130_fd_sc_hd__a21boi_0)
   0.21    6.28 ^ gen_col[10].u_pe_col/gen_pe[13].u_pe/_19920_/Y (sky130_fd_sc_hd__o21bai_1)
   0.11    6.39 v gen_col[10].u_pe_col/gen_pe[13].u_pe/_19923_/Y (sky130_fd_sc_hd__a21oi_1)
   0.26    6.65 ^ gen_col[10].u_pe_col/gen_pe[13].u_pe/_19926_/Y (sky130_fd_sc_hd__o21ai_0)
   0.13    6.78 v gen_col[10].u_pe_col/gen_pe[13].u_pe/_19929_/Y (sky130_fd_sc_hd__a21oi_1)
   0.25    7.03 ^ gen_col[10].u_pe_col/gen_pe[13].u_pe/_19932_/Y (sky130_fd_sc_hd__o21ai_0)
   0.11    7.13 v gen_col[10].u_pe_col/gen_pe[13].u_pe/_19936_/Y (sky130_fd_sc_hd__a21oi_1)
   0.25    7.39 ^ gen_col[10].u_pe_col/gen_pe[13].u_pe/_19940_/Y (sky130_fd_sc_hd__o21ai_0)
   0.13    7.52 v gen_col[10].u_pe_col/gen_pe[13].u_pe/_19943_/Y (sky130_fd_sc_hd__a21oi_1)
   0.26    7.78 ^ gen_col[10].u_pe_col/gen_pe[13].u_pe/_19946_/Y (sky130_fd_sc_hd__o21ai_0)
   0.13    7.91 v gen_col[10].u_pe_col/gen_pe[13].u_pe/_19949_/Y (sky130_fd_sc_hd__a21oi_1)
   0.26    8.17 ^ gen_col[10].u_pe_col/gen_pe[13].u_pe/_19952_/Y (sky130_fd_sc_hd__o21ai_0)
   0.13    8.30 v gen_col[10].u_pe_col/gen_pe[13].u_pe/_19953_/Y (sky130_fd_sc_hd__a21oi_1)
   0.26    8.56 ^ gen_col[10].u_pe_col/gen_pe[13].u_pe/_19956_/Y (sky130_fd_sc_hd__o21ai_0)
   0.13    8.69 v gen_col[10].u_pe_col/gen_pe[13].u_pe/_19959_/Y (sky130_fd_sc_hd__a21oi_1)
   0.26    8.95 ^ gen_col[10].u_pe_col/gen_pe[13].u_pe/_19962_/Y (sky130_fd_sc_hd__o21ai_0)
   0.18    9.13 ^ gen_col[10].u_pe_col/gen_pe[13].u_pe/_19967_/X (sky130_fd_sc_hd__a21o_1)
   0.14    9.27 ^ gen_col[10].u_pe_col/gen_pe[13].u_pe/_19969_/X (sky130_fd_sc_hd__a21o_1)
   0.20    9.46 ^ gen_col[10].u_pe_col/gen_pe[13].u_pe/_19973_/X (sky130_fd_sc_hd__maj3_1)
   0.14    9.60 ^ gen_col[10].u_pe_col/gen_pe[13].u_pe/_19975_/X (sky130_fd_sc_hd__a21o_1)
   0.08    9.68 v gen_col[10].u_pe_col/gen_pe[13].u_pe/_19979_/Y (sky130_fd_sc_hd__a21oi_1)
   0.20    9.88 ^ gen_col[10].u_pe_col/gen_pe[13].u_pe/_19982_/Y (sky130_fd_sc_hd__o21bai_1)
   0.11   10.00 v gen_col[10].u_pe_col/gen_pe[13].u_pe/_19985_/Y (sky130_fd_sc_hd__a21oi_1)
   0.24   10.24 ^ gen_col[10].u_pe_col/gen_pe[13].u_pe/_19988_/Y (sky130_fd_sc_hd__o21ai_0)
   0.16   10.40 v gen_col[10].u_pe_col/gen_pe[13].u_pe/_19991_/Y (sky130_fd_sc_hd__a21boi_0)
   0.34   10.74 ^ gen_col[10].u_pe_col/gen_pe[13].u_pe/_19996_/Y (sky130_fd_sc_hd__o31ai_1)
   0.14   10.88 v gen_col[10].u_pe_col/gen_pe[13].u_pe/_19997_/Y (sky130_fd_sc_hd__a22oi_1)
   0.25   11.14 ^ gen_col[10].u_pe_col/gen_pe[13].u_pe/_19998_/Y (sky130_fd_sc_hd__o21ai_0)
   0.13   11.27 v gen_col[10].u_pe_col/gen_pe[13].u_pe/_20000_/Y (sky130_fd_sc_hd__a21oi_1)
   0.25   11.52 ^ gen_col[10].u_pe_col/gen_pe[13].u_pe/_20003_/Y (sky130_fd_sc_hd__o21ai_0)
   0.13   11.64 v gen_col[10].u_pe_col/gen_pe[13].u_pe/_20007_/Y (sky130_fd_sc_hd__a21oi_1)
   0.26   11.90 ^ gen_col[10].u_pe_col/gen_pe[13].u_pe/_20010_/Y (sky130_fd_sc_hd__o21ai_0)
   0.13   12.03 v gen_col[10].u_pe_col/gen_pe[13].u_pe/_20013_/Y (sky130_fd_sc_hd__a21oi_1)
   0.31   12.34 ^ gen_col[10].u_pe_col/gen_pe[13].u_pe/_20016_/Y (sky130_fd_sc_hd__o21ai_0)
   0.12   12.47 v gen_col[10].u_pe_col/gen_pe[13].u_pe/_20020_/Y (sky130_fd_sc_hd__a211oi_1)
   0.36   12.83 v gen_col[10].u_pe_col/gen_pe[13].u_pe/_20021_/X (sky130_fd_sc_hd__or3_1)
   0.20   13.03 v gen_col[10].u_pe_col/gen_pe[13].u_pe/_20024_/X (sky130_fd_sc_hd__a21o_1)
   0.19   13.22 v gen_col[10].u_pe_col/gen_pe[13].u_pe/_20026_/X (sky130_fd_sc_hd__a21o_1)
   0.18   13.40 ^ gen_col[10].u_pe_col/gen_pe[13].u_pe/_20028_/Y (sky130_fd_sc_hd__a21oi_1)
   0.13   13.53 v gen_col[10].u_pe_col/gen_pe[13].u_pe/_20030_/Y (sky130_fd_sc_hd__o21ai_0)
   0.21   13.74 ^ gen_col[10].u_pe_col/gen_pe[13].u_pe/_20032_/Y (sky130_fd_sc_hd__a21oi_1)
   0.13   13.87 v gen_col[10].u_pe_col/gen_pe[13].u_pe/_20084_/Y (sky130_fd_sc_hd__o21ai_0)
   0.18   14.05 v gen_col[10].u_pe_col/gen_pe[13].u_pe/_20315_/X (sky130_fd_sc_hd__and3_1)
   0.20   14.25 ^ gen_col[10].u_pe_col/gen_pe[13].u_pe/_20317_/Y (sky130_fd_sc_hd__o31ai_1)
   0.00   14.25 ^ gen_col[10].u_pe_col/gen_pe[13].u_pe/_20479_/D (sky130_fd_sc_hd__dfrtp_1)
          14.25   data arrival time

  20.00   20.00   clock clk (rise edge)
   0.00   20.00   clock network delay (ideal)
   0.00   20.00   clock reconvergence pessimism
          20.00 ^ gen_col[10].u_pe_col/gen_pe[13].u_pe/_20479_/CLK (sky130_fd_sc_hd__dfrtp_1)
  -0.10   19.90   library setup time
          19.90   data required time
---------------------------------------------------------
          19.90   data required time
         -14.25   data arrival time
---------------------------------------------------------
           5.66   slack (MET)


Timing Analysis Completed.
