OpenSTA 3.1.0  Copyright (c) 2026, Parallax Software, Inc.
License GPLv3: GNU GPL version 3 <http://gnu.org/licenses/gpl.html>

This is free software, and you are free to change and redistribute it
under certain conditions; type `show_copying' for details. 
This program comes with ABSOLUTELY NO WARRANTY; for details type `show_warranty'.
Warning 503: timing.tcl line 1, report_checks -group_count is deprecated. Use -group_path_count instead.
Startpoint: gen_col[0].u_pe_col/gen_pe[0].u_pe/_5301_
            (rising edge-triggered flip-flop clocked by clk)
Endpoint: gen_col[0].u_pe_col/gen_pe[0].u_pe/_5433_
          (rising edge-triggered flip-flop clocked by clk)
Path Group: clk
Path Type: max

  Delay    Time   Description
---------------------------------------------------------
   0.00    0.00   clock clk (rise edge)
   0.00    0.00   clock network delay (ideal)
   0.00    0.00 ^ gen_col[0].u_pe_col/gen_pe[0].u_pe/_5301_/CLK (sky130_fd_sc_hd__dfrtp_1)
   0.39    0.39 ^ gen_col[0].u_pe_col/gen_pe[0].u_pe/_5301_/Q (sky130_fd_sc_hd__dfrtp_1)
  10.75   11.13 ^ gen_col[0].u_pe_col/gen_pe[0].u_pe/_4243_/X (sky130_fd_sc_hd__and2_0)
   1.39   12.52 v gen_col[0].u_pe_col/gen_pe[0].u_pe/_3614_/Y (sky130_fd_sc_hd__xnor2_1)
   0.96   13.48 v gen_col[0].u_pe_col/gen_pe[0].u_pe/_3631_/X (sky130_fd_sc_hd__xor3_1)
   0.18   13.67 v gen_col[0].u_pe_col/gen_pe[0].u_pe/_3643_/Y (sky130_fd_sc_hd__xnor2_1)
   0.40   14.07 v gen_col[0].u_pe_col/gen_pe[0].u_pe/_3669_/X (sky130_fd_sc_hd__maj3_1)
   0.39   14.46 v gen_col[0].u_pe_col/gen_pe[0].u_pe/_3672_/X (sky130_fd_sc_hd__maj3_1)
   0.39   14.85 v gen_col[0].u_pe_col/gen_pe[0].u_pe/_3674_/X (sky130_fd_sc_hd__maj3_1)
   0.39   15.24 v gen_col[0].u_pe_col/gen_pe[0].u_pe/_3676_/X (sky130_fd_sc_hd__maj3_1)
   0.39   15.63 v gen_col[0].u_pe_col/gen_pe[0].u_pe/_3679_/X (sky130_fd_sc_hd__maj3_1)
   0.39   16.01 v gen_col[0].u_pe_col/gen_pe[0].u_pe/_3682_/X (sky130_fd_sc_hd__maj3_1)
   0.39   16.40 v gen_col[0].u_pe_col/gen_pe[0].u_pe/_3685_/X (sky130_fd_sc_hd__maj3_1)
   0.39   16.79 v gen_col[0].u_pe_col/gen_pe[0].u_pe/_3688_/X (sky130_fd_sc_hd__maj3_1)
   0.39   17.18 v gen_col[0].u_pe_col/gen_pe[0].u_pe/_3691_/X (sky130_fd_sc_hd__maj3_1)
   0.39   17.56 v gen_col[0].u_pe_col/gen_pe[0].u_pe/_3694_/X (sky130_fd_sc_hd__maj3_1)
   0.39   17.95 v gen_col[0].u_pe_col/gen_pe[0].u_pe/_3697_/X (sky130_fd_sc_hd__maj3_1)
   0.39   18.34 v gen_col[0].u_pe_col/gen_pe[0].u_pe/_3700_/X (sky130_fd_sc_hd__maj3_1)
   0.39   18.73 v gen_col[0].u_pe_col/gen_pe[0].u_pe/_3703_/X (sky130_fd_sc_hd__maj3_1)
   0.39   19.12 v gen_col[0].u_pe_col/gen_pe[0].u_pe/_3706_/X (sky130_fd_sc_hd__maj3_1)
   0.39   19.50 v gen_col[0].u_pe_col/gen_pe[0].u_pe/_3709_/X (sky130_fd_sc_hd__maj3_1)
   0.39   19.89 v gen_col[0].u_pe_col/gen_pe[0].u_pe/_3712_/X (sky130_fd_sc_hd__maj3_1)
   0.38   20.27 v gen_col[0].u_pe_col/gen_pe[0].u_pe/_3715_/X (sky130_fd_sc_hd__maj3_1)
   0.31   20.59 ^ gen_col[0].u_pe_col/gen_pe[0].u_pe/_3719_/Y (sky130_fd_sc_hd__a211oi_1)
   0.14   20.73 v gen_col[0].u_pe_col/gen_pe[0].u_pe/_3721_/Y (sky130_fd_sc_hd__o31ai_1)
   0.41   21.14 v gen_col[0].u_pe_col/gen_pe[0].u_pe/_3723_/X (sky130_fd_sc_hd__maj3_1)
   0.28   21.42 ^ gen_col[0].u_pe_col/gen_pe[0].u_pe/_3726_/Y (sky130_fd_sc_hd__a211oi_1)
   0.19   21.61 v gen_col[0].u_pe_col/gen_pe[0].u_pe/_3729_/Y (sky130_fd_sc_hd__o311ai_0)
   0.33   21.94 ^ gen_col[0].u_pe_col/gen_pe[0].u_pe/_3732_/Y (sky130_fd_sc_hd__a311oi_1)
   0.13   22.07 v gen_col[0].u_pe_col/gen_pe[0].u_pe/_3734_/Y (sky130_fd_sc_hd__o31ai_1)
   0.40   22.47 v gen_col[0].u_pe_col/gen_pe[0].u_pe/_3736_/X (sky130_fd_sc_hd__maj3_1)
   0.39   22.86 v gen_col[0].u_pe_col/gen_pe[0].u_pe/_3738_/X (sky130_fd_sc_hd__maj3_1)
   0.39   23.25 v gen_col[0].u_pe_col/gen_pe[0].u_pe/_3741_/X (sky130_fd_sc_hd__maj3_1)
   0.39   23.64 v gen_col[0].u_pe_col/gen_pe[0].u_pe/_3744_/X (sky130_fd_sc_hd__maj3_1)
   0.40   24.04 v gen_col[0].u_pe_col/gen_pe[0].u_pe/_3747_/X (sky130_fd_sc_hd__maj3_1)
   0.26   24.30 ^ gen_col[0].u_pe_col/gen_pe[0].u_pe/_3750_/Y (sky130_fd_sc_hd__a211oi_1)
   0.13   24.43 v gen_col[0].u_pe_col/gen_pe[0].u_pe/_3752_/Y (sky130_fd_sc_hd__o31ai_1)
   0.41   24.84 v gen_col[0].u_pe_col/gen_pe[0].u_pe/_3754_/X (sky130_fd_sc_hd__maj3_1)
   0.26   25.11 ^ gen_col[0].u_pe_col/gen_pe[0].u_pe/_3757_/Y (sky130_fd_sc_hd__a211oi_1)
   0.19   25.30 v gen_col[0].u_pe_col/gen_pe[0].u_pe/_3760_/Y (sky130_fd_sc_hd__o311ai_0)
   0.27   25.57 ^ gen_col[0].u_pe_col/gen_pe[0].u_pe/_3762_/Y (sky130_fd_sc_hd__a31oi_1)
   0.25   25.82 ^ gen_col[0].u_pe_col/gen_pe[0].u_pe/_3764_/X (sky130_fd_sc_hd__maj3_1)
   0.21   26.03 ^ gen_col[0].u_pe_col/gen_pe[0].u_pe/_3766_/X (sky130_fd_sc_hd__maj3_1)
   0.22   26.25 ^ gen_col[0].u_pe_col/gen_pe[0].u_pe/_3768_/X (sky130_fd_sc_hd__maj3_1)
   0.13   26.38 v gen_col[0].u_pe_col/gen_pe[0].u_pe/_3773_/Y (sky130_fd_sc_hd__o211ai_1)
   0.32   26.71 ^ gen_col[0].u_pe_col/gen_pe[0].u_pe/_3776_/Y (sky130_fd_sc_hd__a311oi_1)
   0.19   26.90 v gen_col[0].u_pe_col/gen_pe[0].u_pe/_3779_/Y (sky130_fd_sc_hd__o311ai_0)
   0.39   27.29 ^ gen_col[0].u_pe_col/gen_pe[0].u_pe/_3782_/Y (sky130_fd_sc_hd__a311oi_1)
   0.20   27.49 v gen_col[0].u_pe_col/gen_pe[0].u_pe/_3785_/Y (sky130_fd_sc_hd__o311ai_0)
   0.35   27.84 ^ gen_col[0].u_pe_col/gen_pe[0].u_pe/_3788_/Y (sky130_fd_sc_hd__a311oi_1)
   0.17   28.01 v gen_col[0].u_pe_col/gen_pe[0].u_pe/_3791_/Y (sky130_fd_sc_hd__o311ai_0)
   0.27   28.28 ^ gen_col[0].u_pe_col/gen_pe[0].u_pe/_3793_/Y (sky130_fd_sc_hd__a31oi_1)
   0.25   28.53 ^ gen_col[0].u_pe_col/gen_pe[0].u_pe/_3795_/X (sky130_fd_sc_hd__maj3_1)
   0.21   28.74 ^ gen_col[0].u_pe_col/gen_pe[0].u_pe/_3797_/X (sky130_fd_sc_hd__maj3_1)
   0.21   28.95 ^ gen_col[0].u_pe_col/gen_pe[0].u_pe/_3799_/X (sky130_fd_sc_hd__maj3_1)
   0.21   29.16 ^ gen_col[0].u_pe_col/gen_pe[0].u_pe/_3801_/X (sky130_fd_sc_hd__maj3_1)
   0.22   29.38 ^ gen_col[0].u_pe_col/gen_pe[0].u_pe/_3803_/X (sky130_fd_sc_hd__maj3_1)
   0.13   29.51 v gen_col[0].u_pe_col/gen_pe[0].u_pe/_3807_/Y (sky130_fd_sc_hd__o211ai_1)
   0.22   29.73 ^ gen_col[0].u_pe_col/gen_pe[0].u_pe/_3809_/Y (sky130_fd_sc_hd__a31oi_1)
   0.23   29.95 ^ gen_col[0].u_pe_col/gen_pe[0].u_pe/_3812_/X (sky130_fd_sc_hd__maj3_1)
   0.15   30.10 v gen_col[0].u_pe_col/gen_pe[0].u_pe/_3817_/Y (sky130_fd_sc_hd__o221ai_1)
   0.36   30.46 ^ gen_col[0].u_pe_col/gen_pe[0].u_pe/_3820_/Y (sky130_fd_sc_hd__a311oi_1)
   0.20   30.66 v gen_col[0].u_pe_col/gen_pe[0].u_pe/_3823_/Y (sky130_fd_sc_hd__o311ai_0)
   0.24   30.90 ^ gen_col[0].u_pe_col/gen_pe[0].u_pe/_3825_/Y (sky130_fd_sc_hd__a31oi_1)
   0.23   31.13 ^ gen_col[0].u_pe_col/gen_pe[0].u_pe/_3828_/X (sky130_fd_sc_hd__maj3_1)
   0.12   31.25 v gen_col[0].u_pe_col/gen_pe[0].u_pe/_3833_/Y (sky130_fd_sc_hd__o211ai_1)
   0.36   31.61 ^ gen_col[0].u_pe_col/gen_pe[0].u_pe/_3836_/Y (sky130_fd_sc_hd__a311oi_1)
   0.15   31.76 v gen_col[0].u_pe_col/gen_pe[0].u_pe/_3840_/Y (sky130_fd_sc_hd__o311ai_0)
   0.33   32.09 ^ gen_col[0].u_pe_col/gen_pe[0].u_pe/_3843_/Y (sky130_fd_sc_hd__a311oi_1)
   0.14   32.23 v gen_col[0].u_pe_col/gen_pe[0].u_pe/_3845_/Y (sky130_fd_sc_hd__o31ai_1)
   0.40   32.63 v gen_col[0].u_pe_col/gen_pe[0].u_pe/_3846_/X (sky130_fd_sc_hd__maj3_1)
   0.26   32.89 ^ gen_col[0].u_pe_col/gen_pe[0].u_pe/_3849_/Y (sky130_fd_sc_hd__a211oi_1)
   0.13   33.03 v gen_col[0].u_pe_col/gen_pe[0].u_pe/_3851_/Y (sky130_fd_sc_hd__o31ai_1)
   0.39   33.42 v gen_col[0].u_pe_col/gen_pe[0].u_pe/_3852_/X (sky130_fd_sc_hd__maj3_1)
   0.39   33.81 v gen_col[0].u_pe_col/gen_pe[0].u_pe/_3854_/X (sky130_fd_sc_hd__maj3_1)
   0.39   34.20 v gen_col[0].u_pe_col/gen_pe[0].u_pe/_3856_/X (sky130_fd_sc_hd__maj3_1)
   0.39   34.59 v gen_col[0].u_pe_col/gen_pe[0].u_pe/_3859_/X (sky130_fd_sc_hd__maj3_1)
   0.39   34.97 v gen_col[0].u_pe_col/gen_pe[0].u_pe/_3862_/X (sky130_fd_sc_hd__maj3_1)
   0.39   35.36 v gen_col[0].u_pe_col/gen_pe[0].u_pe/_3865_/X (sky130_fd_sc_hd__maj3_1)
   0.39   35.75 v gen_col[0].u_pe_col/gen_pe[0].u_pe/_3868_/X (sky130_fd_sc_hd__maj3_1)
   0.39   36.14 v gen_col[0].u_pe_col/gen_pe[0].u_pe/_3871_/X (sky130_fd_sc_hd__maj3_1)
   0.39   36.52 v gen_col[0].u_pe_col/gen_pe[0].u_pe/_3874_/X (sky130_fd_sc_hd__maj3_1)
   0.39   36.91 v gen_col[0].u_pe_col/gen_pe[0].u_pe/_3877_/X (sky130_fd_sc_hd__maj3_1)
   0.38   37.30 v gen_col[0].u_pe_col/gen_pe[0].u_pe/_3880_/X (sky130_fd_sc_hd__maj3_1)
   0.28   37.58 ^ gen_col[0].u_pe_col/gen_pe[0].u_pe/_3884_/Y (sky130_fd_sc_hd__a211oi_1)
   0.19   37.77 v gen_col[0].u_pe_col/gen_pe[0].u_pe/_3887_/Y (sky130_fd_sc_hd__o311ai_0)
   0.35   38.12 ^ gen_col[0].u_pe_col/gen_pe[0].u_pe/_3890_/Y (sky130_fd_sc_hd__a311oi_1)
   0.14   38.25 v gen_col[0].u_pe_col/gen_pe[0].u_pe/_3892_/Y (sky130_fd_sc_hd__o31ai_1)
   0.39   38.65 v gen_col[0].u_pe_col/gen_pe[0].u_pe/_3894_/X (sky130_fd_sc_hd__maj3_1)
   0.39   39.03 v gen_col[0].u_pe_col/gen_pe[0].u_pe/_3896_/X (sky130_fd_sc_hd__maj3_1)
   0.39   39.43 v gen_col[0].u_pe_col/gen_pe[0].u_pe/_3899_/X (sky130_fd_sc_hd__maj3_1)
   0.38   39.81 v gen_col[0].u_pe_col/gen_pe[0].u_pe/_3901_/X (sky130_fd_sc_hd__maj3_1)
   0.16   39.97 v gen_col[0].u_pe_col/gen_pe[0].u_pe/_3904_/X (sky130_fd_sc_hd__and2_0)
   0.19   40.15 v gen_col[0].u_pe_col/gen_pe[0].u_pe/_3906_/X (sky130_fd_sc_hd__o21a_1)
   0.30   40.45 v gen_col[0].u_pe_col/gen_pe[0].u_pe/_3910_/X (sky130_fd_sc_hd__o311a_1)
   0.19   40.64 v gen_col[0].u_pe_col/gen_pe[0].u_pe/_3912_/X (sky130_fd_sc_hd__o21a_1)
   0.19   40.82 v gen_col[0].u_pe_col/gen_pe[0].u_pe/_3914_/X (sky130_fd_sc_hd__o21a_1)
   0.19   41.01 v gen_col[0].u_pe_col/gen_pe[0].u_pe/_3916_/X (sky130_fd_sc_hd__o21a_1)
   0.19   41.20 v gen_col[0].u_pe_col/gen_pe[0].u_pe/_3918_/X (sky130_fd_sc_hd__o21a_1)
   0.18   41.38 v gen_col[0].u_pe_col/gen_pe[0].u_pe/_3920_/X (sky130_fd_sc_hd__o21a_1)
   0.23   41.61 ^ gen_col[0].u_pe_col/gen_pe[0].u_pe/_3929_/Y (sky130_fd_sc_hd__o21ai_0)
   0.18   41.79 ^ gen_col[0].u_pe_col/gen_pe[0].u_pe/_4232_/X (sky130_fd_sc_hd__a31o_1)
   0.06   41.84 v gen_col[0].u_pe_col/gen_pe[0].u_pe/_4233_/Y (sky130_fd_sc_hd__o21ai_0)
   0.00   41.84 v gen_col[0].u_pe_col/gen_pe[0].u_pe/_5433_/D (sky130_fd_sc_hd__dfrtp_1)
          41.84   data arrival time

  20.00   20.00   clock clk (rise edge)
   0.00   20.00   clock network delay (ideal)
   0.00   20.00   clock reconvergence pessimism
          20.00 ^ gen_col[0].u_pe_col/gen_pe[0].u_pe/_5433_/CLK (sky130_fd_sc_hd__dfrtp_1)
  -0.24   19.76   library setup time
          19.76   data required time
---------------------------------------------------------
          19.76   data required time
         -41.84   data arrival time
---------------------------------------------------------
         -22.08   slack (VIOLATED)


Startpoint: gen_col[0].u_pe_col/gen_pe[10].u_pe/_5301_
            (rising edge-triggered flip-flop clocked by clk)
Endpoint: gen_col[0].u_pe_col/gen_pe[10].u_pe/_5433_
          (rising edge-triggered flip-flop clocked by clk)
Path Group: clk
Path Type: max

  Delay    Time   Description
---------------------------------------------------------
   0.00    0.00   clock clk (rise edge)
   0.00    0.00   clock network delay (ideal)
   0.00    0.00 ^ gen_col[0].u_pe_col/gen_pe[10].u_pe/_5301_/CLK (sky130_fd_sc_hd__dfrtp_1)
   0.39    0.39 ^ gen_col[0].u_pe_col/gen_pe[10].u_pe/_5301_/Q (sky130_fd_sc_hd__dfrtp_1)
  10.75   11.13 ^ gen_col[0].u_pe_col/gen_pe[10].u_pe/_4243_/X (sky130_fd_sc_hd__and2_0)
   1.39   12.52 v gen_col[0].u_pe_col/gen_pe[10].u_pe/_3614_/Y (sky130_fd_sc_hd__xnor2_1)
   0.96   13.48 v gen_col[0].u_pe_col/gen_pe[10].u_pe/_3631_/X (sky130_fd_sc_hd__xor3_1)
   0.18   13.67 v gen_col[0].u_pe_col/gen_pe[10].u_pe/_3643_/Y (sky130_fd_sc_hd__xnor2_1)
   0.40   14.07 v gen_col[0].u_pe_col/gen_pe[10].u_pe/_3669_/X (sky130_fd_sc_hd__maj3_1)
   0.39   14.46 v gen_col[0].u_pe_col/gen_pe[10].u_pe/_3672_/X (sky130_fd_sc_hd__maj3_1)
   0.39   14.85 v gen_col[0].u_pe_col/gen_pe[10].u_pe/_3674_/X (sky130_fd_sc_hd__maj3_1)
   0.39   15.24 v gen_col[0].u_pe_col/gen_pe[10].u_pe/_3676_/X (sky130_fd_sc_hd__maj3_1)
   0.39   15.63 v gen_col[0].u_pe_col/gen_pe[10].u_pe/_3679_/X (sky130_fd_sc_hd__maj3_1)
   0.39   16.01 v gen_col[0].u_pe_col/gen_pe[10].u_pe/_3682_/X (sky130_fd_sc_hd__maj3_1)
   0.39   16.40 v gen_col[0].u_pe_col/gen_pe[10].u_pe/_3685_/X (sky130_fd_sc_hd__maj3_1)
   0.39   16.79 v gen_col[0].u_pe_col/gen_pe[10].u_pe/_3688_/X (sky130_fd_sc_hd__maj3_1)
   0.39   17.18 v gen_col[0].u_pe_col/gen_pe[10].u_pe/_3691_/X (sky130_fd_sc_hd__maj3_1)
   0.39   17.56 v gen_col[0].u_pe_col/gen_pe[10].u_pe/_3694_/X (sky130_fd_sc_hd__maj3_1)
   0.39   17.95 v gen_col[0].u_pe_col/gen_pe[10].u_pe/_3697_/X (sky130_fd_sc_hd__maj3_1)
   0.39   18.34 v gen_col[0].u_pe_col/gen_pe[10].u_pe/_3700_/X (sky130_fd_sc_hd__maj3_1)
   0.39   18.73 v gen_col[0].u_pe_col/gen_pe[10].u_pe/_3703_/X (sky130_fd_sc_hd__maj3_1)
   0.39   19.12 v gen_col[0].u_pe_col/gen_pe[10].u_pe/_3706_/X (sky130_fd_sc_hd__maj3_1)
   0.39   19.50 v gen_col[0].u_pe_col/gen_pe[10].u_pe/_3709_/X (sky130_fd_sc_hd__maj3_1)
   0.39   19.89 v gen_col[0].u_pe_col/gen_pe[10].u_pe/_3712_/X (sky130_fd_sc_hd__maj3_1)
   0.38   20.27 v gen_col[0].u_pe_col/gen_pe[10].u_pe/_3715_/X (sky130_fd_sc_hd__maj3_1)
   0.31   20.59 ^ gen_col[0].u_pe_col/gen_pe[10].u_pe/_3719_/Y (sky130_fd_sc_hd__a211oi_1)
   0.14   20.73 v gen_col[0].u_pe_col/gen_pe[10].u_pe/_3721_/Y (sky130_fd_sc_hd__o31ai_1)
   0.41   21.14 v gen_col[0].u_pe_col/gen_pe[10].u_pe/_3723_/X (sky130_fd_sc_hd__maj3_1)
   0.28   21.42 ^ gen_col[0].u_pe_col/gen_pe[10].u_pe/_3726_/Y (sky130_fd_sc_hd__a211oi_1)
   0.19   21.61 v gen_col[0].u_pe_col/gen_pe[10].u_pe/_3729_/Y (sky130_fd_sc_hd__o311ai_0)
   0.33   21.94 ^ gen_col[0].u_pe_col/gen_pe[10].u_pe/_3732_/Y (sky130_fd_sc_hd__a311oi_1)
   0.13   22.07 v gen_col[0].u_pe_col/gen_pe[10].u_pe/_3734_/Y (sky130_fd_sc_hd__o31ai_1)
   0.40   22.47 v gen_col[0].u_pe_col/gen_pe[10].u_pe/_3736_/X (sky130_fd_sc_hd__maj3_1)
   0.39   22.86 v gen_col[0].u_pe_col/gen_pe[10].u_pe/_3738_/X (sky130_fd_sc_hd__maj3_1)
   0.39   23.25 v gen_col[0].u_pe_col/gen_pe[10].u_pe/_3741_/X (sky130_fd_sc_hd__maj3_1)
   0.39   23.64 v gen_col[0].u_pe_col/gen_pe[10].u_pe/_3744_/X (sky130_fd_sc_hd__maj3_1)
   0.40   24.04 v gen_col[0].u_pe_col/gen_pe[10].u_pe/_3747_/X (sky130_fd_sc_hd__maj3_1)
   0.26   24.30 ^ gen_col[0].u_pe_col/gen_pe[10].u_pe/_3750_/Y (sky130_fd_sc_hd__a211oi_1)
   0.13   24.43 v gen_col[0].u_pe_col/gen_pe[10].u_pe/_3752_/Y (sky130_fd_sc_hd__o31ai_1)
   0.41   24.84 v gen_col[0].u_pe_col/gen_pe[10].u_pe/_3754_/X (sky130_fd_sc_hd__maj3_1)
   0.26   25.11 ^ gen_col[0].u_pe_col/gen_pe[10].u_pe/_3757_/Y (sky130_fd_sc_hd__a211oi_1)
   0.19   25.30 v gen_col[0].u_pe_col/gen_pe[10].u_pe/_3760_/Y (sky130_fd_sc_hd__o311ai_0)
   0.27   25.57 ^ gen_col[0].u_pe_col/gen_pe[10].u_pe/_3762_/Y (sky130_fd_sc_hd__a31oi_1)
   0.25   25.82 ^ gen_col[0].u_pe_col/gen_pe[10].u_pe/_3764_/X (sky130_fd_sc_hd__maj3_1)
   0.21   26.03 ^ gen_col[0].u_pe_col/gen_pe[10].u_pe/_3766_/X (sky130_fd_sc_hd__maj3_1)
   0.22   26.25 ^ gen_col[0].u_pe_col/gen_pe[10].u_pe/_3768_/X (sky130_fd_sc_hd__maj3_1)
   0.13   26.38 v gen_col[0].u_pe_col/gen_pe[10].u_pe/_3773_/Y (sky130_fd_sc_hd__o211ai_1)
   0.32   26.71 ^ gen_col[0].u_pe_col/gen_pe[10].u_pe/_3776_/Y (sky130_fd_sc_hd__a311oi_1)
   0.19   26.90 v gen_col[0].u_pe_col/gen_pe[10].u_pe/_3779_/Y (sky130_fd_sc_hd__o311ai_0)
   0.39   27.29 ^ gen_col[0].u_pe_col/gen_pe[10].u_pe/_3782_/Y (sky130_fd_sc_hd__a311oi_1)
   0.20   27.49 v gen_col[0].u_pe_col/gen_pe[10].u_pe/_3785_/Y (sky130_fd_sc_hd__o311ai_0)
   0.35   27.84 ^ gen_col[0].u_pe_col/gen_pe[10].u_pe/_3788_/Y (sky130_fd_sc_hd__a311oi_1)
   0.17   28.01 v gen_col[0].u_pe_col/gen_pe[10].u_pe/_3791_/Y (sky130_fd_sc_hd__o311ai_0)
   0.27   28.28 ^ gen_col[0].u_pe_col/gen_pe[10].u_pe/_3793_/Y (sky130_fd_sc_hd__a31oi_1)
   0.25   28.53 ^ gen_col[0].u_pe_col/gen_pe[10].u_pe/_3795_/X (sky130_fd_sc_hd__maj3_1)
   0.21   28.74 ^ gen_col[0].u_pe_col/gen_pe[10].u_pe/_3797_/X (sky130_fd_sc_hd__maj3_1)
   0.21   28.95 ^ gen_col[0].u_pe_col/gen_pe[10].u_pe/_3799_/X (sky130_fd_sc_hd__maj3_1)
   0.21   29.16 ^ gen_col[0].u_pe_col/gen_pe[10].u_pe/_3801_/X (sky130_fd_sc_hd__maj3_1)
   0.22   29.38 ^ gen_col[0].u_pe_col/gen_pe[10].u_pe/_3803_/X (sky130_fd_sc_hd__maj3_1)
   0.13   29.51 v gen_col[0].u_pe_col/gen_pe[10].u_pe/_3807_/Y (sky130_fd_sc_hd__o211ai_1)
   0.22   29.73 ^ gen_col[0].u_pe_col/gen_pe[10].u_pe/_3809_/Y (sky130_fd_sc_hd__a31oi_1)
   0.23   29.95 ^ gen_col[0].u_pe_col/gen_pe[10].u_pe/_3812_/X (sky130_fd_sc_hd__maj3_1)
   0.15   30.10 v gen_col[0].u_pe_col/gen_pe[10].u_pe/_3817_/Y (sky130_fd_sc_hd__o221ai_1)
   0.36   30.46 ^ gen_col[0].u_pe_col/gen_pe[10].u_pe/_3820_/Y (sky130_fd_sc_hd__a311oi_1)
   0.20   30.66 v gen_col[0].u_pe_col/gen_pe[10].u_pe/_3823_/Y (sky130_fd_sc_hd__o311ai_0)
   0.24   30.90 ^ gen_col[0].u_pe_col/gen_pe[10].u_pe/_3825_/Y (sky130_fd_sc_hd__a31oi_1)
   0.23   31.13 ^ gen_col[0].u_pe_col/gen_pe[10].u_pe/_3828_/X (sky130_fd_sc_hd__maj3_1)
   0.12   31.25 v gen_col[0].u_pe_col/gen_pe[10].u_pe/_3833_/Y (sky130_fd_sc_hd__o211ai_1)
   0.36   31.61 ^ gen_col[0].u_pe_col/gen_pe[10].u_pe/_3836_/Y (sky130_fd_sc_hd__a311oi_1)
   0.15   31.76 v gen_col[0].u_pe_col/gen_pe[10].u_pe/_3840_/Y (sky130_fd_sc_hd__o311ai_0)
   0.33   32.09 ^ gen_col[0].u_pe_col/gen_pe[10].u_pe/_3843_/Y (sky130_fd_sc_hd__a311oi_1)
   0.14   32.23 v gen_col[0].u_pe_col/gen_pe[10].u_pe/_3845_/Y (sky130_fd_sc_hd__o31ai_1)
   0.40   32.63 v gen_col[0].u_pe_col/gen_pe[10].u_pe/_3846_/X (sky130_fd_sc_hd__maj3_1)
   0.26   32.89 ^ gen_col[0].u_pe_col/gen_pe[10].u_pe/_3849_/Y (sky130_fd_sc_hd__a211oi_1)
   0.13   33.03 v gen_col[0].u_pe_col/gen_pe[10].u_pe/_3851_/Y (sky130_fd_sc_hd__o31ai_1)
   0.39   33.42 v gen_col[0].u_pe_col/gen_pe[10].u_pe/_3852_/X (sky130_fd_sc_hd__maj3_1)
   0.39   33.81 v gen_col[0].u_pe_col/gen_pe[10].u_pe/_3854_/X (sky130_fd_sc_hd__maj3_1)
   0.39   34.20 v gen_col[0].u_pe_col/gen_pe[10].u_pe/_3856_/X (sky130_fd_sc_hd__maj3_1)
   0.39   34.59 v gen_col[0].u_pe_col/gen_pe[10].u_pe/_3859_/X (sky130_fd_sc_hd__maj3_1)
   0.39   34.97 v gen_col[0].u_pe_col/gen_pe[10].u_pe/_3862_/X (sky130_fd_sc_hd__maj3_1)
   0.39   35.36 v gen_col[0].u_pe_col/gen_pe[10].u_pe/_3865_/X (sky130_fd_sc_hd__maj3_1)
   0.39   35.75 v gen_col[0].u_pe_col/gen_pe[10].u_pe/_3868_/X (sky130_fd_sc_hd__maj3_1)
   0.39   36.14 v gen_col[0].u_pe_col/gen_pe[10].u_pe/_3871_/X (sky130_fd_sc_hd__maj3_1)
   0.39   36.52 v gen_col[0].u_pe_col/gen_pe[10].u_pe/_3874_/X (sky130_fd_sc_hd__maj3_1)
   0.39   36.91 v gen_col[0].u_pe_col/gen_pe[10].u_pe/_3877_/X (sky130_fd_sc_hd__maj3_1)
   0.38   37.30 v gen_col[0].u_pe_col/gen_pe[10].u_pe/_3880_/X (sky130_fd_sc_hd__maj3_1)
   0.28   37.58 ^ gen_col[0].u_pe_col/gen_pe[10].u_pe/_3884_/Y (sky130_fd_sc_hd__a211oi_1)
   0.19   37.77 v gen_col[0].u_pe_col/gen_pe[10].u_pe/_3887_/Y (sky130_fd_sc_hd__o311ai_0)
   0.35   38.12 ^ gen_col[0].u_pe_col/gen_pe[10].u_pe/_3890_/Y (sky130_fd_sc_hd__a311oi_1)
   0.14   38.25 v gen_col[0].u_pe_col/gen_pe[10].u_pe/_3892_/Y (sky130_fd_sc_hd__o31ai_1)
   0.39   38.65 v gen_col[0].u_pe_col/gen_pe[10].u_pe/_3894_/X (sky130_fd_sc_hd__maj3_1)
   0.39   39.03 v gen_col[0].u_pe_col/gen_pe[10].u_pe/_3896_/X (sky130_fd_sc_hd__maj3_1)
   0.39   39.43 v gen_col[0].u_pe_col/gen_pe[10].u_pe/_3899_/X (sky130_fd_sc_hd__maj3_1)
   0.38   39.81 v gen_col[0].u_pe_col/gen_pe[10].u_pe/_3901_/X (sky130_fd_sc_hd__maj3_1)
   0.16   39.97 v gen_col[0].u_pe_col/gen_pe[10].u_pe/_3904_/X (sky130_fd_sc_hd__and2_0)
   0.19   40.15 v gen_col[0].u_pe_col/gen_pe[10].u_pe/_3906_/X (sky130_fd_sc_hd__o21a_1)
   0.30   40.45 v gen_col[0].u_pe_col/gen_pe[10].u_pe/_3910_/X (sky130_fd_sc_hd__o311a_1)
   0.19   40.64 v gen_col[0].u_pe_col/gen_pe[10].u_pe/_3912_/X (sky130_fd_sc_hd__o21a_1)
   0.19   40.82 v gen_col[0].u_pe_col/gen_pe[10].u_pe/_3914_/X (sky130_fd_sc_hd__o21a_1)
   0.19   41.01 v gen_col[0].u_pe_col/gen_pe[10].u_pe/_3916_/X (sky130_fd_sc_hd__o21a_1)
   0.19   41.20 v gen_col[0].u_pe_col/gen_pe[10].u_pe/_3918_/X (sky130_fd_sc_hd__o21a_1)
   0.18   41.38 v gen_col[0].u_pe_col/gen_pe[10].u_pe/_3920_/X (sky130_fd_sc_hd__o21a_1)
   0.23   41.61 ^ gen_col[0].u_pe_col/gen_pe[10].u_pe/_3929_/Y (sky130_fd_sc_hd__o21ai_0)
   0.18   41.79 ^ gen_col[0].u_pe_col/gen_pe[10].u_pe/_4232_/X (sky130_fd_sc_hd__a31o_1)
   0.06   41.84 v gen_col[0].u_pe_col/gen_pe[10].u_pe/_4233_/Y (sky130_fd_sc_hd__o21ai_0)
   0.00   41.84 v gen_col[0].u_pe_col/gen_pe[10].u_pe/_5433_/D (sky130_fd_sc_hd__dfrtp_1)
          41.84   data arrival time

  20.00   20.00   clock clk (rise edge)
   0.00   20.00   clock network delay (ideal)
   0.00   20.00   clock reconvergence pessimism
          20.00 ^ gen_col[0].u_pe_col/gen_pe[10].u_pe/_5433_/CLK (sky130_fd_sc_hd__dfrtp_1)
  -0.24   19.76   library setup time
          19.76   data required time
---------------------------------------------------------
          19.76   data required time
         -41.84   data arrival time
---------------------------------------------------------
         -22.08   slack (VIOLATED)


Startpoint: gen_col[0].u_pe_col/gen_pe[11].u_pe/_5301_
            (rising edge-triggered flip-flop clocked by clk)
Endpoint: gen_col[0].u_pe_col/gen_pe[11].u_pe/_5433_
          (rising edge-triggered flip-flop clocked by clk)
Path Group: clk
Path Type: max

  Delay    Time   Description
---------------------------------------------------------
   0.00    0.00   clock clk (rise edge)
   0.00    0.00   clock network delay (ideal)
   0.00    0.00 ^ gen_col[0].u_pe_col/gen_pe[11].u_pe/_5301_/CLK (sky130_fd_sc_hd__dfrtp_1)
   0.39    0.39 ^ gen_col[0].u_pe_col/gen_pe[11].u_pe/_5301_/Q (sky130_fd_sc_hd__dfrtp_1)
  10.75   11.13 ^ gen_col[0].u_pe_col/gen_pe[11].u_pe/_4243_/X (sky130_fd_sc_hd__and2_0)
   1.39   12.52 v gen_col[0].u_pe_col/gen_pe[11].u_pe/_3614_/Y (sky130_fd_sc_hd__xnor2_1)
   0.96   13.48 v gen_col[0].u_pe_col/gen_pe[11].u_pe/_3631_/X (sky130_fd_sc_hd__xor3_1)
   0.18   13.67 v gen_col[0].u_pe_col/gen_pe[11].u_pe/_3643_/Y (sky130_fd_sc_hd__xnor2_1)
   0.40   14.07 v gen_col[0].u_pe_col/gen_pe[11].u_pe/_3669_/X (sky130_fd_sc_hd__maj3_1)
   0.39   14.46 v gen_col[0].u_pe_col/gen_pe[11].u_pe/_3672_/X (sky130_fd_sc_hd__maj3_1)
   0.39   14.85 v gen_col[0].u_pe_col/gen_pe[11].u_pe/_3674_/X (sky130_fd_sc_hd__maj3_1)
   0.39   15.24 v gen_col[0].u_pe_col/gen_pe[11].u_pe/_3676_/X (sky130_fd_sc_hd__maj3_1)
   0.39   15.63 v gen_col[0].u_pe_col/gen_pe[11].u_pe/_3679_/X (sky130_fd_sc_hd__maj3_1)
   0.39   16.01 v gen_col[0].u_pe_col/gen_pe[11].u_pe/_3682_/X (sky130_fd_sc_hd__maj3_1)
   0.39   16.40 v gen_col[0].u_pe_col/gen_pe[11].u_pe/_3685_/X (sky130_fd_sc_hd__maj3_1)
   0.39   16.79 v gen_col[0].u_pe_col/gen_pe[11].u_pe/_3688_/X (sky130_fd_sc_hd__maj3_1)
   0.39   17.18 v gen_col[0].u_pe_col/gen_pe[11].u_pe/_3691_/X (sky130_fd_sc_hd__maj3_1)
   0.39   17.56 v gen_col[0].u_pe_col/gen_pe[11].u_pe/_3694_/X (sky130_fd_sc_hd__maj3_1)
   0.39   17.95 v gen_col[0].u_pe_col/gen_pe[11].u_pe/_3697_/X (sky130_fd_sc_hd__maj3_1)
   0.39   18.34 v gen_col[0].u_pe_col/gen_pe[11].u_pe/_3700_/X (sky130_fd_sc_hd__maj3_1)
   0.39   18.73 v gen_col[0].u_pe_col/gen_pe[11].u_pe/_3703_/X (sky130_fd_sc_hd__maj3_1)
   0.39   19.12 v gen_col[0].u_pe_col/gen_pe[11].u_pe/_3706_/X (sky130_fd_sc_hd__maj3_1)
   0.39   19.50 v gen_col[0].u_pe_col/gen_pe[11].u_pe/_3709_/X (sky130_fd_sc_hd__maj3_1)
   0.39   19.89 v gen_col[0].u_pe_col/gen_pe[11].u_pe/_3712_/X (sky130_fd_sc_hd__maj3_1)
   0.38   20.27 v gen_col[0].u_pe_col/gen_pe[11].u_pe/_3715_/X (sky130_fd_sc_hd__maj3_1)
   0.31   20.59 ^ gen_col[0].u_pe_col/gen_pe[11].u_pe/_3719_/Y (sky130_fd_sc_hd__a211oi_1)
   0.14   20.73 v gen_col[0].u_pe_col/gen_pe[11].u_pe/_3721_/Y (sky130_fd_sc_hd__o31ai_1)
   0.41   21.14 v gen_col[0].u_pe_col/gen_pe[11].u_pe/_3723_/X (sky130_fd_sc_hd__maj3_1)
   0.28   21.42 ^ gen_col[0].u_pe_col/gen_pe[11].u_pe/_3726_/Y (sky130_fd_sc_hd__a211oi_1)
   0.19   21.61 v gen_col[0].u_pe_col/gen_pe[11].u_pe/_3729_/Y (sky130_fd_sc_hd__o311ai_0)
   0.33   21.94 ^ gen_col[0].u_pe_col/gen_pe[11].u_pe/_3732_/Y (sky130_fd_sc_hd__a311oi_1)
   0.13   22.07 v gen_col[0].u_pe_col/gen_pe[11].u_pe/_3734_/Y (sky130_fd_sc_hd__o31ai_1)
   0.40   22.47 v gen_col[0].u_pe_col/gen_pe[11].u_pe/_3736_/X (sky130_fd_sc_hd__maj3_1)
   0.39   22.86 v gen_col[0].u_pe_col/gen_pe[11].u_pe/_3738_/X (sky130_fd_sc_hd__maj3_1)
   0.39   23.25 v gen_col[0].u_pe_col/gen_pe[11].u_pe/_3741_/X (sky130_fd_sc_hd__maj3_1)
   0.39   23.64 v gen_col[0].u_pe_col/gen_pe[11].u_pe/_3744_/X (sky130_fd_sc_hd__maj3_1)
   0.40   24.04 v gen_col[0].u_pe_col/gen_pe[11].u_pe/_3747_/X (sky130_fd_sc_hd__maj3_1)
   0.26   24.30 ^ gen_col[0].u_pe_col/gen_pe[11].u_pe/_3750_/Y (sky130_fd_sc_hd__a211oi_1)
   0.13   24.43 v gen_col[0].u_pe_col/gen_pe[11].u_pe/_3752_/Y (sky130_fd_sc_hd__o31ai_1)
   0.41   24.84 v gen_col[0].u_pe_col/gen_pe[11].u_pe/_3754_/X (sky130_fd_sc_hd__maj3_1)
   0.26   25.11 ^ gen_col[0].u_pe_col/gen_pe[11].u_pe/_3757_/Y (sky130_fd_sc_hd__a211oi_1)
   0.19   25.30 v gen_col[0].u_pe_col/gen_pe[11].u_pe/_3760_/Y (sky130_fd_sc_hd__o311ai_0)
   0.27   25.57 ^ gen_col[0].u_pe_col/gen_pe[11].u_pe/_3762_/Y (sky130_fd_sc_hd__a31oi_1)
   0.25   25.82 ^ gen_col[0].u_pe_col/gen_pe[11].u_pe/_3764_/X (sky130_fd_sc_hd__maj3_1)
   0.21   26.03 ^ gen_col[0].u_pe_col/gen_pe[11].u_pe/_3766_/X (sky130_fd_sc_hd__maj3_1)
   0.22   26.25 ^ gen_col[0].u_pe_col/gen_pe[11].u_pe/_3768_/X (sky130_fd_sc_hd__maj3_1)
   0.13   26.38 v gen_col[0].u_pe_col/gen_pe[11].u_pe/_3773_/Y (sky130_fd_sc_hd__o211ai_1)
   0.32   26.71 ^ gen_col[0].u_pe_col/gen_pe[11].u_pe/_3776_/Y (sky130_fd_sc_hd__a311oi_1)
   0.19   26.90 v gen_col[0].u_pe_col/gen_pe[11].u_pe/_3779_/Y (sky130_fd_sc_hd__o311ai_0)
   0.39   27.29 ^ gen_col[0].u_pe_col/gen_pe[11].u_pe/_3782_/Y (sky130_fd_sc_hd__a311oi_1)
   0.20   27.49 v gen_col[0].u_pe_col/gen_pe[11].u_pe/_3785_/Y (sky130_fd_sc_hd__o311ai_0)
   0.35   27.84 ^ gen_col[0].u_pe_col/gen_pe[11].u_pe/_3788_/Y (sky130_fd_sc_hd__a311oi_1)
   0.17   28.01 v gen_col[0].u_pe_col/gen_pe[11].u_pe/_3791_/Y (sky130_fd_sc_hd__o311ai_0)
   0.27   28.28 ^ gen_col[0].u_pe_col/gen_pe[11].u_pe/_3793_/Y (sky130_fd_sc_hd__a31oi_1)
   0.25   28.53 ^ gen_col[0].u_pe_col/gen_pe[11].u_pe/_3795_/X (sky130_fd_sc_hd__maj3_1)
   0.21   28.74 ^ gen_col[0].u_pe_col/gen_pe[11].u_pe/_3797_/X (sky130_fd_sc_hd__maj3_1)
   0.21   28.95 ^ gen_col[0].u_pe_col/gen_pe[11].u_pe/_3799_/X (sky130_fd_sc_hd__maj3_1)
   0.21   29.16 ^ gen_col[0].u_pe_col/gen_pe[11].u_pe/_3801_/X (sky130_fd_sc_hd__maj3_1)
   0.22   29.38 ^ gen_col[0].u_pe_col/gen_pe[11].u_pe/_3803_/X (sky130_fd_sc_hd__maj3_1)
   0.13   29.51 v gen_col[0].u_pe_col/gen_pe[11].u_pe/_3807_/Y (sky130_fd_sc_hd__o211ai_1)
   0.22   29.73 ^ gen_col[0].u_pe_col/gen_pe[11].u_pe/_3809_/Y (sky130_fd_sc_hd__a31oi_1)
   0.23   29.95 ^ gen_col[0].u_pe_col/gen_pe[11].u_pe/_3812_/X (sky130_fd_sc_hd__maj3_1)
   0.15   30.10 v gen_col[0].u_pe_col/gen_pe[11].u_pe/_3817_/Y (sky130_fd_sc_hd__o221ai_1)
   0.36   30.46 ^ gen_col[0].u_pe_col/gen_pe[11].u_pe/_3820_/Y (sky130_fd_sc_hd__a311oi_1)
   0.20   30.66 v gen_col[0].u_pe_col/gen_pe[11].u_pe/_3823_/Y (sky130_fd_sc_hd__o311ai_0)
   0.24   30.90 ^ gen_col[0].u_pe_col/gen_pe[11].u_pe/_3825_/Y (sky130_fd_sc_hd__a31oi_1)
   0.23   31.13 ^ gen_col[0].u_pe_col/gen_pe[11].u_pe/_3828_/X (sky130_fd_sc_hd__maj3_1)
   0.12   31.25 v gen_col[0].u_pe_col/gen_pe[11].u_pe/_3833_/Y (sky130_fd_sc_hd__o211ai_1)
   0.36   31.61 ^ gen_col[0].u_pe_col/gen_pe[11].u_pe/_3836_/Y (sky130_fd_sc_hd__a311oi_1)
   0.15   31.76 v gen_col[0].u_pe_col/gen_pe[11].u_pe/_3840_/Y (sky130_fd_sc_hd__o311ai_0)
   0.33   32.09 ^ gen_col[0].u_pe_col/gen_pe[11].u_pe/_3843_/Y (sky130_fd_sc_hd__a311oi_1)
   0.14   32.23 v gen_col[0].u_pe_col/gen_pe[11].u_pe/_3845_/Y (sky130_fd_sc_hd__o31ai_1)
   0.40   32.63 v gen_col[0].u_pe_col/gen_pe[11].u_pe/_3846_/X (sky130_fd_sc_hd__maj3_1)
   0.26   32.89 ^ gen_col[0].u_pe_col/gen_pe[11].u_pe/_3849_/Y (sky130_fd_sc_hd__a211oi_1)
   0.13   33.03 v gen_col[0].u_pe_col/gen_pe[11].u_pe/_3851_/Y (sky130_fd_sc_hd__o31ai_1)
   0.39   33.42 v gen_col[0].u_pe_col/gen_pe[11].u_pe/_3852_/X (sky130_fd_sc_hd__maj3_1)
   0.39   33.81 v gen_col[0].u_pe_col/gen_pe[11].u_pe/_3854_/X (sky130_fd_sc_hd__maj3_1)
   0.39   34.20 v gen_col[0].u_pe_col/gen_pe[11].u_pe/_3856_/X (sky130_fd_sc_hd__maj3_1)
   0.39   34.59 v gen_col[0].u_pe_col/gen_pe[11].u_pe/_3859_/X (sky130_fd_sc_hd__maj3_1)
   0.39   34.97 v gen_col[0].u_pe_col/gen_pe[11].u_pe/_3862_/X (sky130_fd_sc_hd__maj3_1)
   0.39   35.36 v gen_col[0].u_pe_col/gen_pe[11].u_pe/_3865_/X (sky130_fd_sc_hd__maj3_1)
   0.39   35.75 v gen_col[0].u_pe_col/gen_pe[11].u_pe/_3868_/X (sky130_fd_sc_hd__maj3_1)
   0.39   36.14 v gen_col[0].u_pe_col/gen_pe[11].u_pe/_3871_/X (sky130_fd_sc_hd__maj3_1)
   0.39   36.52 v gen_col[0].u_pe_col/gen_pe[11].u_pe/_3874_/X (sky130_fd_sc_hd__maj3_1)
   0.39   36.91 v gen_col[0].u_pe_col/gen_pe[11].u_pe/_3877_/X (sky130_fd_sc_hd__maj3_1)
   0.38   37.30 v gen_col[0].u_pe_col/gen_pe[11].u_pe/_3880_/X (sky130_fd_sc_hd__maj3_1)
   0.28   37.58 ^ gen_col[0].u_pe_col/gen_pe[11].u_pe/_3884_/Y (sky130_fd_sc_hd__a211oi_1)
   0.19   37.77 v gen_col[0].u_pe_col/gen_pe[11].u_pe/_3887_/Y (sky130_fd_sc_hd__o311ai_0)
   0.35   38.12 ^ gen_col[0].u_pe_col/gen_pe[11].u_pe/_3890_/Y (sky130_fd_sc_hd__a311oi_1)
   0.14   38.25 v gen_col[0].u_pe_col/gen_pe[11].u_pe/_3892_/Y (sky130_fd_sc_hd__o31ai_1)
   0.39   38.65 v gen_col[0].u_pe_col/gen_pe[11].u_pe/_3894_/X (sky130_fd_sc_hd__maj3_1)
   0.39   39.03 v gen_col[0].u_pe_col/gen_pe[11].u_pe/_3896_/X (sky130_fd_sc_hd__maj3_1)
   0.39   39.43 v gen_col[0].u_pe_col/gen_pe[11].u_pe/_3899_/X (sky130_fd_sc_hd__maj3_1)
   0.38   39.81 v gen_col[0].u_pe_col/gen_pe[11].u_pe/_3901_/X (sky130_fd_sc_hd__maj3_1)
   0.16   39.97 v gen_col[0].u_pe_col/gen_pe[11].u_pe/_3904_/X (sky130_fd_sc_hd__and2_0)
   0.19   40.15 v gen_col[0].u_pe_col/gen_pe[11].u_pe/_3906_/X (sky130_fd_sc_hd__o21a_1)
   0.30   40.45 v gen_col[0].u_pe_col/gen_pe[11].u_pe/_3910_/X (sky130_fd_sc_hd__o311a_1)
   0.19   40.64 v gen_col[0].u_pe_col/gen_pe[11].u_pe/_3912_/X (sky130_fd_sc_hd__o21a_1)
   0.19   40.82 v gen_col[0].u_pe_col/gen_pe[11].u_pe/_3914_/X (sky130_fd_sc_hd__o21a_1)
   0.19   41.01 v gen_col[0].u_pe_col/gen_pe[11].u_pe/_3916_/X (sky130_fd_sc_hd__o21a_1)
   0.19   41.20 v gen_col[0].u_pe_col/gen_pe[11].u_pe/_3918_/X (sky130_fd_sc_hd__o21a_1)
   0.18   41.38 v gen_col[0].u_pe_col/gen_pe[11].u_pe/_3920_/X (sky130_fd_sc_hd__o21a_1)
   0.23   41.61 ^ gen_col[0].u_pe_col/gen_pe[11].u_pe/_3929_/Y (sky130_fd_sc_hd__o21ai_0)
   0.18   41.79 ^ gen_col[0].u_pe_col/gen_pe[11].u_pe/_4232_/X (sky130_fd_sc_hd__a31o_1)
   0.06   41.84 v gen_col[0].u_pe_col/gen_pe[11].u_pe/_4233_/Y (sky130_fd_sc_hd__o21ai_0)
   0.00   41.84 v gen_col[0].u_pe_col/gen_pe[11].u_pe/_5433_/D (sky130_fd_sc_hd__dfrtp_1)
          41.84   data arrival time

  20.00   20.00   clock clk (rise edge)
   0.00   20.00   clock network delay (ideal)
   0.00   20.00   clock reconvergence pessimism
          20.00 ^ gen_col[0].u_pe_col/gen_pe[11].u_pe/_5433_/CLK (sky130_fd_sc_hd__dfrtp_1)
  -0.24   19.76   library setup time
          19.76   data required time
---------------------------------------------------------
          19.76   data required time
         -41.84   data arrival time
---------------------------------------------------------
         -22.08   slack (VIOLATED)


Startpoint: gen_col[0].u_pe_col/gen_pe[12].u_pe/_5301_
            (rising edge-triggered flip-flop clocked by clk)
Endpoint: gen_col[0].u_pe_col/gen_pe[12].u_pe/_5433_
          (rising edge-triggered flip-flop clocked by clk)
Path Group: clk
Path Type: max

  Delay    Time   Description
---------------------------------------------------------
   0.00    0.00   clock clk (rise edge)
   0.00    0.00   clock network delay (ideal)
   0.00    0.00 ^ gen_col[0].u_pe_col/gen_pe[12].u_pe/_5301_/CLK (sky130_fd_sc_hd__dfrtp_1)
   0.39    0.39 ^ gen_col[0].u_pe_col/gen_pe[12].u_pe/_5301_/Q (sky130_fd_sc_hd__dfrtp_1)
  10.75   11.13 ^ gen_col[0].u_pe_col/gen_pe[12].u_pe/_4243_/X (sky130_fd_sc_hd__and2_0)
   1.39   12.52 v gen_col[0].u_pe_col/gen_pe[12].u_pe/_3614_/Y (sky130_fd_sc_hd__xnor2_1)
   0.96   13.48 v gen_col[0].u_pe_col/gen_pe[12].u_pe/_3631_/X (sky130_fd_sc_hd__xor3_1)
   0.18   13.67 v gen_col[0].u_pe_col/gen_pe[12].u_pe/_3643_/Y (sky130_fd_sc_hd__xnor2_1)
   0.40   14.07 v gen_col[0].u_pe_col/gen_pe[12].u_pe/_3669_/X (sky130_fd_sc_hd__maj3_1)
   0.39   14.46 v gen_col[0].u_pe_col/gen_pe[12].u_pe/_3672_/X (sky130_fd_sc_hd__maj3_1)
   0.39   14.85 v gen_col[0].u_pe_col/gen_pe[12].u_pe/_3674_/X (sky130_fd_sc_hd__maj3_1)
   0.39   15.24 v gen_col[0].u_pe_col/gen_pe[12].u_pe/_3676_/X (sky130_fd_sc_hd__maj3_1)
   0.39   15.63 v gen_col[0].u_pe_col/gen_pe[12].u_pe/_3679_/X (sky130_fd_sc_hd__maj3_1)
   0.39   16.01 v gen_col[0].u_pe_col/gen_pe[12].u_pe/_3682_/X (sky130_fd_sc_hd__maj3_1)
   0.39   16.40 v gen_col[0].u_pe_col/gen_pe[12].u_pe/_3685_/X (sky130_fd_sc_hd__maj3_1)
   0.39   16.79 v gen_col[0].u_pe_col/gen_pe[12].u_pe/_3688_/X (sky130_fd_sc_hd__maj3_1)
   0.39   17.18 v gen_col[0].u_pe_col/gen_pe[12].u_pe/_3691_/X (sky130_fd_sc_hd__maj3_1)
   0.39   17.56 v gen_col[0].u_pe_col/gen_pe[12].u_pe/_3694_/X (sky130_fd_sc_hd__maj3_1)
   0.39   17.95 v gen_col[0].u_pe_col/gen_pe[12].u_pe/_3697_/X (sky130_fd_sc_hd__maj3_1)
   0.39   18.34 v gen_col[0].u_pe_col/gen_pe[12].u_pe/_3700_/X (sky130_fd_sc_hd__maj3_1)
   0.39   18.73 v gen_col[0].u_pe_col/gen_pe[12].u_pe/_3703_/X (sky130_fd_sc_hd__maj3_1)
   0.39   19.12 v gen_col[0].u_pe_col/gen_pe[12].u_pe/_3706_/X (sky130_fd_sc_hd__maj3_1)
   0.39   19.50 v gen_col[0].u_pe_col/gen_pe[12].u_pe/_3709_/X (sky130_fd_sc_hd__maj3_1)
   0.39   19.89 v gen_col[0].u_pe_col/gen_pe[12].u_pe/_3712_/X (sky130_fd_sc_hd__maj3_1)
   0.38   20.27 v gen_col[0].u_pe_col/gen_pe[12].u_pe/_3715_/X (sky130_fd_sc_hd__maj3_1)
   0.31   20.59 ^ gen_col[0].u_pe_col/gen_pe[12].u_pe/_3719_/Y (sky130_fd_sc_hd__a211oi_1)
   0.14   20.73 v gen_col[0].u_pe_col/gen_pe[12].u_pe/_3721_/Y (sky130_fd_sc_hd__o31ai_1)
   0.41   21.14 v gen_col[0].u_pe_col/gen_pe[12].u_pe/_3723_/X (sky130_fd_sc_hd__maj3_1)
   0.28   21.42 ^ gen_col[0].u_pe_col/gen_pe[12].u_pe/_3726_/Y (sky130_fd_sc_hd__a211oi_1)
   0.19   21.61 v gen_col[0].u_pe_col/gen_pe[12].u_pe/_3729_/Y (sky130_fd_sc_hd__o311ai_0)
   0.33   21.94 ^ gen_col[0].u_pe_col/gen_pe[12].u_pe/_3732_/Y (sky130_fd_sc_hd__a311oi_1)
   0.13   22.07 v gen_col[0].u_pe_col/gen_pe[12].u_pe/_3734_/Y (sky130_fd_sc_hd__o31ai_1)
   0.40   22.47 v gen_col[0].u_pe_col/gen_pe[12].u_pe/_3736_/X (sky130_fd_sc_hd__maj3_1)
   0.39   22.86 v gen_col[0].u_pe_col/gen_pe[12].u_pe/_3738_/X (sky130_fd_sc_hd__maj3_1)
   0.39   23.25 v gen_col[0].u_pe_col/gen_pe[12].u_pe/_3741_/X (sky130_fd_sc_hd__maj3_1)
   0.39   23.64 v gen_col[0].u_pe_col/gen_pe[12].u_pe/_3744_/X (sky130_fd_sc_hd__maj3_1)
   0.40   24.04 v gen_col[0].u_pe_col/gen_pe[12].u_pe/_3747_/X (sky130_fd_sc_hd__maj3_1)
   0.26   24.30 ^ gen_col[0].u_pe_col/gen_pe[12].u_pe/_3750_/Y (sky130_fd_sc_hd__a211oi_1)
   0.13   24.43 v gen_col[0].u_pe_col/gen_pe[12].u_pe/_3752_/Y (sky130_fd_sc_hd__o31ai_1)
   0.41   24.84 v gen_col[0].u_pe_col/gen_pe[12].u_pe/_3754_/X (sky130_fd_sc_hd__maj3_1)
   0.26   25.11 ^ gen_col[0].u_pe_col/gen_pe[12].u_pe/_3757_/Y (sky130_fd_sc_hd__a211oi_1)
   0.19   25.30 v gen_col[0].u_pe_col/gen_pe[12].u_pe/_3760_/Y (sky130_fd_sc_hd__o311ai_0)
   0.27   25.57 ^ gen_col[0].u_pe_col/gen_pe[12].u_pe/_3762_/Y (sky130_fd_sc_hd__a31oi_1)
   0.25   25.82 ^ gen_col[0].u_pe_col/gen_pe[12].u_pe/_3764_/X (sky130_fd_sc_hd__maj3_1)
   0.21   26.03 ^ gen_col[0].u_pe_col/gen_pe[12].u_pe/_3766_/X (sky130_fd_sc_hd__maj3_1)
   0.22   26.25 ^ gen_col[0].u_pe_col/gen_pe[12].u_pe/_3768_/X (sky130_fd_sc_hd__maj3_1)
   0.13   26.38 v gen_col[0].u_pe_col/gen_pe[12].u_pe/_3773_/Y (sky130_fd_sc_hd__o211ai_1)
   0.32   26.71 ^ gen_col[0].u_pe_col/gen_pe[12].u_pe/_3776_/Y (sky130_fd_sc_hd__a311oi_1)
   0.19   26.90 v gen_col[0].u_pe_col/gen_pe[12].u_pe/_3779_/Y (sky130_fd_sc_hd__o311ai_0)
   0.39   27.29 ^ gen_col[0].u_pe_col/gen_pe[12].u_pe/_3782_/Y (sky130_fd_sc_hd__a311oi_1)
   0.20   27.49 v gen_col[0].u_pe_col/gen_pe[12].u_pe/_3785_/Y (sky130_fd_sc_hd__o311ai_0)
   0.35   27.84 ^ gen_col[0].u_pe_col/gen_pe[12].u_pe/_3788_/Y (sky130_fd_sc_hd__a311oi_1)
   0.17   28.01 v gen_col[0].u_pe_col/gen_pe[12].u_pe/_3791_/Y (sky130_fd_sc_hd__o311ai_0)
   0.27   28.28 ^ gen_col[0].u_pe_col/gen_pe[12].u_pe/_3793_/Y (sky130_fd_sc_hd__a31oi_1)
   0.25   28.53 ^ gen_col[0].u_pe_col/gen_pe[12].u_pe/_3795_/X (sky130_fd_sc_hd__maj3_1)
   0.21   28.74 ^ gen_col[0].u_pe_col/gen_pe[12].u_pe/_3797_/X (sky130_fd_sc_hd__maj3_1)
   0.21   28.95 ^ gen_col[0].u_pe_col/gen_pe[12].u_pe/_3799_/X (sky130_fd_sc_hd__maj3_1)
   0.21   29.16 ^ gen_col[0].u_pe_col/gen_pe[12].u_pe/_3801_/X (sky130_fd_sc_hd__maj3_1)
   0.22   29.38 ^ gen_col[0].u_pe_col/gen_pe[12].u_pe/_3803_/X (sky130_fd_sc_hd__maj3_1)
   0.13   29.51 v gen_col[0].u_pe_col/gen_pe[12].u_pe/_3807_/Y (sky130_fd_sc_hd__o211ai_1)
   0.22   29.73 ^ gen_col[0].u_pe_col/gen_pe[12].u_pe/_3809_/Y (sky130_fd_sc_hd__a31oi_1)
   0.23   29.95 ^ gen_col[0].u_pe_col/gen_pe[12].u_pe/_3812_/X (sky130_fd_sc_hd__maj3_1)
   0.15   30.10 v gen_col[0].u_pe_col/gen_pe[12].u_pe/_3817_/Y (sky130_fd_sc_hd__o221ai_1)
   0.36   30.46 ^ gen_col[0].u_pe_col/gen_pe[12].u_pe/_3820_/Y (sky130_fd_sc_hd__a311oi_1)
   0.20   30.66 v gen_col[0].u_pe_col/gen_pe[12].u_pe/_3823_/Y (sky130_fd_sc_hd__o311ai_0)
   0.24   30.90 ^ gen_col[0].u_pe_col/gen_pe[12].u_pe/_3825_/Y (sky130_fd_sc_hd__a31oi_1)
   0.23   31.13 ^ gen_col[0].u_pe_col/gen_pe[12].u_pe/_3828_/X (sky130_fd_sc_hd__maj3_1)
   0.12   31.25 v gen_col[0].u_pe_col/gen_pe[12].u_pe/_3833_/Y (sky130_fd_sc_hd__o211ai_1)
   0.36   31.61 ^ gen_col[0].u_pe_col/gen_pe[12].u_pe/_3836_/Y (sky130_fd_sc_hd__a311oi_1)
   0.15   31.76 v gen_col[0].u_pe_col/gen_pe[12].u_pe/_3840_/Y (sky130_fd_sc_hd__o311ai_0)
   0.33   32.09 ^ gen_col[0].u_pe_col/gen_pe[12].u_pe/_3843_/Y (sky130_fd_sc_hd__a311oi_1)
   0.14   32.23 v gen_col[0].u_pe_col/gen_pe[12].u_pe/_3845_/Y (sky130_fd_sc_hd__o31ai_1)
   0.40   32.63 v gen_col[0].u_pe_col/gen_pe[12].u_pe/_3846_/X (sky130_fd_sc_hd__maj3_1)
   0.26   32.89 ^ gen_col[0].u_pe_col/gen_pe[12].u_pe/_3849_/Y (sky130_fd_sc_hd__a211oi_1)
   0.13   33.03 v gen_col[0].u_pe_col/gen_pe[12].u_pe/_3851_/Y (sky130_fd_sc_hd__o31ai_1)
   0.39   33.42 v gen_col[0].u_pe_col/gen_pe[12].u_pe/_3852_/X (sky130_fd_sc_hd__maj3_1)
   0.39   33.81 v gen_col[0].u_pe_col/gen_pe[12].u_pe/_3854_/X (sky130_fd_sc_hd__maj3_1)
   0.39   34.20 v gen_col[0].u_pe_col/gen_pe[12].u_pe/_3856_/X (sky130_fd_sc_hd__maj3_1)
   0.39   34.59 v gen_col[0].u_pe_col/gen_pe[12].u_pe/_3859_/X (sky130_fd_sc_hd__maj3_1)
   0.39   34.97 v gen_col[0].u_pe_col/gen_pe[12].u_pe/_3862_/X (sky130_fd_sc_hd__maj3_1)
   0.39   35.36 v gen_col[0].u_pe_col/gen_pe[12].u_pe/_3865_/X (sky130_fd_sc_hd__maj3_1)
   0.39   35.75 v gen_col[0].u_pe_col/gen_pe[12].u_pe/_3868_/X (sky130_fd_sc_hd__maj3_1)
   0.39   36.14 v gen_col[0].u_pe_col/gen_pe[12].u_pe/_3871_/X (sky130_fd_sc_hd__maj3_1)
   0.39   36.52 v gen_col[0].u_pe_col/gen_pe[12].u_pe/_3874_/X (sky130_fd_sc_hd__maj3_1)
   0.39   36.91 v gen_col[0].u_pe_col/gen_pe[12].u_pe/_3877_/X (sky130_fd_sc_hd__maj3_1)
   0.38   37.30 v gen_col[0].u_pe_col/gen_pe[12].u_pe/_3880_/X (sky130_fd_sc_hd__maj3_1)
   0.28   37.58 ^ gen_col[0].u_pe_col/gen_pe[12].u_pe/_3884_/Y (sky130_fd_sc_hd__a211oi_1)
   0.19   37.77 v gen_col[0].u_pe_col/gen_pe[12].u_pe/_3887_/Y (sky130_fd_sc_hd__o311ai_0)
   0.35   38.12 ^ gen_col[0].u_pe_col/gen_pe[12].u_pe/_3890_/Y (sky130_fd_sc_hd__a311oi_1)
   0.14   38.25 v gen_col[0].u_pe_col/gen_pe[12].u_pe/_3892_/Y (sky130_fd_sc_hd__o31ai_1)
   0.39   38.65 v gen_col[0].u_pe_col/gen_pe[12].u_pe/_3894_/X (sky130_fd_sc_hd__maj3_1)
   0.39   39.03 v gen_col[0].u_pe_col/gen_pe[12].u_pe/_3896_/X (sky130_fd_sc_hd__maj3_1)
   0.39   39.43 v gen_col[0].u_pe_col/gen_pe[12].u_pe/_3899_/X (sky130_fd_sc_hd__maj3_1)
   0.38   39.81 v gen_col[0].u_pe_col/gen_pe[12].u_pe/_3901_/X (sky130_fd_sc_hd__maj3_1)
   0.16   39.97 v gen_col[0].u_pe_col/gen_pe[12].u_pe/_3904_/X (sky130_fd_sc_hd__and2_0)
   0.19   40.15 v gen_col[0].u_pe_col/gen_pe[12].u_pe/_3906_/X (sky130_fd_sc_hd__o21a_1)
   0.30   40.45 v gen_col[0].u_pe_col/gen_pe[12].u_pe/_3910_/X (sky130_fd_sc_hd__o311a_1)
   0.19   40.64 v gen_col[0].u_pe_col/gen_pe[12].u_pe/_3912_/X (sky130_fd_sc_hd__o21a_1)
   0.19   40.82 v gen_col[0].u_pe_col/gen_pe[12].u_pe/_3914_/X (sky130_fd_sc_hd__o21a_1)
   0.19   41.01 v gen_col[0].u_pe_col/gen_pe[12].u_pe/_3916_/X (sky130_fd_sc_hd__o21a_1)
   0.19   41.20 v gen_col[0].u_pe_col/gen_pe[12].u_pe/_3918_/X (sky130_fd_sc_hd__o21a_1)
   0.18   41.38 v gen_col[0].u_pe_col/gen_pe[12].u_pe/_3920_/X (sky130_fd_sc_hd__o21a_1)
   0.23   41.61 ^ gen_col[0].u_pe_col/gen_pe[12].u_pe/_3929_/Y (sky130_fd_sc_hd__o21ai_0)
   0.18   41.79 ^ gen_col[0].u_pe_col/gen_pe[12].u_pe/_4232_/X (sky130_fd_sc_hd__a31o_1)
   0.06   41.84 v gen_col[0].u_pe_col/gen_pe[12].u_pe/_4233_/Y (sky130_fd_sc_hd__o21ai_0)
   0.00   41.84 v gen_col[0].u_pe_col/gen_pe[12].u_pe/_5433_/D (sky130_fd_sc_hd__dfrtp_1)
          41.84   data arrival time

  20.00   20.00   clock clk (rise edge)
   0.00   20.00   clock network delay (ideal)
   0.00   20.00   clock reconvergence pessimism
          20.00 ^ gen_col[0].u_pe_col/gen_pe[12].u_pe/_5433_/CLK (sky130_fd_sc_hd__dfrtp_1)
  -0.24   19.76   library setup time
          19.76   data required time
---------------------------------------------------------
          19.76   data required time
         -41.84   data arrival time
---------------------------------------------------------
         -22.08   slack (VIOLATED)


Startpoint: gen_col[0].u_pe_col/gen_pe[13].u_pe/_5301_
            (rising edge-triggered flip-flop clocked by clk)
Endpoint: gen_col[0].u_pe_col/gen_pe[13].u_pe/_5433_
          (rising edge-triggered flip-flop clocked by clk)
Path Group: clk
Path Type: max

  Delay    Time   Description
---------------------------------------------------------
   0.00    0.00   clock clk (rise edge)
   0.00    0.00   clock network delay (ideal)
   0.00    0.00 ^ gen_col[0].u_pe_col/gen_pe[13].u_pe/_5301_/CLK (sky130_fd_sc_hd__dfrtp_1)
   0.39    0.39 ^ gen_col[0].u_pe_col/gen_pe[13].u_pe/_5301_/Q (sky130_fd_sc_hd__dfrtp_1)
  10.75   11.13 ^ gen_col[0].u_pe_col/gen_pe[13].u_pe/_4243_/X (sky130_fd_sc_hd__and2_0)
   1.39   12.52 v gen_col[0].u_pe_col/gen_pe[13].u_pe/_3614_/Y (sky130_fd_sc_hd__xnor2_1)
   0.96   13.48 v gen_col[0].u_pe_col/gen_pe[13].u_pe/_3631_/X (sky130_fd_sc_hd__xor3_1)
   0.18   13.67 v gen_col[0].u_pe_col/gen_pe[13].u_pe/_3643_/Y (sky130_fd_sc_hd__xnor2_1)
   0.40   14.07 v gen_col[0].u_pe_col/gen_pe[13].u_pe/_3669_/X (sky130_fd_sc_hd__maj3_1)
   0.39   14.46 v gen_col[0].u_pe_col/gen_pe[13].u_pe/_3672_/X (sky130_fd_sc_hd__maj3_1)
   0.39   14.85 v gen_col[0].u_pe_col/gen_pe[13].u_pe/_3674_/X (sky130_fd_sc_hd__maj3_1)
   0.39   15.24 v gen_col[0].u_pe_col/gen_pe[13].u_pe/_3676_/X (sky130_fd_sc_hd__maj3_1)
   0.39   15.63 v gen_col[0].u_pe_col/gen_pe[13].u_pe/_3679_/X (sky130_fd_sc_hd__maj3_1)
   0.39   16.01 v gen_col[0].u_pe_col/gen_pe[13].u_pe/_3682_/X (sky130_fd_sc_hd__maj3_1)
   0.39   16.40 v gen_col[0].u_pe_col/gen_pe[13].u_pe/_3685_/X (sky130_fd_sc_hd__maj3_1)
   0.39   16.79 v gen_col[0].u_pe_col/gen_pe[13].u_pe/_3688_/X (sky130_fd_sc_hd__maj3_1)
   0.39   17.18 v gen_col[0].u_pe_col/gen_pe[13].u_pe/_3691_/X (sky130_fd_sc_hd__maj3_1)
   0.39   17.56 v gen_col[0].u_pe_col/gen_pe[13].u_pe/_3694_/X (sky130_fd_sc_hd__maj3_1)
   0.39   17.95 v gen_col[0].u_pe_col/gen_pe[13].u_pe/_3697_/X (sky130_fd_sc_hd__maj3_1)
   0.39   18.34 v gen_col[0].u_pe_col/gen_pe[13].u_pe/_3700_/X (sky130_fd_sc_hd__maj3_1)
   0.39   18.73 v gen_col[0].u_pe_col/gen_pe[13].u_pe/_3703_/X (sky130_fd_sc_hd__maj3_1)
   0.39   19.12 v gen_col[0].u_pe_col/gen_pe[13].u_pe/_3706_/X (sky130_fd_sc_hd__maj3_1)
   0.39   19.50 v gen_col[0].u_pe_col/gen_pe[13].u_pe/_3709_/X (sky130_fd_sc_hd__maj3_1)
   0.39   19.89 v gen_col[0].u_pe_col/gen_pe[13].u_pe/_3712_/X (sky130_fd_sc_hd__maj3_1)
   0.38   20.27 v gen_col[0].u_pe_col/gen_pe[13].u_pe/_3715_/X (sky130_fd_sc_hd__maj3_1)
   0.31   20.59 ^ gen_col[0].u_pe_col/gen_pe[13].u_pe/_3719_/Y (sky130_fd_sc_hd__a211oi_1)
   0.14   20.73 v gen_col[0].u_pe_col/gen_pe[13].u_pe/_3721_/Y (sky130_fd_sc_hd__o31ai_1)
   0.41   21.14 v gen_col[0].u_pe_col/gen_pe[13].u_pe/_3723_/X (sky130_fd_sc_hd__maj3_1)
   0.28   21.42 ^ gen_col[0].u_pe_col/gen_pe[13].u_pe/_3726_/Y (sky130_fd_sc_hd__a211oi_1)
   0.19   21.61 v gen_col[0].u_pe_col/gen_pe[13].u_pe/_3729_/Y (sky130_fd_sc_hd__o311ai_0)
   0.33   21.94 ^ gen_col[0].u_pe_col/gen_pe[13].u_pe/_3732_/Y (sky130_fd_sc_hd__a311oi_1)
   0.13   22.07 v gen_col[0].u_pe_col/gen_pe[13].u_pe/_3734_/Y (sky130_fd_sc_hd__o31ai_1)
   0.40   22.47 v gen_col[0].u_pe_col/gen_pe[13].u_pe/_3736_/X (sky130_fd_sc_hd__maj3_1)
   0.39   22.86 v gen_col[0].u_pe_col/gen_pe[13].u_pe/_3738_/X (sky130_fd_sc_hd__maj3_1)
   0.39   23.25 v gen_col[0].u_pe_col/gen_pe[13].u_pe/_3741_/X (sky130_fd_sc_hd__maj3_1)
   0.39   23.64 v gen_col[0].u_pe_col/gen_pe[13].u_pe/_3744_/X (sky130_fd_sc_hd__maj3_1)
   0.40   24.04 v gen_col[0].u_pe_col/gen_pe[13].u_pe/_3747_/X (sky130_fd_sc_hd__maj3_1)
   0.26   24.30 ^ gen_col[0].u_pe_col/gen_pe[13].u_pe/_3750_/Y (sky130_fd_sc_hd__a211oi_1)
   0.13   24.43 v gen_col[0].u_pe_col/gen_pe[13].u_pe/_3752_/Y (sky130_fd_sc_hd__o31ai_1)
   0.41   24.84 v gen_col[0].u_pe_col/gen_pe[13].u_pe/_3754_/X (sky130_fd_sc_hd__maj3_1)
   0.26   25.11 ^ gen_col[0].u_pe_col/gen_pe[13].u_pe/_3757_/Y (sky130_fd_sc_hd__a211oi_1)
   0.19   25.30 v gen_col[0].u_pe_col/gen_pe[13].u_pe/_3760_/Y (sky130_fd_sc_hd__o311ai_0)
   0.27   25.57 ^ gen_col[0].u_pe_col/gen_pe[13].u_pe/_3762_/Y (sky130_fd_sc_hd__a31oi_1)
   0.25   25.82 ^ gen_col[0].u_pe_col/gen_pe[13].u_pe/_3764_/X (sky130_fd_sc_hd__maj3_1)
   0.21   26.03 ^ gen_col[0].u_pe_col/gen_pe[13].u_pe/_3766_/X (sky130_fd_sc_hd__maj3_1)
   0.22   26.25 ^ gen_col[0].u_pe_col/gen_pe[13].u_pe/_3768_/X (sky130_fd_sc_hd__maj3_1)
   0.13   26.38 v gen_col[0].u_pe_col/gen_pe[13].u_pe/_3773_/Y (sky130_fd_sc_hd__o211ai_1)
   0.32   26.71 ^ gen_col[0].u_pe_col/gen_pe[13].u_pe/_3776_/Y (sky130_fd_sc_hd__a311oi_1)
   0.19   26.90 v gen_col[0].u_pe_col/gen_pe[13].u_pe/_3779_/Y (sky130_fd_sc_hd__o311ai_0)
   0.39   27.29 ^ gen_col[0].u_pe_col/gen_pe[13].u_pe/_3782_/Y (sky130_fd_sc_hd__a311oi_1)
   0.20   27.49 v gen_col[0].u_pe_col/gen_pe[13].u_pe/_3785_/Y (sky130_fd_sc_hd__o311ai_0)
   0.35   27.84 ^ gen_col[0].u_pe_col/gen_pe[13].u_pe/_3788_/Y (sky130_fd_sc_hd__a311oi_1)
   0.17   28.01 v gen_col[0].u_pe_col/gen_pe[13].u_pe/_3791_/Y (sky130_fd_sc_hd__o311ai_0)
   0.27   28.28 ^ gen_col[0].u_pe_col/gen_pe[13].u_pe/_3793_/Y (sky130_fd_sc_hd__a31oi_1)
   0.25   28.53 ^ gen_col[0].u_pe_col/gen_pe[13].u_pe/_3795_/X (sky130_fd_sc_hd__maj3_1)
   0.21   28.74 ^ gen_col[0].u_pe_col/gen_pe[13].u_pe/_3797_/X (sky130_fd_sc_hd__maj3_1)
   0.21   28.95 ^ gen_col[0].u_pe_col/gen_pe[13].u_pe/_3799_/X (sky130_fd_sc_hd__maj3_1)
   0.21   29.16 ^ gen_col[0].u_pe_col/gen_pe[13].u_pe/_3801_/X (sky130_fd_sc_hd__maj3_1)
   0.22   29.38 ^ gen_col[0].u_pe_col/gen_pe[13].u_pe/_3803_/X (sky130_fd_sc_hd__maj3_1)
   0.13   29.51 v gen_col[0].u_pe_col/gen_pe[13].u_pe/_3807_/Y (sky130_fd_sc_hd__o211ai_1)
   0.22   29.73 ^ gen_col[0].u_pe_col/gen_pe[13].u_pe/_3809_/Y (sky130_fd_sc_hd__a31oi_1)
   0.23   29.95 ^ gen_col[0].u_pe_col/gen_pe[13].u_pe/_3812_/X (sky130_fd_sc_hd__maj3_1)
   0.15   30.10 v gen_col[0].u_pe_col/gen_pe[13].u_pe/_3817_/Y (sky130_fd_sc_hd__o221ai_1)
   0.36   30.46 ^ gen_col[0].u_pe_col/gen_pe[13].u_pe/_3820_/Y (sky130_fd_sc_hd__a311oi_1)
   0.20   30.66 v gen_col[0].u_pe_col/gen_pe[13].u_pe/_3823_/Y (sky130_fd_sc_hd__o311ai_0)
   0.24   30.90 ^ gen_col[0].u_pe_col/gen_pe[13].u_pe/_3825_/Y (sky130_fd_sc_hd__a31oi_1)
   0.23   31.13 ^ gen_col[0].u_pe_col/gen_pe[13].u_pe/_3828_/X (sky130_fd_sc_hd__maj3_1)
   0.12   31.25 v gen_col[0].u_pe_col/gen_pe[13].u_pe/_3833_/Y (sky130_fd_sc_hd__o211ai_1)
   0.36   31.61 ^ gen_col[0].u_pe_col/gen_pe[13].u_pe/_3836_/Y (sky130_fd_sc_hd__a311oi_1)
   0.15   31.76 v gen_col[0].u_pe_col/gen_pe[13].u_pe/_3840_/Y (sky130_fd_sc_hd__o311ai_0)
   0.33   32.09 ^ gen_col[0].u_pe_col/gen_pe[13].u_pe/_3843_/Y (sky130_fd_sc_hd__a311oi_1)
   0.14   32.23 v gen_col[0].u_pe_col/gen_pe[13].u_pe/_3845_/Y (sky130_fd_sc_hd__o31ai_1)
   0.40   32.63 v gen_col[0].u_pe_col/gen_pe[13].u_pe/_3846_/X (sky130_fd_sc_hd__maj3_1)
   0.26   32.89 ^ gen_col[0].u_pe_col/gen_pe[13].u_pe/_3849_/Y (sky130_fd_sc_hd__a211oi_1)
   0.13   33.03 v gen_col[0].u_pe_col/gen_pe[13].u_pe/_3851_/Y (sky130_fd_sc_hd__o31ai_1)
   0.39   33.42 v gen_col[0].u_pe_col/gen_pe[13].u_pe/_3852_/X (sky130_fd_sc_hd__maj3_1)
   0.39   33.81 v gen_col[0].u_pe_col/gen_pe[13].u_pe/_3854_/X (sky130_fd_sc_hd__maj3_1)
   0.39   34.20 v gen_col[0].u_pe_col/gen_pe[13].u_pe/_3856_/X (sky130_fd_sc_hd__maj3_1)
   0.39   34.59 v gen_col[0].u_pe_col/gen_pe[13].u_pe/_3859_/X (sky130_fd_sc_hd__maj3_1)
   0.39   34.97 v gen_col[0].u_pe_col/gen_pe[13].u_pe/_3862_/X (sky130_fd_sc_hd__maj3_1)
   0.39   35.36 v gen_col[0].u_pe_col/gen_pe[13].u_pe/_3865_/X (sky130_fd_sc_hd__maj3_1)
   0.39   35.75 v gen_col[0].u_pe_col/gen_pe[13].u_pe/_3868_/X (sky130_fd_sc_hd__maj3_1)
   0.39   36.14 v gen_col[0].u_pe_col/gen_pe[13].u_pe/_3871_/X (sky130_fd_sc_hd__maj3_1)
   0.39   36.52 v gen_col[0].u_pe_col/gen_pe[13].u_pe/_3874_/X (sky130_fd_sc_hd__maj3_1)
   0.39   36.91 v gen_col[0].u_pe_col/gen_pe[13].u_pe/_3877_/X (sky130_fd_sc_hd__maj3_1)
   0.38   37.30 v gen_col[0].u_pe_col/gen_pe[13].u_pe/_3880_/X (sky130_fd_sc_hd__maj3_1)
   0.28   37.58 ^ gen_col[0].u_pe_col/gen_pe[13].u_pe/_3884_/Y (sky130_fd_sc_hd__a211oi_1)
   0.19   37.77 v gen_col[0].u_pe_col/gen_pe[13].u_pe/_3887_/Y (sky130_fd_sc_hd__o311ai_0)
   0.35   38.12 ^ gen_col[0].u_pe_col/gen_pe[13].u_pe/_3890_/Y (sky130_fd_sc_hd__a311oi_1)
   0.14   38.25 v gen_col[0].u_pe_col/gen_pe[13].u_pe/_3892_/Y (sky130_fd_sc_hd__o31ai_1)
   0.39   38.65 v gen_col[0].u_pe_col/gen_pe[13].u_pe/_3894_/X (sky130_fd_sc_hd__maj3_1)
   0.39   39.03 v gen_col[0].u_pe_col/gen_pe[13].u_pe/_3896_/X (sky130_fd_sc_hd__maj3_1)
   0.39   39.43 v gen_col[0].u_pe_col/gen_pe[13].u_pe/_3899_/X (sky130_fd_sc_hd__maj3_1)
   0.38   39.81 v gen_col[0].u_pe_col/gen_pe[13].u_pe/_3901_/X (sky130_fd_sc_hd__maj3_1)
   0.16   39.97 v gen_col[0].u_pe_col/gen_pe[13].u_pe/_3904_/X (sky130_fd_sc_hd__and2_0)
   0.19   40.15 v gen_col[0].u_pe_col/gen_pe[13].u_pe/_3906_/X (sky130_fd_sc_hd__o21a_1)
   0.30   40.45 v gen_col[0].u_pe_col/gen_pe[13].u_pe/_3910_/X (sky130_fd_sc_hd__o311a_1)
   0.19   40.64 v gen_col[0].u_pe_col/gen_pe[13].u_pe/_3912_/X (sky130_fd_sc_hd__o21a_1)
   0.19   40.82 v gen_col[0].u_pe_col/gen_pe[13].u_pe/_3914_/X (sky130_fd_sc_hd__o21a_1)
   0.19   41.01 v gen_col[0].u_pe_col/gen_pe[13].u_pe/_3916_/X (sky130_fd_sc_hd__o21a_1)
   0.19   41.20 v gen_col[0].u_pe_col/gen_pe[13].u_pe/_3918_/X (sky130_fd_sc_hd__o21a_1)
   0.18   41.38 v gen_col[0].u_pe_col/gen_pe[13].u_pe/_3920_/X (sky130_fd_sc_hd__o21a_1)
   0.23   41.61 ^ gen_col[0].u_pe_col/gen_pe[13].u_pe/_3929_/Y (sky130_fd_sc_hd__o21ai_0)
   0.18   41.79 ^ gen_col[0].u_pe_col/gen_pe[13].u_pe/_4232_/X (sky130_fd_sc_hd__a31o_1)
   0.06   41.84 v gen_col[0].u_pe_col/gen_pe[13].u_pe/_4233_/Y (sky130_fd_sc_hd__o21ai_0)
   0.00   41.84 v gen_col[0].u_pe_col/gen_pe[13].u_pe/_5433_/D (sky130_fd_sc_hd__dfrtp_1)
          41.84   data arrival time

  20.00   20.00   clock clk (rise edge)
   0.00   20.00   clock network delay (ideal)
   0.00   20.00   clock reconvergence pessimism
          20.00 ^ gen_col[0].u_pe_col/gen_pe[13].u_pe/_5433_/CLK (sky130_fd_sc_hd__dfrtp_1)
  -0.24   19.76   library setup time
          19.76   data required time
---------------------------------------------------------
          19.76   data required time
         -41.84   data arrival time
---------------------------------------------------------
         -22.08   slack (VIOLATED)


Timing Analysis Completed.
