OpenSTA 3.1.0  Copyright (c) 2026, Parallax Software, Inc.
License GPLv3: GNU GPL version 3 <http://gnu.org/licenses/gpl.html>

This is free software, and you are free to change and redistribute it
under certain conditions; type `show_copying' for details. 
This program comes with ABSOLUTELY NO WARRANTY; for details type `show_warranty'.
Warning 503: timing.tcl line 1, report_checks -group_count is deprecated. Use -group_path_count instead.
Startpoint: gen_col[9].u_pe_col/gen_pe[0].u_pe/_8132_
            (rising edge-triggered flip-flop clocked by clk)
Endpoint: gen_col[10].u_pe_col/gen_pe[0].u_pe/_8267_
          (rising edge-triggered flip-flop clocked by clk)
Path Group: clk
Path Type: max

  Delay    Time   Description
---------------------------------------------------------
   0.00    0.00   clock clk (rise edge)
   0.00    0.00   clock network delay (ideal)
   0.00    0.00 ^ gen_col[9].u_pe_col/gen_pe[0].u_pe/_8132_/CLK (sky130_fd_sc_hd__dfrtp_1)
   0.45    0.45 v gen_col[9].u_pe_col/gen_pe[0].u_pe/_8132_/Q (sky130_fd_sc_hd__dfrtp_1)
   1.09    1.55 v gen_col[10].u_pe_col/gen_pe[0].u_pe/_5644_/X (sky130_fd_sc_hd__and3_1)
  10.88   12.43 ^ gen_col[10].u_pe_col/gen_pe[0].u_pe/_5646_/Y (sky130_fd_sc_hd__nor2_1)
   0.73   13.15 v gen_col[10].u_pe_col/gen_pe[0].u_pe/_7252_/Y (sky130_fd_sc_hd__xnor2_1)
   0.73   13.88 ^ gen_col[10].u_pe_col/gen_pe[0].u_pe/_7254_/X (sky130_fd_sc_hd__xor2_1)
   0.41   14.29 v gen_col[10].u_pe_col/gen_pe[0].u_pe/_7287_/X (sky130_fd_sc_hd__xnor3_1)
   0.11   14.40 ^ gen_col[10].u_pe_col/gen_pe[0].u_pe/_7288_/Y (sky130_fd_sc_hd__nor2_1)
   0.12   14.52 ^ gen_col[10].u_pe_col/gen_pe[0].u_pe/_7291_/Y (sky130_fd_sc_hd__nand2b_1)
   0.20   14.72 ^ gen_col[10].u_pe_col/gen_pe[0].u_pe/_7322_/X (sky130_fd_sc_hd__xor2_1)
   0.17   14.89 ^ gen_col[10].u_pe_col/gen_pe[0].u_pe/_7349_/Y (sky130_fd_sc_hd__xnor2_1)
   0.19   15.08 ^ gen_col[10].u_pe_col/gen_pe[0].u_pe/_7411_/Y (sky130_fd_sc_hd__xnor2_1)
   0.14   15.22 v gen_col[10].u_pe_col/gen_pe[0].u_pe/_7413_/Y (sky130_fd_sc_hd__a211oi_1)
   0.30   15.52 ^ gen_col[10].u_pe_col/gen_pe[0].u_pe/_7415_/Y (sky130_fd_sc_hd__o31ai_1)
   0.14   15.66 v gen_col[10].u_pe_col/gen_pe[0].u_pe/_7418_/Y (sky130_fd_sc_hd__a21oi_1)
   0.21   15.88 ^ gen_col[10].u_pe_col/gen_pe[0].u_pe/_7420_/Y (sky130_fd_sc_hd__o21bai_1)
   0.12   15.99 v gen_col[10].u_pe_col/gen_pe[0].u_pe/_7422_/Y (sky130_fd_sc_hd__a21oi_1)
   0.20   16.20 ^ gen_col[10].u_pe_col/gen_pe[0].u_pe/_7424_/Y (sky130_fd_sc_hd__o21bai_1)
   0.12   16.31 v gen_col[10].u_pe_col/gen_pe[0].u_pe/_7427_/Y (sky130_fd_sc_hd__a21oi_1)
   0.21   16.53 ^ gen_col[10].u_pe_col/gen_pe[0].u_pe/_7429_/Y (sky130_fd_sc_hd__o21bai_1)
   0.25   16.78 ^ gen_col[10].u_pe_col/gen_pe[0].u_pe/_7431_/X (sky130_fd_sc_hd__maj3_1)
   0.17   16.95 ^ gen_col[10].u_pe_col/gen_pe[0].u_pe/_7452_/X (sky130_fd_sc_hd__a31o_1)
   0.17   17.12 ^ gen_col[10].u_pe_col/gen_pe[0].u_pe/_7460_/X (sky130_fd_sc_hd__a31o_1)
   0.09   17.21 v gen_col[10].u_pe_col/gen_pe[0].u_pe/_7463_/Y (sky130_fd_sc_hd__a21oi_1)
   0.39   17.60 v gen_col[10].u_pe_col/gen_pe[0].u_pe/_7464_/X (sky130_fd_sc_hd__maj3_1)
   0.38   17.98 v gen_col[10].u_pe_col/gen_pe[0].u_pe/_7466_/X (sky130_fd_sc_hd__maj3_1)
   0.31   18.29 ^ gen_col[10].u_pe_col/gen_pe[0].u_pe/_7469_/Y (sky130_fd_sc_hd__o21ai_0)
   0.14   18.43 v gen_col[10].u_pe_col/gen_pe[0].u_pe/_7474_/Y (sky130_fd_sc_hd__a211oi_1)
   0.30   18.73 ^ gen_col[10].u_pe_col/gen_pe[0].u_pe/_7476_/Y (sky130_fd_sc_hd__o31ai_1)
   0.15   18.88 v gen_col[10].u_pe_col/gen_pe[0].u_pe/_7477_/Y (sky130_fd_sc_hd__a21oi_1)
   0.22   19.10 ^ gen_col[10].u_pe_col/gen_pe[0].u_pe/_7481_/Y (sky130_fd_sc_hd__o21ai_0)
   0.14   19.24 v gen_col[10].u_pe_col/gen_pe[0].u_pe/_7486_/Y (sky130_fd_sc_hd__a22oi_1)
   0.39   19.63 v gen_col[10].u_pe_col/gen_pe[0].u_pe/_7488_/X (sky130_fd_sc_hd__maj3_1)
   0.39   20.02 v gen_col[10].u_pe_col/gen_pe[0].u_pe/_7491_/X (sky130_fd_sc_hd__maj3_1)
   0.39   20.40 v gen_col[10].u_pe_col/gen_pe[0].u_pe/_7493_/X (sky130_fd_sc_hd__maj3_1)
   0.39   20.79 v gen_col[10].u_pe_col/gen_pe[0].u_pe/_7496_/X (sky130_fd_sc_hd__maj3_1)
   0.39   21.18 v gen_col[10].u_pe_col/gen_pe[0].u_pe/_7498_/X (sky130_fd_sc_hd__maj3_1)
   0.39   21.57 v gen_col[10].u_pe_col/gen_pe[0].u_pe/_7500_/X (sky130_fd_sc_hd__maj3_1)
   0.39   21.96 v gen_col[10].u_pe_col/gen_pe[0].u_pe/_7502_/X (sky130_fd_sc_hd__maj3_1)
   0.39   22.36 v gen_col[10].u_pe_col/gen_pe[0].u_pe/_7503_/X (sky130_fd_sc_hd__maj3_1)
   0.39   22.75 v gen_col[10].u_pe_col/gen_pe[0].u_pe/_7505_/X (sky130_fd_sc_hd__maj3_1)
   0.40   23.15 v gen_col[10].u_pe_col/gen_pe[0].u_pe/_7507_/X (sky130_fd_sc_hd__maj3_1)
   0.43   23.58 ^ gen_col[10].u_pe_col/gen_pe[0].u_pe/_7536_/Y (sky130_fd_sc_hd__o32ai_1)
   0.20   23.77 v gen_col[10].u_pe_col/gen_pe[0].u_pe/_7551_/Y (sky130_fd_sc_hd__a31oi_1)
   0.41   24.19 v gen_col[10].u_pe_col/gen_pe[0].u_pe/_7553_/X (sky130_fd_sc_hd__maj3_1)
   0.16   24.35 v gen_col[10].u_pe_col/gen_pe[0].u_pe/_7556_/Y (sky130_fd_sc_hd__a2bb2oi_1)
   0.38   24.73 v gen_col[10].u_pe_col/gen_pe[0].u_pe/_7557_/X (sky130_fd_sc_hd__maj3_1)
   0.39   25.12 v gen_col[10].u_pe_col/gen_pe[0].u_pe/_7559_/X (sky130_fd_sc_hd__maj3_1)
   0.39   25.51 v gen_col[10].u_pe_col/gen_pe[0].u_pe/_7561_/X (sky130_fd_sc_hd__maj3_1)
   0.39   25.90 v gen_col[10].u_pe_col/gen_pe[0].u_pe/_7564_/X (sky130_fd_sc_hd__maj3_1)
   0.23   26.13 ^ gen_col[10].u_pe_col/gen_pe[0].u_pe/_7569_/Y (sky130_fd_sc_hd__o211ai_1)
   0.15   26.29 v gen_col[10].u_pe_col/gen_pe[0].u_pe/_7573_/Y (sky130_fd_sc_hd__a311oi_1)
   0.30   26.59 ^ gen_col[10].u_pe_col/gen_pe[0].u_pe/_7578_/Y (sky130_fd_sc_hd__nor4_1)
   0.22   26.81 ^ gen_col[10].u_pe_col/gen_pe[0].u_pe/_7581_/X (sky130_fd_sc_hd__o21a_1)
   0.15   26.96 ^ gen_col[10].u_pe_col/gen_pe[0].u_pe/_7582_/X (sky130_fd_sc_hd__o21a_1)
   0.21   27.17 ^ gen_col[10].u_pe_col/gen_pe[0].u_pe/_7586_/X (sky130_fd_sc_hd__o221a_1)
   0.15   27.32 v gen_col[10].u_pe_col/gen_pe[0].u_pe/_7589_/Y (sky130_fd_sc_hd__o311ai_0)
   0.29   27.61 ^ gen_col[10].u_pe_col/gen_pe[0].u_pe/_7593_/Y (sky130_fd_sc_hd__a21boi_0)
   0.18   27.79 ^ gen_col[10].u_pe_col/gen_pe[0].u_pe/_7594_/X (sky130_fd_sc_hd__o21a_1)
   0.14   27.93 ^ gen_col[10].u_pe_col/gen_pe[0].u_pe/_7596_/X (sky130_fd_sc_hd__o21a_1)
   0.14   28.08 ^ gen_col[10].u_pe_col/gen_pe[0].u_pe/_7598_/X (sky130_fd_sc_hd__o21a_1)
   0.14   28.22 ^ gen_col[10].u_pe_col/gen_pe[0].u_pe/_7600_/X (sky130_fd_sc_hd__o21a_1)
   0.14   28.37 ^ gen_col[10].u_pe_col/gen_pe[0].u_pe/_7602_/X (sky130_fd_sc_hd__o21a_1)
   0.14   28.51 ^ gen_col[10].u_pe_col/gen_pe[0].u_pe/_7603_/X (sky130_fd_sc_hd__o21a_1)
   0.14   28.66 ^ gen_col[10].u_pe_col/gen_pe[0].u_pe/_7605_/X (sky130_fd_sc_hd__o21a_1)
   0.14   28.80 ^ gen_col[10].u_pe_col/gen_pe[0].u_pe/_7606_/X (sky130_fd_sc_hd__o21a_1)
   0.14   28.94 ^ gen_col[10].u_pe_col/gen_pe[0].u_pe/_7608_/X (sky130_fd_sc_hd__o21a_1)
   0.14   29.09 ^ gen_col[10].u_pe_col/gen_pe[0].u_pe/_7610_/X (sky130_fd_sc_hd__o21a_1)
   0.14   29.23 ^ gen_col[10].u_pe_col/gen_pe[0].u_pe/_7612_/X (sky130_fd_sc_hd__o21a_1)
   0.14   29.38 ^ gen_col[10].u_pe_col/gen_pe[0].u_pe/_7613_/X (sky130_fd_sc_hd__o21a_1)
   0.14   29.52 ^ gen_col[10].u_pe_col/gen_pe[0].u_pe/_7615_/X (sky130_fd_sc_hd__o21a_1)
   0.18   29.70 v gen_col[10].u_pe_col/gen_pe[0].u_pe/_7618_/Y (sky130_fd_sc_hd__o311ai_0)
   0.36   30.06 ^ gen_col[10].u_pe_col/gen_pe[0].u_pe/_7622_/Y (sky130_fd_sc_hd__a311oi_1)
   0.18   30.25 ^ gen_col[10].u_pe_col/gen_pe[0].u_pe/_7624_/X (sky130_fd_sc_hd__o21a_1)
   0.14   30.39 ^ gen_col[10].u_pe_col/gen_pe[0].u_pe/_7626_/X (sky130_fd_sc_hd__o21a_1)
   0.14   30.54 ^ gen_col[10].u_pe_col/gen_pe[0].u_pe/_7627_/X (sky130_fd_sc_hd__o21a_1)
   0.14   30.68 ^ gen_col[10].u_pe_col/gen_pe[0].u_pe/_7629_/X (sky130_fd_sc_hd__o21a_1)
   0.13   30.81 ^ gen_col[10].u_pe_col/gen_pe[0].u_pe/_7630_/X (sky130_fd_sc_hd__o21a_1)
   0.12   30.93 v gen_col[10].u_pe_col/gen_pe[0].u_pe/_7632_/Y (sky130_fd_sc_hd__o21ai_0)
   0.35   31.28 ^ gen_col[10].u_pe_col/gen_pe[0].u_pe/_7636_/Y (sky130_fd_sc_hd__a21boi_0)
   0.16   31.44 v gen_col[10].u_pe_col/gen_pe[0].u_pe/_7652_/Y (sky130_fd_sc_hd__o211ai_1)
   0.32   31.76 ^ gen_col[10].u_pe_col/gen_pe[0].u_pe/_7674_/Y (sky130_fd_sc_hd__a211oi_1)
   0.18   31.94 v gen_col[10].u_pe_col/gen_pe[0].u_pe/_7681_/Y (sky130_fd_sc_hd__o211ai_1)
   0.27   32.20 ^ gen_col[10].u_pe_col/gen_pe[0].u_pe/_7684_/Y (sky130_fd_sc_hd__a211oi_1)
   0.20   32.41 ^ gen_col[10].u_pe_col/gen_pe[0].u_pe/_7687_/X (sky130_fd_sc_hd__o31a_1)
   0.15   32.56 ^ gen_col[10].u_pe_col/gen_pe[0].u_pe/_7689_/X (sky130_fd_sc_hd__o21a_1)
   0.14   32.70 ^ gen_col[10].u_pe_col/gen_pe[0].u_pe/_7691_/X (sky130_fd_sc_hd__o21a_1)
   0.14   32.85 ^ gen_col[10].u_pe_col/gen_pe[0].u_pe/_7693_/X (sky130_fd_sc_hd__o21a_1)
   0.14   32.99 ^ gen_col[10].u_pe_col/gen_pe[0].u_pe/_7695_/X (sky130_fd_sc_hd__o21a_1)
   0.14   33.13 ^ gen_col[10].u_pe_col/gen_pe[0].u_pe/_7697_/X (sky130_fd_sc_hd__o21a_1)
   0.14   33.28 ^ gen_col[10].u_pe_col/gen_pe[0].u_pe/_7699_/X (sky130_fd_sc_hd__o21a_1)
   0.14   33.42 ^ gen_col[10].u_pe_col/gen_pe[0].u_pe/_7700_/X (sky130_fd_sc_hd__o21a_1)
   0.14   33.57 ^ gen_col[10].u_pe_col/gen_pe[0].u_pe/_7702_/X (sky130_fd_sc_hd__o21a_1)
   0.14   33.71 ^ gen_col[10].u_pe_col/gen_pe[0].u_pe/_7704_/X (sky130_fd_sc_hd__o21a_1)
   0.14   33.86 ^ gen_col[10].u_pe_col/gen_pe[0].u_pe/_7706_/X (sky130_fd_sc_hd__o21a_1)
   0.14   34.00 ^ gen_col[10].u_pe_col/gen_pe[0].u_pe/_7707_/X (sky130_fd_sc_hd__o21a_1)
   0.14   34.14 ^ gen_col[10].u_pe_col/gen_pe[0].u_pe/_7709_/X (sky130_fd_sc_hd__o21a_1)
   0.14   34.29 ^ gen_col[10].u_pe_col/gen_pe[0].u_pe/_7710_/X (sky130_fd_sc_hd__o21a_1)
   0.14   34.43 ^ gen_col[10].u_pe_col/gen_pe[0].u_pe/_7712_/X (sky130_fd_sc_hd__o21a_1)
   0.18   34.61 ^ gen_col[10].u_pe_col/gen_pe[0].u_pe/_7715_/X (sky130_fd_sc_hd__o311a_1)
   0.15   34.76 ^ gen_col[10].u_pe_col/gen_pe[0].u_pe/_7717_/X (sky130_fd_sc_hd__o21a_1)
   0.18   34.94 ^ gen_col[10].u_pe_col/gen_pe[0].u_pe/_7736_/X (sky130_fd_sc_hd__o2111a_1)
   0.12   35.06 v gen_col[10].u_pe_col/gen_pe[0].u_pe/_7743_/Y (sky130_fd_sc_hd__o211ai_1)
   0.27   35.33 ^ gen_col[10].u_pe_col/gen_pe[0].u_pe/_7751_/Y (sky130_fd_sc_hd__a211oi_1)
   0.20   35.53 ^ gen_col[10].u_pe_col/gen_pe[0].u_pe/_7754_/X (sky130_fd_sc_hd__o31a_1)
   0.15   35.68 ^ gen_col[10].u_pe_col/gen_pe[0].u_pe/_7756_/X (sky130_fd_sc_hd__o21a_1)
   0.14   35.82 ^ gen_col[10].u_pe_col/gen_pe[0].u_pe/_7758_/X (sky130_fd_sc_hd__o21a_1)
   0.16   35.98 ^ gen_col[10].u_pe_col/gen_pe[0].u_pe/_7760_/X (sky130_fd_sc_hd__o21a_1)
   0.10   36.09 v gen_col[10].u_pe_col/gen_pe[0].u_pe/_7790_/Y (sky130_fd_sc_hd__o211ai_1)
   0.20   36.28 ^ gen_col[10].u_pe_col/gen_pe[0].u_pe/_7806_/Y (sky130_fd_sc_hd__a21oi_1)
   0.13   36.41 ^ gen_col[10].u_pe_col/gen_pe[0].u_pe/_8112_/X (sky130_fd_sc_hd__o21a_1)
   0.06   36.47 v gen_col[10].u_pe_col/gen_pe[0].u_pe/_8114_/Y (sky130_fd_sc_hd__o31ai_1)
   0.00   36.47 v gen_col[10].u_pe_col/gen_pe[0].u_pe/_8267_/D (sky130_fd_sc_hd__dfrtp_1)
          36.47   data arrival time

  20.00   20.00   clock clk (rise edge)
   0.00   20.00   clock network delay (ideal)
   0.00   20.00   clock reconvergence pessimism
          20.00 ^ gen_col[10].u_pe_col/gen_pe[0].u_pe/_8267_/CLK (sky130_fd_sc_hd__dfrtp_1)
  -0.22   19.78   library setup time
          19.78   data required time
---------------------------------------------------------
          19.78   data required time
         -36.47   data arrival time
---------------------------------------------------------
         -16.70   slack (VIOLATED)


Startpoint: gen_col[10].u_pe_col/gen_pe[0].u_pe/_8132_
            (rising edge-triggered flip-flop clocked by clk)
Endpoint: gen_col[11].u_pe_col/gen_pe[0].u_pe/_8267_
          (rising edge-triggered flip-flop clocked by clk)
Path Group: clk
Path Type: max

  Delay    Time   Description
---------------------------------------------------------
   0.00    0.00   clock clk (rise edge)
   0.00    0.00   clock network delay (ideal)
   0.00    0.00 ^ gen_col[10].u_pe_col/gen_pe[0].u_pe/_8132_/CLK (sky130_fd_sc_hd__dfrtp_1)
   0.45    0.45 v gen_col[10].u_pe_col/gen_pe[0].u_pe/_8132_/Q (sky130_fd_sc_hd__dfrtp_1)
   1.09    1.55 v gen_col[11].u_pe_col/gen_pe[0].u_pe/_5644_/X (sky130_fd_sc_hd__and3_1)
  10.88   12.43 ^ gen_col[11].u_pe_col/gen_pe[0].u_pe/_5646_/Y (sky130_fd_sc_hd__nor2_1)
   0.73   13.15 v gen_col[11].u_pe_col/gen_pe[0].u_pe/_7252_/Y (sky130_fd_sc_hd__xnor2_1)
   0.73   13.88 ^ gen_col[11].u_pe_col/gen_pe[0].u_pe/_7254_/X (sky130_fd_sc_hd__xor2_1)
   0.41   14.29 v gen_col[11].u_pe_col/gen_pe[0].u_pe/_7287_/X (sky130_fd_sc_hd__xnor3_1)
   0.11   14.40 ^ gen_col[11].u_pe_col/gen_pe[0].u_pe/_7288_/Y (sky130_fd_sc_hd__nor2_1)
   0.12   14.52 ^ gen_col[11].u_pe_col/gen_pe[0].u_pe/_7291_/Y (sky130_fd_sc_hd__nand2b_1)
   0.20   14.72 ^ gen_col[11].u_pe_col/gen_pe[0].u_pe/_7322_/X (sky130_fd_sc_hd__xor2_1)
   0.17   14.89 ^ gen_col[11].u_pe_col/gen_pe[0].u_pe/_7349_/Y (sky130_fd_sc_hd__xnor2_1)
   0.19   15.08 ^ gen_col[11].u_pe_col/gen_pe[0].u_pe/_7411_/Y (sky130_fd_sc_hd__xnor2_1)
   0.14   15.22 v gen_col[11].u_pe_col/gen_pe[0].u_pe/_7413_/Y (sky130_fd_sc_hd__a211oi_1)
   0.30   15.52 ^ gen_col[11].u_pe_col/gen_pe[0].u_pe/_7415_/Y (sky130_fd_sc_hd__o31ai_1)
   0.14   15.66 v gen_col[11].u_pe_col/gen_pe[0].u_pe/_7418_/Y (sky130_fd_sc_hd__a21oi_1)
   0.21   15.88 ^ gen_col[11].u_pe_col/gen_pe[0].u_pe/_7420_/Y (sky130_fd_sc_hd__o21bai_1)
   0.12   15.99 v gen_col[11].u_pe_col/gen_pe[0].u_pe/_7422_/Y (sky130_fd_sc_hd__a21oi_1)
   0.20   16.20 ^ gen_col[11].u_pe_col/gen_pe[0].u_pe/_7424_/Y (sky130_fd_sc_hd__o21bai_1)
   0.12   16.31 v gen_col[11].u_pe_col/gen_pe[0].u_pe/_7427_/Y (sky130_fd_sc_hd__a21oi_1)
   0.21   16.53 ^ gen_col[11].u_pe_col/gen_pe[0].u_pe/_7429_/Y (sky130_fd_sc_hd__o21bai_1)
   0.25   16.78 ^ gen_col[11].u_pe_col/gen_pe[0].u_pe/_7431_/X (sky130_fd_sc_hd__maj3_1)
   0.17   16.95 ^ gen_col[11].u_pe_col/gen_pe[0].u_pe/_7452_/X (sky130_fd_sc_hd__a31o_1)
   0.17   17.12 ^ gen_col[11].u_pe_col/gen_pe[0].u_pe/_7460_/X (sky130_fd_sc_hd__a31o_1)
   0.09   17.21 v gen_col[11].u_pe_col/gen_pe[0].u_pe/_7463_/Y (sky130_fd_sc_hd__a21oi_1)
   0.39   17.60 v gen_col[11].u_pe_col/gen_pe[0].u_pe/_7464_/X (sky130_fd_sc_hd__maj3_1)
   0.38   17.98 v gen_col[11].u_pe_col/gen_pe[0].u_pe/_7466_/X (sky130_fd_sc_hd__maj3_1)
   0.31   18.29 ^ gen_col[11].u_pe_col/gen_pe[0].u_pe/_7469_/Y (sky130_fd_sc_hd__o21ai_0)
   0.14   18.43 v gen_col[11].u_pe_col/gen_pe[0].u_pe/_7474_/Y (sky130_fd_sc_hd__a211oi_1)
   0.30   18.73 ^ gen_col[11].u_pe_col/gen_pe[0].u_pe/_7476_/Y (sky130_fd_sc_hd__o31ai_1)
   0.15   18.88 v gen_col[11].u_pe_col/gen_pe[0].u_pe/_7477_/Y (sky130_fd_sc_hd__a21oi_1)
   0.22   19.10 ^ gen_col[11].u_pe_col/gen_pe[0].u_pe/_7481_/Y (sky130_fd_sc_hd__o21ai_0)
   0.14   19.24 v gen_col[11].u_pe_col/gen_pe[0].u_pe/_7486_/Y (sky130_fd_sc_hd__a22oi_1)
   0.39   19.63 v gen_col[11].u_pe_col/gen_pe[0].u_pe/_7488_/X (sky130_fd_sc_hd__maj3_1)
   0.39   20.02 v gen_col[11].u_pe_col/gen_pe[0].u_pe/_7491_/X (sky130_fd_sc_hd__maj3_1)
   0.39   20.40 v gen_col[11].u_pe_col/gen_pe[0].u_pe/_7493_/X (sky130_fd_sc_hd__maj3_1)
   0.39   20.79 v gen_col[11].u_pe_col/gen_pe[0].u_pe/_7496_/X (sky130_fd_sc_hd__maj3_1)
   0.39   21.18 v gen_col[11].u_pe_col/gen_pe[0].u_pe/_7498_/X (sky130_fd_sc_hd__maj3_1)
   0.39   21.57 v gen_col[11].u_pe_col/gen_pe[0].u_pe/_7500_/X (sky130_fd_sc_hd__maj3_1)
   0.39   21.96 v gen_col[11].u_pe_col/gen_pe[0].u_pe/_7502_/X (sky130_fd_sc_hd__maj3_1)
   0.39   22.36 v gen_col[11].u_pe_col/gen_pe[0].u_pe/_7503_/X (sky130_fd_sc_hd__maj3_1)
   0.39   22.75 v gen_col[11].u_pe_col/gen_pe[0].u_pe/_7505_/X (sky130_fd_sc_hd__maj3_1)
   0.40   23.15 v gen_col[11].u_pe_col/gen_pe[0].u_pe/_7507_/X (sky130_fd_sc_hd__maj3_1)
   0.43   23.58 ^ gen_col[11].u_pe_col/gen_pe[0].u_pe/_7536_/Y (sky130_fd_sc_hd__o32ai_1)
   0.20   23.77 v gen_col[11].u_pe_col/gen_pe[0].u_pe/_7551_/Y (sky130_fd_sc_hd__a31oi_1)
   0.41   24.19 v gen_col[11].u_pe_col/gen_pe[0].u_pe/_7553_/X (sky130_fd_sc_hd__maj3_1)
   0.16   24.35 v gen_col[11].u_pe_col/gen_pe[0].u_pe/_7556_/Y (sky130_fd_sc_hd__a2bb2oi_1)
   0.38   24.73 v gen_col[11].u_pe_col/gen_pe[0].u_pe/_7557_/X (sky130_fd_sc_hd__maj3_1)
   0.39   25.12 v gen_col[11].u_pe_col/gen_pe[0].u_pe/_7559_/X (sky130_fd_sc_hd__maj3_1)
   0.39   25.51 v gen_col[11].u_pe_col/gen_pe[0].u_pe/_7561_/X (sky130_fd_sc_hd__maj3_1)
   0.39   25.90 v gen_col[11].u_pe_col/gen_pe[0].u_pe/_7564_/X (sky130_fd_sc_hd__maj3_1)
   0.23   26.13 ^ gen_col[11].u_pe_col/gen_pe[0].u_pe/_7569_/Y (sky130_fd_sc_hd__o211ai_1)
   0.15   26.29 v gen_col[11].u_pe_col/gen_pe[0].u_pe/_7573_/Y (sky130_fd_sc_hd__a311oi_1)
   0.30   26.59 ^ gen_col[11].u_pe_col/gen_pe[0].u_pe/_7578_/Y (sky130_fd_sc_hd__nor4_1)
   0.22   26.81 ^ gen_col[11].u_pe_col/gen_pe[0].u_pe/_7581_/X (sky130_fd_sc_hd__o21a_1)
   0.15   26.96 ^ gen_col[11].u_pe_col/gen_pe[0].u_pe/_7582_/X (sky130_fd_sc_hd__o21a_1)
   0.21   27.17 ^ gen_col[11].u_pe_col/gen_pe[0].u_pe/_7586_/X (sky130_fd_sc_hd__o221a_1)
   0.15   27.32 v gen_col[11].u_pe_col/gen_pe[0].u_pe/_7589_/Y (sky130_fd_sc_hd__o311ai_0)
   0.29   27.61 ^ gen_col[11].u_pe_col/gen_pe[0].u_pe/_7593_/Y (sky130_fd_sc_hd__a21boi_0)
   0.18   27.79 ^ gen_col[11].u_pe_col/gen_pe[0].u_pe/_7594_/X (sky130_fd_sc_hd__o21a_1)
   0.14   27.93 ^ gen_col[11].u_pe_col/gen_pe[0].u_pe/_7596_/X (sky130_fd_sc_hd__o21a_1)
   0.14   28.08 ^ gen_col[11].u_pe_col/gen_pe[0].u_pe/_7598_/X (sky130_fd_sc_hd__o21a_1)
   0.14   28.22 ^ gen_col[11].u_pe_col/gen_pe[0].u_pe/_7600_/X (sky130_fd_sc_hd__o21a_1)
   0.14   28.37 ^ gen_col[11].u_pe_col/gen_pe[0].u_pe/_7602_/X (sky130_fd_sc_hd__o21a_1)
   0.14   28.51 ^ gen_col[11].u_pe_col/gen_pe[0].u_pe/_7603_/X (sky130_fd_sc_hd__o21a_1)
   0.14   28.66 ^ gen_col[11].u_pe_col/gen_pe[0].u_pe/_7605_/X (sky130_fd_sc_hd__o21a_1)
   0.14   28.80 ^ gen_col[11].u_pe_col/gen_pe[0].u_pe/_7606_/X (sky130_fd_sc_hd__o21a_1)
   0.14   28.94 ^ gen_col[11].u_pe_col/gen_pe[0].u_pe/_7608_/X (sky130_fd_sc_hd__o21a_1)
   0.14   29.09 ^ gen_col[11].u_pe_col/gen_pe[0].u_pe/_7610_/X (sky130_fd_sc_hd__o21a_1)
   0.14   29.23 ^ gen_col[11].u_pe_col/gen_pe[0].u_pe/_7612_/X (sky130_fd_sc_hd__o21a_1)
   0.14   29.38 ^ gen_col[11].u_pe_col/gen_pe[0].u_pe/_7613_/X (sky130_fd_sc_hd__o21a_1)
   0.14   29.52 ^ gen_col[11].u_pe_col/gen_pe[0].u_pe/_7615_/X (sky130_fd_sc_hd__o21a_1)
   0.18   29.70 v gen_col[11].u_pe_col/gen_pe[0].u_pe/_7618_/Y (sky130_fd_sc_hd__o311ai_0)
   0.36   30.06 ^ gen_col[11].u_pe_col/gen_pe[0].u_pe/_7622_/Y (sky130_fd_sc_hd__a311oi_1)
   0.18   30.25 ^ gen_col[11].u_pe_col/gen_pe[0].u_pe/_7624_/X (sky130_fd_sc_hd__o21a_1)
   0.14   30.39 ^ gen_col[11].u_pe_col/gen_pe[0].u_pe/_7626_/X (sky130_fd_sc_hd__o21a_1)
   0.14   30.54 ^ gen_col[11].u_pe_col/gen_pe[0].u_pe/_7627_/X (sky130_fd_sc_hd__o21a_1)
   0.14   30.68 ^ gen_col[11].u_pe_col/gen_pe[0].u_pe/_7629_/X (sky130_fd_sc_hd__o21a_1)
   0.13   30.81 ^ gen_col[11].u_pe_col/gen_pe[0].u_pe/_7630_/X (sky130_fd_sc_hd__o21a_1)
   0.12   30.93 v gen_col[11].u_pe_col/gen_pe[0].u_pe/_7632_/Y (sky130_fd_sc_hd__o21ai_0)
   0.35   31.28 ^ gen_col[11].u_pe_col/gen_pe[0].u_pe/_7636_/Y (sky130_fd_sc_hd__a21boi_0)
   0.16   31.44 v gen_col[11].u_pe_col/gen_pe[0].u_pe/_7652_/Y (sky130_fd_sc_hd__o211ai_1)
   0.32   31.76 ^ gen_col[11].u_pe_col/gen_pe[0].u_pe/_7674_/Y (sky130_fd_sc_hd__a211oi_1)
   0.18   31.94 v gen_col[11].u_pe_col/gen_pe[0].u_pe/_7681_/Y (sky130_fd_sc_hd__o211ai_1)
   0.27   32.20 ^ gen_col[11].u_pe_col/gen_pe[0].u_pe/_7684_/Y (sky130_fd_sc_hd__a211oi_1)
   0.20   32.41 ^ gen_col[11].u_pe_col/gen_pe[0].u_pe/_7687_/X (sky130_fd_sc_hd__o31a_1)
   0.15   32.56 ^ gen_col[11].u_pe_col/gen_pe[0].u_pe/_7689_/X (sky130_fd_sc_hd__o21a_1)
   0.14   32.70 ^ gen_col[11].u_pe_col/gen_pe[0].u_pe/_7691_/X (sky130_fd_sc_hd__o21a_1)
   0.14   32.85 ^ gen_col[11].u_pe_col/gen_pe[0].u_pe/_7693_/X (sky130_fd_sc_hd__o21a_1)
   0.14   32.99 ^ gen_col[11].u_pe_col/gen_pe[0].u_pe/_7695_/X (sky130_fd_sc_hd__o21a_1)
   0.14   33.13 ^ gen_col[11].u_pe_col/gen_pe[0].u_pe/_7697_/X (sky130_fd_sc_hd__o21a_1)
   0.14   33.28 ^ gen_col[11].u_pe_col/gen_pe[0].u_pe/_7699_/X (sky130_fd_sc_hd__o21a_1)
   0.14   33.42 ^ gen_col[11].u_pe_col/gen_pe[0].u_pe/_7700_/X (sky130_fd_sc_hd__o21a_1)
   0.14   33.57 ^ gen_col[11].u_pe_col/gen_pe[0].u_pe/_7702_/X (sky130_fd_sc_hd__o21a_1)
   0.14   33.71 ^ gen_col[11].u_pe_col/gen_pe[0].u_pe/_7704_/X (sky130_fd_sc_hd__o21a_1)
   0.14   33.86 ^ gen_col[11].u_pe_col/gen_pe[0].u_pe/_7706_/X (sky130_fd_sc_hd__o21a_1)
   0.14   34.00 ^ gen_col[11].u_pe_col/gen_pe[0].u_pe/_7707_/X (sky130_fd_sc_hd__o21a_1)
   0.14   34.14 ^ gen_col[11].u_pe_col/gen_pe[0].u_pe/_7709_/X (sky130_fd_sc_hd__o21a_1)
   0.14   34.29 ^ gen_col[11].u_pe_col/gen_pe[0].u_pe/_7710_/X (sky130_fd_sc_hd__o21a_1)
   0.14   34.43 ^ gen_col[11].u_pe_col/gen_pe[0].u_pe/_7712_/X (sky130_fd_sc_hd__o21a_1)
   0.18   34.61 ^ gen_col[11].u_pe_col/gen_pe[0].u_pe/_7715_/X (sky130_fd_sc_hd__o311a_1)
   0.15   34.76 ^ gen_col[11].u_pe_col/gen_pe[0].u_pe/_7717_/X (sky130_fd_sc_hd__o21a_1)
   0.18   34.94 ^ gen_col[11].u_pe_col/gen_pe[0].u_pe/_7736_/X (sky130_fd_sc_hd__o2111a_1)
   0.12   35.06 v gen_col[11].u_pe_col/gen_pe[0].u_pe/_7743_/Y (sky130_fd_sc_hd__o211ai_1)
   0.27   35.33 ^ gen_col[11].u_pe_col/gen_pe[0].u_pe/_7751_/Y (sky130_fd_sc_hd__a211oi_1)
   0.20   35.53 ^ gen_col[11].u_pe_col/gen_pe[0].u_pe/_7754_/X (sky130_fd_sc_hd__o31a_1)
   0.15   35.68 ^ gen_col[11].u_pe_col/gen_pe[0].u_pe/_7756_/X (sky130_fd_sc_hd__o21a_1)
   0.14   35.82 ^ gen_col[11].u_pe_col/gen_pe[0].u_pe/_7758_/X (sky130_fd_sc_hd__o21a_1)
   0.16   35.98 ^ gen_col[11].u_pe_col/gen_pe[0].u_pe/_7760_/X (sky130_fd_sc_hd__o21a_1)
   0.10   36.09 v gen_col[11].u_pe_col/gen_pe[0].u_pe/_7790_/Y (sky130_fd_sc_hd__o211ai_1)
   0.20   36.28 ^ gen_col[11].u_pe_col/gen_pe[0].u_pe/_7806_/Y (sky130_fd_sc_hd__a21oi_1)
   0.13   36.41 ^ gen_col[11].u_pe_col/gen_pe[0].u_pe/_8112_/X (sky130_fd_sc_hd__o21a_1)
   0.06   36.47 v gen_col[11].u_pe_col/gen_pe[0].u_pe/_8114_/Y (sky130_fd_sc_hd__o31ai_1)
   0.00   36.47 v gen_col[11].u_pe_col/gen_pe[0].u_pe/_8267_/D (sky130_fd_sc_hd__dfrtp_1)
          36.47   data arrival time

  20.00   20.00   clock clk (rise edge)
   0.00   20.00   clock network delay (ideal)
   0.00   20.00   clock reconvergence pessimism
          20.00 ^ gen_col[11].u_pe_col/gen_pe[0].u_pe/_8267_/CLK (sky130_fd_sc_hd__dfrtp_1)
  -0.22   19.78   library setup time
          19.78   data required time
---------------------------------------------------------
          19.78   data required time
         -36.47   data arrival time
---------------------------------------------------------
         -16.70   slack (VIOLATED)


Startpoint: gen_col[11].u_pe_col/gen_pe[0].u_pe/_8132_
            (rising edge-triggered flip-flop clocked by clk)
Endpoint: gen_col[12].u_pe_col/gen_pe[0].u_pe/_8267_
          (rising edge-triggered flip-flop clocked by clk)
Path Group: clk
Path Type: max

  Delay    Time   Description
---------------------------------------------------------
   0.00    0.00   clock clk (rise edge)
   0.00    0.00   clock network delay (ideal)
   0.00    0.00 ^ gen_col[11].u_pe_col/gen_pe[0].u_pe/_8132_/CLK (sky130_fd_sc_hd__dfrtp_1)
   0.45    0.45 v gen_col[11].u_pe_col/gen_pe[0].u_pe/_8132_/Q (sky130_fd_sc_hd__dfrtp_1)
   1.09    1.55 v gen_col[12].u_pe_col/gen_pe[0].u_pe/_5644_/X (sky130_fd_sc_hd__and3_1)
  10.88   12.43 ^ gen_col[12].u_pe_col/gen_pe[0].u_pe/_5646_/Y (sky130_fd_sc_hd__nor2_1)
   0.73   13.15 v gen_col[12].u_pe_col/gen_pe[0].u_pe/_7252_/Y (sky130_fd_sc_hd__xnor2_1)
   0.73   13.88 ^ gen_col[12].u_pe_col/gen_pe[0].u_pe/_7254_/X (sky130_fd_sc_hd__xor2_1)
   0.41   14.29 v gen_col[12].u_pe_col/gen_pe[0].u_pe/_7287_/X (sky130_fd_sc_hd__xnor3_1)
   0.11   14.40 ^ gen_col[12].u_pe_col/gen_pe[0].u_pe/_7288_/Y (sky130_fd_sc_hd__nor2_1)
   0.12   14.52 ^ gen_col[12].u_pe_col/gen_pe[0].u_pe/_7291_/Y (sky130_fd_sc_hd__nand2b_1)
   0.20   14.72 ^ gen_col[12].u_pe_col/gen_pe[0].u_pe/_7322_/X (sky130_fd_sc_hd__xor2_1)
   0.17   14.89 ^ gen_col[12].u_pe_col/gen_pe[0].u_pe/_7349_/Y (sky130_fd_sc_hd__xnor2_1)
   0.19   15.08 ^ gen_col[12].u_pe_col/gen_pe[0].u_pe/_7411_/Y (sky130_fd_sc_hd__xnor2_1)
   0.14   15.22 v gen_col[12].u_pe_col/gen_pe[0].u_pe/_7413_/Y (sky130_fd_sc_hd__a211oi_1)
   0.30   15.52 ^ gen_col[12].u_pe_col/gen_pe[0].u_pe/_7415_/Y (sky130_fd_sc_hd__o31ai_1)
   0.14   15.66 v gen_col[12].u_pe_col/gen_pe[0].u_pe/_7418_/Y (sky130_fd_sc_hd__a21oi_1)
   0.21   15.88 ^ gen_col[12].u_pe_col/gen_pe[0].u_pe/_7420_/Y (sky130_fd_sc_hd__o21bai_1)
   0.12   15.99 v gen_col[12].u_pe_col/gen_pe[0].u_pe/_7422_/Y (sky130_fd_sc_hd__a21oi_1)
   0.20   16.20 ^ gen_col[12].u_pe_col/gen_pe[0].u_pe/_7424_/Y (sky130_fd_sc_hd__o21bai_1)
   0.12   16.31 v gen_col[12].u_pe_col/gen_pe[0].u_pe/_7427_/Y (sky130_fd_sc_hd__a21oi_1)
   0.21   16.53 ^ gen_col[12].u_pe_col/gen_pe[0].u_pe/_7429_/Y (sky130_fd_sc_hd__o21bai_1)
   0.25   16.78 ^ gen_col[12].u_pe_col/gen_pe[0].u_pe/_7431_/X (sky130_fd_sc_hd__maj3_1)
   0.17   16.95 ^ gen_col[12].u_pe_col/gen_pe[0].u_pe/_7452_/X (sky130_fd_sc_hd__a31o_1)
   0.17   17.12 ^ gen_col[12].u_pe_col/gen_pe[0].u_pe/_7460_/X (sky130_fd_sc_hd__a31o_1)
   0.09   17.21 v gen_col[12].u_pe_col/gen_pe[0].u_pe/_7463_/Y (sky130_fd_sc_hd__a21oi_1)
   0.39   17.60 v gen_col[12].u_pe_col/gen_pe[0].u_pe/_7464_/X (sky130_fd_sc_hd__maj3_1)
   0.38   17.98 v gen_col[12].u_pe_col/gen_pe[0].u_pe/_7466_/X (sky130_fd_sc_hd__maj3_1)
   0.31   18.29 ^ gen_col[12].u_pe_col/gen_pe[0].u_pe/_7469_/Y (sky130_fd_sc_hd__o21ai_0)
   0.14   18.43 v gen_col[12].u_pe_col/gen_pe[0].u_pe/_7474_/Y (sky130_fd_sc_hd__a211oi_1)
   0.30   18.73 ^ gen_col[12].u_pe_col/gen_pe[0].u_pe/_7476_/Y (sky130_fd_sc_hd__o31ai_1)
   0.15   18.88 v gen_col[12].u_pe_col/gen_pe[0].u_pe/_7477_/Y (sky130_fd_sc_hd__a21oi_1)
   0.22   19.10 ^ gen_col[12].u_pe_col/gen_pe[0].u_pe/_7481_/Y (sky130_fd_sc_hd__o21ai_0)
   0.14   19.24 v gen_col[12].u_pe_col/gen_pe[0].u_pe/_7486_/Y (sky130_fd_sc_hd__a22oi_1)
   0.39   19.63 v gen_col[12].u_pe_col/gen_pe[0].u_pe/_7488_/X (sky130_fd_sc_hd__maj3_1)
   0.39   20.02 v gen_col[12].u_pe_col/gen_pe[0].u_pe/_7491_/X (sky130_fd_sc_hd__maj3_1)
   0.39   20.40 v gen_col[12].u_pe_col/gen_pe[0].u_pe/_7493_/X (sky130_fd_sc_hd__maj3_1)
   0.39   20.79 v gen_col[12].u_pe_col/gen_pe[0].u_pe/_7496_/X (sky130_fd_sc_hd__maj3_1)
   0.39   21.18 v gen_col[12].u_pe_col/gen_pe[0].u_pe/_7498_/X (sky130_fd_sc_hd__maj3_1)
   0.39   21.57 v gen_col[12].u_pe_col/gen_pe[0].u_pe/_7500_/X (sky130_fd_sc_hd__maj3_1)
   0.39   21.96 v gen_col[12].u_pe_col/gen_pe[0].u_pe/_7502_/X (sky130_fd_sc_hd__maj3_1)
   0.39   22.36 v gen_col[12].u_pe_col/gen_pe[0].u_pe/_7503_/X (sky130_fd_sc_hd__maj3_1)
   0.39   22.75 v gen_col[12].u_pe_col/gen_pe[0].u_pe/_7505_/X (sky130_fd_sc_hd__maj3_1)
   0.40   23.15 v gen_col[12].u_pe_col/gen_pe[0].u_pe/_7507_/X (sky130_fd_sc_hd__maj3_1)
   0.43   23.58 ^ gen_col[12].u_pe_col/gen_pe[0].u_pe/_7536_/Y (sky130_fd_sc_hd__o32ai_1)
   0.20   23.77 v gen_col[12].u_pe_col/gen_pe[0].u_pe/_7551_/Y (sky130_fd_sc_hd__a31oi_1)
   0.41   24.19 v gen_col[12].u_pe_col/gen_pe[0].u_pe/_7553_/X (sky130_fd_sc_hd__maj3_1)
   0.16   24.35 v gen_col[12].u_pe_col/gen_pe[0].u_pe/_7556_/Y (sky130_fd_sc_hd__a2bb2oi_1)
   0.38   24.73 v gen_col[12].u_pe_col/gen_pe[0].u_pe/_7557_/X (sky130_fd_sc_hd__maj3_1)
   0.39   25.12 v gen_col[12].u_pe_col/gen_pe[0].u_pe/_7559_/X (sky130_fd_sc_hd__maj3_1)
   0.39   25.51 v gen_col[12].u_pe_col/gen_pe[0].u_pe/_7561_/X (sky130_fd_sc_hd__maj3_1)
   0.39   25.90 v gen_col[12].u_pe_col/gen_pe[0].u_pe/_7564_/X (sky130_fd_sc_hd__maj3_1)
   0.23   26.13 ^ gen_col[12].u_pe_col/gen_pe[0].u_pe/_7569_/Y (sky130_fd_sc_hd__o211ai_1)
   0.15   26.29 v gen_col[12].u_pe_col/gen_pe[0].u_pe/_7573_/Y (sky130_fd_sc_hd__a311oi_1)
   0.30   26.59 ^ gen_col[12].u_pe_col/gen_pe[0].u_pe/_7578_/Y (sky130_fd_sc_hd__nor4_1)
   0.22   26.81 ^ gen_col[12].u_pe_col/gen_pe[0].u_pe/_7581_/X (sky130_fd_sc_hd__o21a_1)
   0.15   26.96 ^ gen_col[12].u_pe_col/gen_pe[0].u_pe/_7582_/X (sky130_fd_sc_hd__o21a_1)
   0.21   27.17 ^ gen_col[12].u_pe_col/gen_pe[0].u_pe/_7586_/X (sky130_fd_sc_hd__o221a_1)
   0.15   27.32 v gen_col[12].u_pe_col/gen_pe[0].u_pe/_7589_/Y (sky130_fd_sc_hd__o311ai_0)
   0.29   27.61 ^ gen_col[12].u_pe_col/gen_pe[0].u_pe/_7593_/Y (sky130_fd_sc_hd__a21boi_0)
   0.18   27.79 ^ gen_col[12].u_pe_col/gen_pe[0].u_pe/_7594_/X (sky130_fd_sc_hd__o21a_1)
   0.14   27.93 ^ gen_col[12].u_pe_col/gen_pe[0].u_pe/_7596_/X (sky130_fd_sc_hd__o21a_1)
   0.14   28.08 ^ gen_col[12].u_pe_col/gen_pe[0].u_pe/_7598_/X (sky130_fd_sc_hd__o21a_1)
   0.14   28.22 ^ gen_col[12].u_pe_col/gen_pe[0].u_pe/_7600_/X (sky130_fd_sc_hd__o21a_1)
   0.14   28.37 ^ gen_col[12].u_pe_col/gen_pe[0].u_pe/_7602_/X (sky130_fd_sc_hd__o21a_1)
   0.14   28.51 ^ gen_col[12].u_pe_col/gen_pe[0].u_pe/_7603_/X (sky130_fd_sc_hd__o21a_1)
   0.14   28.66 ^ gen_col[12].u_pe_col/gen_pe[0].u_pe/_7605_/X (sky130_fd_sc_hd__o21a_1)
   0.14   28.80 ^ gen_col[12].u_pe_col/gen_pe[0].u_pe/_7606_/X (sky130_fd_sc_hd__o21a_1)
   0.14   28.94 ^ gen_col[12].u_pe_col/gen_pe[0].u_pe/_7608_/X (sky130_fd_sc_hd__o21a_1)
   0.14   29.09 ^ gen_col[12].u_pe_col/gen_pe[0].u_pe/_7610_/X (sky130_fd_sc_hd__o21a_1)
   0.14   29.23 ^ gen_col[12].u_pe_col/gen_pe[0].u_pe/_7612_/X (sky130_fd_sc_hd__o21a_1)
   0.14   29.38 ^ gen_col[12].u_pe_col/gen_pe[0].u_pe/_7613_/X (sky130_fd_sc_hd__o21a_1)
   0.14   29.52 ^ gen_col[12].u_pe_col/gen_pe[0].u_pe/_7615_/X (sky130_fd_sc_hd__o21a_1)
   0.18   29.70 v gen_col[12].u_pe_col/gen_pe[0].u_pe/_7618_/Y (sky130_fd_sc_hd__o311ai_0)
   0.36   30.06 ^ gen_col[12].u_pe_col/gen_pe[0].u_pe/_7622_/Y (sky130_fd_sc_hd__a311oi_1)
   0.18   30.25 ^ gen_col[12].u_pe_col/gen_pe[0].u_pe/_7624_/X (sky130_fd_sc_hd__o21a_1)
   0.14   30.39 ^ gen_col[12].u_pe_col/gen_pe[0].u_pe/_7626_/X (sky130_fd_sc_hd__o21a_1)
   0.14   30.54 ^ gen_col[12].u_pe_col/gen_pe[0].u_pe/_7627_/X (sky130_fd_sc_hd__o21a_1)
   0.14   30.68 ^ gen_col[12].u_pe_col/gen_pe[0].u_pe/_7629_/X (sky130_fd_sc_hd__o21a_1)
   0.13   30.81 ^ gen_col[12].u_pe_col/gen_pe[0].u_pe/_7630_/X (sky130_fd_sc_hd__o21a_1)
   0.12   30.93 v gen_col[12].u_pe_col/gen_pe[0].u_pe/_7632_/Y (sky130_fd_sc_hd__o21ai_0)
   0.35   31.28 ^ gen_col[12].u_pe_col/gen_pe[0].u_pe/_7636_/Y (sky130_fd_sc_hd__a21boi_0)
   0.16   31.44 v gen_col[12].u_pe_col/gen_pe[0].u_pe/_7652_/Y (sky130_fd_sc_hd__o211ai_1)
   0.32   31.76 ^ gen_col[12].u_pe_col/gen_pe[0].u_pe/_7674_/Y (sky130_fd_sc_hd__a211oi_1)
   0.18   31.94 v gen_col[12].u_pe_col/gen_pe[0].u_pe/_7681_/Y (sky130_fd_sc_hd__o211ai_1)
   0.27   32.20 ^ gen_col[12].u_pe_col/gen_pe[0].u_pe/_7684_/Y (sky130_fd_sc_hd__a211oi_1)
   0.20   32.41 ^ gen_col[12].u_pe_col/gen_pe[0].u_pe/_7687_/X (sky130_fd_sc_hd__o31a_1)
   0.15   32.56 ^ gen_col[12].u_pe_col/gen_pe[0].u_pe/_7689_/X (sky130_fd_sc_hd__o21a_1)
   0.14   32.70 ^ gen_col[12].u_pe_col/gen_pe[0].u_pe/_7691_/X (sky130_fd_sc_hd__o21a_1)
   0.14   32.85 ^ gen_col[12].u_pe_col/gen_pe[0].u_pe/_7693_/X (sky130_fd_sc_hd__o21a_1)
   0.14   32.99 ^ gen_col[12].u_pe_col/gen_pe[0].u_pe/_7695_/X (sky130_fd_sc_hd__o21a_1)
   0.14   33.13 ^ gen_col[12].u_pe_col/gen_pe[0].u_pe/_7697_/X (sky130_fd_sc_hd__o21a_1)
   0.14   33.28 ^ gen_col[12].u_pe_col/gen_pe[0].u_pe/_7699_/X (sky130_fd_sc_hd__o21a_1)
   0.14   33.42 ^ gen_col[12].u_pe_col/gen_pe[0].u_pe/_7700_/X (sky130_fd_sc_hd__o21a_1)
   0.14   33.57 ^ gen_col[12].u_pe_col/gen_pe[0].u_pe/_7702_/X (sky130_fd_sc_hd__o21a_1)
   0.14   33.71 ^ gen_col[12].u_pe_col/gen_pe[0].u_pe/_7704_/X (sky130_fd_sc_hd__o21a_1)
   0.14   33.86 ^ gen_col[12].u_pe_col/gen_pe[0].u_pe/_7706_/X (sky130_fd_sc_hd__o21a_1)
   0.14   34.00 ^ gen_col[12].u_pe_col/gen_pe[0].u_pe/_7707_/X (sky130_fd_sc_hd__o21a_1)
   0.14   34.14 ^ gen_col[12].u_pe_col/gen_pe[0].u_pe/_7709_/X (sky130_fd_sc_hd__o21a_1)
   0.14   34.29 ^ gen_col[12].u_pe_col/gen_pe[0].u_pe/_7710_/X (sky130_fd_sc_hd__o21a_1)
   0.14   34.43 ^ gen_col[12].u_pe_col/gen_pe[0].u_pe/_7712_/X (sky130_fd_sc_hd__o21a_1)
   0.18   34.61 ^ gen_col[12].u_pe_col/gen_pe[0].u_pe/_7715_/X (sky130_fd_sc_hd__o311a_1)
   0.15   34.76 ^ gen_col[12].u_pe_col/gen_pe[0].u_pe/_7717_/X (sky130_fd_sc_hd__o21a_1)
   0.18   34.94 ^ gen_col[12].u_pe_col/gen_pe[0].u_pe/_7736_/X (sky130_fd_sc_hd__o2111a_1)
   0.12   35.06 v gen_col[12].u_pe_col/gen_pe[0].u_pe/_7743_/Y (sky130_fd_sc_hd__o211ai_1)
   0.27   35.33 ^ gen_col[12].u_pe_col/gen_pe[0].u_pe/_7751_/Y (sky130_fd_sc_hd__a211oi_1)
   0.20   35.53 ^ gen_col[12].u_pe_col/gen_pe[0].u_pe/_7754_/X (sky130_fd_sc_hd__o31a_1)
   0.15   35.68 ^ gen_col[12].u_pe_col/gen_pe[0].u_pe/_7756_/X (sky130_fd_sc_hd__o21a_1)
   0.14   35.82 ^ gen_col[12].u_pe_col/gen_pe[0].u_pe/_7758_/X (sky130_fd_sc_hd__o21a_1)
   0.16   35.98 ^ gen_col[12].u_pe_col/gen_pe[0].u_pe/_7760_/X (sky130_fd_sc_hd__o21a_1)
   0.10   36.09 v gen_col[12].u_pe_col/gen_pe[0].u_pe/_7790_/Y (sky130_fd_sc_hd__o211ai_1)
   0.20   36.28 ^ gen_col[12].u_pe_col/gen_pe[0].u_pe/_7806_/Y (sky130_fd_sc_hd__a21oi_1)
   0.13   36.41 ^ gen_col[12].u_pe_col/gen_pe[0].u_pe/_8112_/X (sky130_fd_sc_hd__o21a_1)
   0.06   36.47 v gen_col[12].u_pe_col/gen_pe[0].u_pe/_8114_/Y (sky130_fd_sc_hd__o31ai_1)
   0.00   36.47 v gen_col[12].u_pe_col/gen_pe[0].u_pe/_8267_/D (sky130_fd_sc_hd__dfrtp_1)
          36.47   data arrival time

  20.00   20.00   clock clk (rise edge)
   0.00   20.00   clock network delay (ideal)
   0.00   20.00   clock reconvergence pessimism
          20.00 ^ gen_col[12].u_pe_col/gen_pe[0].u_pe/_8267_/CLK (sky130_fd_sc_hd__dfrtp_1)
  -0.22   19.78   library setup time
          19.78   data required time
---------------------------------------------------------
          19.78   data required time
         -36.47   data arrival time
---------------------------------------------------------
         -16.70   slack (VIOLATED)


Startpoint: gen_col[12].u_pe_col/gen_pe[0].u_pe/_8132_
            (rising edge-triggered flip-flop clocked by clk)
Endpoint: gen_col[13].u_pe_col/gen_pe[0].u_pe/_8267_
          (rising edge-triggered flip-flop clocked by clk)
Path Group: clk
Path Type: max

  Delay    Time   Description
---------------------------------------------------------
   0.00    0.00   clock clk (rise edge)
   0.00    0.00   clock network delay (ideal)
   0.00    0.00 ^ gen_col[12].u_pe_col/gen_pe[0].u_pe/_8132_/CLK (sky130_fd_sc_hd__dfrtp_1)
   0.45    0.45 v gen_col[12].u_pe_col/gen_pe[0].u_pe/_8132_/Q (sky130_fd_sc_hd__dfrtp_1)
   1.09    1.55 v gen_col[13].u_pe_col/gen_pe[0].u_pe/_5644_/X (sky130_fd_sc_hd__and3_1)
  10.88   12.43 ^ gen_col[13].u_pe_col/gen_pe[0].u_pe/_5646_/Y (sky130_fd_sc_hd__nor2_1)
   0.73   13.15 v gen_col[13].u_pe_col/gen_pe[0].u_pe/_7252_/Y (sky130_fd_sc_hd__xnor2_1)
   0.73   13.88 ^ gen_col[13].u_pe_col/gen_pe[0].u_pe/_7254_/X (sky130_fd_sc_hd__xor2_1)
   0.41   14.29 v gen_col[13].u_pe_col/gen_pe[0].u_pe/_7287_/X (sky130_fd_sc_hd__xnor3_1)
   0.11   14.40 ^ gen_col[13].u_pe_col/gen_pe[0].u_pe/_7288_/Y (sky130_fd_sc_hd__nor2_1)
   0.12   14.52 ^ gen_col[13].u_pe_col/gen_pe[0].u_pe/_7291_/Y (sky130_fd_sc_hd__nand2b_1)
   0.20   14.72 ^ gen_col[13].u_pe_col/gen_pe[0].u_pe/_7322_/X (sky130_fd_sc_hd__xor2_1)
   0.17   14.89 ^ gen_col[13].u_pe_col/gen_pe[0].u_pe/_7349_/Y (sky130_fd_sc_hd__xnor2_1)
   0.19   15.08 ^ gen_col[13].u_pe_col/gen_pe[0].u_pe/_7411_/Y (sky130_fd_sc_hd__xnor2_1)
   0.14   15.22 v gen_col[13].u_pe_col/gen_pe[0].u_pe/_7413_/Y (sky130_fd_sc_hd__a211oi_1)
   0.30   15.52 ^ gen_col[13].u_pe_col/gen_pe[0].u_pe/_7415_/Y (sky130_fd_sc_hd__o31ai_1)
   0.14   15.66 v gen_col[13].u_pe_col/gen_pe[0].u_pe/_7418_/Y (sky130_fd_sc_hd__a21oi_1)
   0.21   15.88 ^ gen_col[13].u_pe_col/gen_pe[0].u_pe/_7420_/Y (sky130_fd_sc_hd__o21bai_1)
   0.12   15.99 v gen_col[13].u_pe_col/gen_pe[0].u_pe/_7422_/Y (sky130_fd_sc_hd__a21oi_1)
   0.20   16.20 ^ gen_col[13].u_pe_col/gen_pe[0].u_pe/_7424_/Y (sky130_fd_sc_hd__o21bai_1)
   0.12   16.31 v gen_col[13].u_pe_col/gen_pe[0].u_pe/_7427_/Y (sky130_fd_sc_hd__a21oi_1)
   0.21   16.53 ^ gen_col[13].u_pe_col/gen_pe[0].u_pe/_7429_/Y (sky130_fd_sc_hd__o21bai_1)
   0.25   16.78 ^ gen_col[13].u_pe_col/gen_pe[0].u_pe/_7431_/X (sky130_fd_sc_hd__maj3_1)
   0.17   16.95 ^ gen_col[13].u_pe_col/gen_pe[0].u_pe/_7452_/X (sky130_fd_sc_hd__a31o_1)
   0.17   17.12 ^ gen_col[13].u_pe_col/gen_pe[0].u_pe/_7460_/X (sky130_fd_sc_hd__a31o_1)
   0.09   17.21 v gen_col[13].u_pe_col/gen_pe[0].u_pe/_7463_/Y (sky130_fd_sc_hd__a21oi_1)
   0.39   17.60 v gen_col[13].u_pe_col/gen_pe[0].u_pe/_7464_/X (sky130_fd_sc_hd__maj3_1)
   0.38   17.98 v gen_col[13].u_pe_col/gen_pe[0].u_pe/_7466_/X (sky130_fd_sc_hd__maj3_1)
   0.31   18.29 ^ gen_col[13].u_pe_col/gen_pe[0].u_pe/_7469_/Y (sky130_fd_sc_hd__o21ai_0)
   0.14   18.43 v gen_col[13].u_pe_col/gen_pe[0].u_pe/_7474_/Y (sky130_fd_sc_hd__a211oi_1)
   0.30   18.73 ^ gen_col[13].u_pe_col/gen_pe[0].u_pe/_7476_/Y (sky130_fd_sc_hd__o31ai_1)
   0.15   18.88 v gen_col[13].u_pe_col/gen_pe[0].u_pe/_7477_/Y (sky130_fd_sc_hd__a21oi_1)
   0.22   19.10 ^ gen_col[13].u_pe_col/gen_pe[0].u_pe/_7481_/Y (sky130_fd_sc_hd__o21ai_0)
   0.14   19.24 v gen_col[13].u_pe_col/gen_pe[0].u_pe/_7486_/Y (sky130_fd_sc_hd__a22oi_1)
   0.39   19.63 v gen_col[13].u_pe_col/gen_pe[0].u_pe/_7488_/X (sky130_fd_sc_hd__maj3_1)
   0.39   20.02 v gen_col[13].u_pe_col/gen_pe[0].u_pe/_7491_/X (sky130_fd_sc_hd__maj3_1)
   0.39   20.40 v gen_col[13].u_pe_col/gen_pe[0].u_pe/_7493_/X (sky130_fd_sc_hd__maj3_1)
   0.39   20.79 v gen_col[13].u_pe_col/gen_pe[0].u_pe/_7496_/X (sky130_fd_sc_hd__maj3_1)
   0.39   21.18 v gen_col[13].u_pe_col/gen_pe[0].u_pe/_7498_/X (sky130_fd_sc_hd__maj3_1)
   0.39   21.57 v gen_col[13].u_pe_col/gen_pe[0].u_pe/_7500_/X (sky130_fd_sc_hd__maj3_1)
   0.39   21.96 v gen_col[13].u_pe_col/gen_pe[0].u_pe/_7502_/X (sky130_fd_sc_hd__maj3_1)
   0.39   22.36 v gen_col[13].u_pe_col/gen_pe[0].u_pe/_7503_/X (sky130_fd_sc_hd__maj3_1)
   0.39   22.75 v gen_col[13].u_pe_col/gen_pe[0].u_pe/_7505_/X (sky130_fd_sc_hd__maj3_1)
   0.40   23.15 v gen_col[13].u_pe_col/gen_pe[0].u_pe/_7507_/X (sky130_fd_sc_hd__maj3_1)
   0.43   23.58 ^ gen_col[13].u_pe_col/gen_pe[0].u_pe/_7536_/Y (sky130_fd_sc_hd__o32ai_1)
   0.20   23.77 v gen_col[13].u_pe_col/gen_pe[0].u_pe/_7551_/Y (sky130_fd_sc_hd__a31oi_1)
   0.41   24.19 v gen_col[13].u_pe_col/gen_pe[0].u_pe/_7553_/X (sky130_fd_sc_hd__maj3_1)
   0.16   24.35 v gen_col[13].u_pe_col/gen_pe[0].u_pe/_7556_/Y (sky130_fd_sc_hd__a2bb2oi_1)
   0.38   24.73 v gen_col[13].u_pe_col/gen_pe[0].u_pe/_7557_/X (sky130_fd_sc_hd__maj3_1)
   0.39   25.12 v gen_col[13].u_pe_col/gen_pe[0].u_pe/_7559_/X (sky130_fd_sc_hd__maj3_1)
   0.39   25.51 v gen_col[13].u_pe_col/gen_pe[0].u_pe/_7561_/X (sky130_fd_sc_hd__maj3_1)
   0.39   25.90 v gen_col[13].u_pe_col/gen_pe[0].u_pe/_7564_/X (sky130_fd_sc_hd__maj3_1)
   0.23   26.13 ^ gen_col[13].u_pe_col/gen_pe[0].u_pe/_7569_/Y (sky130_fd_sc_hd__o211ai_1)
   0.15   26.29 v gen_col[13].u_pe_col/gen_pe[0].u_pe/_7573_/Y (sky130_fd_sc_hd__a311oi_1)
   0.30   26.59 ^ gen_col[13].u_pe_col/gen_pe[0].u_pe/_7578_/Y (sky130_fd_sc_hd__nor4_1)
   0.22   26.81 ^ gen_col[13].u_pe_col/gen_pe[0].u_pe/_7581_/X (sky130_fd_sc_hd__o21a_1)
   0.15   26.96 ^ gen_col[13].u_pe_col/gen_pe[0].u_pe/_7582_/X (sky130_fd_sc_hd__o21a_1)
   0.21   27.17 ^ gen_col[13].u_pe_col/gen_pe[0].u_pe/_7586_/X (sky130_fd_sc_hd__o221a_1)
   0.15   27.32 v gen_col[13].u_pe_col/gen_pe[0].u_pe/_7589_/Y (sky130_fd_sc_hd__o311ai_0)
   0.29   27.61 ^ gen_col[13].u_pe_col/gen_pe[0].u_pe/_7593_/Y (sky130_fd_sc_hd__a21boi_0)
   0.18   27.79 ^ gen_col[13].u_pe_col/gen_pe[0].u_pe/_7594_/X (sky130_fd_sc_hd__o21a_1)
   0.14   27.93 ^ gen_col[13].u_pe_col/gen_pe[0].u_pe/_7596_/X (sky130_fd_sc_hd__o21a_1)
   0.14   28.08 ^ gen_col[13].u_pe_col/gen_pe[0].u_pe/_7598_/X (sky130_fd_sc_hd__o21a_1)
   0.14   28.22 ^ gen_col[13].u_pe_col/gen_pe[0].u_pe/_7600_/X (sky130_fd_sc_hd__o21a_1)
   0.14   28.37 ^ gen_col[13].u_pe_col/gen_pe[0].u_pe/_7602_/X (sky130_fd_sc_hd__o21a_1)
   0.14   28.51 ^ gen_col[13].u_pe_col/gen_pe[0].u_pe/_7603_/X (sky130_fd_sc_hd__o21a_1)
   0.14   28.66 ^ gen_col[13].u_pe_col/gen_pe[0].u_pe/_7605_/X (sky130_fd_sc_hd__o21a_1)
   0.14   28.80 ^ gen_col[13].u_pe_col/gen_pe[0].u_pe/_7606_/X (sky130_fd_sc_hd__o21a_1)
   0.14   28.94 ^ gen_col[13].u_pe_col/gen_pe[0].u_pe/_7608_/X (sky130_fd_sc_hd__o21a_1)
   0.14   29.09 ^ gen_col[13].u_pe_col/gen_pe[0].u_pe/_7610_/X (sky130_fd_sc_hd__o21a_1)
   0.14   29.23 ^ gen_col[13].u_pe_col/gen_pe[0].u_pe/_7612_/X (sky130_fd_sc_hd__o21a_1)
   0.14   29.38 ^ gen_col[13].u_pe_col/gen_pe[0].u_pe/_7613_/X (sky130_fd_sc_hd__o21a_1)
   0.14   29.52 ^ gen_col[13].u_pe_col/gen_pe[0].u_pe/_7615_/X (sky130_fd_sc_hd__o21a_1)
   0.18   29.70 v gen_col[13].u_pe_col/gen_pe[0].u_pe/_7618_/Y (sky130_fd_sc_hd__o311ai_0)
   0.36   30.06 ^ gen_col[13].u_pe_col/gen_pe[0].u_pe/_7622_/Y (sky130_fd_sc_hd__a311oi_1)
   0.18   30.25 ^ gen_col[13].u_pe_col/gen_pe[0].u_pe/_7624_/X (sky130_fd_sc_hd__o21a_1)
   0.14   30.39 ^ gen_col[13].u_pe_col/gen_pe[0].u_pe/_7626_/X (sky130_fd_sc_hd__o21a_1)
   0.14   30.54 ^ gen_col[13].u_pe_col/gen_pe[0].u_pe/_7627_/X (sky130_fd_sc_hd__o21a_1)
   0.14   30.68 ^ gen_col[13].u_pe_col/gen_pe[0].u_pe/_7629_/X (sky130_fd_sc_hd__o21a_1)
   0.13   30.81 ^ gen_col[13].u_pe_col/gen_pe[0].u_pe/_7630_/X (sky130_fd_sc_hd__o21a_1)
   0.12   30.93 v gen_col[13].u_pe_col/gen_pe[0].u_pe/_7632_/Y (sky130_fd_sc_hd__o21ai_0)
   0.35   31.28 ^ gen_col[13].u_pe_col/gen_pe[0].u_pe/_7636_/Y (sky130_fd_sc_hd__a21boi_0)
   0.16   31.44 v gen_col[13].u_pe_col/gen_pe[0].u_pe/_7652_/Y (sky130_fd_sc_hd__o211ai_1)
   0.32   31.76 ^ gen_col[13].u_pe_col/gen_pe[0].u_pe/_7674_/Y (sky130_fd_sc_hd__a211oi_1)
   0.18   31.94 v gen_col[13].u_pe_col/gen_pe[0].u_pe/_7681_/Y (sky130_fd_sc_hd__o211ai_1)
   0.27   32.20 ^ gen_col[13].u_pe_col/gen_pe[0].u_pe/_7684_/Y (sky130_fd_sc_hd__a211oi_1)
   0.20   32.41 ^ gen_col[13].u_pe_col/gen_pe[0].u_pe/_7687_/X (sky130_fd_sc_hd__o31a_1)
   0.15   32.56 ^ gen_col[13].u_pe_col/gen_pe[0].u_pe/_7689_/X (sky130_fd_sc_hd__o21a_1)
   0.14   32.70 ^ gen_col[13].u_pe_col/gen_pe[0].u_pe/_7691_/X (sky130_fd_sc_hd__o21a_1)
   0.14   32.85 ^ gen_col[13].u_pe_col/gen_pe[0].u_pe/_7693_/X (sky130_fd_sc_hd__o21a_1)
   0.14   32.99 ^ gen_col[13].u_pe_col/gen_pe[0].u_pe/_7695_/X (sky130_fd_sc_hd__o21a_1)
   0.14   33.13 ^ gen_col[13].u_pe_col/gen_pe[0].u_pe/_7697_/X (sky130_fd_sc_hd__o21a_1)
   0.14   33.28 ^ gen_col[13].u_pe_col/gen_pe[0].u_pe/_7699_/X (sky130_fd_sc_hd__o21a_1)
   0.14   33.42 ^ gen_col[13].u_pe_col/gen_pe[0].u_pe/_7700_/X (sky130_fd_sc_hd__o21a_1)
   0.14   33.57 ^ gen_col[13].u_pe_col/gen_pe[0].u_pe/_7702_/X (sky130_fd_sc_hd__o21a_1)
   0.14   33.71 ^ gen_col[13].u_pe_col/gen_pe[0].u_pe/_7704_/X (sky130_fd_sc_hd__o21a_1)
   0.14   33.86 ^ gen_col[13].u_pe_col/gen_pe[0].u_pe/_7706_/X (sky130_fd_sc_hd__o21a_1)
   0.14   34.00 ^ gen_col[13].u_pe_col/gen_pe[0].u_pe/_7707_/X (sky130_fd_sc_hd__o21a_1)
   0.14   34.14 ^ gen_col[13].u_pe_col/gen_pe[0].u_pe/_7709_/X (sky130_fd_sc_hd__o21a_1)
   0.14   34.29 ^ gen_col[13].u_pe_col/gen_pe[0].u_pe/_7710_/X (sky130_fd_sc_hd__o21a_1)
   0.14   34.43 ^ gen_col[13].u_pe_col/gen_pe[0].u_pe/_7712_/X (sky130_fd_sc_hd__o21a_1)
   0.18   34.61 ^ gen_col[13].u_pe_col/gen_pe[0].u_pe/_7715_/X (sky130_fd_sc_hd__o311a_1)
   0.15   34.76 ^ gen_col[13].u_pe_col/gen_pe[0].u_pe/_7717_/X (sky130_fd_sc_hd__o21a_1)
   0.18   34.94 ^ gen_col[13].u_pe_col/gen_pe[0].u_pe/_7736_/X (sky130_fd_sc_hd__o2111a_1)
   0.12   35.06 v gen_col[13].u_pe_col/gen_pe[0].u_pe/_7743_/Y (sky130_fd_sc_hd__o211ai_1)
   0.27   35.33 ^ gen_col[13].u_pe_col/gen_pe[0].u_pe/_7751_/Y (sky130_fd_sc_hd__a211oi_1)
   0.20   35.53 ^ gen_col[13].u_pe_col/gen_pe[0].u_pe/_7754_/X (sky130_fd_sc_hd__o31a_1)
   0.15   35.68 ^ gen_col[13].u_pe_col/gen_pe[0].u_pe/_7756_/X (sky130_fd_sc_hd__o21a_1)
   0.14   35.82 ^ gen_col[13].u_pe_col/gen_pe[0].u_pe/_7758_/X (sky130_fd_sc_hd__o21a_1)
   0.16   35.98 ^ gen_col[13].u_pe_col/gen_pe[0].u_pe/_7760_/X (sky130_fd_sc_hd__o21a_1)
   0.10   36.09 v gen_col[13].u_pe_col/gen_pe[0].u_pe/_7790_/Y (sky130_fd_sc_hd__o211ai_1)
   0.20   36.28 ^ gen_col[13].u_pe_col/gen_pe[0].u_pe/_7806_/Y (sky130_fd_sc_hd__a21oi_1)
   0.13   36.41 ^ gen_col[13].u_pe_col/gen_pe[0].u_pe/_8112_/X (sky130_fd_sc_hd__o21a_1)
   0.06   36.47 v gen_col[13].u_pe_col/gen_pe[0].u_pe/_8114_/Y (sky130_fd_sc_hd__o31ai_1)
   0.00   36.47 v gen_col[13].u_pe_col/gen_pe[0].u_pe/_8267_/D (sky130_fd_sc_hd__dfrtp_1)
          36.47   data arrival time

  20.00   20.00   clock clk (rise edge)
   0.00   20.00   clock network delay (ideal)
   0.00   20.00   clock reconvergence pessimism
          20.00 ^ gen_col[13].u_pe_col/gen_pe[0].u_pe/_8267_/CLK (sky130_fd_sc_hd__dfrtp_1)
  -0.22   19.78   library setup time
          19.78   data required time
---------------------------------------------------------
          19.78   data required time
         -36.47   data arrival time
---------------------------------------------------------
         -16.70   slack (VIOLATED)


Startpoint: gen_col[13].u_pe_col/gen_pe[0].u_pe/_8132_
            (rising edge-triggered flip-flop clocked by clk)
Endpoint: gen_col[14].u_pe_col/gen_pe[0].u_pe/_8267_
          (rising edge-triggered flip-flop clocked by clk)
Path Group: clk
Path Type: max

  Delay    Time   Description
---------------------------------------------------------
   0.00    0.00   clock clk (rise edge)
   0.00    0.00   clock network delay (ideal)
   0.00    0.00 ^ gen_col[13].u_pe_col/gen_pe[0].u_pe/_8132_/CLK (sky130_fd_sc_hd__dfrtp_1)
   0.45    0.45 v gen_col[13].u_pe_col/gen_pe[0].u_pe/_8132_/Q (sky130_fd_sc_hd__dfrtp_1)
   1.09    1.55 v gen_col[14].u_pe_col/gen_pe[0].u_pe/_5644_/X (sky130_fd_sc_hd__and3_1)
  10.88   12.43 ^ gen_col[14].u_pe_col/gen_pe[0].u_pe/_5646_/Y (sky130_fd_sc_hd__nor2_1)
   0.73   13.15 v gen_col[14].u_pe_col/gen_pe[0].u_pe/_7252_/Y (sky130_fd_sc_hd__xnor2_1)
   0.73   13.88 ^ gen_col[14].u_pe_col/gen_pe[0].u_pe/_7254_/X (sky130_fd_sc_hd__xor2_1)
   0.41   14.29 v gen_col[14].u_pe_col/gen_pe[0].u_pe/_7287_/X (sky130_fd_sc_hd__xnor3_1)
   0.11   14.40 ^ gen_col[14].u_pe_col/gen_pe[0].u_pe/_7288_/Y (sky130_fd_sc_hd__nor2_1)
   0.12   14.52 ^ gen_col[14].u_pe_col/gen_pe[0].u_pe/_7291_/Y (sky130_fd_sc_hd__nand2b_1)
   0.20   14.72 ^ gen_col[14].u_pe_col/gen_pe[0].u_pe/_7322_/X (sky130_fd_sc_hd__xor2_1)
   0.17   14.89 ^ gen_col[14].u_pe_col/gen_pe[0].u_pe/_7349_/Y (sky130_fd_sc_hd__xnor2_1)
   0.19   15.08 ^ gen_col[14].u_pe_col/gen_pe[0].u_pe/_7411_/Y (sky130_fd_sc_hd__xnor2_1)
   0.14   15.22 v gen_col[14].u_pe_col/gen_pe[0].u_pe/_7413_/Y (sky130_fd_sc_hd__a211oi_1)
   0.30   15.52 ^ gen_col[14].u_pe_col/gen_pe[0].u_pe/_7415_/Y (sky130_fd_sc_hd__o31ai_1)
   0.14   15.66 v gen_col[14].u_pe_col/gen_pe[0].u_pe/_7418_/Y (sky130_fd_sc_hd__a21oi_1)
   0.21   15.88 ^ gen_col[14].u_pe_col/gen_pe[0].u_pe/_7420_/Y (sky130_fd_sc_hd__o21bai_1)
   0.12   15.99 v gen_col[14].u_pe_col/gen_pe[0].u_pe/_7422_/Y (sky130_fd_sc_hd__a21oi_1)
   0.20   16.20 ^ gen_col[14].u_pe_col/gen_pe[0].u_pe/_7424_/Y (sky130_fd_sc_hd__o21bai_1)
   0.12   16.31 v gen_col[14].u_pe_col/gen_pe[0].u_pe/_7427_/Y (sky130_fd_sc_hd__a21oi_1)
   0.21   16.53 ^ gen_col[14].u_pe_col/gen_pe[0].u_pe/_7429_/Y (sky130_fd_sc_hd__o21bai_1)
   0.25   16.78 ^ gen_col[14].u_pe_col/gen_pe[0].u_pe/_7431_/X (sky130_fd_sc_hd__maj3_1)
   0.17   16.95 ^ gen_col[14].u_pe_col/gen_pe[0].u_pe/_7452_/X (sky130_fd_sc_hd__a31o_1)
   0.17   17.12 ^ gen_col[14].u_pe_col/gen_pe[0].u_pe/_7460_/X (sky130_fd_sc_hd__a31o_1)
   0.09   17.21 v gen_col[14].u_pe_col/gen_pe[0].u_pe/_7463_/Y (sky130_fd_sc_hd__a21oi_1)
   0.39   17.60 v gen_col[14].u_pe_col/gen_pe[0].u_pe/_7464_/X (sky130_fd_sc_hd__maj3_1)
   0.38   17.98 v gen_col[14].u_pe_col/gen_pe[0].u_pe/_7466_/X (sky130_fd_sc_hd__maj3_1)
   0.31   18.29 ^ gen_col[14].u_pe_col/gen_pe[0].u_pe/_7469_/Y (sky130_fd_sc_hd__o21ai_0)
   0.14   18.43 v gen_col[14].u_pe_col/gen_pe[0].u_pe/_7474_/Y (sky130_fd_sc_hd__a211oi_1)
   0.30   18.73 ^ gen_col[14].u_pe_col/gen_pe[0].u_pe/_7476_/Y (sky130_fd_sc_hd__o31ai_1)
   0.15   18.88 v gen_col[14].u_pe_col/gen_pe[0].u_pe/_7477_/Y (sky130_fd_sc_hd__a21oi_1)
   0.22   19.10 ^ gen_col[14].u_pe_col/gen_pe[0].u_pe/_7481_/Y (sky130_fd_sc_hd__o21ai_0)
   0.14   19.24 v gen_col[14].u_pe_col/gen_pe[0].u_pe/_7486_/Y (sky130_fd_sc_hd__a22oi_1)
   0.39   19.63 v gen_col[14].u_pe_col/gen_pe[0].u_pe/_7488_/X (sky130_fd_sc_hd__maj3_1)
   0.39   20.02 v gen_col[14].u_pe_col/gen_pe[0].u_pe/_7491_/X (sky130_fd_sc_hd__maj3_1)
   0.39   20.40 v gen_col[14].u_pe_col/gen_pe[0].u_pe/_7493_/X (sky130_fd_sc_hd__maj3_1)
   0.39   20.79 v gen_col[14].u_pe_col/gen_pe[0].u_pe/_7496_/X (sky130_fd_sc_hd__maj3_1)
   0.39   21.18 v gen_col[14].u_pe_col/gen_pe[0].u_pe/_7498_/X (sky130_fd_sc_hd__maj3_1)
   0.39   21.57 v gen_col[14].u_pe_col/gen_pe[0].u_pe/_7500_/X (sky130_fd_sc_hd__maj3_1)
   0.39   21.96 v gen_col[14].u_pe_col/gen_pe[0].u_pe/_7502_/X (sky130_fd_sc_hd__maj3_1)
   0.39   22.36 v gen_col[14].u_pe_col/gen_pe[0].u_pe/_7503_/X (sky130_fd_sc_hd__maj3_1)
   0.39   22.75 v gen_col[14].u_pe_col/gen_pe[0].u_pe/_7505_/X (sky130_fd_sc_hd__maj3_1)
   0.40   23.15 v gen_col[14].u_pe_col/gen_pe[0].u_pe/_7507_/X (sky130_fd_sc_hd__maj3_1)
   0.43   23.58 ^ gen_col[14].u_pe_col/gen_pe[0].u_pe/_7536_/Y (sky130_fd_sc_hd__o32ai_1)
   0.20   23.77 v gen_col[14].u_pe_col/gen_pe[0].u_pe/_7551_/Y (sky130_fd_sc_hd__a31oi_1)
   0.41   24.19 v gen_col[14].u_pe_col/gen_pe[0].u_pe/_7553_/X (sky130_fd_sc_hd__maj3_1)
   0.16   24.35 v gen_col[14].u_pe_col/gen_pe[0].u_pe/_7556_/Y (sky130_fd_sc_hd__a2bb2oi_1)
   0.38   24.73 v gen_col[14].u_pe_col/gen_pe[0].u_pe/_7557_/X (sky130_fd_sc_hd__maj3_1)
   0.39   25.12 v gen_col[14].u_pe_col/gen_pe[0].u_pe/_7559_/X (sky130_fd_sc_hd__maj3_1)
   0.39   25.51 v gen_col[14].u_pe_col/gen_pe[0].u_pe/_7561_/X (sky130_fd_sc_hd__maj3_1)
   0.39   25.90 v gen_col[14].u_pe_col/gen_pe[0].u_pe/_7564_/X (sky130_fd_sc_hd__maj3_1)
   0.23   26.13 ^ gen_col[14].u_pe_col/gen_pe[0].u_pe/_7569_/Y (sky130_fd_sc_hd__o211ai_1)
   0.15   26.29 v gen_col[14].u_pe_col/gen_pe[0].u_pe/_7573_/Y (sky130_fd_sc_hd__a311oi_1)
   0.30   26.59 ^ gen_col[14].u_pe_col/gen_pe[0].u_pe/_7578_/Y (sky130_fd_sc_hd__nor4_1)
   0.22   26.81 ^ gen_col[14].u_pe_col/gen_pe[0].u_pe/_7581_/X (sky130_fd_sc_hd__o21a_1)
   0.15   26.96 ^ gen_col[14].u_pe_col/gen_pe[0].u_pe/_7582_/X (sky130_fd_sc_hd__o21a_1)
   0.21   27.17 ^ gen_col[14].u_pe_col/gen_pe[0].u_pe/_7586_/X (sky130_fd_sc_hd__o221a_1)
   0.15   27.32 v gen_col[14].u_pe_col/gen_pe[0].u_pe/_7589_/Y (sky130_fd_sc_hd__o311ai_0)
   0.29   27.61 ^ gen_col[14].u_pe_col/gen_pe[0].u_pe/_7593_/Y (sky130_fd_sc_hd__a21boi_0)
   0.18   27.79 ^ gen_col[14].u_pe_col/gen_pe[0].u_pe/_7594_/X (sky130_fd_sc_hd__o21a_1)
   0.14   27.93 ^ gen_col[14].u_pe_col/gen_pe[0].u_pe/_7596_/X (sky130_fd_sc_hd__o21a_1)
   0.14   28.08 ^ gen_col[14].u_pe_col/gen_pe[0].u_pe/_7598_/X (sky130_fd_sc_hd__o21a_1)
   0.14   28.22 ^ gen_col[14].u_pe_col/gen_pe[0].u_pe/_7600_/X (sky130_fd_sc_hd__o21a_1)
   0.14   28.37 ^ gen_col[14].u_pe_col/gen_pe[0].u_pe/_7602_/X (sky130_fd_sc_hd__o21a_1)
   0.14   28.51 ^ gen_col[14].u_pe_col/gen_pe[0].u_pe/_7603_/X (sky130_fd_sc_hd__o21a_1)
   0.14   28.66 ^ gen_col[14].u_pe_col/gen_pe[0].u_pe/_7605_/X (sky130_fd_sc_hd__o21a_1)
   0.14   28.80 ^ gen_col[14].u_pe_col/gen_pe[0].u_pe/_7606_/X (sky130_fd_sc_hd__o21a_1)
   0.14   28.94 ^ gen_col[14].u_pe_col/gen_pe[0].u_pe/_7608_/X (sky130_fd_sc_hd__o21a_1)
   0.14   29.09 ^ gen_col[14].u_pe_col/gen_pe[0].u_pe/_7610_/X (sky130_fd_sc_hd__o21a_1)
   0.14   29.23 ^ gen_col[14].u_pe_col/gen_pe[0].u_pe/_7612_/X (sky130_fd_sc_hd__o21a_1)
   0.14   29.38 ^ gen_col[14].u_pe_col/gen_pe[0].u_pe/_7613_/X (sky130_fd_sc_hd__o21a_1)
   0.14   29.52 ^ gen_col[14].u_pe_col/gen_pe[0].u_pe/_7615_/X (sky130_fd_sc_hd__o21a_1)
   0.18   29.70 v gen_col[14].u_pe_col/gen_pe[0].u_pe/_7618_/Y (sky130_fd_sc_hd__o311ai_0)
   0.36   30.06 ^ gen_col[14].u_pe_col/gen_pe[0].u_pe/_7622_/Y (sky130_fd_sc_hd__a311oi_1)
   0.18   30.25 ^ gen_col[14].u_pe_col/gen_pe[0].u_pe/_7624_/X (sky130_fd_sc_hd__o21a_1)
   0.14   30.39 ^ gen_col[14].u_pe_col/gen_pe[0].u_pe/_7626_/X (sky130_fd_sc_hd__o21a_1)
   0.14   30.54 ^ gen_col[14].u_pe_col/gen_pe[0].u_pe/_7627_/X (sky130_fd_sc_hd__o21a_1)
   0.14   30.68 ^ gen_col[14].u_pe_col/gen_pe[0].u_pe/_7629_/X (sky130_fd_sc_hd__o21a_1)
   0.13   30.81 ^ gen_col[14].u_pe_col/gen_pe[0].u_pe/_7630_/X (sky130_fd_sc_hd__o21a_1)
   0.12   30.93 v gen_col[14].u_pe_col/gen_pe[0].u_pe/_7632_/Y (sky130_fd_sc_hd__o21ai_0)
   0.35   31.28 ^ gen_col[14].u_pe_col/gen_pe[0].u_pe/_7636_/Y (sky130_fd_sc_hd__a21boi_0)
   0.16   31.44 v gen_col[14].u_pe_col/gen_pe[0].u_pe/_7652_/Y (sky130_fd_sc_hd__o211ai_1)
   0.32   31.76 ^ gen_col[14].u_pe_col/gen_pe[0].u_pe/_7674_/Y (sky130_fd_sc_hd__a211oi_1)
   0.18   31.94 v gen_col[14].u_pe_col/gen_pe[0].u_pe/_7681_/Y (sky130_fd_sc_hd__o211ai_1)
   0.27   32.20 ^ gen_col[14].u_pe_col/gen_pe[0].u_pe/_7684_/Y (sky130_fd_sc_hd__a211oi_1)
   0.20   32.41 ^ gen_col[14].u_pe_col/gen_pe[0].u_pe/_7687_/X (sky130_fd_sc_hd__o31a_1)
   0.15   32.56 ^ gen_col[14].u_pe_col/gen_pe[0].u_pe/_7689_/X (sky130_fd_sc_hd__o21a_1)
   0.14   32.70 ^ gen_col[14].u_pe_col/gen_pe[0].u_pe/_7691_/X (sky130_fd_sc_hd__o21a_1)
   0.14   32.85 ^ gen_col[14].u_pe_col/gen_pe[0].u_pe/_7693_/X (sky130_fd_sc_hd__o21a_1)
   0.14   32.99 ^ gen_col[14].u_pe_col/gen_pe[0].u_pe/_7695_/X (sky130_fd_sc_hd__o21a_1)
   0.14   33.13 ^ gen_col[14].u_pe_col/gen_pe[0].u_pe/_7697_/X (sky130_fd_sc_hd__o21a_1)
   0.14   33.28 ^ gen_col[14].u_pe_col/gen_pe[0].u_pe/_7699_/X (sky130_fd_sc_hd__o21a_1)
   0.14   33.42 ^ gen_col[14].u_pe_col/gen_pe[0].u_pe/_7700_/X (sky130_fd_sc_hd__o21a_1)
   0.14   33.57 ^ gen_col[14].u_pe_col/gen_pe[0].u_pe/_7702_/X (sky130_fd_sc_hd__o21a_1)
   0.14   33.71 ^ gen_col[14].u_pe_col/gen_pe[0].u_pe/_7704_/X (sky130_fd_sc_hd__o21a_1)
   0.14   33.86 ^ gen_col[14].u_pe_col/gen_pe[0].u_pe/_7706_/X (sky130_fd_sc_hd__o21a_1)
   0.14   34.00 ^ gen_col[14].u_pe_col/gen_pe[0].u_pe/_7707_/X (sky130_fd_sc_hd__o21a_1)
   0.14   34.14 ^ gen_col[14].u_pe_col/gen_pe[0].u_pe/_7709_/X (sky130_fd_sc_hd__o21a_1)
   0.14   34.29 ^ gen_col[14].u_pe_col/gen_pe[0].u_pe/_7710_/X (sky130_fd_sc_hd__o21a_1)
   0.14   34.43 ^ gen_col[14].u_pe_col/gen_pe[0].u_pe/_7712_/X (sky130_fd_sc_hd__o21a_1)
   0.18   34.61 ^ gen_col[14].u_pe_col/gen_pe[0].u_pe/_7715_/X (sky130_fd_sc_hd__o311a_1)
   0.15   34.76 ^ gen_col[14].u_pe_col/gen_pe[0].u_pe/_7717_/X (sky130_fd_sc_hd__o21a_1)
   0.18   34.94 ^ gen_col[14].u_pe_col/gen_pe[0].u_pe/_7736_/X (sky130_fd_sc_hd__o2111a_1)
   0.12   35.06 v gen_col[14].u_pe_col/gen_pe[0].u_pe/_7743_/Y (sky130_fd_sc_hd__o211ai_1)
   0.27   35.33 ^ gen_col[14].u_pe_col/gen_pe[0].u_pe/_7751_/Y (sky130_fd_sc_hd__a211oi_1)
   0.20   35.53 ^ gen_col[14].u_pe_col/gen_pe[0].u_pe/_7754_/X (sky130_fd_sc_hd__o31a_1)
   0.15   35.68 ^ gen_col[14].u_pe_col/gen_pe[0].u_pe/_7756_/X (sky130_fd_sc_hd__o21a_1)
   0.14   35.82 ^ gen_col[14].u_pe_col/gen_pe[0].u_pe/_7758_/X (sky130_fd_sc_hd__o21a_1)
   0.16   35.98 ^ gen_col[14].u_pe_col/gen_pe[0].u_pe/_7760_/X (sky130_fd_sc_hd__o21a_1)
   0.10   36.09 v gen_col[14].u_pe_col/gen_pe[0].u_pe/_7790_/Y (sky130_fd_sc_hd__o211ai_1)
   0.20   36.28 ^ gen_col[14].u_pe_col/gen_pe[0].u_pe/_7806_/Y (sky130_fd_sc_hd__a21oi_1)
   0.13   36.41 ^ gen_col[14].u_pe_col/gen_pe[0].u_pe/_8112_/X (sky130_fd_sc_hd__o21a_1)
   0.06   36.47 v gen_col[14].u_pe_col/gen_pe[0].u_pe/_8114_/Y (sky130_fd_sc_hd__o31ai_1)
   0.00   36.47 v gen_col[14].u_pe_col/gen_pe[0].u_pe/_8267_/D (sky130_fd_sc_hd__dfrtp_1)
          36.47   data arrival time

  20.00   20.00   clock clk (rise edge)
   0.00   20.00   clock network delay (ideal)
   0.00   20.00   clock reconvergence pessimism
          20.00 ^ gen_col[14].u_pe_col/gen_pe[0].u_pe/_8267_/CLK (sky130_fd_sc_hd__dfrtp_1)
  -0.22   19.78   library setup time
          19.78   data required time
---------------------------------------------------------
          19.78   data required time
         -36.47   data arrival time
---------------------------------------------------------
         -16.70   slack (VIOLATED)


Timing Analysis Completed.
