OpenSTA 3.1.0  Copyright (c) 2026, Parallax Software, Inc.
License GPLv3: GNU GPL version 3 <http://gnu.org/licenses/gpl.html>

This is free software, and you are free to change and redistribute it
under certain conditions; type `show_copying' for details. 
This program comes with ABSOLUTELY NO WARRANTY; for details type `show_warranty'.
Warning 503: timing.tcl line 1, report_checks -group_count is deprecated. Use -group_path_count instead.
Startpoint: gen_col[0].u_pe_col/gen_pe[0].u_pe/_5301_
            (rising edge-triggered flip-flop clocked by clk)
Endpoint: gen_col[0].u_pe_col/gen_pe[0].u_pe/_5433_
          (rising edge-triggered flip-flop clocked by clk)
Path Group: clk
Path Type: max

  Delay    Time   Description
---------------------------------------------------------
   0.00    0.00   clock clk (rise edge)
   0.00    0.00   clock network delay (ideal)
   0.00    0.00 ^ gen_col[0].u_pe_col/gen_pe[0].u_pe/_5301_/CLK (sky130_fd_sc_hd__dfrtp_1)
   0.39    0.39 ^ gen_col[0].u_pe_col/gen_pe[0].u_pe/_5301_/Q (sky130_fd_sc_hd__dfrtp_1)
  10.75   11.13 ^ gen_col[0].u_pe_col/gen_pe[0].u_pe/_3779_/X (sky130_fd_sc_hd__and2_0)
   1.39   12.52 v gen_col[0].u_pe_col/gen_pe[0].u_pe/_4840_/Y (sky130_fd_sc_hd__xnor2_1)
   0.96   13.48 v gen_col[0].u_pe_col/gen_pe[0].u_pe/_4857_/X (sky130_fd_sc_hd__xor3_1)
   0.18   13.67 v gen_col[0].u_pe_col/gen_pe[0].u_pe/_4869_/Y (sky130_fd_sc_hd__xnor2_1)
   0.40   14.07 v gen_col[0].u_pe_col/gen_pe[0].u_pe/_4895_/X (sky130_fd_sc_hd__maj3_1)
   0.39   14.46 v gen_col[0].u_pe_col/gen_pe[0].u_pe/_4898_/X (sky130_fd_sc_hd__maj3_1)
   0.39   14.85 v gen_col[0].u_pe_col/gen_pe[0].u_pe/_4900_/X (sky130_fd_sc_hd__maj3_1)
   0.39   15.24 v gen_col[0].u_pe_col/gen_pe[0].u_pe/_4902_/X (sky130_fd_sc_hd__maj3_1)
   0.39   15.63 v gen_col[0].u_pe_col/gen_pe[0].u_pe/_4905_/X (sky130_fd_sc_hd__maj3_1)
   0.39   16.01 v gen_col[0].u_pe_col/gen_pe[0].u_pe/_4908_/X (sky130_fd_sc_hd__maj3_1)
   0.39   16.40 v gen_col[0].u_pe_col/gen_pe[0].u_pe/_4911_/X (sky130_fd_sc_hd__maj3_1)
   0.39   16.79 v gen_col[0].u_pe_col/gen_pe[0].u_pe/_4914_/X (sky130_fd_sc_hd__maj3_1)
   0.39   17.18 v gen_col[0].u_pe_col/gen_pe[0].u_pe/_4917_/X (sky130_fd_sc_hd__maj3_1)
   0.39   17.56 v gen_col[0].u_pe_col/gen_pe[0].u_pe/_4920_/X (sky130_fd_sc_hd__maj3_1)
   0.39   17.95 v gen_col[0].u_pe_col/gen_pe[0].u_pe/_4923_/X (sky130_fd_sc_hd__maj3_1)
   0.39   18.34 v gen_col[0].u_pe_col/gen_pe[0].u_pe/_4926_/X (sky130_fd_sc_hd__maj3_1)
   0.39   18.73 v gen_col[0].u_pe_col/gen_pe[0].u_pe/_4929_/X (sky130_fd_sc_hd__maj3_1)
   0.39   19.12 v gen_col[0].u_pe_col/gen_pe[0].u_pe/_4932_/X (sky130_fd_sc_hd__maj3_1)
   0.39   19.50 v gen_col[0].u_pe_col/gen_pe[0].u_pe/_4935_/X (sky130_fd_sc_hd__maj3_1)
   0.39   19.89 v gen_col[0].u_pe_col/gen_pe[0].u_pe/_4938_/X (sky130_fd_sc_hd__maj3_1)
   0.38   20.27 v gen_col[0].u_pe_col/gen_pe[0].u_pe/_4941_/X (sky130_fd_sc_hd__maj3_1)
   0.31   20.59 ^ gen_col[0].u_pe_col/gen_pe[0].u_pe/_4945_/Y (sky130_fd_sc_hd__a211oi_1)
   0.14   20.73 v gen_col[0].u_pe_col/gen_pe[0].u_pe/_4947_/Y (sky130_fd_sc_hd__o31ai_1)
   0.41   21.14 v gen_col[0].u_pe_col/gen_pe[0].u_pe/_4949_/X (sky130_fd_sc_hd__maj3_1)
   0.28   21.42 ^ gen_col[0].u_pe_col/gen_pe[0].u_pe/_4952_/Y (sky130_fd_sc_hd__a211oi_1)
   0.19   21.61 v gen_col[0].u_pe_col/gen_pe[0].u_pe/_4955_/Y (sky130_fd_sc_hd__o311ai_0)
   0.33   21.94 ^ gen_col[0].u_pe_col/gen_pe[0].u_pe/_4958_/Y (sky130_fd_sc_hd__a311oi_1)
   0.13   22.07 v gen_col[0].u_pe_col/gen_pe[0].u_pe/_4960_/Y (sky130_fd_sc_hd__o31ai_1)
   0.40   22.47 v gen_col[0].u_pe_col/gen_pe[0].u_pe/_4962_/X (sky130_fd_sc_hd__maj3_1)
   0.39   22.86 v gen_col[0].u_pe_col/gen_pe[0].u_pe/_4964_/X (sky130_fd_sc_hd__maj3_1)
   0.39   23.25 v gen_col[0].u_pe_col/gen_pe[0].u_pe/_4967_/X (sky130_fd_sc_hd__maj3_1)
   0.39   23.64 v gen_col[0].u_pe_col/gen_pe[0].u_pe/_4970_/X (sky130_fd_sc_hd__maj3_1)
   0.40   24.04 v gen_col[0].u_pe_col/gen_pe[0].u_pe/_4973_/X (sky130_fd_sc_hd__maj3_1)
   0.26   24.30 ^ gen_col[0].u_pe_col/gen_pe[0].u_pe/_4976_/Y (sky130_fd_sc_hd__a211oi_1)
   0.13   24.43 v gen_col[0].u_pe_col/gen_pe[0].u_pe/_4978_/Y (sky130_fd_sc_hd__o31ai_1)
   0.41   24.84 v gen_col[0].u_pe_col/gen_pe[0].u_pe/_4980_/X (sky130_fd_sc_hd__maj3_1)
   0.26   25.11 ^ gen_col[0].u_pe_col/gen_pe[0].u_pe/_4983_/Y (sky130_fd_sc_hd__a211oi_1)
   0.19   25.30 v gen_col[0].u_pe_col/gen_pe[0].u_pe/_4986_/Y (sky130_fd_sc_hd__o311ai_0)
   0.27   25.57 ^ gen_col[0].u_pe_col/gen_pe[0].u_pe/_4988_/Y (sky130_fd_sc_hd__a31oi_1)
   0.25   25.82 ^ gen_col[0].u_pe_col/gen_pe[0].u_pe/_4990_/X (sky130_fd_sc_hd__maj3_1)
   0.21   26.03 ^ gen_col[0].u_pe_col/gen_pe[0].u_pe/_4992_/X (sky130_fd_sc_hd__maj3_1)
   0.22   26.25 ^ gen_col[0].u_pe_col/gen_pe[0].u_pe/_4994_/X (sky130_fd_sc_hd__maj3_1)
   0.13   26.38 v gen_col[0].u_pe_col/gen_pe[0].u_pe/_4999_/Y (sky130_fd_sc_hd__o211ai_1)
   0.32   26.71 ^ gen_col[0].u_pe_col/gen_pe[0].u_pe/_5002_/Y (sky130_fd_sc_hd__a311oi_1)
   0.19   26.90 v gen_col[0].u_pe_col/gen_pe[0].u_pe/_5005_/Y (sky130_fd_sc_hd__o311ai_0)
   0.39   27.29 ^ gen_col[0].u_pe_col/gen_pe[0].u_pe/_5008_/Y (sky130_fd_sc_hd__a311oi_1)
   0.20   27.49 v gen_col[0].u_pe_col/gen_pe[0].u_pe/_5011_/Y (sky130_fd_sc_hd__o311ai_0)
   0.35   27.84 ^ gen_col[0].u_pe_col/gen_pe[0].u_pe/_5014_/Y (sky130_fd_sc_hd__a311oi_1)
   0.17   28.01 v gen_col[0].u_pe_col/gen_pe[0].u_pe/_5017_/Y (sky130_fd_sc_hd__o311ai_0)
   0.27   28.28 ^ gen_col[0].u_pe_col/gen_pe[0].u_pe/_5019_/Y (sky130_fd_sc_hd__a31oi_1)
   0.25   28.53 ^ gen_col[0].u_pe_col/gen_pe[0].u_pe/_5021_/X (sky130_fd_sc_hd__maj3_1)
   0.21   28.74 ^ gen_col[0].u_pe_col/gen_pe[0].u_pe/_5023_/X (sky130_fd_sc_hd__maj3_1)
   0.21   28.95 ^ gen_col[0].u_pe_col/gen_pe[0].u_pe/_5025_/X (sky130_fd_sc_hd__maj3_1)
   0.21   29.16 ^ gen_col[0].u_pe_col/gen_pe[0].u_pe/_5027_/X (sky130_fd_sc_hd__maj3_1)
   0.22   29.38 ^ gen_col[0].u_pe_col/gen_pe[0].u_pe/_5029_/X (sky130_fd_sc_hd__maj3_1)
   0.13   29.51 v gen_col[0].u_pe_col/gen_pe[0].u_pe/_5033_/Y (sky130_fd_sc_hd__o211ai_1)
   0.22   29.73 ^ gen_col[0].u_pe_col/gen_pe[0].u_pe/_5035_/Y (sky130_fd_sc_hd__a31oi_1)
   0.23   29.95 ^ gen_col[0].u_pe_col/gen_pe[0].u_pe/_5038_/X (sky130_fd_sc_hd__maj3_1)
   0.15   30.10 v gen_col[0].u_pe_col/gen_pe[0].u_pe/_5043_/Y (sky130_fd_sc_hd__o221ai_1)
   0.36   30.46 ^ gen_col[0].u_pe_col/gen_pe[0].u_pe/_5046_/Y (sky130_fd_sc_hd__a311oi_1)
   0.20   30.66 v gen_col[0].u_pe_col/gen_pe[0].u_pe/_5049_/Y (sky130_fd_sc_hd__o311ai_0)
   0.24   30.90 ^ gen_col[0].u_pe_col/gen_pe[0].u_pe/_5051_/Y (sky130_fd_sc_hd__a31oi_1)
   0.23   31.13 ^ gen_col[0].u_pe_col/gen_pe[0].u_pe/_5054_/X (sky130_fd_sc_hd__maj3_1)
   0.12   31.25 v gen_col[0].u_pe_col/gen_pe[0].u_pe/_5059_/Y (sky130_fd_sc_hd__o211ai_1)
   0.36   31.61 ^ gen_col[0].u_pe_col/gen_pe[0].u_pe/_5062_/Y (sky130_fd_sc_hd__a311oi_1)
   0.15   31.76 v gen_col[0].u_pe_col/gen_pe[0].u_pe/_5066_/Y (sky130_fd_sc_hd__o311ai_0)
   0.33   32.09 ^ gen_col[0].u_pe_col/gen_pe[0].u_pe/_5069_/Y (sky130_fd_sc_hd__a311oi_1)
   0.14   32.23 v gen_col[0].u_pe_col/gen_pe[0].u_pe/_5071_/Y (sky130_fd_sc_hd__o31ai_1)
   0.40   32.63 v gen_col[0].u_pe_col/gen_pe[0].u_pe/_5072_/X (sky130_fd_sc_hd__maj3_1)
   0.26   32.89 ^ gen_col[0].u_pe_col/gen_pe[0].u_pe/_5075_/Y (sky130_fd_sc_hd__a211oi_1)
   0.13   33.03 v gen_col[0].u_pe_col/gen_pe[0].u_pe/_5077_/Y (sky130_fd_sc_hd__o31ai_1)
   0.39   33.42 v gen_col[0].u_pe_col/gen_pe[0].u_pe/_5078_/X (sky130_fd_sc_hd__maj3_1)
   0.39   33.81 v gen_col[0].u_pe_col/gen_pe[0].u_pe/_5080_/X (sky130_fd_sc_hd__maj3_1)
   0.39   34.20 v gen_col[0].u_pe_col/gen_pe[0].u_pe/_5082_/X (sky130_fd_sc_hd__maj3_1)
   0.39   34.59 v gen_col[0].u_pe_col/gen_pe[0].u_pe/_5085_/X (sky130_fd_sc_hd__maj3_1)
   0.39   34.97 v gen_col[0].u_pe_col/gen_pe[0].u_pe/_5088_/X (sky130_fd_sc_hd__maj3_1)
   0.39   35.36 v gen_col[0].u_pe_col/gen_pe[0].u_pe/_5091_/X (sky130_fd_sc_hd__maj3_1)
   0.39   35.75 v gen_col[0].u_pe_col/gen_pe[0].u_pe/_5094_/X (sky130_fd_sc_hd__maj3_1)
   0.39   36.14 v gen_col[0].u_pe_col/gen_pe[0].u_pe/_5097_/X (sky130_fd_sc_hd__maj3_1)
   0.39   36.52 v gen_col[0].u_pe_col/gen_pe[0].u_pe/_5100_/X (sky130_fd_sc_hd__maj3_1)
   0.39   36.91 v gen_col[0].u_pe_col/gen_pe[0].u_pe/_5103_/X (sky130_fd_sc_hd__maj3_1)
   0.38   37.30 v gen_col[0].u_pe_col/gen_pe[0].u_pe/_5106_/X (sky130_fd_sc_hd__maj3_1)
   0.28   37.58 ^ gen_col[0].u_pe_col/gen_pe[0].u_pe/_5110_/Y (sky130_fd_sc_hd__a211oi_1)
   0.19   37.77 v gen_col[0].u_pe_col/gen_pe[0].u_pe/_5113_/Y (sky130_fd_sc_hd__o311ai_0)
   0.35   38.12 ^ gen_col[0].u_pe_col/gen_pe[0].u_pe/_5116_/Y (sky130_fd_sc_hd__a311oi_1)
   0.14   38.25 v gen_col[0].u_pe_col/gen_pe[0].u_pe/_5118_/Y (sky130_fd_sc_hd__o31ai_1)
   0.39   38.65 v gen_col[0].u_pe_col/gen_pe[0].u_pe/_5120_/X (sky130_fd_sc_hd__maj3_1)
   0.39   39.03 v gen_col[0].u_pe_col/gen_pe[0].u_pe/_5122_/X (sky130_fd_sc_hd__maj3_1)
   0.39   39.43 v gen_col[0].u_pe_col/gen_pe[0].u_pe/_5125_/X (sky130_fd_sc_hd__maj3_1)
   0.38   39.81 v gen_col[0].u_pe_col/gen_pe[0].u_pe/_5127_/X (sky130_fd_sc_hd__maj3_1)
   0.16   39.97 v gen_col[0].u_pe_col/gen_pe[0].u_pe/_5130_/X (sky130_fd_sc_hd__and2_0)
   0.19   40.15 v gen_col[0].u_pe_col/gen_pe[0].u_pe/_5132_/X (sky130_fd_sc_hd__o21a_1)
   0.30   40.45 v gen_col[0].u_pe_col/gen_pe[0].u_pe/_5136_/X (sky130_fd_sc_hd__o311a_1)
   0.19   40.64 v gen_col[0].u_pe_col/gen_pe[0].u_pe/_5138_/X (sky130_fd_sc_hd__o21a_1)
   0.19   40.82 v gen_col[0].u_pe_col/gen_pe[0].u_pe/_5140_/X (sky130_fd_sc_hd__o21a_1)
   0.19   41.01 v gen_col[0].u_pe_col/gen_pe[0].u_pe/_5142_/X (sky130_fd_sc_hd__o21a_1)
   0.19   41.20 v gen_col[0].u_pe_col/gen_pe[0].u_pe/_5144_/X (sky130_fd_sc_hd__o21a_1)
   0.18   41.38 v gen_col[0].u_pe_col/gen_pe[0].u_pe/_5146_/X (sky130_fd_sc_hd__o21a_1)
   0.23   41.61 ^ gen_col[0].u_pe_col/gen_pe[0].u_pe/_5155_/Y (sky130_fd_sc_hd__o21ai_0)
   0.18   41.79 ^ gen_col[0].u_pe_col/gen_pe[0].u_pe/_3768_/X (sky130_fd_sc_hd__a31o_1)
   0.06   41.84 v gen_col[0].u_pe_col/gen_pe[0].u_pe/_3769_/Y (sky130_fd_sc_hd__o21ai_0)
   0.00   41.84 v gen_col[0].u_pe_col/gen_pe[0].u_pe/_5433_/D (sky130_fd_sc_hd__dfrtp_1)
          41.84   data arrival time

  20.00   20.00   clock clk (rise edge)
   0.00   20.00   clock network delay (ideal)
   0.00   20.00   clock reconvergence pessimism
          20.00 ^ gen_col[0].u_pe_col/gen_pe[0].u_pe/_5433_/CLK (sky130_fd_sc_hd__dfrtp_1)
  -0.24   19.76   library setup time
          19.76   data required time
---------------------------------------------------------
          19.76   data required time
         -41.84   data arrival time
---------------------------------------------------------
         -22.08   slack (VIOLATED)


Startpoint: gen_col[0].u_pe_col/gen_pe[1].u_pe/_5301_
            (rising edge-triggered flip-flop clocked by clk)
Endpoint: gen_col[0].u_pe_col/gen_pe[1].u_pe/_5433_
          (rising edge-triggered flip-flop clocked by clk)
Path Group: clk
Path Type: max

  Delay    Time   Description
---------------------------------------------------------
   0.00    0.00   clock clk (rise edge)
   0.00    0.00   clock network delay (ideal)
   0.00    0.00 ^ gen_col[0].u_pe_col/gen_pe[1].u_pe/_5301_/CLK (sky130_fd_sc_hd__dfrtp_1)
   0.39    0.39 ^ gen_col[0].u_pe_col/gen_pe[1].u_pe/_5301_/Q (sky130_fd_sc_hd__dfrtp_1)
  10.75   11.13 ^ gen_col[0].u_pe_col/gen_pe[1].u_pe/_3779_/X (sky130_fd_sc_hd__and2_0)
   1.39   12.52 v gen_col[0].u_pe_col/gen_pe[1].u_pe/_4840_/Y (sky130_fd_sc_hd__xnor2_1)
   0.96   13.48 v gen_col[0].u_pe_col/gen_pe[1].u_pe/_4857_/X (sky130_fd_sc_hd__xor3_1)
   0.18   13.67 v gen_col[0].u_pe_col/gen_pe[1].u_pe/_4869_/Y (sky130_fd_sc_hd__xnor2_1)
   0.40   14.07 v gen_col[0].u_pe_col/gen_pe[1].u_pe/_4895_/X (sky130_fd_sc_hd__maj3_1)
   0.39   14.46 v gen_col[0].u_pe_col/gen_pe[1].u_pe/_4898_/X (sky130_fd_sc_hd__maj3_1)
   0.39   14.85 v gen_col[0].u_pe_col/gen_pe[1].u_pe/_4900_/X (sky130_fd_sc_hd__maj3_1)
   0.39   15.24 v gen_col[0].u_pe_col/gen_pe[1].u_pe/_4902_/X (sky130_fd_sc_hd__maj3_1)
   0.39   15.63 v gen_col[0].u_pe_col/gen_pe[1].u_pe/_4905_/X (sky130_fd_sc_hd__maj3_1)
   0.39   16.01 v gen_col[0].u_pe_col/gen_pe[1].u_pe/_4908_/X (sky130_fd_sc_hd__maj3_1)
   0.39   16.40 v gen_col[0].u_pe_col/gen_pe[1].u_pe/_4911_/X (sky130_fd_sc_hd__maj3_1)
   0.39   16.79 v gen_col[0].u_pe_col/gen_pe[1].u_pe/_4914_/X (sky130_fd_sc_hd__maj3_1)
   0.39   17.18 v gen_col[0].u_pe_col/gen_pe[1].u_pe/_4917_/X (sky130_fd_sc_hd__maj3_1)
   0.39   17.56 v gen_col[0].u_pe_col/gen_pe[1].u_pe/_4920_/X (sky130_fd_sc_hd__maj3_1)
   0.39   17.95 v gen_col[0].u_pe_col/gen_pe[1].u_pe/_4923_/X (sky130_fd_sc_hd__maj3_1)
   0.39   18.34 v gen_col[0].u_pe_col/gen_pe[1].u_pe/_4926_/X (sky130_fd_sc_hd__maj3_1)
   0.39   18.73 v gen_col[0].u_pe_col/gen_pe[1].u_pe/_4929_/X (sky130_fd_sc_hd__maj3_1)
   0.39   19.12 v gen_col[0].u_pe_col/gen_pe[1].u_pe/_4932_/X (sky130_fd_sc_hd__maj3_1)
   0.39   19.50 v gen_col[0].u_pe_col/gen_pe[1].u_pe/_4935_/X (sky130_fd_sc_hd__maj3_1)
   0.39   19.89 v gen_col[0].u_pe_col/gen_pe[1].u_pe/_4938_/X (sky130_fd_sc_hd__maj3_1)
   0.38   20.27 v gen_col[0].u_pe_col/gen_pe[1].u_pe/_4941_/X (sky130_fd_sc_hd__maj3_1)
   0.31   20.59 ^ gen_col[0].u_pe_col/gen_pe[1].u_pe/_4945_/Y (sky130_fd_sc_hd__a211oi_1)
   0.14   20.73 v gen_col[0].u_pe_col/gen_pe[1].u_pe/_4947_/Y (sky130_fd_sc_hd__o31ai_1)
   0.41   21.14 v gen_col[0].u_pe_col/gen_pe[1].u_pe/_4949_/X (sky130_fd_sc_hd__maj3_1)
   0.28   21.42 ^ gen_col[0].u_pe_col/gen_pe[1].u_pe/_4952_/Y (sky130_fd_sc_hd__a211oi_1)
   0.19   21.61 v gen_col[0].u_pe_col/gen_pe[1].u_pe/_4955_/Y (sky130_fd_sc_hd__o311ai_0)
   0.33   21.94 ^ gen_col[0].u_pe_col/gen_pe[1].u_pe/_4958_/Y (sky130_fd_sc_hd__a311oi_1)
   0.13   22.07 v gen_col[0].u_pe_col/gen_pe[1].u_pe/_4960_/Y (sky130_fd_sc_hd__o31ai_1)
   0.40   22.47 v gen_col[0].u_pe_col/gen_pe[1].u_pe/_4962_/X (sky130_fd_sc_hd__maj3_1)
   0.39   22.86 v gen_col[0].u_pe_col/gen_pe[1].u_pe/_4964_/X (sky130_fd_sc_hd__maj3_1)
   0.39   23.25 v gen_col[0].u_pe_col/gen_pe[1].u_pe/_4967_/X (sky130_fd_sc_hd__maj3_1)
   0.39   23.64 v gen_col[0].u_pe_col/gen_pe[1].u_pe/_4970_/X (sky130_fd_sc_hd__maj3_1)
   0.40   24.04 v gen_col[0].u_pe_col/gen_pe[1].u_pe/_4973_/X (sky130_fd_sc_hd__maj3_1)
   0.26   24.30 ^ gen_col[0].u_pe_col/gen_pe[1].u_pe/_4976_/Y (sky130_fd_sc_hd__a211oi_1)
   0.13   24.43 v gen_col[0].u_pe_col/gen_pe[1].u_pe/_4978_/Y (sky130_fd_sc_hd__o31ai_1)
   0.41   24.84 v gen_col[0].u_pe_col/gen_pe[1].u_pe/_4980_/X (sky130_fd_sc_hd__maj3_1)
   0.26   25.11 ^ gen_col[0].u_pe_col/gen_pe[1].u_pe/_4983_/Y (sky130_fd_sc_hd__a211oi_1)
   0.19   25.30 v gen_col[0].u_pe_col/gen_pe[1].u_pe/_4986_/Y (sky130_fd_sc_hd__o311ai_0)
   0.27   25.57 ^ gen_col[0].u_pe_col/gen_pe[1].u_pe/_4988_/Y (sky130_fd_sc_hd__a31oi_1)
   0.25   25.82 ^ gen_col[0].u_pe_col/gen_pe[1].u_pe/_4990_/X (sky130_fd_sc_hd__maj3_1)
   0.21   26.03 ^ gen_col[0].u_pe_col/gen_pe[1].u_pe/_4992_/X (sky130_fd_sc_hd__maj3_1)
   0.22   26.25 ^ gen_col[0].u_pe_col/gen_pe[1].u_pe/_4994_/X (sky130_fd_sc_hd__maj3_1)
   0.13   26.38 v gen_col[0].u_pe_col/gen_pe[1].u_pe/_4999_/Y (sky130_fd_sc_hd__o211ai_1)
   0.32   26.71 ^ gen_col[0].u_pe_col/gen_pe[1].u_pe/_5002_/Y (sky130_fd_sc_hd__a311oi_1)
   0.19   26.90 v gen_col[0].u_pe_col/gen_pe[1].u_pe/_5005_/Y (sky130_fd_sc_hd__o311ai_0)
   0.39   27.29 ^ gen_col[0].u_pe_col/gen_pe[1].u_pe/_5008_/Y (sky130_fd_sc_hd__a311oi_1)
   0.20   27.49 v gen_col[0].u_pe_col/gen_pe[1].u_pe/_5011_/Y (sky130_fd_sc_hd__o311ai_0)
   0.35   27.84 ^ gen_col[0].u_pe_col/gen_pe[1].u_pe/_5014_/Y (sky130_fd_sc_hd__a311oi_1)
   0.17   28.01 v gen_col[0].u_pe_col/gen_pe[1].u_pe/_5017_/Y (sky130_fd_sc_hd__o311ai_0)
   0.27   28.28 ^ gen_col[0].u_pe_col/gen_pe[1].u_pe/_5019_/Y (sky130_fd_sc_hd__a31oi_1)
   0.25   28.53 ^ gen_col[0].u_pe_col/gen_pe[1].u_pe/_5021_/X (sky130_fd_sc_hd__maj3_1)
   0.21   28.74 ^ gen_col[0].u_pe_col/gen_pe[1].u_pe/_5023_/X (sky130_fd_sc_hd__maj3_1)
   0.21   28.95 ^ gen_col[0].u_pe_col/gen_pe[1].u_pe/_5025_/X (sky130_fd_sc_hd__maj3_1)
   0.21   29.16 ^ gen_col[0].u_pe_col/gen_pe[1].u_pe/_5027_/X (sky130_fd_sc_hd__maj3_1)
   0.22   29.38 ^ gen_col[0].u_pe_col/gen_pe[1].u_pe/_5029_/X (sky130_fd_sc_hd__maj3_1)
   0.13   29.51 v gen_col[0].u_pe_col/gen_pe[1].u_pe/_5033_/Y (sky130_fd_sc_hd__o211ai_1)
   0.22   29.73 ^ gen_col[0].u_pe_col/gen_pe[1].u_pe/_5035_/Y (sky130_fd_sc_hd__a31oi_1)
   0.23   29.95 ^ gen_col[0].u_pe_col/gen_pe[1].u_pe/_5038_/X (sky130_fd_sc_hd__maj3_1)
   0.15   30.10 v gen_col[0].u_pe_col/gen_pe[1].u_pe/_5043_/Y (sky130_fd_sc_hd__o221ai_1)
   0.36   30.46 ^ gen_col[0].u_pe_col/gen_pe[1].u_pe/_5046_/Y (sky130_fd_sc_hd__a311oi_1)
   0.20   30.66 v gen_col[0].u_pe_col/gen_pe[1].u_pe/_5049_/Y (sky130_fd_sc_hd__o311ai_0)
   0.24   30.90 ^ gen_col[0].u_pe_col/gen_pe[1].u_pe/_5051_/Y (sky130_fd_sc_hd__a31oi_1)
   0.23   31.13 ^ gen_col[0].u_pe_col/gen_pe[1].u_pe/_5054_/X (sky130_fd_sc_hd__maj3_1)
   0.12   31.25 v gen_col[0].u_pe_col/gen_pe[1].u_pe/_5059_/Y (sky130_fd_sc_hd__o211ai_1)
   0.36   31.61 ^ gen_col[0].u_pe_col/gen_pe[1].u_pe/_5062_/Y (sky130_fd_sc_hd__a311oi_1)
   0.15   31.76 v gen_col[0].u_pe_col/gen_pe[1].u_pe/_5066_/Y (sky130_fd_sc_hd__o311ai_0)
   0.33   32.09 ^ gen_col[0].u_pe_col/gen_pe[1].u_pe/_5069_/Y (sky130_fd_sc_hd__a311oi_1)
   0.14   32.23 v gen_col[0].u_pe_col/gen_pe[1].u_pe/_5071_/Y (sky130_fd_sc_hd__o31ai_1)
   0.40   32.63 v gen_col[0].u_pe_col/gen_pe[1].u_pe/_5072_/X (sky130_fd_sc_hd__maj3_1)
   0.26   32.89 ^ gen_col[0].u_pe_col/gen_pe[1].u_pe/_5075_/Y (sky130_fd_sc_hd__a211oi_1)
   0.13   33.03 v gen_col[0].u_pe_col/gen_pe[1].u_pe/_5077_/Y (sky130_fd_sc_hd__o31ai_1)
   0.39   33.42 v gen_col[0].u_pe_col/gen_pe[1].u_pe/_5078_/X (sky130_fd_sc_hd__maj3_1)
   0.39   33.81 v gen_col[0].u_pe_col/gen_pe[1].u_pe/_5080_/X (sky130_fd_sc_hd__maj3_1)
   0.39   34.20 v gen_col[0].u_pe_col/gen_pe[1].u_pe/_5082_/X (sky130_fd_sc_hd__maj3_1)
   0.39   34.59 v gen_col[0].u_pe_col/gen_pe[1].u_pe/_5085_/X (sky130_fd_sc_hd__maj3_1)
   0.39   34.97 v gen_col[0].u_pe_col/gen_pe[1].u_pe/_5088_/X (sky130_fd_sc_hd__maj3_1)
   0.39   35.36 v gen_col[0].u_pe_col/gen_pe[1].u_pe/_5091_/X (sky130_fd_sc_hd__maj3_1)
   0.39   35.75 v gen_col[0].u_pe_col/gen_pe[1].u_pe/_5094_/X (sky130_fd_sc_hd__maj3_1)
   0.39   36.14 v gen_col[0].u_pe_col/gen_pe[1].u_pe/_5097_/X (sky130_fd_sc_hd__maj3_1)
   0.39   36.52 v gen_col[0].u_pe_col/gen_pe[1].u_pe/_5100_/X (sky130_fd_sc_hd__maj3_1)
   0.39   36.91 v gen_col[0].u_pe_col/gen_pe[1].u_pe/_5103_/X (sky130_fd_sc_hd__maj3_1)
   0.38   37.30 v gen_col[0].u_pe_col/gen_pe[1].u_pe/_5106_/X (sky130_fd_sc_hd__maj3_1)
   0.28   37.58 ^ gen_col[0].u_pe_col/gen_pe[1].u_pe/_5110_/Y (sky130_fd_sc_hd__a211oi_1)
   0.19   37.77 v gen_col[0].u_pe_col/gen_pe[1].u_pe/_5113_/Y (sky130_fd_sc_hd__o311ai_0)
   0.35   38.12 ^ gen_col[0].u_pe_col/gen_pe[1].u_pe/_5116_/Y (sky130_fd_sc_hd__a311oi_1)
   0.14   38.25 v gen_col[0].u_pe_col/gen_pe[1].u_pe/_5118_/Y (sky130_fd_sc_hd__o31ai_1)
   0.39   38.65 v gen_col[0].u_pe_col/gen_pe[1].u_pe/_5120_/X (sky130_fd_sc_hd__maj3_1)
   0.39   39.03 v gen_col[0].u_pe_col/gen_pe[1].u_pe/_5122_/X (sky130_fd_sc_hd__maj3_1)
   0.39   39.43 v gen_col[0].u_pe_col/gen_pe[1].u_pe/_5125_/X (sky130_fd_sc_hd__maj3_1)
   0.38   39.81 v gen_col[0].u_pe_col/gen_pe[1].u_pe/_5127_/X (sky130_fd_sc_hd__maj3_1)
   0.16   39.97 v gen_col[0].u_pe_col/gen_pe[1].u_pe/_5130_/X (sky130_fd_sc_hd__and2_0)
   0.19   40.15 v gen_col[0].u_pe_col/gen_pe[1].u_pe/_5132_/X (sky130_fd_sc_hd__o21a_1)
   0.30   40.45 v gen_col[0].u_pe_col/gen_pe[1].u_pe/_5136_/X (sky130_fd_sc_hd__o311a_1)
   0.19   40.64 v gen_col[0].u_pe_col/gen_pe[1].u_pe/_5138_/X (sky130_fd_sc_hd__o21a_1)
   0.19   40.82 v gen_col[0].u_pe_col/gen_pe[1].u_pe/_5140_/X (sky130_fd_sc_hd__o21a_1)
   0.19   41.01 v gen_col[0].u_pe_col/gen_pe[1].u_pe/_5142_/X (sky130_fd_sc_hd__o21a_1)
   0.19   41.20 v gen_col[0].u_pe_col/gen_pe[1].u_pe/_5144_/X (sky130_fd_sc_hd__o21a_1)
   0.18   41.38 v gen_col[0].u_pe_col/gen_pe[1].u_pe/_5146_/X (sky130_fd_sc_hd__o21a_1)
   0.23   41.61 ^ gen_col[0].u_pe_col/gen_pe[1].u_pe/_5155_/Y (sky130_fd_sc_hd__o21ai_0)
   0.18   41.79 ^ gen_col[0].u_pe_col/gen_pe[1].u_pe/_3768_/X (sky130_fd_sc_hd__a31o_1)
   0.06   41.84 v gen_col[0].u_pe_col/gen_pe[1].u_pe/_3769_/Y (sky130_fd_sc_hd__o21ai_0)
   0.00   41.84 v gen_col[0].u_pe_col/gen_pe[1].u_pe/_5433_/D (sky130_fd_sc_hd__dfrtp_1)
          41.84   data arrival time

  20.00   20.00   clock clk (rise edge)
   0.00   20.00   clock network delay (ideal)
   0.00   20.00   clock reconvergence pessimism
          20.00 ^ gen_col[0].u_pe_col/gen_pe[1].u_pe/_5433_/CLK (sky130_fd_sc_hd__dfrtp_1)
  -0.24   19.76   library setup time
          19.76   data required time
---------------------------------------------------------
          19.76   data required time
         -41.84   data arrival time
---------------------------------------------------------
         -22.08   slack (VIOLATED)


Startpoint: gen_col[0].u_pe_col/gen_pe[2].u_pe/_5301_
            (rising edge-triggered flip-flop clocked by clk)
Endpoint: gen_col[0].u_pe_col/gen_pe[2].u_pe/_5433_
          (rising edge-triggered flip-flop clocked by clk)
Path Group: clk
Path Type: max

  Delay    Time   Description
---------------------------------------------------------
   0.00    0.00   clock clk (rise edge)
   0.00    0.00   clock network delay (ideal)
   0.00    0.00 ^ gen_col[0].u_pe_col/gen_pe[2].u_pe/_5301_/CLK (sky130_fd_sc_hd__dfrtp_1)
   0.39    0.39 ^ gen_col[0].u_pe_col/gen_pe[2].u_pe/_5301_/Q (sky130_fd_sc_hd__dfrtp_1)
  10.75   11.13 ^ gen_col[0].u_pe_col/gen_pe[2].u_pe/_3779_/X (sky130_fd_sc_hd__and2_0)
   1.39   12.52 v gen_col[0].u_pe_col/gen_pe[2].u_pe/_4840_/Y (sky130_fd_sc_hd__xnor2_1)
   0.96   13.48 v gen_col[0].u_pe_col/gen_pe[2].u_pe/_4857_/X (sky130_fd_sc_hd__xor3_1)
   0.18   13.67 v gen_col[0].u_pe_col/gen_pe[2].u_pe/_4869_/Y (sky130_fd_sc_hd__xnor2_1)
   0.40   14.07 v gen_col[0].u_pe_col/gen_pe[2].u_pe/_4895_/X (sky130_fd_sc_hd__maj3_1)
   0.39   14.46 v gen_col[0].u_pe_col/gen_pe[2].u_pe/_4898_/X (sky130_fd_sc_hd__maj3_1)
   0.39   14.85 v gen_col[0].u_pe_col/gen_pe[2].u_pe/_4900_/X (sky130_fd_sc_hd__maj3_1)
   0.39   15.24 v gen_col[0].u_pe_col/gen_pe[2].u_pe/_4902_/X (sky130_fd_sc_hd__maj3_1)
   0.39   15.63 v gen_col[0].u_pe_col/gen_pe[2].u_pe/_4905_/X (sky130_fd_sc_hd__maj3_1)
   0.39   16.01 v gen_col[0].u_pe_col/gen_pe[2].u_pe/_4908_/X (sky130_fd_sc_hd__maj3_1)
   0.39   16.40 v gen_col[0].u_pe_col/gen_pe[2].u_pe/_4911_/X (sky130_fd_sc_hd__maj3_1)
   0.39   16.79 v gen_col[0].u_pe_col/gen_pe[2].u_pe/_4914_/X (sky130_fd_sc_hd__maj3_1)
   0.39   17.18 v gen_col[0].u_pe_col/gen_pe[2].u_pe/_4917_/X (sky130_fd_sc_hd__maj3_1)
   0.39   17.56 v gen_col[0].u_pe_col/gen_pe[2].u_pe/_4920_/X (sky130_fd_sc_hd__maj3_1)
   0.39   17.95 v gen_col[0].u_pe_col/gen_pe[2].u_pe/_4923_/X (sky130_fd_sc_hd__maj3_1)
   0.39   18.34 v gen_col[0].u_pe_col/gen_pe[2].u_pe/_4926_/X (sky130_fd_sc_hd__maj3_1)
   0.39   18.73 v gen_col[0].u_pe_col/gen_pe[2].u_pe/_4929_/X (sky130_fd_sc_hd__maj3_1)
   0.39   19.12 v gen_col[0].u_pe_col/gen_pe[2].u_pe/_4932_/X (sky130_fd_sc_hd__maj3_1)
   0.39   19.50 v gen_col[0].u_pe_col/gen_pe[2].u_pe/_4935_/X (sky130_fd_sc_hd__maj3_1)
   0.39   19.89 v gen_col[0].u_pe_col/gen_pe[2].u_pe/_4938_/X (sky130_fd_sc_hd__maj3_1)
   0.38   20.27 v gen_col[0].u_pe_col/gen_pe[2].u_pe/_4941_/X (sky130_fd_sc_hd__maj3_1)
   0.31   20.59 ^ gen_col[0].u_pe_col/gen_pe[2].u_pe/_4945_/Y (sky130_fd_sc_hd__a211oi_1)
   0.14   20.73 v gen_col[0].u_pe_col/gen_pe[2].u_pe/_4947_/Y (sky130_fd_sc_hd__o31ai_1)
   0.41   21.14 v gen_col[0].u_pe_col/gen_pe[2].u_pe/_4949_/X (sky130_fd_sc_hd__maj3_1)
   0.28   21.42 ^ gen_col[0].u_pe_col/gen_pe[2].u_pe/_4952_/Y (sky130_fd_sc_hd__a211oi_1)
   0.19   21.61 v gen_col[0].u_pe_col/gen_pe[2].u_pe/_4955_/Y (sky130_fd_sc_hd__o311ai_0)
   0.33   21.94 ^ gen_col[0].u_pe_col/gen_pe[2].u_pe/_4958_/Y (sky130_fd_sc_hd__a311oi_1)
   0.13   22.07 v gen_col[0].u_pe_col/gen_pe[2].u_pe/_4960_/Y (sky130_fd_sc_hd__o31ai_1)
   0.40   22.47 v gen_col[0].u_pe_col/gen_pe[2].u_pe/_4962_/X (sky130_fd_sc_hd__maj3_1)
   0.39   22.86 v gen_col[0].u_pe_col/gen_pe[2].u_pe/_4964_/X (sky130_fd_sc_hd__maj3_1)
   0.39   23.25 v gen_col[0].u_pe_col/gen_pe[2].u_pe/_4967_/X (sky130_fd_sc_hd__maj3_1)
   0.39   23.64 v gen_col[0].u_pe_col/gen_pe[2].u_pe/_4970_/X (sky130_fd_sc_hd__maj3_1)
   0.40   24.04 v gen_col[0].u_pe_col/gen_pe[2].u_pe/_4973_/X (sky130_fd_sc_hd__maj3_1)
   0.26   24.30 ^ gen_col[0].u_pe_col/gen_pe[2].u_pe/_4976_/Y (sky130_fd_sc_hd__a211oi_1)
   0.13   24.43 v gen_col[0].u_pe_col/gen_pe[2].u_pe/_4978_/Y (sky130_fd_sc_hd__o31ai_1)
   0.41   24.84 v gen_col[0].u_pe_col/gen_pe[2].u_pe/_4980_/X (sky130_fd_sc_hd__maj3_1)
   0.26   25.11 ^ gen_col[0].u_pe_col/gen_pe[2].u_pe/_4983_/Y (sky130_fd_sc_hd__a211oi_1)
   0.19   25.30 v gen_col[0].u_pe_col/gen_pe[2].u_pe/_4986_/Y (sky130_fd_sc_hd__o311ai_0)
   0.27   25.57 ^ gen_col[0].u_pe_col/gen_pe[2].u_pe/_4988_/Y (sky130_fd_sc_hd__a31oi_1)
   0.25   25.82 ^ gen_col[0].u_pe_col/gen_pe[2].u_pe/_4990_/X (sky130_fd_sc_hd__maj3_1)
   0.21   26.03 ^ gen_col[0].u_pe_col/gen_pe[2].u_pe/_4992_/X (sky130_fd_sc_hd__maj3_1)
   0.22   26.25 ^ gen_col[0].u_pe_col/gen_pe[2].u_pe/_4994_/X (sky130_fd_sc_hd__maj3_1)
   0.13   26.38 v gen_col[0].u_pe_col/gen_pe[2].u_pe/_4999_/Y (sky130_fd_sc_hd__o211ai_1)
   0.32   26.71 ^ gen_col[0].u_pe_col/gen_pe[2].u_pe/_5002_/Y (sky130_fd_sc_hd__a311oi_1)
   0.19   26.90 v gen_col[0].u_pe_col/gen_pe[2].u_pe/_5005_/Y (sky130_fd_sc_hd__o311ai_0)
   0.39   27.29 ^ gen_col[0].u_pe_col/gen_pe[2].u_pe/_5008_/Y (sky130_fd_sc_hd__a311oi_1)
   0.20   27.49 v gen_col[0].u_pe_col/gen_pe[2].u_pe/_5011_/Y (sky130_fd_sc_hd__o311ai_0)
   0.35   27.84 ^ gen_col[0].u_pe_col/gen_pe[2].u_pe/_5014_/Y (sky130_fd_sc_hd__a311oi_1)
   0.17   28.01 v gen_col[0].u_pe_col/gen_pe[2].u_pe/_5017_/Y (sky130_fd_sc_hd__o311ai_0)
   0.27   28.28 ^ gen_col[0].u_pe_col/gen_pe[2].u_pe/_5019_/Y (sky130_fd_sc_hd__a31oi_1)
   0.25   28.53 ^ gen_col[0].u_pe_col/gen_pe[2].u_pe/_5021_/X (sky130_fd_sc_hd__maj3_1)
   0.21   28.74 ^ gen_col[0].u_pe_col/gen_pe[2].u_pe/_5023_/X (sky130_fd_sc_hd__maj3_1)
   0.21   28.95 ^ gen_col[0].u_pe_col/gen_pe[2].u_pe/_5025_/X (sky130_fd_sc_hd__maj3_1)
   0.21   29.16 ^ gen_col[0].u_pe_col/gen_pe[2].u_pe/_5027_/X (sky130_fd_sc_hd__maj3_1)
   0.22   29.38 ^ gen_col[0].u_pe_col/gen_pe[2].u_pe/_5029_/X (sky130_fd_sc_hd__maj3_1)
   0.13   29.51 v gen_col[0].u_pe_col/gen_pe[2].u_pe/_5033_/Y (sky130_fd_sc_hd__o211ai_1)
   0.22   29.73 ^ gen_col[0].u_pe_col/gen_pe[2].u_pe/_5035_/Y (sky130_fd_sc_hd__a31oi_1)
   0.23   29.95 ^ gen_col[0].u_pe_col/gen_pe[2].u_pe/_5038_/X (sky130_fd_sc_hd__maj3_1)
   0.15   30.10 v gen_col[0].u_pe_col/gen_pe[2].u_pe/_5043_/Y (sky130_fd_sc_hd__o221ai_1)
   0.36   30.46 ^ gen_col[0].u_pe_col/gen_pe[2].u_pe/_5046_/Y (sky130_fd_sc_hd__a311oi_1)
   0.20   30.66 v gen_col[0].u_pe_col/gen_pe[2].u_pe/_5049_/Y (sky130_fd_sc_hd__o311ai_0)
   0.24   30.90 ^ gen_col[0].u_pe_col/gen_pe[2].u_pe/_5051_/Y (sky130_fd_sc_hd__a31oi_1)
   0.23   31.13 ^ gen_col[0].u_pe_col/gen_pe[2].u_pe/_5054_/X (sky130_fd_sc_hd__maj3_1)
   0.12   31.25 v gen_col[0].u_pe_col/gen_pe[2].u_pe/_5059_/Y (sky130_fd_sc_hd__o211ai_1)
   0.36   31.61 ^ gen_col[0].u_pe_col/gen_pe[2].u_pe/_5062_/Y (sky130_fd_sc_hd__a311oi_1)
   0.15   31.76 v gen_col[0].u_pe_col/gen_pe[2].u_pe/_5066_/Y (sky130_fd_sc_hd__o311ai_0)
   0.33   32.09 ^ gen_col[0].u_pe_col/gen_pe[2].u_pe/_5069_/Y (sky130_fd_sc_hd__a311oi_1)
   0.14   32.23 v gen_col[0].u_pe_col/gen_pe[2].u_pe/_5071_/Y (sky130_fd_sc_hd__o31ai_1)
   0.40   32.63 v gen_col[0].u_pe_col/gen_pe[2].u_pe/_5072_/X (sky130_fd_sc_hd__maj3_1)
   0.26   32.89 ^ gen_col[0].u_pe_col/gen_pe[2].u_pe/_5075_/Y (sky130_fd_sc_hd__a211oi_1)
   0.13   33.03 v gen_col[0].u_pe_col/gen_pe[2].u_pe/_5077_/Y (sky130_fd_sc_hd__o31ai_1)
   0.39   33.42 v gen_col[0].u_pe_col/gen_pe[2].u_pe/_5078_/X (sky130_fd_sc_hd__maj3_1)
   0.39   33.81 v gen_col[0].u_pe_col/gen_pe[2].u_pe/_5080_/X (sky130_fd_sc_hd__maj3_1)
   0.39   34.20 v gen_col[0].u_pe_col/gen_pe[2].u_pe/_5082_/X (sky130_fd_sc_hd__maj3_1)
   0.39   34.59 v gen_col[0].u_pe_col/gen_pe[2].u_pe/_5085_/X (sky130_fd_sc_hd__maj3_1)
   0.39   34.97 v gen_col[0].u_pe_col/gen_pe[2].u_pe/_5088_/X (sky130_fd_sc_hd__maj3_1)
   0.39   35.36 v gen_col[0].u_pe_col/gen_pe[2].u_pe/_5091_/X (sky130_fd_sc_hd__maj3_1)
   0.39   35.75 v gen_col[0].u_pe_col/gen_pe[2].u_pe/_5094_/X (sky130_fd_sc_hd__maj3_1)
   0.39   36.14 v gen_col[0].u_pe_col/gen_pe[2].u_pe/_5097_/X (sky130_fd_sc_hd__maj3_1)
   0.39   36.52 v gen_col[0].u_pe_col/gen_pe[2].u_pe/_5100_/X (sky130_fd_sc_hd__maj3_1)
   0.39   36.91 v gen_col[0].u_pe_col/gen_pe[2].u_pe/_5103_/X (sky130_fd_sc_hd__maj3_1)
   0.38   37.30 v gen_col[0].u_pe_col/gen_pe[2].u_pe/_5106_/X (sky130_fd_sc_hd__maj3_1)
   0.28   37.58 ^ gen_col[0].u_pe_col/gen_pe[2].u_pe/_5110_/Y (sky130_fd_sc_hd__a211oi_1)
   0.19   37.77 v gen_col[0].u_pe_col/gen_pe[2].u_pe/_5113_/Y (sky130_fd_sc_hd__o311ai_0)
   0.35   38.12 ^ gen_col[0].u_pe_col/gen_pe[2].u_pe/_5116_/Y (sky130_fd_sc_hd__a311oi_1)
   0.14   38.25 v gen_col[0].u_pe_col/gen_pe[2].u_pe/_5118_/Y (sky130_fd_sc_hd__o31ai_1)
   0.39   38.65 v gen_col[0].u_pe_col/gen_pe[2].u_pe/_5120_/X (sky130_fd_sc_hd__maj3_1)
   0.39   39.03 v gen_col[0].u_pe_col/gen_pe[2].u_pe/_5122_/X (sky130_fd_sc_hd__maj3_1)
   0.39   39.43 v gen_col[0].u_pe_col/gen_pe[2].u_pe/_5125_/X (sky130_fd_sc_hd__maj3_1)
   0.38   39.81 v gen_col[0].u_pe_col/gen_pe[2].u_pe/_5127_/X (sky130_fd_sc_hd__maj3_1)
   0.16   39.97 v gen_col[0].u_pe_col/gen_pe[2].u_pe/_5130_/X (sky130_fd_sc_hd__and2_0)
   0.19   40.15 v gen_col[0].u_pe_col/gen_pe[2].u_pe/_5132_/X (sky130_fd_sc_hd__o21a_1)
   0.30   40.45 v gen_col[0].u_pe_col/gen_pe[2].u_pe/_5136_/X (sky130_fd_sc_hd__o311a_1)
   0.19   40.64 v gen_col[0].u_pe_col/gen_pe[2].u_pe/_5138_/X (sky130_fd_sc_hd__o21a_1)
   0.19   40.82 v gen_col[0].u_pe_col/gen_pe[2].u_pe/_5140_/X (sky130_fd_sc_hd__o21a_1)
   0.19   41.01 v gen_col[0].u_pe_col/gen_pe[2].u_pe/_5142_/X (sky130_fd_sc_hd__o21a_1)
   0.19   41.20 v gen_col[0].u_pe_col/gen_pe[2].u_pe/_5144_/X (sky130_fd_sc_hd__o21a_1)
   0.18   41.38 v gen_col[0].u_pe_col/gen_pe[2].u_pe/_5146_/X (sky130_fd_sc_hd__o21a_1)
   0.23   41.61 ^ gen_col[0].u_pe_col/gen_pe[2].u_pe/_5155_/Y (sky130_fd_sc_hd__o21ai_0)
   0.18   41.79 ^ gen_col[0].u_pe_col/gen_pe[2].u_pe/_3768_/X (sky130_fd_sc_hd__a31o_1)
   0.06   41.84 v gen_col[0].u_pe_col/gen_pe[2].u_pe/_3769_/Y (sky130_fd_sc_hd__o21ai_0)
   0.00   41.84 v gen_col[0].u_pe_col/gen_pe[2].u_pe/_5433_/D (sky130_fd_sc_hd__dfrtp_1)
          41.84   data arrival time

  20.00   20.00   clock clk (rise edge)
   0.00   20.00   clock network delay (ideal)
   0.00   20.00   clock reconvergence pessimism
          20.00 ^ gen_col[0].u_pe_col/gen_pe[2].u_pe/_5433_/CLK (sky130_fd_sc_hd__dfrtp_1)
  -0.24   19.76   library setup time
          19.76   data required time
---------------------------------------------------------
          19.76   data required time
         -41.84   data arrival time
---------------------------------------------------------
         -22.08   slack (VIOLATED)


Startpoint: gen_col[0].u_pe_col/gen_pe[3].u_pe/_5301_
            (rising edge-triggered flip-flop clocked by clk)
Endpoint: gen_col[0].u_pe_col/gen_pe[3].u_pe/_5433_
          (rising edge-triggered flip-flop clocked by clk)
Path Group: clk
Path Type: max

  Delay    Time   Description
---------------------------------------------------------
   0.00    0.00   clock clk (rise edge)
   0.00    0.00   clock network delay (ideal)
   0.00    0.00 ^ gen_col[0].u_pe_col/gen_pe[3].u_pe/_5301_/CLK (sky130_fd_sc_hd__dfrtp_1)
   0.39    0.39 ^ gen_col[0].u_pe_col/gen_pe[3].u_pe/_5301_/Q (sky130_fd_sc_hd__dfrtp_1)
  10.75   11.13 ^ gen_col[0].u_pe_col/gen_pe[3].u_pe/_3779_/X (sky130_fd_sc_hd__and2_0)
   1.39   12.52 v gen_col[0].u_pe_col/gen_pe[3].u_pe/_4840_/Y (sky130_fd_sc_hd__xnor2_1)
   0.96   13.48 v gen_col[0].u_pe_col/gen_pe[3].u_pe/_4857_/X (sky130_fd_sc_hd__xor3_1)
   0.18   13.67 v gen_col[0].u_pe_col/gen_pe[3].u_pe/_4869_/Y (sky130_fd_sc_hd__xnor2_1)
   0.40   14.07 v gen_col[0].u_pe_col/gen_pe[3].u_pe/_4895_/X (sky130_fd_sc_hd__maj3_1)
   0.39   14.46 v gen_col[0].u_pe_col/gen_pe[3].u_pe/_4898_/X (sky130_fd_sc_hd__maj3_1)
   0.39   14.85 v gen_col[0].u_pe_col/gen_pe[3].u_pe/_4900_/X (sky130_fd_sc_hd__maj3_1)
   0.39   15.24 v gen_col[0].u_pe_col/gen_pe[3].u_pe/_4902_/X (sky130_fd_sc_hd__maj3_1)
   0.39   15.63 v gen_col[0].u_pe_col/gen_pe[3].u_pe/_4905_/X (sky130_fd_sc_hd__maj3_1)
   0.39   16.01 v gen_col[0].u_pe_col/gen_pe[3].u_pe/_4908_/X (sky130_fd_sc_hd__maj3_1)
   0.39   16.40 v gen_col[0].u_pe_col/gen_pe[3].u_pe/_4911_/X (sky130_fd_sc_hd__maj3_1)
   0.39   16.79 v gen_col[0].u_pe_col/gen_pe[3].u_pe/_4914_/X (sky130_fd_sc_hd__maj3_1)
   0.39   17.18 v gen_col[0].u_pe_col/gen_pe[3].u_pe/_4917_/X (sky130_fd_sc_hd__maj3_1)
   0.39   17.56 v gen_col[0].u_pe_col/gen_pe[3].u_pe/_4920_/X (sky130_fd_sc_hd__maj3_1)
   0.39   17.95 v gen_col[0].u_pe_col/gen_pe[3].u_pe/_4923_/X (sky130_fd_sc_hd__maj3_1)
   0.39   18.34 v gen_col[0].u_pe_col/gen_pe[3].u_pe/_4926_/X (sky130_fd_sc_hd__maj3_1)
   0.39   18.73 v gen_col[0].u_pe_col/gen_pe[3].u_pe/_4929_/X (sky130_fd_sc_hd__maj3_1)
   0.39   19.12 v gen_col[0].u_pe_col/gen_pe[3].u_pe/_4932_/X (sky130_fd_sc_hd__maj3_1)
   0.39   19.50 v gen_col[0].u_pe_col/gen_pe[3].u_pe/_4935_/X (sky130_fd_sc_hd__maj3_1)
   0.39   19.89 v gen_col[0].u_pe_col/gen_pe[3].u_pe/_4938_/X (sky130_fd_sc_hd__maj3_1)
   0.38   20.27 v gen_col[0].u_pe_col/gen_pe[3].u_pe/_4941_/X (sky130_fd_sc_hd__maj3_1)
   0.31   20.59 ^ gen_col[0].u_pe_col/gen_pe[3].u_pe/_4945_/Y (sky130_fd_sc_hd__a211oi_1)
   0.14   20.73 v gen_col[0].u_pe_col/gen_pe[3].u_pe/_4947_/Y (sky130_fd_sc_hd__o31ai_1)
   0.41   21.14 v gen_col[0].u_pe_col/gen_pe[3].u_pe/_4949_/X (sky130_fd_sc_hd__maj3_1)
   0.28   21.42 ^ gen_col[0].u_pe_col/gen_pe[3].u_pe/_4952_/Y (sky130_fd_sc_hd__a211oi_1)
   0.19   21.61 v gen_col[0].u_pe_col/gen_pe[3].u_pe/_4955_/Y (sky130_fd_sc_hd__o311ai_0)
   0.33   21.94 ^ gen_col[0].u_pe_col/gen_pe[3].u_pe/_4958_/Y (sky130_fd_sc_hd__a311oi_1)
   0.13   22.07 v gen_col[0].u_pe_col/gen_pe[3].u_pe/_4960_/Y (sky130_fd_sc_hd__o31ai_1)
   0.40   22.47 v gen_col[0].u_pe_col/gen_pe[3].u_pe/_4962_/X (sky130_fd_sc_hd__maj3_1)
   0.39   22.86 v gen_col[0].u_pe_col/gen_pe[3].u_pe/_4964_/X (sky130_fd_sc_hd__maj3_1)
   0.39   23.25 v gen_col[0].u_pe_col/gen_pe[3].u_pe/_4967_/X (sky130_fd_sc_hd__maj3_1)
   0.39   23.64 v gen_col[0].u_pe_col/gen_pe[3].u_pe/_4970_/X (sky130_fd_sc_hd__maj3_1)
   0.40   24.04 v gen_col[0].u_pe_col/gen_pe[3].u_pe/_4973_/X (sky130_fd_sc_hd__maj3_1)
   0.26   24.30 ^ gen_col[0].u_pe_col/gen_pe[3].u_pe/_4976_/Y (sky130_fd_sc_hd__a211oi_1)
   0.13   24.43 v gen_col[0].u_pe_col/gen_pe[3].u_pe/_4978_/Y (sky130_fd_sc_hd__o31ai_1)
   0.41   24.84 v gen_col[0].u_pe_col/gen_pe[3].u_pe/_4980_/X (sky130_fd_sc_hd__maj3_1)
   0.26   25.11 ^ gen_col[0].u_pe_col/gen_pe[3].u_pe/_4983_/Y (sky130_fd_sc_hd__a211oi_1)
   0.19   25.30 v gen_col[0].u_pe_col/gen_pe[3].u_pe/_4986_/Y (sky130_fd_sc_hd__o311ai_0)
   0.27   25.57 ^ gen_col[0].u_pe_col/gen_pe[3].u_pe/_4988_/Y (sky130_fd_sc_hd__a31oi_1)
   0.25   25.82 ^ gen_col[0].u_pe_col/gen_pe[3].u_pe/_4990_/X (sky130_fd_sc_hd__maj3_1)
   0.21   26.03 ^ gen_col[0].u_pe_col/gen_pe[3].u_pe/_4992_/X (sky130_fd_sc_hd__maj3_1)
   0.22   26.25 ^ gen_col[0].u_pe_col/gen_pe[3].u_pe/_4994_/X (sky130_fd_sc_hd__maj3_1)
   0.13   26.38 v gen_col[0].u_pe_col/gen_pe[3].u_pe/_4999_/Y (sky130_fd_sc_hd__o211ai_1)
   0.32   26.71 ^ gen_col[0].u_pe_col/gen_pe[3].u_pe/_5002_/Y (sky130_fd_sc_hd__a311oi_1)
   0.19   26.90 v gen_col[0].u_pe_col/gen_pe[3].u_pe/_5005_/Y (sky130_fd_sc_hd__o311ai_0)
   0.39   27.29 ^ gen_col[0].u_pe_col/gen_pe[3].u_pe/_5008_/Y (sky130_fd_sc_hd__a311oi_1)
   0.20   27.49 v gen_col[0].u_pe_col/gen_pe[3].u_pe/_5011_/Y (sky130_fd_sc_hd__o311ai_0)
   0.35   27.84 ^ gen_col[0].u_pe_col/gen_pe[3].u_pe/_5014_/Y (sky130_fd_sc_hd__a311oi_1)
   0.17   28.01 v gen_col[0].u_pe_col/gen_pe[3].u_pe/_5017_/Y (sky130_fd_sc_hd__o311ai_0)
   0.27   28.28 ^ gen_col[0].u_pe_col/gen_pe[3].u_pe/_5019_/Y (sky130_fd_sc_hd__a31oi_1)
   0.25   28.53 ^ gen_col[0].u_pe_col/gen_pe[3].u_pe/_5021_/X (sky130_fd_sc_hd__maj3_1)
   0.21   28.74 ^ gen_col[0].u_pe_col/gen_pe[3].u_pe/_5023_/X (sky130_fd_sc_hd__maj3_1)
   0.21   28.95 ^ gen_col[0].u_pe_col/gen_pe[3].u_pe/_5025_/X (sky130_fd_sc_hd__maj3_1)
   0.21   29.16 ^ gen_col[0].u_pe_col/gen_pe[3].u_pe/_5027_/X (sky130_fd_sc_hd__maj3_1)
   0.22   29.38 ^ gen_col[0].u_pe_col/gen_pe[3].u_pe/_5029_/X (sky130_fd_sc_hd__maj3_1)
   0.13   29.51 v gen_col[0].u_pe_col/gen_pe[3].u_pe/_5033_/Y (sky130_fd_sc_hd__o211ai_1)
   0.22   29.73 ^ gen_col[0].u_pe_col/gen_pe[3].u_pe/_5035_/Y (sky130_fd_sc_hd__a31oi_1)
   0.23   29.95 ^ gen_col[0].u_pe_col/gen_pe[3].u_pe/_5038_/X (sky130_fd_sc_hd__maj3_1)
   0.15   30.10 v gen_col[0].u_pe_col/gen_pe[3].u_pe/_5043_/Y (sky130_fd_sc_hd__o221ai_1)
   0.36   30.46 ^ gen_col[0].u_pe_col/gen_pe[3].u_pe/_5046_/Y (sky130_fd_sc_hd__a311oi_1)
   0.20   30.66 v gen_col[0].u_pe_col/gen_pe[3].u_pe/_5049_/Y (sky130_fd_sc_hd__o311ai_0)
   0.24   30.90 ^ gen_col[0].u_pe_col/gen_pe[3].u_pe/_5051_/Y (sky130_fd_sc_hd__a31oi_1)
   0.23   31.13 ^ gen_col[0].u_pe_col/gen_pe[3].u_pe/_5054_/X (sky130_fd_sc_hd__maj3_1)
   0.12   31.25 v gen_col[0].u_pe_col/gen_pe[3].u_pe/_5059_/Y (sky130_fd_sc_hd__o211ai_1)
   0.36   31.61 ^ gen_col[0].u_pe_col/gen_pe[3].u_pe/_5062_/Y (sky130_fd_sc_hd__a311oi_1)
   0.15   31.76 v gen_col[0].u_pe_col/gen_pe[3].u_pe/_5066_/Y (sky130_fd_sc_hd__o311ai_0)
   0.33   32.09 ^ gen_col[0].u_pe_col/gen_pe[3].u_pe/_5069_/Y (sky130_fd_sc_hd__a311oi_1)
   0.14   32.23 v gen_col[0].u_pe_col/gen_pe[3].u_pe/_5071_/Y (sky130_fd_sc_hd__o31ai_1)
   0.40   32.63 v gen_col[0].u_pe_col/gen_pe[3].u_pe/_5072_/X (sky130_fd_sc_hd__maj3_1)
   0.26   32.89 ^ gen_col[0].u_pe_col/gen_pe[3].u_pe/_5075_/Y (sky130_fd_sc_hd__a211oi_1)
   0.13   33.03 v gen_col[0].u_pe_col/gen_pe[3].u_pe/_5077_/Y (sky130_fd_sc_hd__o31ai_1)
   0.39   33.42 v gen_col[0].u_pe_col/gen_pe[3].u_pe/_5078_/X (sky130_fd_sc_hd__maj3_1)
   0.39   33.81 v gen_col[0].u_pe_col/gen_pe[3].u_pe/_5080_/X (sky130_fd_sc_hd__maj3_1)
   0.39   34.20 v gen_col[0].u_pe_col/gen_pe[3].u_pe/_5082_/X (sky130_fd_sc_hd__maj3_1)
   0.39   34.59 v gen_col[0].u_pe_col/gen_pe[3].u_pe/_5085_/X (sky130_fd_sc_hd__maj3_1)
   0.39   34.97 v gen_col[0].u_pe_col/gen_pe[3].u_pe/_5088_/X (sky130_fd_sc_hd__maj3_1)
   0.39   35.36 v gen_col[0].u_pe_col/gen_pe[3].u_pe/_5091_/X (sky130_fd_sc_hd__maj3_1)
   0.39   35.75 v gen_col[0].u_pe_col/gen_pe[3].u_pe/_5094_/X (sky130_fd_sc_hd__maj3_1)
   0.39   36.14 v gen_col[0].u_pe_col/gen_pe[3].u_pe/_5097_/X (sky130_fd_sc_hd__maj3_1)
   0.39   36.52 v gen_col[0].u_pe_col/gen_pe[3].u_pe/_5100_/X (sky130_fd_sc_hd__maj3_1)
   0.39   36.91 v gen_col[0].u_pe_col/gen_pe[3].u_pe/_5103_/X (sky130_fd_sc_hd__maj3_1)
   0.38   37.30 v gen_col[0].u_pe_col/gen_pe[3].u_pe/_5106_/X (sky130_fd_sc_hd__maj3_1)
   0.28   37.58 ^ gen_col[0].u_pe_col/gen_pe[3].u_pe/_5110_/Y (sky130_fd_sc_hd__a211oi_1)
   0.19   37.77 v gen_col[0].u_pe_col/gen_pe[3].u_pe/_5113_/Y (sky130_fd_sc_hd__o311ai_0)
   0.35   38.12 ^ gen_col[0].u_pe_col/gen_pe[3].u_pe/_5116_/Y (sky130_fd_sc_hd__a311oi_1)
   0.14   38.25 v gen_col[0].u_pe_col/gen_pe[3].u_pe/_5118_/Y (sky130_fd_sc_hd__o31ai_1)
   0.39   38.65 v gen_col[0].u_pe_col/gen_pe[3].u_pe/_5120_/X (sky130_fd_sc_hd__maj3_1)
   0.39   39.03 v gen_col[0].u_pe_col/gen_pe[3].u_pe/_5122_/X (sky130_fd_sc_hd__maj3_1)
   0.39   39.43 v gen_col[0].u_pe_col/gen_pe[3].u_pe/_5125_/X (sky130_fd_sc_hd__maj3_1)
   0.38   39.81 v gen_col[0].u_pe_col/gen_pe[3].u_pe/_5127_/X (sky130_fd_sc_hd__maj3_1)
   0.16   39.97 v gen_col[0].u_pe_col/gen_pe[3].u_pe/_5130_/X (sky130_fd_sc_hd__and2_0)
   0.19   40.15 v gen_col[0].u_pe_col/gen_pe[3].u_pe/_5132_/X (sky130_fd_sc_hd__o21a_1)
   0.30   40.45 v gen_col[0].u_pe_col/gen_pe[3].u_pe/_5136_/X (sky130_fd_sc_hd__o311a_1)
   0.19   40.64 v gen_col[0].u_pe_col/gen_pe[3].u_pe/_5138_/X (sky130_fd_sc_hd__o21a_1)
   0.19   40.82 v gen_col[0].u_pe_col/gen_pe[3].u_pe/_5140_/X (sky130_fd_sc_hd__o21a_1)
   0.19   41.01 v gen_col[0].u_pe_col/gen_pe[3].u_pe/_5142_/X (sky130_fd_sc_hd__o21a_1)
   0.19   41.20 v gen_col[0].u_pe_col/gen_pe[3].u_pe/_5144_/X (sky130_fd_sc_hd__o21a_1)
   0.18   41.38 v gen_col[0].u_pe_col/gen_pe[3].u_pe/_5146_/X (sky130_fd_sc_hd__o21a_1)
   0.23   41.61 ^ gen_col[0].u_pe_col/gen_pe[3].u_pe/_5155_/Y (sky130_fd_sc_hd__o21ai_0)
   0.18   41.79 ^ gen_col[0].u_pe_col/gen_pe[3].u_pe/_3768_/X (sky130_fd_sc_hd__a31o_1)
   0.06   41.84 v gen_col[0].u_pe_col/gen_pe[3].u_pe/_3769_/Y (sky130_fd_sc_hd__o21ai_0)
   0.00   41.84 v gen_col[0].u_pe_col/gen_pe[3].u_pe/_5433_/D (sky130_fd_sc_hd__dfrtp_1)
          41.84   data arrival time

  20.00   20.00   clock clk (rise edge)
   0.00   20.00   clock network delay (ideal)
   0.00   20.00   clock reconvergence pessimism
          20.00 ^ gen_col[0].u_pe_col/gen_pe[3].u_pe/_5433_/CLK (sky130_fd_sc_hd__dfrtp_1)
  -0.24   19.76   library setup time
          19.76   data required time
---------------------------------------------------------
          19.76   data required time
         -41.84   data arrival time
---------------------------------------------------------
         -22.08   slack (VIOLATED)


Startpoint: gen_col[0].u_pe_col/gen_pe[4].u_pe/_5301_
            (rising edge-triggered flip-flop clocked by clk)
Endpoint: gen_col[0].u_pe_col/gen_pe[4].u_pe/_5433_
          (rising edge-triggered flip-flop clocked by clk)
Path Group: clk
Path Type: max

  Delay    Time   Description
---------------------------------------------------------
   0.00    0.00   clock clk (rise edge)
   0.00    0.00   clock network delay (ideal)
   0.00    0.00 ^ gen_col[0].u_pe_col/gen_pe[4].u_pe/_5301_/CLK (sky130_fd_sc_hd__dfrtp_1)
   0.39    0.39 ^ gen_col[0].u_pe_col/gen_pe[4].u_pe/_5301_/Q (sky130_fd_sc_hd__dfrtp_1)
  10.75   11.13 ^ gen_col[0].u_pe_col/gen_pe[4].u_pe/_3779_/X (sky130_fd_sc_hd__and2_0)
   1.39   12.52 v gen_col[0].u_pe_col/gen_pe[4].u_pe/_4840_/Y (sky130_fd_sc_hd__xnor2_1)
   0.96   13.48 v gen_col[0].u_pe_col/gen_pe[4].u_pe/_4857_/X (sky130_fd_sc_hd__xor3_1)
   0.18   13.67 v gen_col[0].u_pe_col/gen_pe[4].u_pe/_4869_/Y (sky130_fd_sc_hd__xnor2_1)
   0.40   14.07 v gen_col[0].u_pe_col/gen_pe[4].u_pe/_4895_/X (sky130_fd_sc_hd__maj3_1)
   0.39   14.46 v gen_col[0].u_pe_col/gen_pe[4].u_pe/_4898_/X (sky130_fd_sc_hd__maj3_1)
   0.39   14.85 v gen_col[0].u_pe_col/gen_pe[4].u_pe/_4900_/X (sky130_fd_sc_hd__maj3_1)
   0.39   15.24 v gen_col[0].u_pe_col/gen_pe[4].u_pe/_4902_/X (sky130_fd_sc_hd__maj3_1)
   0.39   15.63 v gen_col[0].u_pe_col/gen_pe[4].u_pe/_4905_/X (sky130_fd_sc_hd__maj3_1)
   0.39   16.01 v gen_col[0].u_pe_col/gen_pe[4].u_pe/_4908_/X (sky130_fd_sc_hd__maj3_1)
   0.39   16.40 v gen_col[0].u_pe_col/gen_pe[4].u_pe/_4911_/X (sky130_fd_sc_hd__maj3_1)
   0.39   16.79 v gen_col[0].u_pe_col/gen_pe[4].u_pe/_4914_/X (sky130_fd_sc_hd__maj3_1)
   0.39   17.18 v gen_col[0].u_pe_col/gen_pe[4].u_pe/_4917_/X (sky130_fd_sc_hd__maj3_1)
   0.39   17.56 v gen_col[0].u_pe_col/gen_pe[4].u_pe/_4920_/X (sky130_fd_sc_hd__maj3_1)
   0.39   17.95 v gen_col[0].u_pe_col/gen_pe[4].u_pe/_4923_/X (sky130_fd_sc_hd__maj3_1)
   0.39   18.34 v gen_col[0].u_pe_col/gen_pe[4].u_pe/_4926_/X (sky130_fd_sc_hd__maj3_1)
   0.39   18.73 v gen_col[0].u_pe_col/gen_pe[4].u_pe/_4929_/X (sky130_fd_sc_hd__maj3_1)
   0.39   19.12 v gen_col[0].u_pe_col/gen_pe[4].u_pe/_4932_/X (sky130_fd_sc_hd__maj3_1)
   0.39   19.50 v gen_col[0].u_pe_col/gen_pe[4].u_pe/_4935_/X (sky130_fd_sc_hd__maj3_1)
   0.39   19.89 v gen_col[0].u_pe_col/gen_pe[4].u_pe/_4938_/X (sky130_fd_sc_hd__maj3_1)
   0.38   20.27 v gen_col[0].u_pe_col/gen_pe[4].u_pe/_4941_/X (sky130_fd_sc_hd__maj3_1)
   0.31   20.59 ^ gen_col[0].u_pe_col/gen_pe[4].u_pe/_4945_/Y (sky130_fd_sc_hd__a211oi_1)
   0.14   20.73 v gen_col[0].u_pe_col/gen_pe[4].u_pe/_4947_/Y (sky130_fd_sc_hd__o31ai_1)
   0.41   21.14 v gen_col[0].u_pe_col/gen_pe[4].u_pe/_4949_/X (sky130_fd_sc_hd__maj3_1)
   0.28   21.42 ^ gen_col[0].u_pe_col/gen_pe[4].u_pe/_4952_/Y (sky130_fd_sc_hd__a211oi_1)
   0.19   21.61 v gen_col[0].u_pe_col/gen_pe[4].u_pe/_4955_/Y (sky130_fd_sc_hd__o311ai_0)
   0.33   21.94 ^ gen_col[0].u_pe_col/gen_pe[4].u_pe/_4958_/Y (sky130_fd_sc_hd__a311oi_1)
   0.13   22.07 v gen_col[0].u_pe_col/gen_pe[4].u_pe/_4960_/Y (sky130_fd_sc_hd__o31ai_1)
   0.40   22.47 v gen_col[0].u_pe_col/gen_pe[4].u_pe/_4962_/X (sky130_fd_sc_hd__maj3_1)
   0.39   22.86 v gen_col[0].u_pe_col/gen_pe[4].u_pe/_4964_/X (sky130_fd_sc_hd__maj3_1)
   0.39   23.25 v gen_col[0].u_pe_col/gen_pe[4].u_pe/_4967_/X (sky130_fd_sc_hd__maj3_1)
   0.39   23.64 v gen_col[0].u_pe_col/gen_pe[4].u_pe/_4970_/X (sky130_fd_sc_hd__maj3_1)
   0.40   24.04 v gen_col[0].u_pe_col/gen_pe[4].u_pe/_4973_/X (sky130_fd_sc_hd__maj3_1)
   0.26   24.30 ^ gen_col[0].u_pe_col/gen_pe[4].u_pe/_4976_/Y (sky130_fd_sc_hd__a211oi_1)
   0.13   24.43 v gen_col[0].u_pe_col/gen_pe[4].u_pe/_4978_/Y (sky130_fd_sc_hd__o31ai_1)
   0.41   24.84 v gen_col[0].u_pe_col/gen_pe[4].u_pe/_4980_/X (sky130_fd_sc_hd__maj3_1)
   0.26   25.11 ^ gen_col[0].u_pe_col/gen_pe[4].u_pe/_4983_/Y (sky130_fd_sc_hd__a211oi_1)
   0.19   25.30 v gen_col[0].u_pe_col/gen_pe[4].u_pe/_4986_/Y (sky130_fd_sc_hd__o311ai_0)
   0.27   25.57 ^ gen_col[0].u_pe_col/gen_pe[4].u_pe/_4988_/Y (sky130_fd_sc_hd__a31oi_1)
   0.25   25.82 ^ gen_col[0].u_pe_col/gen_pe[4].u_pe/_4990_/X (sky130_fd_sc_hd__maj3_1)
   0.21   26.03 ^ gen_col[0].u_pe_col/gen_pe[4].u_pe/_4992_/X (sky130_fd_sc_hd__maj3_1)
   0.22   26.25 ^ gen_col[0].u_pe_col/gen_pe[4].u_pe/_4994_/X (sky130_fd_sc_hd__maj3_1)
   0.13   26.38 v gen_col[0].u_pe_col/gen_pe[4].u_pe/_4999_/Y (sky130_fd_sc_hd__o211ai_1)
   0.32   26.71 ^ gen_col[0].u_pe_col/gen_pe[4].u_pe/_5002_/Y (sky130_fd_sc_hd__a311oi_1)
   0.19   26.90 v gen_col[0].u_pe_col/gen_pe[4].u_pe/_5005_/Y (sky130_fd_sc_hd__o311ai_0)
   0.39   27.29 ^ gen_col[0].u_pe_col/gen_pe[4].u_pe/_5008_/Y (sky130_fd_sc_hd__a311oi_1)
   0.20   27.49 v gen_col[0].u_pe_col/gen_pe[4].u_pe/_5011_/Y (sky130_fd_sc_hd__o311ai_0)
   0.35   27.84 ^ gen_col[0].u_pe_col/gen_pe[4].u_pe/_5014_/Y (sky130_fd_sc_hd__a311oi_1)
   0.17   28.01 v gen_col[0].u_pe_col/gen_pe[4].u_pe/_5017_/Y (sky130_fd_sc_hd__o311ai_0)
   0.27   28.28 ^ gen_col[0].u_pe_col/gen_pe[4].u_pe/_5019_/Y (sky130_fd_sc_hd__a31oi_1)
   0.25   28.53 ^ gen_col[0].u_pe_col/gen_pe[4].u_pe/_5021_/X (sky130_fd_sc_hd__maj3_1)
   0.21   28.74 ^ gen_col[0].u_pe_col/gen_pe[4].u_pe/_5023_/X (sky130_fd_sc_hd__maj3_1)
   0.21   28.95 ^ gen_col[0].u_pe_col/gen_pe[4].u_pe/_5025_/X (sky130_fd_sc_hd__maj3_1)
   0.21   29.16 ^ gen_col[0].u_pe_col/gen_pe[4].u_pe/_5027_/X (sky130_fd_sc_hd__maj3_1)
   0.22   29.38 ^ gen_col[0].u_pe_col/gen_pe[4].u_pe/_5029_/X (sky130_fd_sc_hd__maj3_1)
   0.13   29.51 v gen_col[0].u_pe_col/gen_pe[4].u_pe/_5033_/Y (sky130_fd_sc_hd__o211ai_1)
   0.22   29.73 ^ gen_col[0].u_pe_col/gen_pe[4].u_pe/_5035_/Y (sky130_fd_sc_hd__a31oi_1)
   0.23   29.95 ^ gen_col[0].u_pe_col/gen_pe[4].u_pe/_5038_/X (sky130_fd_sc_hd__maj3_1)
   0.15   30.10 v gen_col[0].u_pe_col/gen_pe[4].u_pe/_5043_/Y (sky130_fd_sc_hd__o221ai_1)
   0.36   30.46 ^ gen_col[0].u_pe_col/gen_pe[4].u_pe/_5046_/Y (sky130_fd_sc_hd__a311oi_1)
   0.20   30.66 v gen_col[0].u_pe_col/gen_pe[4].u_pe/_5049_/Y (sky130_fd_sc_hd__o311ai_0)
   0.24   30.90 ^ gen_col[0].u_pe_col/gen_pe[4].u_pe/_5051_/Y (sky130_fd_sc_hd__a31oi_1)
   0.23   31.13 ^ gen_col[0].u_pe_col/gen_pe[4].u_pe/_5054_/X (sky130_fd_sc_hd__maj3_1)
   0.12   31.25 v gen_col[0].u_pe_col/gen_pe[4].u_pe/_5059_/Y (sky130_fd_sc_hd__o211ai_1)
   0.36   31.61 ^ gen_col[0].u_pe_col/gen_pe[4].u_pe/_5062_/Y (sky130_fd_sc_hd__a311oi_1)
   0.15   31.76 v gen_col[0].u_pe_col/gen_pe[4].u_pe/_5066_/Y (sky130_fd_sc_hd__o311ai_0)
   0.33   32.09 ^ gen_col[0].u_pe_col/gen_pe[4].u_pe/_5069_/Y (sky130_fd_sc_hd__a311oi_1)
   0.14   32.23 v gen_col[0].u_pe_col/gen_pe[4].u_pe/_5071_/Y (sky130_fd_sc_hd__o31ai_1)
   0.40   32.63 v gen_col[0].u_pe_col/gen_pe[4].u_pe/_5072_/X (sky130_fd_sc_hd__maj3_1)
   0.26   32.89 ^ gen_col[0].u_pe_col/gen_pe[4].u_pe/_5075_/Y (sky130_fd_sc_hd__a211oi_1)
   0.13   33.03 v gen_col[0].u_pe_col/gen_pe[4].u_pe/_5077_/Y (sky130_fd_sc_hd__o31ai_1)
   0.39   33.42 v gen_col[0].u_pe_col/gen_pe[4].u_pe/_5078_/X (sky130_fd_sc_hd__maj3_1)
   0.39   33.81 v gen_col[0].u_pe_col/gen_pe[4].u_pe/_5080_/X (sky130_fd_sc_hd__maj3_1)
   0.39   34.20 v gen_col[0].u_pe_col/gen_pe[4].u_pe/_5082_/X (sky130_fd_sc_hd__maj3_1)
   0.39   34.59 v gen_col[0].u_pe_col/gen_pe[4].u_pe/_5085_/X (sky130_fd_sc_hd__maj3_1)
   0.39   34.97 v gen_col[0].u_pe_col/gen_pe[4].u_pe/_5088_/X (sky130_fd_sc_hd__maj3_1)
   0.39   35.36 v gen_col[0].u_pe_col/gen_pe[4].u_pe/_5091_/X (sky130_fd_sc_hd__maj3_1)
   0.39   35.75 v gen_col[0].u_pe_col/gen_pe[4].u_pe/_5094_/X (sky130_fd_sc_hd__maj3_1)
   0.39   36.14 v gen_col[0].u_pe_col/gen_pe[4].u_pe/_5097_/X (sky130_fd_sc_hd__maj3_1)
   0.39   36.52 v gen_col[0].u_pe_col/gen_pe[4].u_pe/_5100_/X (sky130_fd_sc_hd__maj3_1)
   0.39   36.91 v gen_col[0].u_pe_col/gen_pe[4].u_pe/_5103_/X (sky130_fd_sc_hd__maj3_1)
   0.38   37.30 v gen_col[0].u_pe_col/gen_pe[4].u_pe/_5106_/X (sky130_fd_sc_hd__maj3_1)
   0.28   37.58 ^ gen_col[0].u_pe_col/gen_pe[4].u_pe/_5110_/Y (sky130_fd_sc_hd__a211oi_1)
   0.19   37.77 v gen_col[0].u_pe_col/gen_pe[4].u_pe/_5113_/Y (sky130_fd_sc_hd__o311ai_0)
   0.35   38.12 ^ gen_col[0].u_pe_col/gen_pe[4].u_pe/_5116_/Y (sky130_fd_sc_hd__a311oi_1)
   0.14   38.25 v gen_col[0].u_pe_col/gen_pe[4].u_pe/_5118_/Y (sky130_fd_sc_hd__o31ai_1)
   0.39   38.65 v gen_col[0].u_pe_col/gen_pe[4].u_pe/_5120_/X (sky130_fd_sc_hd__maj3_1)
   0.39   39.03 v gen_col[0].u_pe_col/gen_pe[4].u_pe/_5122_/X (sky130_fd_sc_hd__maj3_1)
   0.39   39.43 v gen_col[0].u_pe_col/gen_pe[4].u_pe/_5125_/X (sky130_fd_sc_hd__maj3_1)
   0.38   39.81 v gen_col[0].u_pe_col/gen_pe[4].u_pe/_5127_/X (sky130_fd_sc_hd__maj3_1)
   0.16   39.97 v gen_col[0].u_pe_col/gen_pe[4].u_pe/_5130_/X (sky130_fd_sc_hd__and2_0)
   0.19   40.15 v gen_col[0].u_pe_col/gen_pe[4].u_pe/_5132_/X (sky130_fd_sc_hd__o21a_1)
   0.30   40.45 v gen_col[0].u_pe_col/gen_pe[4].u_pe/_5136_/X (sky130_fd_sc_hd__o311a_1)
   0.19   40.64 v gen_col[0].u_pe_col/gen_pe[4].u_pe/_5138_/X (sky130_fd_sc_hd__o21a_1)
   0.19   40.82 v gen_col[0].u_pe_col/gen_pe[4].u_pe/_5140_/X (sky130_fd_sc_hd__o21a_1)
   0.19   41.01 v gen_col[0].u_pe_col/gen_pe[4].u_pe/_5142_/X (sky130_fd_sc_hd__o21a_1)
   0.19   41.20 v gen_col[0].u_pe_col/gen_pe[4].u_pe/_5144_/X (sky130_fd_sc_hd__o21a_1)
   0.18   41.38 v gen_col[0].u_pe_col/gen_pe[4].u_pe/_5146_/X (sky130_fd_sc_hd__o21a_1)
   0.23   41.61 ^ gen_col[0].u_pe_col/gen_pe[4].u_pe/_5155_/Y (sky130_fd_sc_hd__o21ai_0)
   0.18   41.79 ^ gen_col[0].u_pe_col/gen_pe[4].u_pe/_3768_/X (sky130_fd_sc_hd__a31o_1)
   0.06   41.84 v gen_col[0].u_pe_col/gen_pe[4].u_pe/_3769_/Y (sky130_fd_sc_hd__o21ai_0)
   0.00   41.84 v gen_col[0].u_pe_col/gen_pe[4].u_pe/_5433_/D (sky130_fd_sc_hd__dfrtp_1)
          41.84   data arrival time

  20.00   20.00   clock clk (rise edge)
   0.00   20.00   clock network delay (ideal)
   0.00   20.00   clock reconvergence pessimism
          20.00 ^ gen_col[0].u_pe_col/gen_pe[4].u_pe/_5433_/CLK (sky130_fd_sc_hd__dfrtp_1)
  -0.24   19.76   library setup time
          19.76   data required time
---------------------------------------------------------
          19.76   data required time
         -41.84   data arrival time
---------------------------------------------------------
         -22.08   slack (VIOLATED)


Timing Analysis Completed.
