OpenSTA 3.1.0  Copyright (c) 2026, Parallax Software, Inc.
License GPLv3: GNU GPL version 3 <http://gnu.org/licenses/gpl.html>

This is free software, and you are free to change and redistribute it
under certain conditions; type `show_copying' for details. 
This program comes with ABSOLUTELY NO WARRANTY; for details type `show_warranty'.
Warning 503: timing.tcl line 1, report_checks -group_count is deprecated. Use -group_path_count instead.
Startpoint: gen_col[0].u_pe_col/gen_pe[0].u_pe/_11799_
            (rising edge-triggered flip-flop clocked by clk)
Endpoint: gen_col[1].u_pe_col/gen_pe[0].u_pe/_11941_
          (rising edge-triggered flip-flop clocked by clk)
Path Group: clk
Path Type: max

  Delay    Time   Description
---------------------------------------------------------
   0.00    0.00   clock clk (rise edge)
   0.00    0.00   clock network delay (ideal)
   0.00    0.00 ^ gen_col[0].u_pe_col/gen_pe[0].u_pe/_11799_/CLK (sky130_fd_sc_hd__dfrtp_1)
   0.51    0.51 v gen_col[0].u_pe_col/gen_pe[0].u_pe/_11799_/Q (sky130_fd_sc_hd__dfrtp_1)
  12.91   13.42 ^ gen_col[1].u_pe_col/gen_pe[0].u_pe/_08204_/Y (sky130_fd_sc_hd__a31oi_1)
   0.78   14.21 v gen_col[1].u_pe_col/gen_pe[0].u_pe/_10323_/Y (sky130_fd_sc_hd__xnor2_1)
   0.78   14.99 ^ gen_col[1].u_pe_col/gen_pe[0].u_pe/_10324_/Y (sky130_fd_sc_hd__xnor2_1)
   0.19   15.17 ^ gen_col[1].u_pe_col/gen_pe[0].u_pe/_10325_/Y (sky130_fd_sc_hd__xnor2_1)
   0.17   15.34 ^ gen_col[1].u_pe_col/gen_pe[0].u_pe/_10326_/Y (sky130_fd_sc_hd__xnor2_1)
   0.22   15.56 ^ gen_col[1].u_pe_col/gen_pe[0].u_pe/_10439_/X (sky130_fd_sc_hd__xor2_1)
   0.18   15.74 ^ gen_col[1].u_pe_col/gen_pe[0].u_pe/_10441_/X (sky130_fd_sc_hd__xor2_1)
   0.21   15.96 ^ gen_col[1].u_pe_col/gen_pe[0].u_pe/_10514_/X (sky130_fd_sc_hd__xor2_1)
   0.17   16.12 ^ gen_col[1].u_pe_col/gen_pe[0].u_pe/_11114_/X (sky130_fd_sc_hd__xor2_1)
   0.10   16.22 v gen_col[1].u_pe_col/gen_pe[0].u_pe/_11115_/Y (sky130_fd_sc_hd__clkinv_1)
   0.20   16.42 ^ gen_col[1].u_pe_col/gen_pe[0].u_pe/_11116_/Y (sky130_fd_sc_hd__a21oi_1)
   0.12   16.55 v gen_col[1].u_pe_col/gen_pe[0].u_pe/_11119_/Y (sky130_fd_sc_hd__o21bai_1)
   0.23   16.77 ^ gen_col[1].u_pe_col/gen_pe[0].u_pe/_11121_/Y (sky130_fd_sc_hd__a21oi_1)
   0.14   16.92 v gen_col[1].u_pe_col/gen_pe[0].u_pe/_11138_/Y (sky130_fd_sc_hd__o31ai_1)
   0.18   17.10 ^ gen_col[1].u_pe_col/gen_pe[0].u_pe/_11140_/Y (sky130_fd_sc_hd__a21oi_1)
   0.17   17.27 v gen_col[1].u_pe_col/gen_pe[0].u_pe/_11144_/Y (sky130_fd_sc_hd__o21ai_0)
   0.24   17.51 ^ gen_col[1].u_pe_col/gen_pe[0].u_pe/_11161_/Y (sky130_fd_sc_hd__a31oi_1)
   0.16   17.67 v gen_col[1].u_pe_col/gen_pe[0].u_pe/_11166_/Y (sky130_fd_sc_hd__o211ai_1)
   0.37   18.04 ^ gen_col[1].u_pe_col/gen_pe[0].u_pe/_11169_/Y (sky130_fd_sc_hd__a311oi_1)
   0.14   18.17 v gen_col[1].u_pe_col/gen_pe[0].u_pe/_11171_/Y (sky130_fd_sc_hd__o31ai_1)
   0.23   18.41 ^ gen_col[1].u_pe_col/gen_pe[0].u_pe/_11173_/Y (sky130_fd_sc_hd__a21oi_1)
   0.16   18.57 v gen_col[1].u_pe_col/gen_pe[0].u_pe/_11177_/Y (sky130_fd_sc_hd__o211ai_1)
   0.43   19.00 ^ gen_col[1].u_pe_col/gen_pe[0].u_pe/_11180_/Y (sky130_fd_sc_hd__a311oi_1)
   0.18   19.18 v gen_col[1].u_pe_col/gen_pe[0].u_pe/_11183_/Y (sky130_fd_sc_hd__o311ai_0)
   0.30   19.48 ^ gen_col[1].u_pe_col/gen_pe[0].u_pe/_11186_/Y (sky130_fd_sc_hd__a311oi_1)
   0.16   19.63 v gen_col[1].u_pe_col/gen_pe[0].u_pe/_11189_/Y (sky130_fd_sc_hd__o311ai_0)
   0.43   20.07 ^ gen_col[1].u_pe_col/gen_pe[0].u_pe/_11192_/Y (sky130_fd_sc_hd__a311oi_1)
   0.18   20.25 v gen_col[1].u_pe_col/gen_pe[0].u_pe/_11195_/Y (sky130_fd_sc_hd__o311ai_0)
   0.30   20.55 ^ gen_col[1].u_pe_col/gen_pe[0].u_pe/_11198_/Y (sky130_fd_sc_hd__a311oi_1)
   0.16   20.70 v gen_col[1].u_pe_col/gen_pe[0].u_pe/_11201_/Y (sky130_fd_sc_hd__o311ai_0)
   0.30   21.00 ^ gen_col[1].u_pe_col/gen_pe[0].u_pe/_11204_/Y (sky130_fd_sc_hd__a311oi_1)
   0.16   21.16 v gen_col[1].u_pe_col/gen_pe[0].u_pe/_11207_/Y (sky130_fd_sc_hd__o311ai_0)
   0.30   21.45 ^ gen_col[1].u_pe_col/gen_pe[0].u_pe/_11210_/Y (sky130_fd_sc_hd__a311oi_1)
   0.16   21.62 v gen_col[1].u_pe_col/gen_pe[0].u_pe/_11214_/Y (sky130_fd_sc_hd__o311ai_0)
   0.14   21.76 ^ gen_col[1].u_pe_col/gen_pe[0].u_pe/_11245_/Y (sky130_fd_sc_hd__nand4b_1)
   0.08   21.84 v gen_col[1].u_pe_col/gen_pe[0].u_pe/_11252_/Y (sky130_fd_sc_hd__a21oi_1)
   0.22   22.06 ^ gen_col[1].u_pe_col/gen_pe[0].u_pe/_11254_/Y (sky130_fd_sc_hd__o21ai_0)
   0.13   22.19 v gen_col[1].u_pe_col/gen_pe[0].u_pe/_11256_/Y (sky130_fd_sc_hd__a21oi_1)
   0.33   22.52 ^ gen_col[1].u_pe_col/gen_pe[0].u_pe/_11259_/Y (sky130_fd_sc_hd__o311ai_0)
   0.19   22.70 v gen_col[1].u_pe_col/gen_pe[0].u_pe/_11261_/Y (sky130_fd_sc_hd__a31oi_1)
   0.30   23.01 ^ gen_col[1].u_pe_col/gen_pe[0].u_pe/_11263_/Y (sky130_fd_sc_hd__a211oi_1)
   0.16   23.17 v gen_col[1].u_pe_col/gen_pe[0].u_pe/_11266_/Y (sky130_fd_sc_hd__o311ai_0)
   0.34   23.50 ^ gen_col[1].u_pe_col/gen_pe[0].u_pe/_11269_/Y (sky130_fd_sc_hd__a311oi_1)
   0.19   23.70 v gen_col[1].u_pe_col/gen_pe[0].u_pe/_11272_/Y (sky130_fd_sc_hd__o311ai_0)
   0.35   24.05 ^ gen_col[1].u_pe_col/gen_pe[0].u_pe/_11275_/Y (sky130_fd_sc_hd__a311oi_1)
   0.14   24.19 v gen_col[1].u_pe_col/gen_pe[0].u_pe/_11278_/Y (sky130_fd_sc_hd__o311ai_0)
   0.33   24.51 ^ gen_col[1].u_pe_col/gen_pe[0].u_pe/_11281_/Y (sky130_fd_sc_hd__a311oi_1)
   0.14   24.66 v gen_col[1].u_pe_col/gen_pe[0].u_pe/_11284_/Y (sky130_fd_sc_hd__o311ai_0)
   0.33   24.98 ^ gen_col[1].u_pe_col/gen_pe[0].u_pe/_11287_/Y (sky130_fd_sc_hd__a311oi_1)
   0.14   25.13 v gen_col[1].u_pe_col/gen_pe[0].u_pe/_11290_/Y (sky130_fd_sc_hd__o311ai_0)
   0.34   25.47 ^ gen_col[1].u_pe_col/gen_pe[0].u_pe/_11294_/Y (sky130_fd_sc_hd__a311oi_1)
   0.10   25.57 v gen_col[1].u_pe_col/gen_pe[0].u_pe/_11328_/Y (sky130_fd_sc_hd__nor4b_1)
   0.21   25.79 v gen_col[1].u_pe_col/gen_pe[0].u_pe/_11333_/X (sky130_fd_sc_hd__o21a_1)
   0.18   25.97 v gen_col[1].u_pe_col/gen_pe[0].u_pe/_11336_/X (sky130_fd_sc_hd__o21a_1)
   0.22   26.19 ^ gen_col[1].u_pe_col/gen_pe[0].u_pe/_11339_/Y (sky130_fd_sc_hd__o21ai_0)
   0.16   26.34 v gen_col[1].u_pe_col/gen_pe[0].u_pe/_11342_/Y (sky130_fd_sc_hd__a311oi_1)
   0.33   26.68 v gen_col[1].u_pe_col/gen_pe[0].u_pe/_11345_/X (sky130_fd_sc_hd__o311a_1)
   0.17   26.84 ^ gen_col[1].u_pe_col/gen_pe[0].u_pe/_11347_/Y (sky130_fd_sc_hd__nor3_1)
   0.18   27.02 v gen_col[1].u_pe_col/gen_pe[0].u_pe/_11351_/Y (sky130_fd_sc_hd__o311ai_0)
   0.42   27.44 v gen_col[1].u_pe_col/gen_pe[0].u_pe/_11354_/X (sky130_fd_sc_hd__a311o_1)
   0.38   27.82 v gen_col[1].u_pe_col/gen_pe[0].u_pe/_11357_/X (sky130_fd_sc_hd__a311o_1)
   0.36   28.18 v gen_col[1].u_pe_col/gen_pe[0].u_pe/_11360_/X (sky130_fd_sc_hd__a311o_1)
   0.24   28.43 v gen_col[1].u_pe_col/gen_pe[0].u_pe/_11362_/X (sky130_fd_sc_hd__a31o_1)
   0.38   28.81 v gen_col[1].u_pe_col/gen_pe[0].u_pe/_11364_/X (sky130_fd_sc_hd__maj3_1)
   0.39   29.20 v gen_col[1].u_pe_col/gen_pe[0].u_pe/_11366_/X (sky130_fd_sc_hd__maj3_1)
   0.40   29.60 v gen_col[1].u_pe_col/gen_pe[0].u_pe/_11368_/X (sky130_fd_sc_hd__maj3_1)
   0.29   29.90 v gen_col[1].u_pe_col/gen_pe[0].u_pe/_11371_/X (sky130_fd_sc_hd__a211o_1)
   0.38   30.27 v gen_col[1].u_pe_col/gen_pe[0].u_pe/_11375_/X (sky130_fd_sc_hd__a311o_1)
   0.24   30.52 ^ gen_col[1].u_pe_col/gen_pe[0].u_pe/_11377_/Y (sky130_fd_sc_hd__a31oi_1)
   0.25   30.77 ^ gen_col[1].u_pe_col/gen_pe[0].u_pe/_11379_/X (sky130_fd_sc_hd__maj3_1)
   0.21   30.97 ^ gen_col[1].u_pe_col/gen_pe[0].u_pe/_11381_/X (sky130_fd_sc_hd__maj3_1)
   0.21   31.18 ^ gen_col[1].u_pe_col/gen_pe[0].u_pe/_11383_/X (sky130_fd_sc_hd__maj3_1)
   0.19   31.38 ^ gen_col[1].u_pe_col/gen_pe[0].u_pe/_11385_/X (sky130_fd_sc_hd__maj3_1)
   0.12   31.50 v gen_col[1].u_pe_col/gen_pe[0].u_pe/_11387_/Y (sky130_fd_sc_hd__o21ai_0)
   0.17   31.67 ^ gen_col[1].u_pe_col/gen_pe[0].u_pe/_11752_/Y (sky130_fd_sc_hd__a21oi_1)
   0.12   31.79 ^ gen_col[1].u_pe_col/gen_pe[0].u_pe/_11763_/X (sky130_fd_sc_hd__a21o_1)
   0.05   31.84 v gen_col[1].u_pe_col/gen_pe[0].u_pe/_11764_/Y (sky130_fd_sc_hd__o21ai_0)
   0.00   31.84 v gen_col[1].u_pe_col/gen_pe[0].u_pe/_11941_/D (sky130_fd_sc_hd__dfrtp_1)
          31.84   data arrival time

  20.00   20.00   clock clk (rise edge)
   0.00   20.00   clock network delay (ideal)
   0.00   20.00   clock reconvergence pessimism
          20.00 ^ gen_col[1].u_pe_col/gen_pe[0].u_pe/_11941_/CLK (sky130_fd_sc_hd__dfrtp_1)
  -0.22   19.78   library setup time
          19.78   data required time
---------------------------------------------------------
          19.78   data required time
         -31.84   data arrival time
---------------------------------------------------------
         -12.06   slack (VIOLATED)


Startpoint: gen_col[1].u_pe_col/gen_pe[0].u_pe/_11799_
            (rising edge-triggered flip-flop clocked by clk)
Endpoint: gen_col[2].u_pe_col/gen_pe[0].u_pe/_11941_
          (rising edge-triggered flip-flop clocked by clk)
Path Group: clk
Path Type: max

  Delay    Time   Description
---------------------------------------------------------
   0.00    0.00   clock clk (rise edge)
   0.00    0.00   clock network delay (ideal)
   0.00    0.00 ^ gen_col[1].u_pe_col/gen_pe[0].u_pe/_11799_/CLK (sky130_fd_sc_hd__dfrtp_1)
   0.51    0.51 v gen_col[1].u_pe_col/gen_pe[0].u_pe/_11799_/Q (sky130_fd_sc_hd__dfrtp_1)
  12.91   13.42 ^ gen_col[2].u_pe_col/gen_pe[0].u_pe/_08204_/Y (sky130_fd_sc_hd__a31oi_1)
   0.78   14.21 v gen_col[2].u_pe_col/gen_pe[0].u_pe/_10323_/Y (sky130_fd_sc_hd__xnor2_1)
   0.78   14.99 ^ gen_col[2].u_pe_col/gen_pe[0].u_pe/_10324_/Y (sky130_fd_sc_hd__xnor2_1)
   0.19   15.17 ^ gen_col[2].u_pe_col/gen_pe[0].u_pe/_10325_/Y (sky130_fd_sc_hd__xnor2_1)
   0.17   15.34 ^ gen_col[2].u_pe_col/gen_pe[0].u_pe/_10326_/Y (sky130_fd_sc_hd__xnor2_1)
   0.22   15.56 ^ gen_col[2].u_pe_col/gen_pe[0].u_pe/_10439_/X (sky130_fd_sc_hd__xor2_1)
   0.18   15.74 ^ gen_col[2].u_pe_col/gen_pe[0].u_pe/_10441_/X (sky130_fd_sc_hd__xor2_1)
   0.21   15.96 ^ gen_col[2].u_pe_col/gen_pe[0].u_pe/_10514_/X (sky130_fd_sc_hd__xor2_1)
   0.17   16.12 ^ gen_col[2].u_pe_col/gen_pe[0].u_pe/_11114_/X (sky130_fd_sc_hd__xor2_1)
   0.10   16.22 v gen_col[2].u_pe_col/gen_pe[0].u_pe/_11115_/Y (sky130_fd_sc_hd__clkinv_1)
   0.20   16.42 ^ gen_col[2].u_pe_col/gen_pe[0].u_pe/_11116_/Y (sky130_fd_sc_hd__a21oi_1)
   0.12   16.55 v gen_col[2].u_pe_col/gen_pe[0].u_pe/_11119_/Y (sky130_fd_sc_hd__o21bai_1)
   0.23   16.77 ^ gen_col[2].u_pe_col/gen_pe[0].u_pe/_11121_/Y (sky130_fd_sc_hd__a21oi_1)
   0.14   16.92 v gen_col[2].u_pe_col/gen_pe[0].u_pe/_11138_/Y (sky130_fd_sc_hd__o31ai_1)
   0.18   17.10 ^ gen_col[2].u_pe_col/gen_pe[0].u_pe/_11140_/Y (sky130_fd_sc_hd__a21oi_1)
   0.17   17.27 v gen_col[2].u_pe_col/gen_pe[0].u_pe/_11144_/Y (sky130_fd_sc_hd__o21ai_0)
   0.24   17.51 ^ gen_col[2].u_pe_col/gen_pe[0].u_pe/_11161_/Y (sky130_fd_sc_hd__a31oi_1)
   0.16   17.67 v gen_col[2].u_pe_col/gen_pe[0].u_pe/_11166_/Y (sky130_fd_sc_hd__o211ai_1)
   0.37   18.04 ^ gen_col[2].u_pe_col/gen_pe[0].u_pe/_11169_/Y (sky130_fd_sc_hd__a311oi_1)
   0.14   18.17 v gen_col[2].u_pe_col/gen_pe[0].u_pe/_11171_/Y (sky130_fd_sc_hd__o31ai_1)
   0.23   18.41 ^ gen_col[2].u_pe_col/gen_pe[0].u_pe/_11173_/Y (sky130_fd_sc_hd__a21oi_1)
   0.16   18.57 v gen_col[2].u_pe_col/gen_pe[0].u_pe/_11177_/Y (sky130_fd_sc_hd__o211ai_1)
   0.43   19.00 ^ gen_col[2].u_pe_col/gen_pe[0].u_pe/_11180_/Y (sky130_fd_sc_hd__a311oi_1)
   0.18   19.18 v gen_col[2].u_pe_col/gen_pe[0].u_pe/_11183_/Y (sky130_fd_sc_hd__o311ai_0)
   0.30   19.48 ^ gen_col[2].u_pe_col/gen_pe[0].u_pe/_11186_/Y (sky130_fd_sc_hd__a311oi_1)
   0.16   19.63 v gen_col[2].u_pe_col/gen_pe[0].u_pe/_11189_/Y (sky130_fd_sc_hd__o311ai_0)
   0.43   20.07 ^ gen_col[2].u_pe_col/gen_pe[0].u_pe/_11192_/Y (sky130_fd_sc_hd__a311oi_1)
   0.18   20.25 v gen_col[2].u_pe_col/gen_pe[0].u_pe/_11195_/Y (sky130_fd_sc_hd__o311ai_0)
   0.30   20.55 ^ gen_col[2].u_pe_col/gen_pe[0].u_pe/_11198_/Y (sky130_fd_sc_hd__a311oi_1)
   0.16   20.70 v gen_col[2].u_pe_col/gen_pe[0].u_pe/_11201_/Y (sky130_fd_sc_hd__o311ai_0)
   0.30   21.00 ^ gen_col[2].u_pe_col/gen_pe[0].u_pe/_11204_/Y (sky130_fd_sc_hd__a311oi_1)
   0.16   21.16 v gen_col[2].u_pe_col/gen_pe[0].u_pe/_11207_/Y (sky130_fd_sc_hd__o311ai_0)
   0.30   21.45 ^ gen_col[2].u_pe_col/gen_pe[0].u_pe/_11210_/Y (sky130_fd_sc_hd__a311oi_1)
   0.16   21.62 v gen_col[2].u_pe_col/gen_pe[0].u_pe/_11214_/Y (sky130_fd_sc_hd__o311ai_0)
   0.14   21.76 ^ gen_col[2].u_pe_col/gen_pe[0].u_pe/_11245_/Y (sky130_fd_sc_hd__nand4b_1)
   0.08   21.84 v gen_col[2].u_pe_col/gen_pe[0].u_pe/_11252_/Y (sky130_fd_sc_hd__a21oi_1)
   0.22   22.06 ^ gen_col[2].u_pe_col/gen_pe[0].u_pe/_11254_/Y (sky130_fd_sc_hd__o21ai_0)
   0.13   22.19 v gen_col[2].u_pe_col/gen_pe[0].u_pe/_11256_/Y (sky130_fd_sc_hd__a21oi_1)
   0.33   22.52 ^ gen_col[2].u_pe_col/gen_pe[0].u_pe/_11259_/Y (sky130_fd_sc_hd__o311ai_0)
   0.19   22.70 v gen_col[2].u_pe_col/gen_pe[0].u_pe/_11261_/Y (sky130_fd_sc_hd__a31oi_1)
   0.30   23.01 ^ gen_col[2].u_pe_col/gen_pe[0].u_pe/_11263_/Y (sky130_fd_sc_hd__a211oi_1)
   0.16   23.17 v gen_col[2].u_pe_col/gen_pe[0].u_pe/_11266_/Y (sky130_fd_sc_hd__o311ai_0)
   0.34   23.50 ^ gen_col[2].u_pe_col/gen_pe[0].u_pe/_11269_/Y (sky130_fd_sc_hd__a311oi_1)
   0.19   23.70 v gen_col[2].u_pe_col/gen_pe[0].u_pe/_11272_/Y (sky130_fd_sc_hd__o311ai_0)
   0.35   24.05 ^ gen_col[2].u_pe_col/gen_pe[0].u_pe/_11275_/Y (sky130_fd_sc_hd__a311oi_1)
   0.14   24.19 v gen_col[2].u_pe_col/gen_pe[0].u_pe/_11278_/Y (sky130_fd_sc_hd__o311ai_0)
   0.33   24.51 ^ gen_col[2].u_pe_col/gen_pe[0].u_pe/_11281_/Y (sky130_fd_sc_hd__a311oi_1)
   0.14   24.66 v gen_col[2].u_pe_col/gen_pe[0].u_pe/_11284_/Y (sky130_fd_sc_hd__o311ai_0)
   0.33   24.98 ^ gen_col[2].u_pe_col/gen_pe[0].u_pe/_11287_/Y (sky130_fd_sc_hd__a311oi_1)
   0.14   25.13 v gen_col[2].u_pe_col/gen_pe[0].u_pe/_11290_/Y (sky130_fd_sc_hd__o311ai_0)
   0.34   25.47 ^ gen_col[2].u_pe_col/gen_pe[0].u_pe/_11294_/Y (sky130_fd_sc_hd__a311oi_1)
   0.10   25.57 v gen_col[2].u_pe_col/gen_pe[0].u_pe/_11328_/Y (sky130_fd_sc_hd__nor4b_1)
   0.21   25.79 v gen_col[2].u_pe_col/gen_pe[0].u_pe/_11333_/X (sky130_fd_sc_hd__o21a_1)
   0.18   25.97 v gen_col[2].u_pe_col/gen_pe[0].u_pe/_11336_/X (sky130_fd_sc_hd__o21a_1)
   0.22   26.19 ^ gen_col[2].u_pe_col/gen_pe[0].u_pe/_11339_/Y (sky130_fd_sc_hd__o21ai_0)
   0.16   26.34 v gen_col[2].u_pe_col/gen_pe[0].u_pe/_11342_/Y (sky130_fd_sc_hd__a311oi_1)
   0.33   26.68 v gen_col[2].u_pe_col/gen_pe[0].u_pe/_11345_/X (sky130_fd_sc_hd__o311a_1)
   0.17   26.84 ^ gen_col[2].u_pe_col/gen_pe[0].u_pe/_11347_/Y (sky130_fd_sc_hd__nor3_1)
   0.18   27.02 v gen_col[2].u_pe_col/gen_pe[0].u_pe/_11351_/Y (sky130_fd_sc_hd__o311ai_0)
   0.42   27.44 v gen_col[2].u_pe_col/gen_pe[0].u_pe/_11354_/X (sky130_fd_sc_hd__a311o_1)
   0.38   27.82 v gen_col[2].u_pe_col/gen_pe[0].u_pe/_11357_/X (sky130_fd_sc_hd__a311o_1)
   0.36   28.18 v gen_col[2].u_pe_col/gen_pe[0].u_pe/_11360_/X (sky130_fd_sc_hd__a311o_1)
   0.24   28.43 v gen_col[2].u_pe_col/gen_pe[0].u_pe/_11362_/X (sky130_fd_sc_hd__a31o_1)
   0.38   28.81 v gen_col[2].u_pe_col/gen_pe[0].u_pe/_11364_/X (sky130_fd_sc_hd__maj3_1)
   0.39   29.20 v gen_col[2].u_pe_col/gen_pe[0].u_pe/_11366_/X (sky130_fd_sc_hd__maj3_1)
   0.40   29.60 v gen_col[2].u_pe_col/gen_pe[0].u_pe/_11368_/X (sky130_fd_sc_hd__maj3_1)
   0.29   29.90 v gen_col[2].u_pe_col/gen_pe[0].u_pe/_11371_/X (sky130_fd_sc_hd__a211o_1)
   0.38   30.27 v gen_col[2].u_pe_col/gen_pe[0].u_pe/_11375_/X (sky130_fd_sc_hd__a311o_1)
   0.24   30.52 ^ gen_col[2].u_pe_col/gen_pe[0].u_pe/_11377_/Y (sky130_fd_sc_hd__a31oi_1)
   0.25   30.77 ^ gen_col[2].u_pe_col/gen_pe[0].u_pe/_11379_/X (sky130_fd_sc_hd__maj3_1)
   0.21   30.97 ^ gen_col[2].u_pe_col/gen_pe[0].u_pe/_11381_/X (sky130_fd_sc_hd__maj3_1)
   0.21   31.18 ^ gen_col[2].u_pe_col/gen_pe[0].u_pe/_11383_/X (sky130_fd_sc_hd__maj3_1)
   0.19   31.38 ^ gen_col[2].u_pe_col/gen_pe[0].u_pe/_11385_/X (sky130_fd_sc_hd__maj3_1)
   0.12   31.50 v gen_col[2].u_pe_col/gen_pe[0].u_pe/_11387_/Y (sky130_fd_sc_hd__o21ai_0)
   0.17   31.67 ^ gen_col[2].u_pe_col/gen_pe[0].u_pe/_11752_/Y (sky130_fd_sc_hd__a21oi_1)
   0.12   31.79 ^ gen_col[2].u_pe_col/gen_pe[0].u_pe/_11763_/X (sky130_fd_sc_hd__a21o_1)
   0.05   31.84 v gen_col[2].u_pe_col/gen_pe[0].u_pe/_11764_/Y (sky130_fd_sc_hd__o21ai_0)
   0.00   31.84 v gen_col[2].u_pe_col/gen_pe[0].u_pe/_11941_/D (sky130_fd_sc_hd__dfrtp_1)
          31.84   data arrival time

  20.00   20.00   clock clk (rise edge)
   0.00   20.00   clock network delay (ideal)
   0.00   20.00   clock reconvergence pessimism
          20.00 ^ gen_col[2].u_pe_col/gen_pe[0].u_pe/_11941_/CLK (sky130_fd_sc_hd__dfrtp_1)
  -0.22   19.78   library setup time
          19.78   data required time
---------------------------------------------------------
          19.78   data required time
         -31.84   data arrival time
---------------------------------------------------------
         -12.06   slack (VIOLATED)


Startpoint: gen_col[2].u_pe_col/gen_pe[0].u_pe/_11799_
            (rising edge-triggered flip-flop clocked by clk)
Endpoint: gen_col[3].u_pe_col/gen_pe[0].u_pe/_11941_
          (rising edge-triggered flip-flop clocked by clk)
Path Group: clk
Path Type: max

  Delay    Time   Description
---------------------------------------------------------
   0.00    0.00   clock clk (rise edge)
   0.00    0.00   clock network delay (ideal)
   0.00    0.00 ^ gen_col[2].u_pe_col/gen_pe[0].u_pe/_11799_/CLK (sky130_fd_sc_hd__dfrtp_1)
   0.51    0.51 v gen_col[2].u_pe_col/gen_pe[0].u_pe/_11799_/Q (sky130_fd_sc_hd__dfrtp_1)
  12.91   13.42 ^ gen_col[3].u_pe_col/gen_pe[0].u_pe/_08204_/Y (sky130_fd_sc_hd__a31oi_1)
   0.78   14.21 v gen_col[3].u_pe_col/gen_pe[0].u_pe/_10323_/Y (sky130_fd_sc_hd__xnor2_1)
   0.78   14.99 ^ gen_col[3].u_pe_col/gen_pe[0].u_pe/_10324_/Y (sky130_fd_sc_hd__xnor2_1)
   0.19   15.17 ^ gen_col[3].u_pe_col/gen_pe[0].u_pe/_10325_/Y (sky130_fd_sc_hd__xnor2_1)
   0.17   15.34 ^ gen_col[3].u_pe_col/gen_pe[0].u_pe/_10326_/Y (sky130_fd_sc_hd__xnor2_1)
   0.22   15.56 ^ gen_col[3].u_pe_col/gen_pe[0].u_pe/_10439_/X (sky130_fd_sc_hd__xor2_1)
   0.18   15.74 ^ gen_col[3].u_pe_col/gen_pe[0].u_pe/_10441_/X (sky130_fd_sc_hd__xor2_1)
   0.21   15.96 ^ gen_col[3].u_pe_col/gen_pe[0].u_pe/_10514_/X (sky130_fd_sc_hd__xor2_1)
   0.17   16.12 ^ gen_col[3].u_pe_col/gen_pe[0].u_pe/_11114_/X (sky130_fd_sc_hd__xor2_1)
   0.10   16.22 v gen_col[3].u_pe_col/gen_pe[0].u_pe/_11115_/Y (sky130_fd_sc_hd__clkinv_1)
   0.20   16.42 ^ gen_col[3].u_pe_col/gen_pe[0].u_pe/_11116_/Y (sky130_fd_sc_hd__a21oi_1)
   0.12   16.55 v gen_col[3].u_pe_col/gen_pe[0].u_pe/_11119_/Y (sky130_fd_sc_hd__o21bai_1)
   0.23   16.77 ^ gen_col[3].u_pe_col/gen_pe[0].u_pe/_11121_/Y (sky130_fd_sc_hd__a21oi_1)
   0.14   16.92 v gen_col[3].u_pe_col/gen_pe[0].u_pe/_11138_/Y (sky130_fd_sc_hd__o31ai_1)
   0.18   17.10 ^ gen_col[3].u_pe_col/gen_pe[0].u_pe/_11140_/Y (sky130_fd_sc_hd__a21oi_1)
   0.17   17.27 v gen_col[3].u_pe_col/gen_pe[0].u_pe/_11144_/Y (sky130_fd_sc_hd__o21ai_0)
   0.24   17.51 ^ gen_col[3].u_pe_col/gen_pe[0].u_pe/_11161_/Y (sky130_fd_sc_hd__a31oi_1)
   0.16   17.67 v gen_col[3].u_pe_col/gen_pe[0].u_pe/_11166_/Y (sky130_fd_sc_hd__o211ai_1)
   0.37   18.04 ^ gen_col[3].u_pe_col/gen_pe[0].u_pe/_11169_/Y (sky130_fd_sc_hd__a311oi_1)
   0.14   18.17 v gen_col[3].u_pe_col/gen_pe[0].u_pe/_11171_/Y (sky130_fd_sc_hd__o31ai_1)
   0.23   18.41 ^ gen_col[3].u_pe_col/gen_pe[0].u_pe/_11173_/Y (sky130_fd_sc_hd__a21oi_1)
   0.16   18.57 v gen_col[3].u_pe_col/gen_pe[0].u_pe/_11177_/Y (sky130_fd_sc_hd__o211ai_1)
   0.43   19.00 ^ gen_col[3].u_pe_col/gen_pe[0].u_pe/_11180_/Y (sky130_fd_sc_hd__a311oi_1)
   0.18   19.18 v gen_col[3].u_pe_col/gen_pe[0].u_pe/_11183_/Y (sky130_fd_sc_hd__o311ai_0)
   0.30   19.48 ^ gen_col[3].u_pe_col/gen_pe[0].u_pe/_11186_/Y (sky130_fd_sc_hd__a311oi_1)
   0.16   19.63 v gen_col[3].u_pe_col/gen_pe[0].u_pe/_11189_/Y (sky130_fd_sc_hd__o311ai_0)
   0.43   20.07 ^ gen_col[3].u_pe_col/gen_pe[0].u_pe/_11192_/Y (sky130_fd_sc_hd__a311oi_1)
   0.18   20.25 v gen_col[3].u_pe_col/gen_pe[0].u_pe/_11195_/Y (sky130_fd_sc_hd__o311ai_0)
   0.30   20.55 ^ gen_col[3].u_pe_col/gen_pe[0].u_pe/_11198_/Y (sky130_fd_sc_hd__a311oi_1)
   0.16   20.70 v gen_col[3].u_pe_col/gen_pe[0].u_pe/_11201_/Y (sky130_fd_sc_hd__o311ai_0)
   0.30   21.00 ^ gen_col[3].u_pe_col/gen_pe[0].u_pe/_11204_/Y (sky130_fd_sc_hd__a311oi_1)
   0.16   21.16 v gen_col[3].u_pe_col/gen_pe[0].u_pe/_11207_/Y (sky130_fd_sc_hd__o311ai_0)
   0.30   21.45 ^ gen_col[3].u_pe_col/gen_pe[0].u_pe/_11210_/Y (sky130_fd_sc_hd__a311oi_1)
   0.16   21.62 v gen_col[3].u_pe_col/gen_pe[0].u_pe/_11214_/Y (sky130_fd_sc_hd__o311ai_0)
   0.14   21.76 ^ gen_col[3].u_pe_col/gen_pe[0].u_pe/_11245_/Y (sky130_fd_sc_hd__nand4b_1)
   0.08   21.84 v gen_col[3].u_pe_col/gen_pe[0].u_pe/_11252_/Y (sky130_fd_sc_hd__a21oi_1)
   0.22   22.06 ^ gen_col[3].u_pe_col/gen_pe[0].u_pe/_11254_/Y (sky130_fd_sc_hd__o21ai_0)
   0.13   22.19 v gen_col[3].u_pe_col/gen_pe[0].u_pe/_11256_/Y (sky130_fd_sc_hd__a21oi_1)
   0.33   22.52 ^ gen_col[3].u_pe_col/gen_pe[0].u_pe/_11259_/Y (sky130_fd_sc_hd__o311ai_0)
   0.19   22.70 v gen_col[3].u_pe_col/gen_pe[0].u_pe/_11261_/Y (sky130_fd_sc_hd__a31oi_1)
   0.30   23.01 ^ gen_col[3].u_pe_col/gen_pe[0].u_pe/_11263_/Y (sky130_fd_sc_hd__a211oi_1)
   0.16   23.17 v gen_col[3].u_pe_col/gen_pe[0].u_pe/_11266_/Y (sky130_fd_sc_hd__o311ai_0)
   0.34   23.50 ^ gen_col[3].u_pe_col/gen_pe[0].u_pe/_11269_/Y (sky130_fd_sc_hd__a311oi_1)
   0.19   23.70 v gen_col[3].u_pe_col/gen_pe[0].u_pe/_11272_/Y (sky130_fd_sc_hd__o311ai_0)
   0.35   24.05 ^ gen_col[3].u_pe_col/gen_pe[0].u_pe/_11275_/Y (sky130_fd_sc_hd__a311oi_1)
   0.14   24.19 v gen_col[3].u_pe_col/gen_pe[0].u_pe/_11278_/Y (sky130_fd_sc_hd__o311ai_0)
   0.33   24.51 ^ gen_col[3].u_pe_col/gen_pe[0].u_pe/_11281_/Y (sky130_fd_sc_hd__a311oi_1)
   0.14   24.66 v gen_col[3].u_pe_col/gen_pe[0].u_pe/_11284_/Y (sky130_fd_sc_hd__o311ai_0)
   0.33   24.98 ^ gen_col[3].u_pe_col/gen_pe[0].u_pe/_11287_/Y (sky130_fd_sc_hd__a311oi_1)
   0.14   25.13 v gen_col[3].u_pe_col/gen_pe[0].u_pe/_11290_/Y (sky130_fd_sc_hd__o311ai_0)
   0.34   25.47 ^ gen_col[3].u_pe_col/gen_pe[0].u_pe/_11294_/Y (sky130_fd_sc_hd__a311oi_1)
   0.10   25.57 v gen_col[3].u_pe_col/gen_pe[0].u_pe/_11328_/Y (sky130_fd_sc_hd__nor4b_1)
   0.21   25.79 v gen_col[3].u_pe_col/gen_pe[0].u_pe/_11333_/X (sky130_fd_sc_hd__o21a_1)
   0.18   25.97 v gen_col[3].u_pe_col/gen_pe[0].u_pe/_11336_/X (sky130_fd_sc_hd__o21a_1)
   0.22   26.19 ^ gen_col[3].u_pe_col/gen_pe[0].u_pe/_11339_/Y (sky130_fd_sc_hd__o21ai_0)
   0.16   26.34 v gen_col[3].u_pe_col/gen_pe[0].u_pe/_11342_/Y (sky130_fd_sc_hd__a311oi_1)
   0.33   26.68 v gen_col[3].u_pe_col/gen_pe[0].u_pe/_11345_/X (sky130_fd_sc_hd__o311a_1)
   0.17   26.84 ^ gen_col[3].u_pe_col/gen_pe[0].u_pe/_11347_/Y (sky130_fd_sc_hd__nor3_1)
   0.18   27.02 v gen_col[3].u_pe_col/gen_pe[0].u_pe/_11351_/Y (sky130_fd_sc_hd__o311ai_0)
   0.42   27.44 v gen_col[3].u_pe_col/gen_pe[0].u_pe/_11354_/X (sky130_fd_sc_hd__a311o_1)
   0.38   27.82 v gen_col[3].u_pe_col/gen_pe[0].u_pe/_11357_/X (sky130_fd_sc_hd__a311o_1)
   0.36   28.18 v gen_col[3].u_pe_col/gen_pe[0].u_pe/_11360_/X (sky130_fd_sc_hd__a311o_1)
   0.24   28.43 v gen_col[3].u_pe_col/gen_pe[0].u_pe/_11362_/X (sky130_fd_sc_hd__a31o_1)
   0.38   28.81 v gen_col[3].u_pe_col/gen_pe[0].u_pe/_11364_/X (sky130_fd_sc_hd__maj3_1)
   0.39   29.20 v gen_col[3].u_pe_col/gen_pe[0].u_pe/_11366_/X (sky130_fd_sc_hd__maj3_1)
   0.40   29.60 v gen_col[3].u_pe_col/gen_pe[0].u_pe/_11368_/X (sky130_fd_sc_hd__maj3_1)
   0.29   29.90 v gen_col[3].u_pe_col/gen_pe[0].u_pe/_11371_/X (sky130_fd_sc_hd__a211o_1)
   0.38   30.27 v gen_col[3].u_pe_col/gen_pe[0].u_pe/_11375_/X (sky130_fd_sc_hd__a311o_1)
   0.24   30.52 ^ gen_col[3].u_pe_col/gen_pe[0].u_pe/_11377_/Y (sky130_fd_sc_hd__a31oi_1)
   0.25   30.77 ^ gen_col[3].u_pe_col/gen_pe[0].u_pe/_11379_/X (sky130_fd_sc_hd__maj3_1)
   0.21   30.97 ^ gen_col[3].u_pe_col/gen_pe[0].u_pe/_11381_/X (sky130_fd_sc_hd__maj3_1)
   0.21   31.18 ^ gen_col[3].u_pe_col/gen_pe[0].u_pe/_11383_/X (sky130_fd_sc_hd__maj3_1)
   0.19   31.38 ^ gen_col[3].u_pe_col/gen_pe[0].u_pe/_11385_/X (sky130_fd_sc_hd__maj3_1)
   0.12   31.50 v gen_col[3].u_pe_col/gen_pe[0].u_pe/_11387_/Y (sky130_fd_sc_hd__o21ai_0)
   0.17   31.67 ^ gen_col[3].u_pe_col/gen_pe[0].u_pe/_11752_/Y (sky130_fd_sc_hd__a21oi_1)
   0.12   31.79 ^ gen_col[3].u_pe_col/gen_pe[0].u_pe/_11763_/X (sky130_fd_sc_hd__a21o_1)
   0.05   31.84 v gen_col[3].u_pe_col/gen_pe[0].u_pe/_11764_/Y (sky130_fd_sc_hd__o21ai_0)
   0.00   31.84 v gen_col[3].u_pe_col/gen_pe[0].u_pe/_11941_/D (sky130_fd_sc_hd__dfrtp_1)
          31.84   data arrival time

  20.00   20.00   clock clk (rise edge)
   0.00   20.00   clock network delay (ideal)
   0.00   20.00   clock reconvergence pessimism
          20.00 ^ gen_col[3].u_pe_col/gen_pe[0].u_pe/_11941_/CLK (sky130_fd_sc_hd__dfrtp_1)
  -0.22   19.78   library setup time
          19.78   data required time
---------------------------------------------------------
          19.78   data required time
         -31.84   data arrival time
---------------------------------------------------------
         -12.06   slack (VIOLATED)


Startpoint: gen_col[0].u_pe_col/gen_pe[1].u_pe/_11799_
            (rising edge-triggered flip-flop clocked by clk)
Endpoint: gen_col[1].u_pe_col/gen_pe[1].u_pe/_11941_
          (rising edge-triggered flip-flop clocked by clk)
Path Group: clk
Path Type: max

  Delay    Time   Description
---------------------------------------------------------
   0.00    0.00   clock clk (rise edge)
   0.00    0.00   clock network delay (ideal)
   0.00    0.00 ^ gen_col[0].u_pe_col/gen_pe[1].u_pe/_11799_/CLK (sky130_fd_sc_hd__dfrtp_1)
   0.51    0.51 v gen_col[0].u_pe_col/gen_pe[1].u_pe/_11799_/Q (sky130_fd_sc_hd__dfrtp_1)
  12.91   13.42 ^ gen_col[1].u_pe_col/gen_pe[1].u_pe/_08204_/Y (sky130_fd_sc_hd__a31oi_1)
   0.78   14.21 v gen_col[1].u_pe_col/gen_pe[1].u_pe/_10323_/Y (sky130_fd_sc_hd__xnor2_1)
   0.78   14.99 ^ gen_col[1].u_pe_col/gen_pe[1].u_pe/_10324_/Y (sky130_fd_sc_hd__xnor2_1)
   0.19   15.17 ^ gen_col[1].u_pe_col/gen_pe[1].u_pe/_10325_/Y (sky130_fd_sc_hd__xnor2_1)
   0.17   15.34 ^ gen_col[1].u_pe_col/gen_pe[1].u_pe/_10326_/Y (sky130_fd_sc_hd__xnor2_1)
   0.22   15.56 ^ gen_col[1].u_pe_col/gen_pe[1].u_pe/_10439_/X (sky130_fd_sc_hd__xor2_1)
   0.18   15.74 ^ gen_col[1].u_pe_col/gen_pe[1].u_pe/_10441_/X (sky130_fd_sc_hd__xor2_1)
   0.21   15.96 ^ gen_col[1].u_pe_col/gen_pe[1].u_pe/_10514_/X (sky130_fd_sc_hd__xor2_1)
   0.17   16.12 ^ gen_col[1].u_pe_col/gen_pe[1].u_pe/_11114_/X (sky130_fd_sc_hd__xor2_1)
   0.10   16.22 v gen_col[1].u_pe_col/gen_pe[1].u_pe/_11115_/Y (sky130_fd_sc_hd__clkinv_1)
   0.20   16.42 ^ gen_col[1].u_pe_col/gen_pe[1].u_pe/_11116_/Y (sky130_fd_sc_hd__a21oi_1)
   0.12   16.55 v gen_col[1].u_pe_col/gen_pe[1].u_pe/_11119_/Y (sky130_fd_sc_hd__o21bai_1)
   0.23   16.77 ^ gen_col[1].u_pe_col/gen_pe[1].u_pe/_11121_/Y (sky130_fd_sc_hd__a21oi_1)
   0.14   16.92 v gen_col[1].u_pe_col/gen_pe[1].u_pe/_11138_/Y (sky130_fd_sc_hd__o31ai_1)
   0.18   17.10 ^ gen_col[1].u_pe_col/gen_pe[1].u_pe/_11140_/Y (sky130_fd_sc_hd__a21oi_1)
   0.17   17.27 v gen_col[1].u_pe_col/gen_pe[1].u_pe/_11144_/Y (sky130_fd_sc_hd__o21ai_0)
   0.24   17.51 ^ gen_col[1].u_pe_col/gen_pe[1].u_pe/_11161_/Y (sky130_fd_sc_hd__a31oi_1)
   0.16   17.67 v gen_col[1].u_pe_col/gen_pe[1].u_pe/_11166_/Y (sky130_fd_sc_hd__o211ai_1)
   0.37   18.04 ^ gen_col[1].u_pe_col/gen_pe[1].u_pe/_11169_/Y (sky130_fd_sc_hd__a311oi_1)
   0.14   18.17 v gen_col[1].u_pe_col/gen_pe[1].u_pe/_11171_/Y (sky130_fd_sc_hd__o31ai_1)
   0.23   18.41 ^ gen_col[1].u_pe_col/gen_pe[1].u_pe/_11173_/Y (sky130_fd_sc_hd__a21oi_1)
   0.16   18.57 v gen_col[1].u_pe_col/gen_pe[1].u_pe/_11177_/Y (sky130_fd_sc_hd__o211ai_1)
   0.43   19.00 ^ gen_col[1].u_pe_col/gen_pe[1].u_pe/_11180_/Y (sky130_fd_sc_hd__a311oi_1)
   0.18   19.18 v gen_col[1].u_pe_col/gen_pe[1].u_pe/_11183_/Y (sky130_fd_sc_hd__o311ai_0)
   0.30   19.48 ^ gen_col[1].u_pe_col/gen_pe[1].u_pe/_11186_/Y (sky130_fd_sc_hd__a311oi_1)
   0.16   19.63 v gen_col[1].u_pe_col/gen_pe[1].u_pe/_11189_/Y (sky130_fd_sc_hd__o311ai_0)
   0.43   20.07 ^ gen_col[1].u_pe_col/gen_pe[1].u_pe/_11192_/Y (sky130_fd_sc_hd__a311oi_1)
   0.18   20.25 v gen_col[1].u_pe_col/gen_pe[1].u_pe/_11195_/Y (sky130_fd_sc_hd__o311ai_0)
   0.30   20.55 ^ gen_col[1].u_pe_col/gen_pe[1].u_pe/_11198_/Y (sky130_fd_sc_hd__a311oi_1)
   0.16   20.70 v gen_col[1].u_pe_col/gen_pe[1].u_pe/_11201_/Y (sky130_fd_sc_hd__o311ai_0)
   0.30   21.00 ^ gen_col[1].u_pe_col/gen_pe[1].u_pe/_11204_/Y (sky130_fd_sc_hd__a311oi_1)
   0.16   21.16 v gen_col[1].u_pe_col/gen_pe[1].u_pe/_11207_/Y (sky130_fd_sc_hd__o311ai_0)
   0.30   21.45 ^ gen_col[1].u_pe_col/gen_pe[1].u_pe/_11210_/Y (sky130_fd_sc_hd__a311oi_1)
   0.16   21.62 v gen_col[1].u_pe_col/gen_pe[1].u_pe/_11214_/Y (sky130_fd_sc_hd__o311ai_0)
   0.14   21.76 ^ gen_col[1].u_pe_col/gen_pe[1].u_pe/_11245_/Y (sky130_fd_sc_hd__nand4b_1)
   0.08   21.84 v gen_col[1].u_pe_col/gen_pe[1].u_pe/_11252_/Y (sky130_fd_sc_hd__a21oi_1)
   0.22   22.06 ^ gen_col[1].u_pe_col/gen_pe[1].u_pe/_11254_/Y (sky130_fd_sc_hd__o21ai_0)
   0.13   22.19 v gen_col[1].u_pe_col/gen_pe[1].u_pe/_11256_/Y (sky130_fd_sc_hd__a21oi_1)
   0.33   22.52 ^ gen_col[1].u_pe_col/gen_pe[1].u_pe/_11259_/Y (sky130_fd_sc_hd__o311ai_0)
   0.19   22.70 v gen_col[1].u_pe_col/gen_pe[1].u_pe/_11261_/Y (sky130_fd_sc_hd__a31oi_1)
   0.30   23.01 ^ gen_col[1].u_pe_col/gen_pe[1].u_pe/_11263_/Y (sky130_fd_sc_hd__a211oi_1)
   0.16   23.17 v gen_col[1].u_pe_col/gen_pe[1].u_pe/_11266_/Y (sky130_fd_sc_hd__o311ai_0)
   0.34   23.50 ^ gen_col[1].u_pe_col/gen_pe[1].u_pe/_11269_/Y (sky130_fd_sc_hd__a311oi_1)
   0.19   23.70 v gen_col[1].u_pe_col/gen_pe[1].u_pe/_11272_/Y (sky130_fd_sc_hd__o311ai_0)
   0.35   24.05 ^ gen_col[1].u_pe_col/gen_pe[1].u_pe/_11275_/Y (sky130_fd_sc_hd__a311oi_1)
   0.14   24.19 v gen_col[1].u_pe_col/gen_pe[1].u_pe/_11278_/Y (sky130_fd_sc_hd__o311ai_0)
   0.33   24.51 ^ gen_col[1].u_pe_col/gen_pe[1].u_pe/_11281_/Y (sky130_fd_sc_hd__a311oi_1)
   0.14   24.66 v gen_col[1].u_pe_col/gen_pe[1].u_pe/_11284_/Y (sky130_fd_sc_hd__o311ai_0)
   0.33   24.98 ^ gen_col[1].u_pe_col/gen_pe[1].u_pe/_11287_/Y (sky130_fd_sc_hd__a311oi_1)
   0.14   25.13 v gen_col[1].u_pe_col/gen_pe[1].u_pe/_11290_/Y (sky130_fd_sc_hd__o311ai_0)
   0.34   25.47 ^ gen_col[1].u_pe_col/gen_pe[1].u_pe/_11294_/Y (sky130_fd_sc_hd__a311oi_1)
   0.10   25.57 v gen_col[1].u_pe_col/gen_pe[1].u_pe/_11328_/Y (sky130_fd_sc_hd__nor4b_1)
   0.21   25.79 v gen_col[1].u_pe_col/gen_pe[1].u_pe/_11333_/X (sky130_fd_sc_hd__o21a_1)
   0.18   25.97 v gen_col[1].u_pe_col/gen_pe[1].u_pe/_11336_/X (sky130_fd_sc_hd__o21a_1)
   0.22   26.19 ^ gen_col[1].u_pe_col/gen_pe[1].u_pe/_11339_/Y (sky130_fd_sc_hd__o21ai_0)
   0.16   26.34 v gen_col[1].u_pe_col/gen_pe[1].u_pe/_11342_/Y (sky130_fd_sc_hd__a311oi_1)
   0.33   26.68 v gen_col[1].u_pe_col/gen_pe[1].u_pe/_11345_/X (sky130_fd_sc_hd__o311a_1)
   0.17   26.84 ^ gen_col[1].u_pe_col/gen_pe[1].u_pe/_11347_/Y (sky130_fd_sc_hd__nor3_1)
   0.18   27.02 v gen_col[1].u_pe_col/gen_pe[1].u_pe/_11351_/Y (sky130_fd_sc_hd__o311ai_0)
   0.42   27.44 v gen_col[1].u_pe_col/gen_pe[1].u_pe/_11354_/X (sky130_fd_sc_hd__a311o_1)
   0.38   27.82 v gen_col[1].u_pe_col/gen_pe[1].u_pe/_11357_/X (sky130_fd_sc_hd__a311o_1)
   0.36   28.18 v gen_col[1].u_pe_col/gen_pe[1].u_pe/_11360_/X (sky130_fd_sc_hd__a311o_1)
   0.24   28.43 v gen_col[1].u_pe_col/gen_pe[1].u_pe/_11362_/X (sky130_fd_sc_hd__a31o_1)
   0.38   28.81 v gen_col[1].u_pe_col/gen_pe[1].u_pe/_11364_/X (sky130_fd_sc_hd__maj3_1)
   0.39   29.20 v gen_col[1].u_pe_col/gen_pe[1].u_pe/_11366_/X (sky130_fd_sc_hd__maj3_1)
   0.40   29.60 v gen_col[1].u_pe_col/gen_pe[1].u_pe/_11368_/X (sky130_fd_sc_hd__maj3_1)
   0.29   29.90 v gen_col[1].u_pe_col/gen_pe[1].u_pe/_11371_/X (sky130_fd_sc_hd__a211o_1)
   0.38   30.27 v gen_col[1].u_pe_col/gen_pe[1].u_pe/_11375_/X (sky130_fd_sc_hd__a311o_1)
   0.24   30.52 ^ gen_col[1].u_pe_col/gen_pe[1].u_pe/_11377_/Y (sky130_fd_sc_hd__a31oi_1)
   0.25   30.77 ^ gen_col[1].u_pe_col/gen_pe[1].u_pe/_11379_/X (sky130_fd_sc_hd__maj3_1)
   0.21   30.97 ^ gen_col[1].u_pe_col/gen_pe[1].u_pe/_11381_/X (sky130_fd_sc_hd__maj3_1)
   0.21   31.18 ^ gen_col[1].u_pe_col/gen_pe[1].u_pe/_11383_/X (sky130_fd_sc_hd__maj3_1)
   0.19   31.38 ^ gen_col[1].u_pe_col/gen_pe[1].u_pe/_11385_/X (sky130_fd_sc_hd__maj3_1)
   0.12   31.50 v gen_col[1].u_pe_col/gen_pe[1].u_pe/_11387_/Y (sky130_fd_sc_hd__o21ai_0)
   0.17   31.67 ^ gen_col[1].u_pe_col/gen_pe[1].u_pe/_11752_/Y (sky130_fd_sc_hd__a21oi_1)
   0.12   31.79 ^ gen_col[1].u_pe_col/gen_pe[1].u_pe/_11763_/X (sky130_fd_sc_hd__a21o_1)
   0.05   31.84 v gen_col[1].u_pe_col/gen_pe[1].u_pe/_11764_/Y (sky130_fd_sc_hd__o21ai_0)
   0.00   31.84 v gen_col[1].u_pe_col/gen_pe[1].u_pe/_11941_/D (sky130_fd_sc_hd__dfrtp_1)
          31.84   data arrival time

  20.00   20.00   clock clk (rise edge)
   0.00   20.00   clock network delay (ideal)
   0.00   20.00   clock reconvergence pessimism
          20.00 ^ gen_col[1].u_pe_col/gen_pe[1].u_pe/_11941_/CLK (sky130_fd_sc_hd__dfrtp_1)
  -0.22   19.78   library setup time
          19.78   data required time
---------------------------------------------------------
          19.78   data required time
         -31.84   data arrival time
---------------------------------------------------------
         -12.06   slack (VIOLATED)


Startpoint: gen_col[0].u_pe_col/gen_pe[2].u_pe/_11799_
            (rising edge-triggered flip-flop clocked by clk)
Endpoint: gen_col[1].u_pe_col/gen_pe[2].u_pe/_11941_
          (rising edge-triggered flip-flop clocked by clk)
Path Group: clk
Path Type: max

  Delay    Time   Description
---------------------------------------------------------
   0.00    0.00   clock clk (rise edge)
   0.00    0.00   clock network delay (ideal)
   0.00    0.00 ^ gen_col[0].u_pe_col/gen_pe[2].u_pe/_11799_/CLK (sky130_fd_sc_hd__dfrtp_1)
   0.51    0.51 v gen_col[0].u_pe_col/gen_pe[2].u_pe/_11799_/Q (sky130_fd_sc_hd__dfrtp_1)
  12.91   13.42 ^ gen_col[1].u_pe_col/gen_pe[2].u_pe/_08204_/Y (sky130_fd_sc_hd__a31oi_1)
   0.78   14.21 v gen_col[1].u_pe_col/gen_pe[2].u_pe/_10323_/Y (sky130_fd_sc_hd__xnor2_1)
   0.78   14.99 ^ gen_col[1].u_pe_col/gen_pe[2].u_pe/_10324_/Y (sky130_fd_sc_hd__xnor2_1)
   0.19   15.17 ^ gen_col[1].u_pe_col/gen_pe[2].u_pe/_10325_/Y (sky130_fd_sc_hd__xnor2_1)
   0.17   15.34 ^ gen_col[1].u_pe_col/gen_pe[2].u_pe/_10326_/Y (sky130_fd_sc_hd__xnor2_1)
   0.22   15.56 ^ gen_col[1].u_pe_col/gen_pe[2].u_pe/_10439_/X (sky130_fd_sc_hd__xor2_1)
   0.18   15.74 ^ gen_col[1].u_pe_col/gen_pe[2].u_pe/_10441_/X (sky130_fd_sc_hd__xor2_1)
   0.21   15.96 ^ gen_col[1].u_pe_col/gen_pe[2].u_pe/_10514_/X (sky130_fd_sc_hd__xor2_1)
   0.17   16.12 ^ gen_col[1].u_pe_col/gen_pe[2].u_pe/_11114_/X (sky130_fd_sc_hd__xor2_1)
   0.10   16.22 v gen_col[1].u_pe_col/gen_pe[2].u_pe/_11115_/Y (sky130_fd_sc_hd__clkinv_1)
   0.20   16.42 ^ gen_col[1].u_pe_col/gen_pe[2].u_pe/_11116_/Y (sky130_fd_sc_hd__a21oi_1)
   0.12   16.55 v gen_col[1].u_pe_col/gen_pe[2].u_pe/_11119_/Y (sky130_fd_sc_hd__o21bai_1)
   0.23   16.77 ^ gen_col[1].u_pe_col/gen_pe[2].u_pe/_11121_/Y (sky130_fd_sc_hd__a21oi_1)
   0.14   16.92 v gen_col[1].u_pe_col/gen_pe[2].u_pe/_11138_/Y (sky130_fd_sc_hd__o31ai_1)
   0.18   17.10 ^ gen_col[1].u_pe_col/gen_pe[2].u_pe/_11140_/Y (sky130_fd_sc_hd__a21oi_1)
   0.17   17.27 v gen_col[1].u_pe_col/gen_pe[2].u_pe/_11144_/Y (sky130_fd_sc_hd__o21ai_0)
   0.24   17.51 ^ gen_col[1].u_pe_col/gen_pe[2].u_pe/_11161_/Y (sky130_fd_sc_hd__a31oi_1)
   0.16   17.67 v gen_col[1].u_pe_col/gen_pe[2].u_pe/_11166_/Y (sky130_fd_sc_hd__o211ai_1)
   0.37   18.04 ^ gen_col[1].u_pe_col/gen_pe[2].u_pe/_11169_/Y (sky130_fd_sc_hd__a311oi_1)
   0.14   18.17 v gen_col[1].u_pe_col/gen_pe[2].u_pe/_11171_/Y (sky130_fd_sc_hd__o31ai_1)
   0.23   18.41 ^ gen_col[1].u_pe_col/gen_pe[2].u_pe/_11173_/Y (sky130_fd_sc_hd__a21oi_1)
   0.16   18.57 v gen_col[1].u_pe_col/gen_pe[2].u_pe/_11177_/Y (sky130_fd_sc_hd__o211ai_1)
   0.43   19.00 ^ gen_col[1].u_pe_col/gen_pe[2].u_pe/_11180_/Y (sky130_fd_sc_hd__a311oi_1)
   0.18   19.18 v gen_col[1].u_pe_col/gen_pe[2].u_pe/_11183_/Y (sky130_fd_sc_hd__o311ai_0)
   0.30   19.48 ^ gen_col[1].u_pe_col/gen_pe[2].u_pe/_11186_/Y (sky130_fd_sc_hd__a311oi_1)
   0.16   19.63 v gen_col[1].u_pe_col/gen_pe[2].u_pe/_11189_/Y (sky130_fd_sc_hd__o311ai_0)
   0.43   20.07 ^ gen_col[1].u_pe_col/gen_pe[2].u_pe/_11192_/Y (sky130_fd_sc_hd__a311oi_1)
   0.18   20.25 v gen_col[1].u_pe_col/gen_pe[2].u_pe/_11195_/Y (sky130_fd_sc_hd__o311ai_0)
   0.30   20.55 ^ gen_col[1].u_pe_col/gen_pe[2].u_pe/_11198_/Y (sky130_fd_sc_hd__a311oi_1)
   0.16   20.70 v gen_col[1].u_pe_col/gen_pe[2].u_pe/_11201_/Y (sky130_fd_sc_hd__o311ai_0)
   0.30   21.00 ^ gen_col[1].u_pe_col/gen_pe[2].u_pe/_11204_/Y (sky130_fd_sc_hd__a311oi_1)
   0.16   21.16 v gen_col[1].u_pe_col/gen_pe[2].u_pe/_11207_/Y (sky130_fd_sc_hd__o311ai_0)
   0.30   21.45 ^ gen_col[1].u_pe_col/gen_pe[2].u_pe/_11210_/Y (sky130_fd_sc_hd__a311oi_1)
   0.16   21.62 v gen_col[1].u_pe_col/gen_pe[2].u_pe/_11214_/Y (sky130_fd_sc_hd__o311ai_0)
   0.14   21.76 ^ gen_col[1].u_pe_col/gen_pe[2].u_pe/_11245_/Y (sky130_fd_sc_hd__nand4b_1)
   0.08   21.84 v gen_col[1].u_pe_col/gen_pe[2].u_pe/_11252_/Y (sky130_fd_sc_hd__a21oi_1)
   0.22   22.06 ^ gen_col[1].u_pe_col/gen_pe[2].u_pe/_11254_/Y (sky130_fd_sc_hd__o21ai_0)
   0.13   22.19 v gen_col[1].u_pe_col/gen_pe[2].u_pe/_11256_/Y (sky130_fd_sc_hd__a21oi_1)
   0.33   22.52 ^ gen_col[1].u_pe_col/gen_pe[2].u_pe/_11259_/Y (sky130_fd_sc_hd__o311ai_0)
   0.19   22.70 v gen_col[1].u_pe_col/gen_pe[2].u_pe/_11261_/Y (sky130_fd_sc_hd__a31oi_1)
   0.30   23.01 ^ gen_col[1].u_pe_col/gen_pe[2].u_pe/_11263_/Y (sky130_fd_sc_hd__a211oi_1)
   0.16   23.17 v gen_col[1].u_pe_col/gen_pe[2].u_pe/_11266_/Y (sky130_fd_sc_hd__o311ai_0)
   0.34   23.50 ^ gen_col[1].u_pe_col/gen_pe[2].u_pe/_11269_/Y (sky130_fd_sc_hd__a311oi_1)
   0.19   23.70 v gen_col[1].u_pe_col/gen_pe[2].u_pe/_11272_/Y (sky130_fd_sc_hd__o311ai_0)
   0.35   24.05 ^ gen_col[1].u_pe_col/gen_pe[2].u_pe/_11275_/Y (sky130_fd_sc_hd__a311oi_1)
   0.14   24.19 v gen_col[1].u_pe_col/gen_pe[2].u_pe/_11278_/Y (sky130_fd_sc_hd__o311ai_0)
   0.33   24.51 ^ gen_col[1].u_pe_col/gen_pe[2].u_pe/_11281_/Y (sky130_fd_sc_hd__a311oi_1)
   0.14   24.66 v gen_col[1].u_pe_col/gen_pe[2].u_pe/_11284_/Y (sky130_fd_sc_hd__o311ai_0)
   0.33   24.98 ^ gen_col[1].u_pe_col/gen_pe[2].u_pe/_11287_/Y (sky130_fd_sc_hd__a311oi_1)
   0.14   25.13 v gen_col[1].u_pe_col/gen_pe[2].u_pe/_11290_/Y (sky130_fd_sc_hd__o311ai_0)
   0.34   25.47 ^ gen_col[1].u_pe_col/gen_pe[2].u_pe/_11294_/Y (sky130_fd_sc_hd__a311oi_1)
   0.10   25.57 v gen_col[1].u_pe_col/gen_pe[2].u_pe/_11328_/Y (sky130_fd_sc_hd__nor4b_1)
   0.21   25.79 v gen_col[1].u_pe_col/gen_pe[2].u_pe/_11333_/X (sky130_fd_sc_hd__o21a_1)
   0.18   25.97 v gen_col[1].u_pe_col/gen_pe[2].u_pe/_11336_/X (sky130_fd_sc_hd__o21a_1)
   0.22   26.19 ^ gen_col[1].u_pe_col/gen_pe[2].u_pe/_11339_/Y (sky130_fd_sc_hd__o21ai_0)
   0.16   26.34 v gen_col[1].u_pe_col/gen_pe[2].u_pe/_11342_/Y (sky130_fd_sc_hd__a311oi_1)
   0.33   26.68 v gen_col[1].u_pe_col/gen_pe[2].u_pe/_11345_/X (sky130_fd_sc_hd__o311a_1)
   0.17   26.84 ^ gen_col[1].u_pe_col/gen_pe[2].u_pe/_11347_/Y (sky130_fd_sc_hd__nor3_1)
   0.18   27.02 v gen_col[1].u_pe_col/gen_pe[2].u_pe/_11351_/Y (sky130_fd_sc_hd__o311ai_0)
   0.42   27.44 v gen_col[1].u_pe_col/gen_pe[2].u_pe/_11354_/X (sky130_fd_sc_hd__a311o_1)
   0.38   27.82 v gen_col[1].u_pe_col/gen_pe[2].u_pe/_11357_/X (sky130_fd_sc_hd__a311o_1)
   0.36   28.18 v gen_col[1].u_pe_col/gen_pe[2].u_pe/_11360_/X (sky130_fd_sc_hd__a311o_1)
   0.24   28.43 v gen_col[1].u_pe_col/gen_pe[2].u_pe/_11362_/X (sky130_fd_sc_hd__a31o_1)
   0.38   28.81 v gen_col[1].u_pe_col/gen_pe[2].u_pe/_11364_/X (sky130_fd_sc_hd__maj3_1)
   0.39   29.20 v gen_col[1].u_pe_col/gen_pe[2].u_pe/_11366_/X (sky130_fd_sc_hd__maj3_1)
   0.40   29.60 v gen_col[1].u_pe_col/gen_pe[2].u_pe/_11368_/X (sky130_fd_sc_hd__maj3_1)
   0.29   29.90 v gen_col[1].u_pe_col/gen_pe[2].u_pe/_11371_/X (sky130_fd_sc_hd__a211o_1)
   0.38   30.27 v gen_col[1].u_pe_col/gen_pe[2].u_pe/_11375_/X (sky130_fd_sc_hd__a311o_1)
   0.24   30.52 ^ gen_col[1].u_pe_col/gen_pe[2].u_pe/_11377_/Y (sky130_fd_sc_hd__a31oi_1)
   0.25   30.77 ^ gen_col[1].u_pe_col/gen_pe[2].u_pe/_11379_/X (sky130_fd_sc_hd__maj3_1)
   0.21   30.97 ^ gen_col[1].u_pe_col/gen_pe[2].u_pe/_11381_/X (sky130_fd_sc_hd__maj3_1)
   0.21   31.18 ^ gen_col[1].u_pe_col/gen_pe[2].u_pe/_11383_/X (sky130_fd_sc_hd__maj3_1)
   0.19   31.38 ^ gen_col[1].u_pe_col/gen_pe[2].u_pe/_11385_/X (sky130_fd_sc_hd__maj3_1)
   0.12   31.50 v gen_col[1].u_pe_col/gen_pe[2].u_pe/_11387_/Y (sky130_fd_sc_hd__o21ai_0)
   0.17   31.67 ^ gen_col[1].u_pe_col/gen_pe[2].u_pe/_11752_/Y (sky130_fd_sc_hd__a21oi_1)
   0.12   31.79 ^ gen_col[1].u_pe_col/gen_pe[2].u_pe/_11763_/X (sky130_fd_sc_hd__a21o_1)
   0.05   31.84 v gen_col[1].u_pe_col/gen_pe[2].u_pe/_11764_/Y (sky130_fd_sc_hd__o21ai_0)
   0.00   31.84 v gen_col[1].u_pe_col/gen_pe[2].u_pe/_11941_/D (sky130_fd_sc_hd__dfrtp_1)
          31.84   data arrival time

  20.00   20.00   clock clk (rise edge)
   0.00   20.00   clock network delay (ideal)
   0.00   20.00   clock reconvergence pessimism
          20.00 ^ gen_col[1].u_pe_col/gen_pe[2].u_pe/_11941_/CLK (sky130_fd_sc_hd__dfrtp_1)
  -0.22   19.78   library setup time
          19.78   data required time
---------------------------------------------------------
          19.78   data required time
         -31.84   data arrival time
---------------------------------------------------------
         -12.06   slack (VIOLATED)


Timing Analysis Completed.
