OpenSTA 3.1.0  Copyright (c) 2026, Parallax Software, Inc.
License GPLv3: GNU GPL version 3 <http://gnu.org/licenses/gpl.html>

This is free software, and you are free to change and redistribute it
under certain conditions; type `show_copying' for details. 
This program comes with ABSOLUTELY NO WARRANTY; for details type `show_warranty'.
Warning 503: timing.tcl line 1, report_checks -group_count is deprecated. Use -group_path_count instead.
Startpoint: gen_col[1].u_pe_col/gen_pe[0].u_pe/_5482_
            (rising edge-triggered flip-flop clocked by clk)
Endpoint: gen_col[1].u_pe_col/gen_pe[0].u_pe/_5544_
          (rising edge-triggered flip-flop clocked by clk)
Path Group: clk
Path Type: max

  Delay    Time   Description
---------------------------------------------------------
   0.00    0.00   clock clk (rise edge)
   0.00    0.00   clock network delay (ideal)
   0.00    0.00 ^ gen_col[1].u_pe_col/gen_pe[0].u_pe/_5482_/CLK (sky130_fd_sc_hd__dfrtp_1)
   0.64    0.64 ^ gen_col[1].u_pe_col/gen_pe[0].u_pe/_5482_/Q (sky130_fd_sc_hd__dfrtp_1)
   0.15    0.79 v gen_col[1].u_pe_col/gen_pe[0].u_pe/_5149_/Y (sky130_fd_sc_hd__nand2_1)
   0.39    1.18 v gen_col[1].u_pe_col/gen_pe[0].u_pe/_5178_/X (sky130_fd_sc_hd__maj3_1)
   0.41    1.58 v gen_col[1].u_pe_col/gen_pe[0].u_pe/_5198_/X (sky130_fd_sc_hd__xnor3_1)
   0.36    1.94 v gen_col[1].u_pe_col/gen_pe[0].u_pe/_5218_/X (sky130_fd_sc_hd__xnor3_1)
   0.15    2.10 v gen_col[1].u_pe_col/gen_pe[0].u_pe/_5219_/Y (sky130_fd_sc_hd__nor3b_1)
   0.21    2.30 ^ gen_col[1].u_pe_col/gen_pe[0].u_pe/_5241_/Y (sky130_fd_sc_hd__o21ai_0)
   0.15    2.46 v gen_col[1].u_pe_col/gen_pe[0].u_pe/_5242_/Y (sky130_fd_sc_hd__nand3_1)
   0.39    2.85 v gen_col[1].u_pe_col/gen_pe[0].u_pe/_5245_/X (sky130_fd_sc_hd__maj3_1)
   0.26    3.10 ^ gen_col[1].u_pe_col/gen_pe[0].u_pe/_5247_/Y (sky130_fd_sc_hd__o21ai_0)
   0.18    3.28 ^ gen_col[1].u_pe_col/gen_pe[0].u_pe/_5249_/X (sky130_fd_sc_hd__a21o_1)
   0.14    3.42 ^ gen_col[1].u_pe_col/gen_pe[0].u_pe/_5251_/X (sky130_fd_sc_hd__a21o_1)
   0.08    3.50 v gen_col[1].u_pe_col/gen_pe[0].u_pe/_5253_/Y (sky130_fd_sc_hd__a21oi_1)
   0.26    3.76 ^ gen_col[1].u_pe_col/gen_pe[0].u_pe/_5255_/Y (sky130_fd_sc_hd__o21ai_0)
   0.17    3.93 ^ gen_col[1].u_pe_col/gen_pe[0].u_pe/_5259_/X (sky130_fd_sc_hd__a21o_1)
   0.13    4.06 ^ gen_col[1].u_pe_col/gen_pe[0].u_pe/_5262_/X (sky130_fd_sc_hd__a21o_1)
   0.08    4.14 v gen_col[1].u_pe_col/gen_pe[0].u_pe/_5266_/Y (sky130_fd_sc_hd__a21oi_1)
   0.19    4.34 ^ gen_col[1].u_pe_col/gen_pe[0].u_pe/_5269_/Y (sky130_fd_sc_hd__o21bai_1)
   0.11    4.45 v gen_col[1].u_pe_col/gen_pe[0].u_pe/_5273_/Y (sky130_fd_sc_hd__a21oi_1)
   0.24    4.69 ^ gen_col[1].u_pe_col/gen_pe[0].u_pe/_5276_/Y (sky130_fd_sc_hd__o21ai_0)
   0.13    4.82 v gen_col[1].u_pe_col/gen_pe[0].u_pe/_5280_/Y (sky130_fd_sc_hd__a21oi_1)
   0.21    5.03 ^ gen_col[1].u_pe_col/gen_pe[0].u_pe/_5283_/Y (sky130_fd_sc_hd__o21bai_1)
   0.11    5.14 v gen_col[1].u_pe_col/gen_pe[0].u_pe/_5286_/Y (sky130_fd_sc_hd__a21oi_1)
   0.20    5.35 ^ gen_col[1].u_pe_col/gen_pe[0].u_pe/_5289_/Y (sky130_fd_sc_hd__o21bai_1)
   0.11    5.46 v gen_col[1].u_pe_col/gen_pe[0].u_pe/_5291_/Y (sky130_fd_sc_hd__a21oi_1)
   0.20    5.65 ^ gen_col[1].u_pe_col/gen_pe[0].u_pe/_5296_/Y (sky130_fd_sc_hd__o211ai_1)
   0.21    5.87 ^ gen_col[1].u_pe_col/gen_pe[0].u_pe/_5297_/X (sky130_fd_sc_hd__and3_1)
   0.14    6.01 ^ gen_col[1].u_pe_col/gen_pe[0].u_pe/_5299_/X (sky130_fd_sc_hd__o21a_1)
   0.11    6.11 v gen_col[1].u_pe_col/gen_pe[0].u_pe/_5301_/Y (sky130_fd_sc_hd__o21ai_0)
   0.21    6.32 ^ gen_col[1].u_pe_col/gen_pe[0].u_pe/_5303_/Y (sky130_fd_sc_hd__a21oi_1)
   0.13    6.45 v gen_col[1].u_pe_col/gen_pe[0].u_pe/_5305_/Y (sky130_fd_sc_hd__o21ai_0)
   0.21    6.66 ^ gen_col[1].u_pe_col/gen_pe[0].u_pe/_5307_/Y (sky130_fd_sc_hd__a21oi_1)
   0.13    6.78 v gen_col[1].u_pe_col/gen_pe[0].u_pe/_5343_/Y (sky130_fd_sc_hd__o21ai_0)
   0.18    6.96 v gen_col[1].u_pe_col/gen_pe[0].u_pe/_5460_/X (sky130_fd_sc_hd__and3b_1)
   0.20    7.16 ^ gen_col[1].u_pe_col/gen_pe[0].u_pe/_5462_/Y (sky130_fd_sc_hd__o31ai_1)
   0.00    7.16 ^ gen_col[1].u_pe_col/gen_pe[0].u_pe/_5544_/D (sky130_fd_sc_hd__dfrtp_1)
           7.16   data arrival time

  20.00   20.00   clock clk (rise edge)
   0.00   20.00   clock network delay (ideal)
   0.00   20.00   clock reconvergence pessimism
          20.00 ^ gen_col[1].u_pe_col/gen_pe[0].u_pe/_5544_/CLK (sky130_fd_sc_hd__dfrtp_1)
  -0.10   19.90   library setup time
          19.90   data required time
---------------------------------------------------------
          19.90   data required time
          -7.16   data arrival time
---------------------------------------------------------
          12.75   slack (MET)


Startpoint: gen_col[1].u_pe_col/gen_pe[1].u_pe/_5482_
            (rising edge-triggered flip-flop clocked by clk)
Endpoint: gen_col[1].u_pe_col/gen_pe[1].u_pe/_5544_
          (rising edge-triggered flip-flop clocked by clk)
Path Group: clk
Path Type: max

  Delay    Time   Description
---------------------------------------------------------
   0.00    0.00   clock clk (rise edge)
   0.00    0.00   clock network delay (ideal)
   0.00    0.00 ^ gen_col[1].u_pe_col/gen_pe[1].u_pe/_5482_/CLK (sky130_fd_sc_hd__dfrtp_1)
   0.64    0.64 ^ gen_col[1].u_pe_col/gen_pe[1].u_pe/_5482_/Q (sky130_fd_sc_hd__dfrtp_1)
   0.15    0.79 v gen_col[1].u_pe_col/gen_pe[1].u_pe/_5149_/Y (sky130_fd_sc_hd__nand2_1)
   0.39    1.18 v gen_col[1].u_pe_col/gen_pe[1].u_pe/_5178_/X (sky130_fd_sc_hd__maj3_1)
   0.41    1.58 v gen_col[1].u_pe_col/gen_pe[1].u_pe/_5198_/X (sky130_fd_sc_hd__xnor3_1)
   0.36    1.94 v gen_col[1].u_pe_col/gen_pe[1].u_pe/_5218_/X (sky130_fd_sc_hd__xnor3_1)
   0.15    2.10 v gen_col[1].u_pe_col/gen_pe[1].u_pe/_5219_/Y (sky130_fd_sc_hd__nor3b_1)
   0.21    2.30 ^ gen_col[1].u_pe_col/gen_pe[1].u_pe/_5241_/Y (sky130_fd_sc_hd__o21ai_0)
   0.15    2.46 v gen_col[1].u_pe_col/gen_pe[1].u_pe/_5242_/Y (sky130_fd_sc_hd__nand3_1)
   0.39    2.85 v gen_col[1].u_pe_col/gen_pe[1].u_pe/_5245_/X (sky130_fd_sc_hd__maj3_1)
   0.26    3.10 ^ gen_col[1].u_pe_col/gen_pe[1].u_pe/_5247_/Y (sky130_fd_sc_hd__o21ai_0)
   0.18    3.28 ^ gen_col[1].u_pe_col/gen_pe[1].u_pe/_5249_/X (sky130_fd_sc_hd__a21o_1)
   0.14    3.42 ^ gen_col[1].u_pe_col/gen_pe[1].u_pe/_5251_/X (sky130_fd_sc_hd__a21o_1)
   0.08    3.50 v gen_col[1].u_pe_col/gen_pe[1].u_pe/_5253_/Y (sky130_fd_sc_hd__a21oi_1)
   0.26    3.76 ^ gen_col[1].u_pe_col/gen_pe[1].u_pe/_5255_/Y (sky130_fd_sc_hd__o21ai_0)
   0.17    3.93 ^ gen_col[1].u_pe_col/gen_pe[1].u_pe/_5259_/X (sky130_fd_sc_hd__a21o_1)
   0.13    4.06 ^ gen_col[1].u_pe_col/gen_pe[1].u_pe/_5262_/X (sky130_fd_sc_hd__a21o_1)
   0.08    4.14 v gen_col[1].u_pe_col/gen_pe[1].u_pe/_5266_/Y (sky130_fd_sc_hd__a21oi_1)
   0.19    4.34 ^ gen_col[1].u_pe_col/gen_pe[1].u_pe/_5269_/Y (sky130_fd_sc_hd__o21bai_1)
   0.11    4.45 v gen_col[1].u_pe_col/gen_pe[1].u_pe/_5273_/Y (sky130_fd_sc_hd__a21oi_1)
   0.24    4.69 ^ gen_col[1].u_pe_col/gen_pe[1].u_pe/_5276_/Y (sky130_fd_sc_hd__o21ai_0)
   0.13    4.82 v gen_col[1].u_pe_col/gen_pe[1].u_pe/_5280_/Y (sky130_fd_sc_hd__a21oi_1)
   0.21    5.03 ^ gen_col[1].u_pe_col/gen_pe[1].u_pe/_5283_/Y (sky130_fd_sc_hd__o21bai_1)
   0.11    5.14 v gen_col[1].u_pe_col/gen_pe[1].u_pe/_5286_/Y (sky130_fd_sc_hd__a21oi_1)
   0.20    5.35 ^ gen_col[1].u_pe_col/gen_pe[1].u_pe/_5289_/Y (sky130_fd_sc_hd__o21bai_1)
   0.11    5.46 v gen_col[1].u_pe_col/gen_pe[1].u_pe/_5291_/Y (sky130_fd_sc_hd__a21oi_1)
   0.20    5.65 ^ gen_col[1].u_pe_col/gen_pe[1].u_pe/_5296_/Y (sky130_fd_sc_hd__o211ai_1)
   0.21    5.87 ^ gen_col[1].u_pe_col/gen_pe[1].u_pe/_5297_/X (sky130_fd_sc_hd__and3_1)
   0.14    6.01 ^ gen_col[1].u_pe_col/gen_pe[1].u_pe/_5299_/X (sky130_fd_sc_hd__o21a_1)
   0.11    6.11 v gen_col[1].u_pe_col/gen_pe[1].u_pe/_5301_/Y (sky130_fd_sc_hd__o21ai_0)
   0.21    6.32 ^ gen_col[1].u_pe_col/gen_pe[1].u_pe/_5303_/Y (sky130_fd_sc_hd__a21oi_1)
   0.13    6.45 v gen_col[1].u_pe_col/gen_pe[1].u_pe/_5305_/Y (sky130_fd_sc_hd__o21ai_0)
   0.21    6.66 ^ gen_col[1].u_pe_col/gen_pe[1].u_pe/_5307_/Y (sky130_fd_sc_hd__a21oi_1)
   0.13    6.78 v gen_col[1].u_pe_col/gen_pe[1].u_pe/_5343_/Y (sky130_fd_sc_hd__o21ai_0)
   0.18    6.96 v gen_col[1].u_pe_col/gen_pe[1].u_pe/_5460_/X (sky130_fd_sc_hd__and3b_1)
   0.20    7.16 ^ gen_col[1].u_pe_col/gen_pe[1].u_pe/_5462_/Y (sky130_fd_sc_hd__o31ai_1)
   0.00    7.16 ^ gen_col[1].u_pe_col/gen_pe[1].u_pe/_5544_/D (sky130_fd_sc_hd__dfrtp_1)
           7.16   data arrival time

  20.00   20.00   clock clk (rise edge)
   0.00   20.00   clock network delay (ideal)
   0.00   20.00   clock reconvergence pessimism
          20.00 ^ gen_col[1].u_pe_col/gen_pe[1].u_pe/_5544_/CLK (sky130_fd_sc_hd__dfrtp_1)
  -0.10   19.90   library setup time
          19.90   data required time
---------------------------------------------------------
          19.90   data required time
          -7.16   data arrival time
---------------------------------------------------------
          12.75   slack (MET)


Startpoint: gen_col[1].u_pe_col/gen_pe[2].u_pe/_5482_
            (rising edge-triggered flip-flop clocked by clk)
Endpoint: gen_col[1].u_pe_col/gen_pe[2].u_pe/_5544_
          (rising edge-triggered flip-flop clocked by clk)
Path Group: clk
Path Type: max

  Delay    Time   Description
---------------------------------------------------------
   0.00    0.00   clock clk (rise edge)
   0.00    0.00   clock network delay (ideal)
   0.00    0.00 ^ gen_col[1].u_pe_col/gen_pe[2].u_pe/_5482_/CLK (sky130_fd_sc_hd__dfrtp_1)
   0.64    0.64 ^ gen_col[1].u_pe_col/gen_pe[2].u_pe/_5482_/Q (sky130_fd_sc_hd__dfrtp_1)
   0.15    0.79 v gen_col[1].u_pe_col/gen_pe[2].u_pe/_5149_/Y (sky130_fd_sc_hd__nand2_1)
   0.39    1.18 v gen_col[1].u_pe_col/gen_pe[2].u_pe/_5178_/X (sky130_fd_sc_hd__maj3_1)
   0.41    1.58 v gen_col[1].u_pe_col/gen_pe[2].u_pe/_5198_/X (sky130_fd_sc_hd__xnor3_1)
   0.36    1.94 v gen_col[1].u_pe_col/gen_pe[2].u_pe/_5218_/X (sky130_fd_sc_hd__xnor3_1)
   0.15    2.10 v gen_col[1].u_pe_col/gen_pe[2].u_pe/_5219_/Y (sky130_fd_sc_hd__nor3b_1)
   0.21    2.30 ^ gen_col[1].u_pe_col/gen_pe[2].u_pe/_5241_/Y (sky130_fd_sc_hd__o21ai_0)
   0.15    2.46 v gen_col[1].u_pe_col/gen_pe[2].u_pe/_5242_/Y (sky130_fd_sc_hd__nand3_1)
   0.39    2.85 v gen_col[1].u_pe_col/gen_pe[2].u_pe/_5245_/X (sky130_fd_sc_hd__maj3_1)
   0.26    3.10 ^ gen_col[1].u_pe_col/gen_pe[2].u_pe/_5247_/Y (sky130_fd_sc_hd__o21ai_0)
   0.18    3.28 ^ gen_col[1].u_pe_col/gen_pe[2].u_pe/_5249_/X (sky130_fd_sc_hd__a21o_1)
   0.14    3.42 ^ gen_col[1].u_pe_col/gen_pe[2].u_pe/_5251_/X (sky130_fd_sc_hd__a21o_1)
   0.08    3.50 v gen_col[1].u_pe_col/gen_pe[2].u_pe/_5253_/Y (sky130_fd_sc_hd__a21oi_1)
   0.26    3.76 ^ gen_col[1].u_pe_col/gen_pe[2].u_pe/_5255_/Y (sky130_fd_sc_hd__o21ai_0)
   0.17    3.93 ^ gen_col[1].u_pe_col/gen_pe[2].u_pe/_5259_/X (sky130_fd_sc_hd__a21o_1)
   0.13    4.06 ^ gen_col[1].u_pe_col/gen_pe[2].u_pe/_5262_/X (sky130_fd_sc_hd__a21o_1)
   0.08    4.14 v gen_col[1].u_pe_col/gen_pe[2].u_pe/_5266_/Y (sky130_fd_sc_hd__a21oi_1)
   0.19    4.34 ^ gen_col[1].u_pe_col/gen_pe[2].u_pe/_5269_/Y (sky130_fd_sc_hd__o21bai_1)
   0.11    4.45 v gen_col[1].u_pe_col/gen_pe[2].u_pe/_5273_/Y (sky130_fd_sc_hd__a21oi_1)
   0.24    4.69 ^ gen_col[1].u_pe_col/gen_pe[2].u_pe/_5276_/Y (sky130_fd_sc_hd__o21ai_0)
   0.13    4.82 v gen_col[1].u_pe_col/gen_pe[2].u_pe/_5280_/Y (sky130_fd_sc_hd__a21oi_1)
   0.21    5.03 ^ gen_col[1].u_pe_col/gen_pe[2].u_pe/_5283_/Y (sky130_fd_sc_hd__o21bai_1)
   0.11    5.14 v gen_col[1].u_pe_col/gen_pe[2].u_pe/_5286_/Y (sky130_fd_sc_hd__a21oi_1)
   0.20    5.35 ^ gen_col[1].u_pe_col/gen_pe[2].u_pe/_5289_/Y (sky130_fd_sc_hd__o21bai_1)
   0.11    5.46 v gen_col[1].u_pe_col/gen_pe[2].u_pe/_5291_/Y (sky130_fd_sc_hd__a21oi_1)
   0.20    5.65 ^ gen_col[1].u_pe_col/gen_pe[2].u_pe/_5296_/Y (sky130_fd_sc_hd__o211ai_1)
   0.21    5.87 ^ gen_col[1].u_pe_col/gen_pe[2].u_pe/_5297_/X (sky130_fd_sc_hd__and3_1)
   0.14    6.01 ^ gen_col[1].u_pe_col/gen_pe[2].u_pe/_5299_/X (sky130_fd_sc_hd__o21a_1)
   0.11    6.11 v gen_col[1].u_pe_col/gen_pe[2].u_pe/_5301_/Y (sky130_fd_sc_hd__o21ai_0)
   0.21    6.32 ^ gen_col[1].u_pe_col/gen_pe[2].u_pe/_5303_/Y (sky130_fd_sc_hd__a21oi_1)
   0.13    6.45 v gen_col[1].u_pe_col/gen_pe[2].u_pe/_5305_/Y (sky130_fd_sc_hd__o21ai_0)
   0.21    6.66 ^ gen_col[1].u_pe_col/gen_pe[2].u_pe/_5307_/Y (sky130_fd_sc_hd__a21oi_1)
   0.13    6.78 v gen_col[1].u_pe_col/gen_pe[2].u_pe/_5343_/Y (sky130_fd_sc_hd__o21ai_0)
   0.18    6.96 v gen_col[1].u_pe_col/gen_pe[2].u_pe/_5460_/X (sky130_fd_sc_hd__and3b_1)
   0.20    7.16 ^ gen_col[1].u_pe_col/gen_pe[2].u_pe/_5462_/Y (sky130_fd_sc_hd__o31ai_1)
   0.00    7.16 ^ gen_col[1].u_pe_col/gen_pe[2].u_pe/_5544_/D (sky130_fd_sc_hd__dfrtp_1)
           7.16   data arrival time

  20.00   20.00   clock clk (rise edge)
   0.00   20.00   clock network delay (ideal)
   0.00   20.00   clock reconvergence pessimism
          20.00 ^ gen_col[1].u_pe_col/gen_pe[2].u_pe/_5544_/CLK (sky130_fd_sc_hd__dfrtp_1)
  -0.10   19.90   library setup time
          19.90   data required time
---------------------------------------------------------
          19.90   data required time
          -7.16   data arrival time
---------------------------------------------------------
          12.75   slack (MET)


Startpoint: gen_col[1].u_pe_col/gen_pe[3].u_pe/_5482_
            (rising edge-triggered flip-flop clocked by clk)
Endpoint: gen_col[1].u_pe_col/gen_pe[3].u_pe/_5544_
          (rising edge-triggered flip-flop clocked by clk)
Path Group: clk
Path Type: max

  Delay    Time   Description
---------------------------------------------------------
   0.00    0.00   clock clk (rise edge)
   0.00    0.00   clock network delay (ideal)
   0.00    0.00 ^ gen_col[1].u_pe_col/gen_pe[3].u_pe/_5482_/CLK (sky130_fd_sc_hd__dfrtp_1)
   0.64    0.64 ^ gen_col[1].u_pe_col/gen_pe[3].u_pe/_5482_/Q (sky130_fd_sc_hd__dfrtp_1)
   0.15    0.79 v gen_col[1].u_pe_col/gen_pe[3].u_pe/_5149_/Y (sky130_fd_sc_hd__nand2_1)
   0.39    1.18 v gen_col[1].u_pe_col/gen_pe[3].u_pe/_5178_/X (sky130_fd_sc_hd__maj3_1)
   0.41    1.58 v gen_col[1].u_pe_col/gen_pe[3].u_pe/_5198_/X (sky130_fd_sc_hd__xnor3_1)
   0.36    1.94 v gen_col[1].u_pe_col/gen_pe[3].u_pe/_5218_/X (sky130_fd_sc_hd__xnor3_1)
   0.15    2.10 v gen_col[1].u_pe_col/gen_pe[3].u_pe/_5219_/Y (sky130_fd_sc_hd__nor3b_1)
   0.21    2.30 ^ gen_col[1].u_pe_col/gen_pe[3].u_pe/_5241_/Y (sky130_fd_sc_hd__o21ai_0)
   0.15    2.46 v gen_col[1].u_pe_col/gen_pe[3].u_pe/_5242_/Y (sky130_fd_sc_hd__nand3_1)
   0.39    2.85 v gen_col[1].u_pe_col/gen_pe[3].u_pe/_5245_/X (sky130_fd_sc_hd__maj3_1)
   0.26    3.10 ^ gen_col[1].u_pe_col/gen_pe[3].u_pe/_5247_/Y (sky130_fd_sc_hd__o21ai_0)
   0.18    3.28 ^ gen_col[1].u_pe_col/gen_pe[3].u_pe/_5249_/X (sky130_fd_sc_hd__a21o_1)
   0.14    3.42 ^ gen_col[1].u_pe_col/gen_pe[3].u_pe/_5251_/X (sky130_fd_sc_hd__a21o_1)
   0.08    3.50 v gen_col[1].u_pe_col/gen_pe[3].u_pe/_5253_/Y (sky130_fd_sc_hd__a21oi_1)
   0.26    3.76 ^ gen_col[1].u_pe_col/gen_pe[3].u_pe/_5255_/Y (sky130_fd_sc_hd__o21ai_0)
   0.17    3.93 ^ gen_col[1].u_pe_col/gen_pe[3].u_pe/_5259_/X (sky130_fd_sc_hd__a21o_1)
   0.13    4.06 ^ gen_col[1].u_pe_col/gen_pe[3].u_pe/_5262_/X (sky130_fd_sc_hd__a21o_1)
   0.08    4.14 v gen_col[1].u_pe_col/gen_pe[3].u_pe/_5266_/Y (sky130_fd_sc_hd__a21oi_1)
   0.19    4.34 ^ gen_col[1].u_pe_col/gen_pe[3].u_pe/_5269_/Y (sky130_fd_sc_hd__o21bai_1)
   0.11    4.45 v gen_col[1].u_pe_col/gen_pe[3].u_pe/_5273_/Y (sky130_fd_sc_hd__a21oi_1)
   0.24    4.69 ^ gen_col[1].u_pe_col/gen_pe[3].u_pe/_5276_/Y (sky130_fd_sc_hd__o21ai_0)
   0.13    4.82 v gen_col[1].u_pe_col/gen_pe[3].u_pe/_5280_/Y (sky130_fd_sc_hd__a21oi_1)
   0.21    5.03 ^ gen_col[1].u_pe_col/gen_pe[3].u_pe/_5283_/Y (sky130_fd_sc_hd__o21bai_1)
   0.11    5.14 v gen_col[1].u_pe_col/gen_pe[3].u_pe/_5286_/Y (sky130_fd_sc_hd__a21oi_1)
   0.20    5.35 ^ gen_col[1].u_pe_col/gen_pe[3].u_pe/_5289_/Y (sky130_fd_sc_hd__o21bai_1)
   0.11    5.46 v gen_col[1].u_pe_col/gen_pe[3].u_pe/_5291_/Y (sky130_fd_sc_hd__a21oi_1)
   0.20    5.65 ^ gen_col[1].u_pe_col/gen_pe[3].u_pe/_5296_/Y (sky130_fd_sc_hd__o211ai_1)
   0.21    5.87 ^ gen_col[1].u_pe_col/gen_pe[3].u_pe/_5297_/X (sky130_fd_sc_hd__and3_1)
   0.14    6.01 ^ gen_col[1].u_pe_col/gen_pe[3].u_pe/_5299_/X (sky130_fd_sc_hd__o21a_1)
   0.11    6.11 v gen_col[1].u_pe_col/gen_pe[3].u_pe/_5301_/Y (sky130_fd_sc_hd__o21ai_0)
   0.21    6.32 ^ gen_col[1].u_pe_col/gen_pe[3].u_pe/_5303_/Y (sky130_fd_sc_hd__a21oi_1)
   0.13    6.45 v gen_col[1].u_pe_col/gen_pe[3].u_pe/_5305_/Y (sky130_fd_sc_hd__o21ai_0)
   0.21    6.66 ^ gen_col[1].u_pe_col/gen_pe[3].u_pe/_5307_/Y (sky130_fd_sc_hd__a21oi_1)
   0.13    6.78 v gen_col[1].u_pe_col/gen_pe[3].u_pe/_5343_/Y (sky130_fd_sc_hd__o21ai_0)
   0.18    6.96 v gen_col[1].u_pe_col/gen_pe[3].u_pe/_5460_/X (sky130_fd_sc_hd__and3b_1)
   0.20    7.16 ^ gen_col[1].u_pe_col/gen_pe[3].u_pe/_5462_/Y (sky130_fd_sc_hd__o31ai_1)
   0.00    7.16 ^ gen_col[1].u_pe_col/gen_pe[3].u_pe/_5544_/D (sky130_fd_sc_hd__dfrtp_1)
           7.16   data arrival time

  20.00   20.00   clock clk (rise edge)
   0.00   20.00   clock network delay (ideal)
   0.00   20.00   clock reconvergence pessimism
          20.00 ^ gen_col[1].u_pe_col/gen_pe[3].u_pe/_5544_/CLK (sky130_fd_sc_hd__dfrtp_1)
  -0.10   19.90   library setup time
          19.90   data required time
---------------------------------------------------------
          19.90   data required time
          -7.16   data arrival time
---------------------------------------------------------
          12.75   slack (MET)


Startpoint: gen_col[2].u_pe_col/gen_pe[0].u_pe/_5482_
            (rising edge-triggered flip-flop clocked by clk)
Endpoint: gen_col[2].u_pe_col/gen_pe[0].u_pe/_5544_
          (rising edge-triggered flip-flop clocked by clk)
Path Group: clk
Path Type: max

  Delay    Time   Description
---------------------------------------------------------
   0.00    0.00   clock clk (rise edge)
   0.00    0.00   clock network delay (ideal)
   0.00    0.00 ^ gen_col[2].u_pe_col/gen_pe[0].u_pe/_5482_/CLK (sky130_fd_sc_hd__dfrtp_1)
   0.64    0.64 ^ gen_col[2].u_pe_col/gen_pe[0].u_pe/_5482_/Q (sky130_fd_sc_hd__dfrtp_1)
   0.15    0.79 v gen_col[2].u_pe_col/gen_pe[0].u_pe/_5149_/Y (sky130_fd_sc_hd__nand2_1)
   0.39    1.18 v gen_col[2].u_pe_col/gen_pe[0].u_pe/_5178_/X (sky130_fd_sc_hd__maj3_1)
   0.41    1.58 v gen_col[2].u_pe_col/gen_pe[0].u_pe/_5198_/X (sky130_fd_sc_hd__xnor3_1)
   0.36    1.94 v gen_col[2].u_pe_col/gen_pe[0].u_pe/_5218_/X (sky130_fd_sc_hd__xnor3_1)
   0.15    2.10 v gen_col[2].u_pe_col/gen_pe[0].u_pe/_5219_/Y (sky130_fd_sc_hd__nor3b_1)
   0.21    2.30 ^ gen_col[2].u_pe_col/gen_pe[0].u_pe/_5241_/Y (sky130_fd_sc_hd__o21ai_0)
   0.15    2.46 v gen_col[2].u_pe_col/gen_pe[0].u_pe/_5242_/Y (sky130_fd_sc_hd__nand3_1)
   0.39    2.85 v gen_col[2].u_pe_col/gen_pe[0].u_pe/_5245_/X (sky130_fd_sc_hd__maj3_1)
   0.26    3.10 ^ gen_col[2].u_pe_col/gen_pe[0].u_pe/_5247_/Y (sky130_fd_sc_hd__o21ai_0)
   0.18    3.28 ^ gen_col[2].u_pe_col/gen_pe[0].u_pe/_5249_/X (sky130_fd_sc_hd__a21o_1)
   0.14    3.42 ^ gen_col[2].u_pe_col/gen_pe[0].u_pe/_5251_/X (sky130_fd_sc_hd__a21o_1)
   0.08    3.50 v gen_col[2].u_pe_col/gen_pe[0].u_pe/_5253_/Y (sky130_fd_sc_hd__a21oi_1)
   0.26    3.76 ^ gen_col[2].u_pe_col/gen_pe[0].u_pe/_5255_/Y (sky130_fd_sc_hd__o21ai_0)
   0.17    3.93 ^ gen_col[2].u_pe_col/gen_pe[0].u_pe/_5259_/X (sky130_fd_sc_hd__a21o_1)
   0.13    4.06 ^ gen_col[2].u_pe_col/gen_pe[0].u_pe/_5262_/X (sky130_fd_sc_hd__a21o_1)
   0.08    4.14 v gen_col[2].u_pe_col/gen_pe[0].u_pe/_5266_/Y (sky130_fd_sc_hd__a21oi_1)
   0.19    4.34 ^ gen_col[2].u_pe_col/gen_pe[0].u_pe/_5269_/Y (sky130_fd_sc_hd__o21bai_1)
   0.11    4.45 v gen_col[2].u_pe_col/gen_pe[0].u_pe/_5273_/Y (sky130_fd_sc_hd__a21oi_1)
   0.24    4.69 ^ gen_col[2].u_pe_col/gen_pe[0].u_pe/_5276_/Y (sky130_fd_sc_hd__o21ai_0)
   0.13    4.82 v gen_col[2].u_pe_col/gen_pe[0].u_pe/_5280_/Y (sky130_fd_sc_hd__a21oi_1)
   0.21    5.03 ^ gen_col[2].u_pe_col/gen_pe[0].u_pe/_5283_/Y (sky130_fd_sc_hd__o21bai_1)
   0.11    5.14 v gen_col[2].u_pe_col/gen_pe[0].u_pe/_5286_/Y (sky130_fd_sc_hd__a21oi_1)
   0.20    5.35 ^ gen_col[2].u_pe_col/gen_pe[0].u_pe/_5289_/Y (sky130_fd_sc_hd__o21bai_1)
   0.11    5.46 v gen_col[2].u_pe_col/gen_pe[0].u_pe/_5291_/Y (sky130_fd_sc_hd__a21oi_1)
   0.20    5.65 ^ gen_col[2].u_pe_col/gen_pe[0].u_pe/_5296_/Y (sky130_fd_sc_hd__o211ai_1)
   0.21    5.87 ^ gen_col[2].u_pe_col/gen_pe[0].u_pe/_5297_/X (sky130_fd_sc_hd__and3_1)
   0.14    6.01 ^ gen_col[2].u_pe_col/gen_pe[0].u_pe/_5299_/X (sky130_fd_sc_hd__o21a_1)
   0.11    6.11 v gen_col[2].u_pe_col/gen_pe[0].u_pe/_5301_/Y (sky130_fd_sc_hd__o21ai_0)
   0.21    6.32 ^ gen_col[2].u_pe_col/gen_pe[0].u_pe/_5303_/Y (sky130_fd_sc_hd__a21oi_1)
   0.13    6.45 v gen_col[2].u_pe_col/gen_pe[0].u_pe/_5305_/Y (sky130_fd_sc_hd__o21ai_0)
   0.21    6.66 ^ gen_col[2].u_pe_col/gen_pe[0].u_pe/_5307_/Y (sky130_fd_sc_hd__a21oi_1)
   0.13    6.78 v gen_col[2].u_pe_col/gen_pe[0].u_pe/_5343_/Y (sky130_fd_sc_hd__o21ai_0)
   0.18    6.96 v gen_col[2].u_pe_col/gen_pe[0].u_pe/_5460_/X (sky130_fd_sc_hd__and3b_1)
   0.20    7.16 ^ gen_col[2].u_pe_col/gen_pe[0].u_pe/_5462_/Y (sky130_fd_sc_hd__o31ai_1)
   0.00    7.16 ^ gen_col[2].u_pe_col/gen_pe[0].u_pe/_5544_/D (sky130_fd_sc_hd__dfrtp_1)
           7.16   data arrival time

  20.00   20.00   clock clk (rise edge)
   0.00   20.00   clock network delay (ideal)
   0.00   20.00   clock reconvergence pessimism
          20.00 ^ gen_col[2].u_pe_col/gen_pe[0].u_pe/_5544_/CLK (sky130_fd_sc_hd__dfrtp_1)
  -0.10   19.90   library setup time
          19.90   data required time
---------------------------------------------------------
          19.90   data required time
          -7.16   data arrival time
---------------------------------------------------------
          12.75   slack (MET)


Timing Analysis Completed.
