OpenSTA 3.1.0  Copyright (c) 2026, Parallax Software, Inc.
License GPLv3: GNU GPL version 3 <http://gnu.org/licenses/gpl.html>

This is free software, and you are free to change and redistribute it
under certain conditions; type `show_copying' for details. 
This program comes with ABSOLUTELY NO WARRANTY; for details type `show_warranty'.
Warning 503: timing.tcl line 1, report_checks -group_count is deprecated. Use -group_path_count instead.
Startpoint: gen_col[0].u_pe_col/gen_pe[0].u_pe/_1454_
            (rising edge-triggered flip-flop clocked by clk)
Endpoint: gen_col[1].u_pe_col/gen_pe[0].u_pe/_1477_
          (rising edge-triggered flip-flop clocked by clk)
Path Group: clk
Path Type: max

  Delay    Time   Description
---------------------------------------------------------
   0.00    0.00   clock clk (rise edge)
   0.00    0.00   clock network delay (ideal)
   0.00    0.00 ^ gen_col[0].u_pe_col/gen_pe[0].u_pe/_1454_/CLK (sky130_fd_sc_hd__dfrtp_1)
   0.50    0.50 ^ gen_col[0].u_pe_col/gen_pe[0].u_pe/_1454_/Q (sky130_fd_sc_hd__dfrtp_1)
   0.13    0.63 v gen_col[1].u_pe_col/gen_pe[0].u_pe/_1046_/Y (sky130_fd_sc_hd__o21ai_0)
   0.85    1.48 ^ gen_col[1].u_pe_col/gen_pe[0].u_pe/_1047_/Y (sky130_fd_sc_hd__a21oi_1)
   0.23    1.71 ^ gen_col[1].u_pe_col/gen_pe[0].u_pe/_1179_/Y (sky130_fd_sc_hd__xnor2_1)
   0.22    1.93 ^ gen_col[1].u_pe_col/gen_pe[0].u_pe/_1181_/X (sky130_fd_sc_hd__xor2_1)
   0.17    2.10 ^ gen_col[1].u_pe_col/gen_pe[0].u_pe/_1182_/Y (sky130_fd_sc_hd__xnor2_1)
   0.22    2.32 ^ gen_col[1].u_pe_col/gen_pe[0].u_pe/_1215_/X (sky130_fd_sc_hd__xor2_1)
   0.17    2.49 ^ gen_col[1].u_pe_col/gen_pe[0].u_pe/_1217_/Y (sky130_fd_sc_hd__xnor2_1)
   0.21    2.70 ^ gen_col[1].u_pe_col/gen_pe[0].u_pe/_1246_/X (sky130_fd_sc_hd__xor2_1)
   0.17    2.87 ^ gen_col[1].u_pe_col/gen_pe[0].u_pe/_1274_/Y (sky130_fd_sc_hd__xnor2_1)
   0.18    3.04 ^ gen_col[1].u_pe_col/gen_pe[0].u_pe/_1336_/Y (sky130_fd_sc_hd__xnor2_1)
   0.09    3.13 v gen_col[1].u_pe_col/gen_pe[0].u_pe/_1337_/Y (sky130_fd_sc_hd__nand2_1)
   0.33    3.46 ^ gen_col[1].u_pe_col/gen_pe[0].u_pe/_1340_/Y (sky130_fd_sc_hd__a311oi_1)
   0.13    3.60 v gen_col[1].u_pe_col/gen_pe[0].u_pe/_1343_/Y (sky130_fd_sc_hd__o21ai_0)
   0.20    3.80 ^ gen_col[1].u_pe_col/gen_pe[0].u_pe/_1345_/Y (sky130_fd_sc_hd__a21oi_1)
   0.14    3.94 v gen_col[1].u_pe_col/gen_pe[0].u_pe/_1347_/Y (sky130_fd_sc_hd__o21ai_0)
   0.21    4.15 v gen_col[1].u_pe_col/gen_pe[0].u_pe/_1373_/X (sky130_fd_sc_hd__a21o_1)
   0.16    4.31 v gen_col[1].u_pe_col/gen_pe[0].u_pe/_1434_/X (sky130_fd_sc_hd__and3_1)
   0.20    4.50 ^ gen_col[1].u_pe_col/gen_pe[0].u_pe/_1436_/Y (sky130_fd_sc_hd__o31ai_1)
   0.00    4.50 ^ gen_col[1].u_pe_col/gen_pe[0].u_pe/_1477_/D (sky130_fd_sc_hd__dfrtp_1)
           4.50   data arrival time

  20.00   20.00   clock clk (rise edge)
   0.00   20.00   clock network delay (ideal)
   0.00   20.00   clock reconvergence pessimism
          20.00 ^ gen_col[1].u_pe_col/gen_pe[0].u_pe/_1477_/CLK (sky130_fd_sc_hd__dfrtp_1)
  -0.10   19.90   library setup time
          19.90   data required time
---------------------------------------------------------
          19.90   data required time
          -4.50   data arrival time
---------------------------------------------------------
          15.40   slack (MET)


Startpoint: gen_col[0].u_pe_col/gen_pe[1].u_pe/_1454_
            (rising edge-triggered flip-flop clocked by clk)
Endpoint: gen_col[1].u_pe_col/gen_pe[1].u_pe/_1477_
          (rising edge-triggered flip-flop clocked by clk)
Path Group: clk
Path Type: max

  Delay    Time   Description
---------------------------------------------------------
   0.00    0.00   clock clk (rise edge)
   0.00    0.00   clock network delay (ideal)
   0.00    0.00 ^ gen_col[0].u_pe_col/gen_pe[1].u_pe/_1454_/CLK (sky130_fd_sc_hd__dfrtp_1)
   0.50    0.50 ^ gen_col[0].u_pe_col/gen_pe[1].u_pe/_1454_/Q (sky130_fd_sc_hd__dfrtp_1)
   0.13    0.63 v gen_col[1].u_pe_col/gen_pe[1].u_pe/_1046_/Y (sky130_fd_sc_hd__o21ai_0)
   0.85    1.48 ^ gen_col[1].u_pe_col/gen_pe[1].u_pe/_1047_/Y (sky130_fd_sc_hd__a21oi_1)
   0.23    1.71 ^ gen_col[1].u_pe_col/gen_pe[1].u_pe/_1179_/Y (sky130_fd_sc_hd__xnor2_1)
   0.22    1.93 ^ gen_col[1].u_pe_col/gen_pe[1].u_pe/_1181_/X (sky130_fd_sc_hd__xor2_1)
   0.17    2.10 ^ gen_col[1].u_pe_col/gen_pe[1].u_pe/_1182_/Y (sky130_fd_sc_hd__xnor2_1)
   0.22    2.32 ^ gen_col[1].u_pe_col/gen_pe[1].u_pe/_1215_/X (sky130_fd_sc_hd__xor2_1)
   0.17    2.49 ^ gen_col[1].u_pe_col/gen_pe[1].u_pe/_1217_/Y (sky130_fd_sc_hd__xnor2_1)
   0.21    2.70 ^ gen_col[1].u_pe_col/gen_pe[1].u_pe/_1246_/X (sky130_fd_sc_hd__xor2_1)
   0.17    2.87 ^ gen_col[1].u_pe_col/gen_pe[1].u_pe/_1274_/Y (sky130_fd_sc_hd__xnor2_1)
   0.18    3.04 ^ gen_col[1].u_pe_col/gen_pe[1].u_pe/_1336_/Y (sky130_fd_sc_hd__xnor2_1)
   0.09    3.13 v gen_col[1].u_pe_col/gen_pe[1].u_pe/_1337_/Y (sky130_fd_sc_hd__nand2_1)
   0.33    3.46 ^ gen_col[1].u_pe_col/gen_pe[1].u_pe/_1340_/Y (sky130_fd_sc_hd__a311oi_1)
   0.13    3.60 v gen_col[1].u_pe_col/gen_pe[1].u_pe/_1343_/Y (sky130_fd_sc_hd__o21ai_0)
   0.20    3.80 ^ gen_col[1].u_pe_col/gen_pe[1].u_pe/_1345_/Y (sky130_fd_sc_hd__a21oi_1)
   0.14    3.94 v gen_col[1].u_pe_col/gen_pe[1].u_pe/_1347_/Y (sky130_fd_sc_hd__o21ai_0)
   0.21    4.15 v gen_col[1].u_pe_col/gen_pe[1].u_pe/_1373_/X (sky130_fd_sc_hd__a21o_1)
   0.16    4.31 v gen_col[1].u_pe_col/gen_pe[1].u_pe/_1434_/X (sky130_fd_sc_hd__and3_1)
   0.20    4.50 ^ gen_col[1].u_pe_col/gen_pe[1].u_pe/_1436_/Y (sky130_fd_sc_hd__o31ai_1)
   0.00    4.50 ^ gen_col[1].u_pe_col/gen_pe[1].u_pe/_1477_/D (sky130_fd_sc_hd__dfrtp_1)
           4.50   data arrival time

  20.00   20.00   clock clk (rise edge)
   0.00   20.00   clock network delay (ideal)
   0.00   20.00   clock reconvergence pessimism
          20.00 ^ gen_col[1].u_pe_col/gen_pe[1].u_pe/_1477_/CLK (sky130_fd_sc_hd__dfrtp_1)
  -0.10   19.90   library setup time
          19.90   data required time
---------------------------------------------------------
          19.90   data required time
          -4.50   data arrival time
---------------------------------------------------------
          15.40   slack (MET)


Startpoint: gen_col[0].u_pe_col/gen_pe[2].u_pe/_1454_
            (rising edge-triggered flip-flop clocked by clk)
Endpoint: gen_col[1].u_pe_col/gen_pe[2].u_pe/_1477_
          (rising edge-triggered flip-flop clocked by clk)
Path Group: clk
Path Type: max

  Delay    Time   Description
---------------------------------------------------------
   0.00    0.00   clock clk (rise edge)
   0.00    0.00   clock network delay (ideal)
   0.00    0.00 ^ gen_col[0].u_pe_col/gen_pe[2].u_pe/_1454_/CLK (sky130_fd_sc_hd__dfrtp_1)
   0.50    0.50 ^ gen_col[0].u_pe_col/gen_pe[2].u_pe/_1454_/Q (sky130_fd_sc_hd__dfrtp_1)
   0.13    0.63 v gen_col[1].u_pe_col/gen_pe[2].u_pe/_1046_/Y (sky130_fd_sc_hd__o21ai_0)
   0.85    1.48 ^ gen_col[1].u_pe_col/gen_pe[2].u_pe/_1047_/Y (sky130_fd_sc_hd__a21oi_1)
   0.23    1.71 ^ gen_col[1].u_pe_col/gen_pe[2].u_pe/_1179_/Y (sky130_fd_sc_hd__xnor2_1)
   0.22    1.93 ^ gen_col[1].u_pe_col/gen_pe[2].u_pe/_1181_/X (sky130_fd_sc_hd__xor2_1)
   0.17    2.10 ^ gen_col[1].u_pe_col/gen_pe[2].u_pe/_1182_/Y (sky130_fd_sc_hd__xnor2_1)
   0.22    2.32 ^ gen_col[1].u_pe_col/gen_pe[2].u_pe/_1215_/X (sky130_fd_sc_hd__xor2_1)
   0.17    2.49 ^ gen_col[1].u_pe_col/gen_pe[2].u_pe/_1217_/Y (sky130_fd_sc_hd__xnor2_1)
   0.21    2.70 ^ gen_col[1].u_pe_col/gen_pe[2].u_pe/_1246_/X (sky130_fd_sc_hd__xor2_1)
   0.17    2.87 ^ gen_col[1].u_pe_col/gen_pe[2].u_pe/_1274_/Y (sky130_fd_sc_hd__xnor2_1)
   0.18    3.04 ^ gen_col[1].u_pe_col/gen_pe[2].u_pe/_1336_/Y (sky130_fd_sc_hd__xnor2_1)
   0.09    3.13 v gen_col[1].u_pe_col/gen_pe[2].u_pe/_1337_/Y (sky130_fd_sc_hd__nand2_1)
   0.33    3.46 ^ gen_col[1].u_pe_col/gen_pe[2].u_pe/_1340_/Y (sky130_fd_sc_hd__a311oi_1)
   0.13    3.60 v gen_col[1].u_pe_col/gen_pe[2].u_pe/_1343_/Y (sky130_fd_sc_hd__o21ai_0)
   0.20    3.80 ^ gen_col[1].u_pe_col/gen_pe[2].u_pe/_1345_/Y (sky130_fd_sc_hd__a21oi_1)
   0.14    3.94 v gen_col[1].u_pe_col/gen_pe[2].u_pe/_1347_/Y (sky130_fd_sc_hd__o21ai_0)
   0.21    4.15 v gen_col[1].u_pe_col/gen_pe[2].u_pe/_1373_/X (sky130_fd_sc_hd__a21o_1)
   0.16    4.31 v gen_col[1].u_pe_col/gen_pe[2].u_pe/_1434_/X (sky130_fd_sc_hd__and3_1)
   0.20    4.50 ^ gen_col[1].u_pe_col/gen_pe[2].u_pe/_1436_/Y (sky130_fd_sc_hd__o31ai_1)
   0.00    4.50 ^ gen_col[1].u_pe_col/gen_pe[2].u_pe/_1477_/D (sky130_fd_sc_hd__dfrtp_1)
           4.50   data arrival time

  20.00   20.00   clock clk (rise edge)
   0.00   20.00   clock network delay (ideal)
   0.00   20.00   clock reconvergence pessimism
          20.00 ^ gen_col[1].u_pe_col/gen_pe[2].u_pe/_1477_/CLK (sky130_fd_sc_hd__dfrtp_1)
  -0.10   19.90   library setup time
          19.90   data required time
---------------------------------------------------------
          19.90   data required time
          -4.50   data arrival time
---------------------------------------------------------
          15.40   slack (MET)


Startpoint: gen_col[0].u_pe_col/gen_pe[3].u_pe/_1454_
            (rising edge-triggered flip-flop clocked by clk)
Endpoint: gen_col[1].u_pe_col/gen_pe[3].u_pe/_1477_
          (rising edge-triggered flip-flop clocked by clk)
Path Group: clk
Path Type: max

  Delay    Time   Description
---------------------------------------------------------
   0.00    0.00   clock clk (rise edge)
   0.00    0.00   clock network delay (ideal)
   0.00    0.00 ^ gen_col[0].u_pe_col/gen_pe[3].u_pe/_1454_/CLK (sky130_fd_sc_hd__dfrtp_1)
   0.50    0.50 ^ gen_col[0].u_pe_col/gen_pe[3].u_pe/_1454_/Q (sky130_fd_sc_hd__dfrtp_1)
   0.13    0.63 v gen_col[1].u_pe_col/gen_pe[3].u_pe/_1046_/Y (sky130_fd_sc_hd__o21ai_0)
   0.85    1.48 ^ gen_col[1].u_pe_col/gen_pe[3].u_pe/_1047_/Y (sky130_fd_sc_hd__a21oi_1)
   0.23    1.71 ^ gen_col[1].u_pe_col/gen_pe[3].u_pe/_1179_/Y (sky130_fd_sc_hd__xnor2_1)
   0.22    1.93 ^ gen_col[1].u_pe_col/gen_pe[3].u_pe/_1181_/X (sky130_fd_sc_hd__xor2_1)
   0.17    2.10 ^ gen_col[1].u_pe_col/gen_pe[3].u_pe/_1182_/Y (sky130_fd_sc_hd__xnor2_1)
   0.22    2.32 ^ gen_col[1].u_pe_col/gen_pe[3].u_pe/_1215_/X (sky130_fd_sc_hd__xor2_1)
   0.17    2.49 ^ gen_col[1].u_pe_col/gen_pe[3].u_pe/_1217_/Y (sky130_fd_sc_hd__xnor2_1)
   0.21    2.70 ^ gen_col[1].u_pe_col/gen_pe[3].u_pe/_1246_/X (sky130_fd_sc_hd__xor2_1)
   0.17    2.87 ^ gen_col[1].u_pe_col/gen_pe[3].u_pe/_1274_/Y (sky130_fd_sc_hd__xnor2_1)
   0.18    3.04 ^ gen_col[1].u_pe_col/gen_pe[3].u_pe/_1336_/Y (sky130_fd_sc_hd__xnor2_1)
   0.09    3.13 v gen_col[1].u_pe_col/gen_pe[3].u_pe/_1337_/Y (sky130_fd_sc_hd__nand2_1)
   0.33    3.46 ^ gen_col[1].u_pe_col/gen_pe[3].u_pe/_1340_/Y (sky130_fd_sc_hd__a311oi_1)
   0.13    3.60 v gen_col[1].u_pe_col/gen_pe[3].u_pe/_1343_/Y (sky130_fd_sc_hd__o21ai_0)
   0.20    3.80 ^ gen_col[1].u_pe_col/gen_pe[3].u_pe/_1345_/Y (sky130_fd_sc_hd__a21oi_1)
   0.14    3.94 v gen_col[1].u_pe_col/gen_pe[3].u_pe/_1347_/Y (sky130_fd_sc_hd__o21ai_0)
   0.21    4.15 v gen_col[1].u_pe_col/gen_pe[3].u_pe/_1373_/X (sky130_fd_sc_hd__a21o_1)
   0.16    4.31 v gen_col[1].u_pe_col/gen_pe[3].u_pe/_1434_/X (sky130_fd_sc_hd__and3_1)
   0.20    4.50 ^ gen_col[1].u_pe_col/gen_pe[3].u_pe/_1436_/Y (sky130_fd_sc_hd__o31ai_1)
   0.00    4.50 ^ gen_col[1].u_pe_col/gen_pe[3].u_pe/_1477_/D (sky130_fd_sc_hd__dfrtp_1)
           4.50   data arrival time

  20.00   20.00   clock clk (rise edge)
   0.00   20.00   clock network delay (ideal)
   0.00   20.00   clock reconvergence pessimism
          20.00 ^ gen_col[1].u_pe_col/gen_pe[3].u_pe/_1477_/CLK (sky130_fd_sc_hd__dfrtp_1)
  -0.10   19.90   library setup time
          19.90   data required time
---------------------------------------------------------
          19.90   data required time
          -4.50   data arrival time
---------------------------------------------------------
          15.40   slack (MET)


Startpoint: gen_col[1].u_pe_col/gen_pe[0].u_pe/_1454_
            (rising edge-triggered flip-flop clocked by clk)
Endpoint: gen_col[2].u_pe_col/gen_pe[0].u_pe/_1477_
          (rising edge-triggered flip-flop clocked by clk)
Path Group: clk
Path Type: max

  Delay    Time   Description
---------------------------------------------------------
   0.00    0.00   clock clk (rise edge)
   0.00    0.00   clock network delay (ideal)
   0.00    0.00 ^ gen_col[1].u_pe_col/gen_pe[0].u_pe/_1454_/CLK (sky130_fd_sc_hd__dfrtp_1)
   0.50    0.50 ^ gen_col[1].u_pe_col/gen_pe[0].u_pe/_1454_/Q (sky130_fd_sc_hd__dfrtp_1)
   0.13    0.63 v gen_col[2].u_pe_col/gen_pe[0].u_pe/_1046_/Y (sky130_fd_sc_hd__o21ai_0)
   0.85    1.48 ^ gen_col[2].u_pe_col/gen_pe[0].u_pe/_1047_/Y (sky130_fd_sc_hd__a21oi_1)
   0.23    1.71 ^ gen_col[2].u_pe_col/gen_pe[0].u_pe/_1179_/Y (sky130_fd_sc_hd__xnor2_1)
   0.22    1.93 ^ gen_col[2].u_pe_col/gen_pe[0].u_pe/_1181_/X (sky130_fd_sc_hd__xor2_1)
   0.17    2.10 ^ gen_col[2].u_pe_col/gen_pe[0].u_pe/_1182_/Y (sky130_fd_sc_hd__xnor2_1)
   0.22    2.32 ^ gen_col[2].u_pe_col/gen_pe[0].u_pe/_1215_/X (sky130_fd_sc_hd__xor2_1)
   0.17    2.49 ^ gen_col[2].u_pe_col/gen_pe[0].u_pe/_1217_/Y (sky130_fd_sc_hd__xnor2_1)
   0.21    2.70 ^ gen_col[2].u_pe_col/gen_pe[0].u_pe/_1246_/X (sky130_fd_sc_hd__xor2_1)
   0.17    2.87 ^ gen_col[2].u_pe_col/gen_pe[0].u_pe/_1274_/Y (sky130_fd_sc_hd__xnor2_1)
   0.18    3.04 ^ gen_col[2].u_pe_col/gen_pe[0].u_pe/_1336_/Y (sky130_fd_sc_hd__xnor2_1)
   0.09    3.13 v gen_col[2].u_pe_col/gen_pe[0].u_pe/_1337_/Y (sky130_fd_sc_hd__nand2_1)
   0.33    3.46 ^ gen_col[2].u_pe_col/gen_pe[0].u_pe/_1340_/Y (sky130_fd_sc_hd__a311oi_1)
   0.13    3.60 v gen_col[2].u_pe_col/gen_pe[0].u_pe/_1343_/Y (sky130_fd_sc_hd__o21ai_0)
   0.20    3.80 ^ gen_col[2].u_pe_col/gen_pe[0].u_pe/_1345_/Y (sky130_fd_sc_hd__a21oi_1)
   0.14    3.94 v gen_col[2].u_pe_col/gen_pe[0].u_pe/_1347_/Y (sky130_fd_sc_hd__o21ai_0)
   0.21    4.15 v gen_col[2].u_pe_col/gen_pe[0].u_pe/_1373_/X (sky130_fd_sc_hd__a21o_1)
   0.16    4.31 v gen_col[2].u_pe_col/gen_pe[0].u_pe/_1434_/X (sky130_fd_sc_hd__and3_1)
   0.20    4.50 ^ gen_col[2].u_pe_col/gen_pe[0].u_pe/_1436_/Y (sky130_fd_sc_hd__o31ai_1)
   0.00    4.50 ^ gen_col[2].u_pe_col/gen_pe[0].u_pe/_1477_/D (sky130_fd_sc_hd__dfrtp_1)
           4.50   data arrival time

  20.00   20.00   clock clk (rise edge)
   0.00   20.00   clock network delay (ideal)
   0.00   20.00   clock reconvergence pessimism
          20.00 ^ gen_col[2].u_pe_col/gen_pe[0].u_pe/_1477_/CLK (sky130_fd_sc_hd__dfrtp_1)
  -0.10   19.90   library setup time
          19.90   data required time
---------------------------------------------------------
          19.90   data required time
          -4.50   data arrival time
---------------------------------------------------------
          15.40   slack (MET)


Timing Analysis Completed.
