OpenSTA 3.1.0  Copyright (c) 2026, Parallax Software, Inc.
License GPLv3: GNU GPL version 3 <http://gnu.org/licenses/gpl.html>

This is free software, and you are free to change and redistribute it
under certain conditions; type `show_copying' for details. 
This program comes with ABSOLUTELY NO WARRANTY; for details type `show_warranty'.
Warning 503: timing.tcl line 1, report_checks -group_count is deprecated. Use -group_path_count instead.
Startpoint: gen_col[0].u_pe_col/gen_pe[0].u_pe/_8142_
            (rising edge-triggered flip-flop clocked by clk)
Endpoint: gen_col[1].u_pe_col/gen_pe[0].u_pe/_8277_
          (rising edge-triggered flip-flop clocked by clk)
Path Group: clk
Path Type: max

  Delay    Time   Description
---------------------------------------------------------
   0.00    0.00   clock clk (rise edge)
   0.00    0.00   clock network delay (ideal)
   0.00    0.00 ^ gen_col[0].u_pe_col/gen_pe[0].u_pe/_8142_/CLK (sky130_fd_sc_hd__dfrtp_1)
   0.45    0.45 v gen_col[0].u_pe_col/gen_pe[0].u_pe/_8142_/Q (sky130_fd_sc_hd__dfrtp_1)
   1.09    1.53 v gen_col[1].u_pe_col/gen_pe[0].u_pe/_5650_/X (sky130_fd_sc_hd__and3_1)
  10.88   12.41 ^ gen_col[1].u_pe_col/gen_pe[0].u_pe/_5652_/Y (sky130_fd_sc_hd__nor2_1)
   0.73   13.14 v gen_col[1].u_pe_col/gen_pe[0].u_pe/_7354_/Y (sky130_fd_sc_hd__xnor2_1)
   0.73   13.87 ^ gen_col[1].u_pe_col/gen_pe[0].u_pe/_7356_/X (sky130_fd_sc_hd__xor2_1)
   0.44   14.31 v gen_col[1].u_pe_col/gen_pe[0].u_pe/_7389_/X (sky130_fd_sc_hd__xnor3_1)
   0.17   14.49 ^ gen_col[1].u_pe_col/gen_pe[0].u_pe/_7393_/Y (sky130_fd_sc_hd__xnor2_1)
   0.21   14.70 ^ gen_col[1].u_pe_col/gen_pe[0].u_pe/_7420_/X (sky130_fd_sc_hd__xor2_1)
   0.22   14.92 ^ gen_col[1].u_pe_col/gen_pe[0].u_pe/_7443_/X (sky130_fd_sc_hd__xor2_1)
   0.09   15.01 v gen_col[1].u_pe_col/gen_pe[0].u_pe/_7505_/Y (sky130_fd_sc_hd__xnor2_1)
   0.12   15.12 ^ gen_col[1].u_pe_col/gen_pe[0].u_pe/_7506_/Y (sky130_fd_sc_hd__o21ai_0)
   0.18   15.31 ^ gen_col[1].u_pe_col/gen_pe[0].u_pe/_7508_/X (sky130_fd_sc_hd__a21o_1)
   0.14   15.45 ^ gen_col[1].u_pe_col/gen_pe[0].u_pe/_7510_/X (sky130_fd_sc_hd__a21o_1)
   0.13   15.58 ^ gen_col[1].u_pe_col/gen_pe[0].u_pe/_7512_/X (sky130_fd_sc_hd__a21o_1)
   0.08   15.67 v gen_col[1].u_pe_col/gen_pe[0].u_pe/_7514_/Y (sky130_fd_sc_hd__a21oi_1)
   0.24   15.91 ^ gen_col[1].u_pe_col/gen_pe[0].u_pe/_7516_/Y (sky130_fd_sc_hd__o21ai_0)
   0.13   16.03 v gen_col[1].u_pe_col/gen_pe[0].u_pe/_7518_/Y (sky130_fd_sc_hd__a21oi_1)
   0.25   16.28 ^ gen_col[1].u_pe_col/gen_pe[0].u_pe/_7519_/Y (sky130_fd_sc_hd__o21ai_0)
   0.18   16.46 ^ gen_col[1].u_pe_col/gen_pe[0].u_pe/_7521_/X (sky130_fd_sc_hd__a21o_1)
   0.16   16.62 ^ gen_col[1].u_pe_col/gen_pe[0].u_pe/_7523_/X (sky130_fd_sc_hd__a21o_1)
   0.10   16.72 v gen_col[1].u_pe_col/gen_pe[0].u_pe/_7534_/Y (sky130_fd_sc_hd__a221oi_1)
   0.26   16.98 ^ gen_col[1].u_pe_col/gen_pe[0].u_pe/_7537_/Y (sky130_fd_sc_hd__o21ai_0)
   0.14   17.11 v gen_col[1].u_pe_col/gen_pe[0].u_pe/_7539_/Y (sky130_fd_sc_hd__a21oi_1)
   0.20   17.31 v gen_col[1].u_pe_col/gen_pe[0].u_pe/_7541_/X (sky130_fd_sc_hd__o21a_1)
   0.19   17.50 v gen_col[1].u_pe_col/gen_pe[0].u_pe/_7542_/X (sky130_fd_sc_hd__o21a_1)
   0.19   17.69 v gen_col[1].u_pe_col/gen_pe[0].u_pe/_7544_/X (sky130_fd_sc_hd__o21a_1)
   0.19   17.88 v gen_col[1].u_pe_col/gen_pe[0].u_pe/_7546_/X (sky130_fd_sc_hd__o21a_1)
   0.19   18.06 v gen_col[1].u_pe_col/gen_pe[0].u_pe/_7548_/X (sky130_fd_sc_hd__o21a_1)
   0.19   18.25 v gen_col[1].u_pe_col/gen_pe[0].u_pe/_7549_/X (sky130_fd_sc_hd__o21a_1)
   0.20   18.45 v gen_col[1].u_pe_col/gen_pe[0].u_pe/_7551_/X (sky130_fd_sc_hd__o21a_1)
   0.11   18.56 ^ gen_col[1].u_pe_col/gen_pe[0].u_pe/_7552_/Y (sky130_fd_sc_hd__nor3_1)
   0.09   18.65 v gen_col[1].u_pe_col/gen_pe[0].u_pe/_7557_/Y (sky130_fd_sc_hd__a2111oi_0)
   0.31   18.96 v gen_col[1].u_pe_col/gen_pe[0].u_pe/_7560_/X (sky130_fd_sc_hd__o31a_1)
   0.24   19.20 ^ gen_col[1].u_pe_col/gen_pe[0].u_pe/_7562_/Y (sky130_fd_sc_hd__o21ai_0)
   0.14   19.34 v gen_col[1].u_pe_col/gen_pe[0].u_pe/_7564_/Y (sky130_fd_sc_hd__a21oi_1)
   0.20   19.54 v gen_col[1].u_pe_col/gen_pe[0].u_pe/_7566_/X (sky130_fd_sc_hd__o21a_1)
   0.19   19.73 v gen_col[1].u_pe_col/gen_pe[0].u_pe/_7568_/X (sky130_fd_sc_hd__o21a_1)
   0.19   19.92 v gen_col[1].u_pe_col/gen_pe[0].u_pe/_7570_/X (sky130_fd_sc_hd__o21a_1)
   0.19   20.11 v gen_col[1].u_pe_col/gen_pe[0].u_pe/_7572_/X (sky130_fd_sc_hd__o21a_1)
   0.19   20.29 v gen_col[1].u_pe_col/gen_pe[0].u_pe/_7573_/X (sky130_fd_sc_hd__o21a_1)
   0.19   20.48 v gen_col[1].u_pe_col/gen_pe[0].u_pe/_7575_/X (sky130_fd_sc_hd__o21a_1)
   0.19   20.67 v gen_col[1].u_pe_col/gen_pe[0].u_pe/_7577_/X (sky130_fd_sc_hd__o21a_1)
   0.19   20.85 v gen_col[1].u_pe_col/gen_pe[0].u_pe/_7579_/X (sky130_fd_sc_hd__o21a_1)
   0.19   21.04 v gen_col[1].u_pe_col/gen_pe[0].u_pe/_7581_/X (sky130_fd_sc_hd__o21a_1)
   0.19   21.23 v gen_col[1].u_pe_col/gen_pe[0].u_pe/_7583_/X (sky130_fd_sc_hd__o21a_1)
   0.18   21.41 v gen_col[1].u_pe_col/gen_pe[0].u_pe/_7584_/X (sky130_fd_sc_hd__o21a_1)
   0.27   21.67 ^ gen_col[1].u_pe_col/gen_pe[0].u_pe/_7586_/Y (sky130_fd_sc_hd__o21ai_0)
   0.15   21.82 v gen_col[1].u_pe_col/gen_pe[0].u_pe/_7587_/Y (sky130_fd_sc_hd__a21oi_1)
   0.22   22.04 v gen_col[1].u_pe_col/gen_pe[0].u_pe/_7590_/X (sky130_fd_sc_hd__o21a_1)
   0.19   22.23 v gen_col[1].u_pe_col/gen_pe[0].u_pe/_7592_/X (sky130_fd_sc_hd__o21a_1)
   0.19   22.42 v gen_col[1].u_pe_col/gen_pe[0].u_pe/_7594_/X (sky130_fd_sc_hd__o21a_1)
   0.19   22.60 v gen_col[1].u_pe_col/gen_pe[0].u_pe/_7596_/X (sky130_fd_sc_hd__o21a_1)
   0.19   22.79 v gen_col[1].u_pe_col/gen_pe[0].u_pe/_7598_/X (sky130_fd_sc_hd__o21a_1)
   0.19   22.98 v gen_col[1].u_pe_col/gen_pe[0].u_pe/_7599_/X (sky130_fd_sc_hd__o21a_1)
   0.18   23.16 v gen_col[1].u_pe_col/gen_pe[0].u_pe/_7601_/X (sky130_fd_sc_hd__o21a_1)
   0.31   23.47 v gen_col[1].u_pe_col/gen_pe[0].u_pe/_7604_/X (sky130_fd_sc_hd__o311a_1)
   0.30   23.77 v gen_col[1].u_pe_col/gen_pe[0].u_pe/_7611_/X (sky130_fd_sc_hd__a211o_1)
   0.10   23.87 ^ gen_col[1].u_pe_col/gen_pe[0].u_pe/_7612_/Y (sky130_fd_sc_hd__nand3_1)
   0.08   23.95 v gen_col[1].u_pe_col/gen_pe[0].u_pe/_7620_/Y (sky130_fd_sc_hd__a211oi_1)
   0.35   24.30 ^ gen_col[1].u_pe_col/gen_pe[0].u_pe/_7622_/Y (sky130_fd_sc_hd__o31ai_1)
   0.19   24.49 v gen_col[1].u_pe_col/gen_pe[0].u_pe/_7626_/Y (sky130_fd_sc_hd__a21boi_0)
   0.22   24.71 v gen_col[1].u_pe_col/gen_pe[0].u_pe/_7627_/X (sky130_fd_sc_hd__o21a_1)
   0.20   24.91 v gen_col[1].u_pe_col/gen_pe[0].u_pe/_7629_/X (sky130_fd_sc_hd__o21a_1)
   0.19   25.10 ^ gen_col[1].u_pe_col/gen_pe[0].u_pe/_7640_/Y (sky130_fd_sc_hd__o211ai_1)
   0.12   25.21 v gen_col[1].u_pe_col/gen_pe[0].u_pe/_7644_/Y (sky130_fd_sc_hd__a21oi_1)
   0.20   25.41 v gen_col[1].u_pe_col/gen_pe[0].u_pe/_7645_/X (sky130_fd_sc_hd__o21a_1)
   0.19   25.60 v gen_col[1].u_pe_col/gen_pe[0].u_pe/_7647_/X (sky130_fd_sc_hd__o21a_1)
   0.19   25.79 v gen_col[1].u_pe_col/gen_pe[0].u_pe/_7648_/X (sky130_fd_sc_hd__o21a_1)
   0.19   25.97 v gen_col[1].u_pe_col/gen_pe[0].u_pe/_7650_/X (sky130_fd_sc_hd__o21a_1)
   0.19   26.16 v gen_col[1].u_pe_col/gen_pe[0].u_pe/_7652_/X (sky130_fd_sc_hd__o21a_1)
   0.19   26.35 v gen_col[1].u_pe_col/gen_pe[0].u_pe/_7654_/X (sky130_fd_sc_hd__o21a_1)
   0.19   26.53 v gen_col[1].u_pe_col/gen_pe[0].u_pe/_7656_/X (sky130_fd_sc_hd__o21a_1)
   0.19   26.72 v gen_col[1].u_pe_col/gen_pe[0].u_pe/_7658_/X (sky130_fd_sc_hd__o21a_1)
   0.19   26.91 v gen_col[1].u_pe_col/gen_pe[0].u_pe/_7660_/X (sky130_fd_sc_hd__o21a_1)
   0.20   27.11 v gen_col[1].u_pe_col/gen_pe[0].u_pe/_7661_/X (sky130_fd_sc_hd__o21a_1)
   0.31   27.42 v gen_col[1].u_pe_col/gen_pe[0].u_pe/_7664_/X (sky130_fd_sc_hd__o311a_1)
   0.24   27.66 ^ gen_col[1].u_pe_col/gen_pe[0].u_pe/_7666_/Y (sky130_fd_sc_hd__o21ai_0)
   0.14   27.80 v gen_col[1].u_pe_col/gen_pe[0].u_pe/_7668_/Y (sky130_fd_sc_hd__a21oi_1)
   0.19   27.99 v gen_col[1].u_pe_col/gen_pe[0].u_pe/_7670_/X (sky130_fd_sc_hd__o21a_1)
   0.20   28.19 ^ gen_col[1].u_pe_col/gen_pe[0].u_pe/_7672_/Y (sky130_fd_sc_hd__o21ai_0)
   0.40   28.59 v gen_col[1].u_pe_col/gen_pe[0].u_pe/_7674_/X (sky130_fd_sc_hd__or3b_1)
   0.24   28.83 ^ gen_col[1].u_pe_col/gen_pe[0].u_pe/_7677_/Y (sky130_fd_sc_hd__a31oi_1)
   0.15   28.97 v gen_col[1].u_pe_col/gen_pe[0].u_pe/_7680_/Y (sky130_fd_sc_hd__o22ai_1)
   0.27   29.24 ^ gen_col[1].u_pe_col/gen_pe[0].u_pe/_7687_/Y (sky130_fd_sc_hd__a31oi_1)
   0.16   29.39 ^ gen_col[1].u_pe_col/gen_pe[0].u_pe/_7690_/X (sky130_fd_sc_hd__or3_1)
   0.11   29.50 v gen_col[1].u_pe_col/gen_pe[0].u_pe/_7693_/Y (sky130_fd_sc_hd__a21boi_0)
   0.21   29.71 v gen_col[1].u_pe_col/gen_pe[0].u_pe/_7694_/X (sky130_fd_sc_hd__o21a_1)
   0.21   29.92 v gen_col[1].u_pe_col/gen_pe[0].u_pe/_7698_/X (sky130_fd_sc_hd__o21a_1)
   0.31   30.24 v gen_col[1].u_pe_col/gen_pe[0].u_pe/_7701_/X (sky130_fd_sc_hd__o311a_1)
   0.19   30.43 v gen_col[1].u_pe_col/gen_pe[0].u_pe/_7703_/X (sky130_fd_sc_hd__o21a_1)
   0.19   30.62 v gen_col[1].u_pe_col/gen_pe[0].u_pe/_7705_/X (sky130_fd_sc_hd__o21a_1)
   0.19   30.81 v gen_col[1].u_pe_col/gen_pe[0].u_pe/_7707_/X (sky130_fd_sc_hd__o21a_1)
   0.20   31.00 v gen_col[1].u_pe_col/gen_pe[0].u_pe/_7712_/X (sky130_fd_sc_hd__o21a_1)
   0.31   31.32 v gen_col[1].u_pe_col/gen_pe[0].u_pe/_7715_/X (sky130_fd_sc_hd__o311a_1)
   0.19   31.51 v gen_col[1].u_pe_col/gen_pe[0].u_pe/_7716_/X (sky130_fd_sc_hd__o21a_1)
   0.19   31.70 v gen_col[1].u_pe_col/gen_pe[0].u_pe/_7718_/X (sky130_fd_sc_hd__o21a_1)
   0.19   31.89 v gen_col[1].u_pe_col/gen_pe[0].u_pe/_7720_/X (sky130_fd_sc_hd__o21a_1)
   0.19   32.07 v gen_col[1].u_pe_col/gen_pe[0].u_pe/_7722_/X (sky130_fd_sc_hd__o21a_1)
   0.19   32.26 v gen_col[1].u_pe_col/gen_pe[0].u_pe/_7724_/X (sky130_fd_sc_hd__o21a_1)
   0.19   32.45 v gen_col[1].u_pe_col/gen_pe[0].u_pe/_7726_/X (sky130_fd_sc_hd__o21a_1)
   0.18   32.63 v gen_col[1].u_pe_col/gen_pe[0].u_pe/_7727_/X (sky130_fd_sc_hd__o21a_1)
   0.27   32.89 ^ gen_col[1].u_pe_col/gen_pe[0].u_pe/_7729_/Y (sky130_fd_sc_hd__o21ai_0)
   0.15   33.04 v gen_col[1].u_pe_col/gen_pe[0].u_pe/_7730_/Y (sky130_fd_sc_hd__a21oi_1)
   0.22   33.26 v gen_col[1].u_pe_col/gen_pe[0].u_pe/_7733_/X (sky130_fd_sc_hd__o21a_1)
   0.19   33.45 v gen_col[1].u_pe_col/gen_pe[0].u_pe/_7735_/X (sky130_fd_sc_hd__o21a_1)
   0.19   33.63 v gen_col[1].u_pe_col/gen_pe[0].u_pe/_7737_/X (sky130_fd_sc_hd__o21a_1)
   0.19   33.82 v gen_col[1].u_pe_col/gen_pe[0].u_pe/_7739_/X (sky130_fd_sc_hd__o21a_1)
   0.18   34.00 v gen_col[1].u_pe_col/gen_pe[0].u_pe/_7741_/X (sky130_fd_sc_hd__o21a_1)
   0.22   34.22 ^ gen_col[1].u_pe_col/gen_pe[0].u_pe/_7742_/Y (sky130_fd_sc_hd__o21ai_0)
   0.17   34.39 v gen_col[1].u_pe_col/gen_pe[0].u_pe/_7745_/Y (sky130_fd_sc_hd__a21boi_0)
   0.21   34.60 v gen_col[1].u_pe_col/gen_pe[0].u_pe/_7746_/X (sky130_fd_sc_hd__o21a_1)
   0.19   34.79 v gen_col[1].u_pe_col/gen_pe[0].u_pe/_7748_/X (sky130_fd_sc_hd__o21a_1)
   0.19   34.97 v gen_col[1].u_pe_col/gen_pe[0].u_pe/_7750_/X (sky130_fd_sc_hd__o21a_1)
   0.19   35.16 v gen_col[1].u_pe_col/gen_pe[0].u_pe/_7752_/X (sky130_fd_sc_hd__o21a_1)
   0.20   35.36 v gen_col[1].u_pe_col/gen_pe[0].u_pe/_7754_/X (sky130_fd_sc_hd__o21a_1)
   0.19   35.55 ^ gen_col[1].u_pe_col/gen_pe[0].u_pe/_7785_/Y (sky130_fd_sc_hd__o211ai_1)
   0.11   35.66 v gen_col[1].u_pe_col/gen_pe[0].u_pe/_7801_/Y (sky130_fd_sc_hd__a21oi_1)
   0.17   35.83 v gen_col[1].u_pe_col/gen_pe[0].u_pe/_8122_/X (sky130_fd_sc_hd__o21a_1)
   0.20   36.03 ^ gen_col[1].u_pe_col/gen_pe[0].u_pe/_8124_/Y (sky130_fd_sc_hd__o31ai_1)
   0.00   36.03 ^ gen_col[1].u_pe_col/gen_pe[0].u_pe/_8277_/D (sky130_fd_sc_hd__dfrtp_1)
          36.03   data arrival time

  20.00   20.00   clock clk (rise edge)
   0.00   20.00   clock network delay (ideal)
   0.00   20.00   clock reconvergence pessimism
          20.00 ^ gen_col[1].u_pe_col/gen_pe[0].u_pe/_8277_/CLK (sky130_fd_sc_hd__dfrtp_1)
  -0.13   19.87   library setup time
          19.87   data required time
---------------------------------------------------------
          19.87   data required time
         -36.03   data arrival time
---------------------------------------------------------
         -16.16   slack (VIOLATED)


Startpoint: gen_col[1].u_pe_col/gen_pe[0].u_pe/_8142_
            (rising edge-triggered flip-flop clocked by clk)
Endpoint: gen_col[2].u_pe_col/gen_pe[0].u_pe/_8277_
          (rising edge-triggered flip-flop clocked by clk)
Path Group: clk
Path Type: max

  Delay    Time   Description
---------------------------------------------------------
   0.00    0.00   clock clk (rise edge)
   0.00    0.00   clock network delay (ideal)
   0.00    0.00 ^ gen_col[1].u_pe_col/gen_pe[0].u_pe/_8142_/CLK (sky130_fd_sc_hd__dfrtp_1)
   0.45    0.45 v gen_col[1].u_pe_col/gen_pe[0].u_pe/_8142_/Q (sky130_fd_sc_hd__dfrtp_1)
   1.09    1.53 v gen_col[2].u_pe_col/gen_pe[0].u_pe/_5650_/X (sky130_fd_sc_hd__and3_1)
  10.88   12.41 ^ gen_col[2].u_pe_col/gen_pe[0].u_pe/_5652_/Y (sky130_fd_sc_hd__nor2_1)
   0.73   13.14 v gen_col[2].u_pe_col/gen_pe[0].u_pe/_7354_/Y (sky130_fd_sc_hd__xnor2_1)
   0.73   13.87 ^ gen_col[2].u_pe_col/gen_pe[0].u_pe/_7356_/X (sky130_fd_sc_hd__xor2_1)
   0.44   14.31 v gen_col[2].u_pe_col/gen_pe[0].u_pe/_7389_/X (sky130_fd_sc_hd__xnor3_1)
   0.17   14.49 ^ gen_col[2].u_pe_col/gen_pe[0].u_pe/_7393_/Y (sky130_fd_sc_hd__xnor2_1)
   0.21   14.70 ^ gen_col[2].u_pe_col/gen_pe[0].u_pe/_7420_/X (sky130_fd_sc_hd__xor2_1)
   0.22   14.92 ^ gen_col[2].u_pe_col/gen_pe[0].u_pe/_7443_/X (sky130_fd_sc_hd__xor2_1)
   0.09   15.01 v gen_col[2].u_pe_col/gen_pe[0].u_pe/_7505_/Y (sky130_fd_sc_hd__xnor2_1)
   0.12   15.12 ^ gen_col[2].u_pe_col/gen_pe[0].u_pe/_7506_/Y (sky130_fd_sc_hd__o21ai_0)
   0.18   15.31 ^ gen_col[2].u_pe_col/gen_pe[0].u_pe/_7508_/X (sky130_fd_sc_hd__a21o_1)
   0.14   15.45 ^ gen_col[2].u_pe_col/gen_pe[0].u_pe/_7510_/X (sky130_fd_sc_hd__a21o_1)
   0.13   15.58 ^ gen_col[2].u_pe_col/gen_pe[0].u_pe/_7512_/X (sky130_fd_sc_hd__a21o_1)
   0.08   15.67 v gen_col[2].u_pe_col/gen_pe[0].u_pe/_7514_/Y (sky130_fd_sc_hd__a21oi_1)
   0.24   15.91 ^ gen_col[2].u_pe_col/gen_pe[0].u_pe/_7516_/Y (sky130_fd_sc_hd__o21ai_0)
   0.13   16.03 v gen_col[2].u_pe_col/gen_pe[0].u_pe/_7518_/Y (sky130_fd_sc_hd__a21oi_1)
   0.25   16.28 ^ gen_col[2].u_pe_col/gen_pe[0].u_pe/_7519_/Y (sky130_fd_sc_hd__o21ai_0)
   0.18   16.46 ^ gen_col[2].u_pe_col/gen_pe[0].u_pe/_7521_/X (sky130_fd_sc_hd__a21o_1)
   0.16   16.62 ^ gen_col[2].u_pe_col/gen_pe[0].u_pe/_7523_/X (sky130_fd_sc_hd__a21o_1)
   0.10   16.72 v gen_col[2].u_pe_col/gen_pe[0].u_pe/_7534_/Y (sky130_fd_sc_hd__a221oi_1)
   0.26   16.98 ^ gen_col[2].u_pe_col/gen_pe[0].u_pe/_7537_/Y (sky130_fd_sc_hd__o21ai_0)
   0.14   17.11 v gen_col[2].u_pe_col/gen_pe[0].u_pe/_7539_/Y (sky130_fd_sc_hd__a21oi_1)
   0.20   17.31 v gen_col[2].u_pe_col/gen_pe[0].u_pe/_7541_/X (sky130_fd_sc_hd__o21a_1)
   0.19   17.50 v gen_col[2].u_pe_col/gen_pe[0].u_pe/_7542_/X (sky130_fd_sc_hd__o21a_1)
   0.19   17.69 v gen_col[2].u_pe_col/gen_pe[0].u_pe/_7544_/X (sky130_fd_sc_hd__o21a_1)
   0.19   17.88 v gen_col[2].u_pe_col/gen_pe[0].u_pe/_7546_/X (sky130_fd_sc_hd__o21a_1)
   0.19   18.06 v gen_col[2].u_pe_col/gen_pe[0].u_pe/_7548_/X (sky130_fd_sc_hd__o21a_1)
   0.19   18.25 v gen_col[2].u_pe_col/gen_pe[0].u_pe/_7549_/X (sky130_fd_sc_hd__o21a_1)
   0.20   18.45 v gen_col[2].u_pe_col/gen_pe[0].u_pe/_7551_/X (sky130_fd_sc_hd__o21a_1)
   0.11   18.56 ^ gen_col[2].u_pe_col/gen_pe[0].u_pe/_7552_/Y (sky130_fd_sc_hd__nor3_1)
   0.09   18.65 v gen_col[2].u_pe_col/gen_pe[0].u_pe/_7557_/Y (sky130_fd_sc_hd__a2111oi_0)
   0.31   18.96 v gen_col[2].u_pe_col/gen_pe[0].u_pe/_7560_/X (sky130_fd_sc_hd__o31a_1)
   0.24   19.20 ^ gen_col[2].u_pe_col/gen_pe[0].u_pe/_7562_/Y (sky130_fd_sc_hd__o21ai_0)
   0.14   19.34 v gen_col[2].u_pe_col/gen_pe[0].u_pe/_7564_/Y (sky130_fd_sc_hd__a21oi_1)
   0.20   19.54 v gen_col[2].u_pe_col/gen_pe[0].u_pe/_7566_/X (sky130_fd_sc_hd__o21a_1)
   0.19   19.73 v gen_col[2].u_pe_col/gen_pe[0].u_pe/_7568_/X (sky130_fd_sc_hd__o21a_1)
   0.19   19.92 v gen_col[2].u_pe_col/gen_pe[0].u_pe/_7570_/X (sky130_fd_sc_hd__o21a_1)
   0.19   20.11 v gen_col[2].u_pe_col/gen_pe[0].u_pe/_7572_/X (sky130_fd_sc_hd__o21a_1)
   0.19   20.29 v gen_col[2].u_pe_col/gen_pe[0].u_pe/_7573_/X (sky130_fd_sc_hd__o21a_1)
   0.19   20.48 v gen_col[2].u_pe_col/gen_pe[0].u_pe/_7575_/X (sky130_fd_sc_hd__o21a_1)
   0.19   20.67 v gen_col[2].u_pe_col/gen_pe[0].u_pe/_7577_/X (sky130_fd_sc_hd__o21a_1)
   0.19   20.85 v gen_col[2].u_pe_col/gen_pe[0].u_pe/_7579_/X (sky130_fd_sc_hd__o21a_1)
   0.19   21.04 v gen_col[2].u_pe_col/gen_pe[0].u_pe/_7581_/X (sky130_fd_sc_hd__o21a_1)
   0.19   21.23 v gen_col[2].u_pe_col/gen_pe[0].u_pe/_7583_/X (sky130_fd_sc_hd__o21a_1)
   0.18   21.41 v gen_col[2].u_pe_col/gen_pe[0].u_pe/_7584_/X (sky130_fd_sc_hd__o21a_1)
   0.27   21.67 ^ gen_col[2].u_pe_col/gen_pe[0].u_pe/_7586_/Y (sky130_fd_sc_hd__o21ai_0)
   0.15   21.82 v gen_col[2].u_pe_col/gen_pe[0].u_pe/_7587_/Y (sky130_fd_sc_hd__a21oi_1)
   0.22   22.04 v gen_col[2].u_pe_col/gen_pe[0].u_pe/_7590_/X (sky130_fd_sc_hd__o21a_1)
   0.19   22.23 v gen_col[2].u_pe_col/gen_pe[0].u_pe/_7592_/X (sky130_fd_sc_hd__o21a_1)
   0.19   22.42 v gen_col[2].u_pe_col/gen_pe[0].u_pe/_7594_/X (sky130_fd_sc_hd__o21a_1)
   0.19   22.60 v gen_col[2].u_pe_col/gen_pe[0].u_pe/_7596_/X (sky130_fd_sc_hd__o21a_1)
   0.19   22.79 v gen_col[2].u_pe_col/gen_pe[0].u_pe/_7598_/X (sky130_fd_sc_hd__o21a_1)
   0.19   22.98 v gen_col[2].u_pe_col/gen_pe[0].u_pe/_7599_/X (sky130_fd_sc_hd__o21a_1)
   0.18   23.16 v gen_col[2].u_pe_col/gen_pe[0].u_pe/_7601_/X (sky130_fd_sc_hd__o21a_1)
   0.31   23.47 v gen_col[2].u_pe_col/gen_pe[0].u_pe/_7604_/X (sky130_fd_sc_hd__o311a_1)
   0.30   23.77 v gen_col[2].u_pe_col/gen_pe[0].u_pe/_7611_/X (sky130_fd_sc_hd__a211o_1)
   0.10   23.87 ^ gen_col[2].u_pe_col/gen_pe[0].u_pe/_7612_/Y (sky130_fd_sc_hd__nand3_1)
   0.08   23.95 v gen_col[2].u_pe_col/gen_pe[0].u_pe/_7620_/Y (sky130_fd_sc_hd__a211oi_1)
   0.35   24.30 ^ gen_col[2].u_pe_col/gen_pe[0].u_pe/_7622_/Y (sky130_fd_sc_hd__o31ai_1)
   0.19   24.49 v gen_col[2].u_pe_col/gen_pe[0].u_pe/_7626_/Y (sky130_fd_sc_hd__a21boi_0)
   0.22   24.71 v gen_col[2].u_pe_col/gen_pe[0].u_pe/_7627_/X (sky130_fd_sc_hd__o21a_1)
   0.20   24.91 v gen_col[2].u_pe_col/gen_pe[0].u_pe/_7629_/X (sky130_fd_sc_hd__o21a_1)
   0.19   25.10 ^ gen_col[2].u_pe_col/gen_pe[0].u_pe/_7640_/Y (sky130_fd_sc_hd__o211ai_1)
   0.12   25.21 v gen_col[2].u_pe_col/gen_pe[0].u_pe/_7644_/Y (sky130_fd_sc_hd__a21oi_1)
   0.20   25.41 v gen_col[2].u_pe_col/gen_pe[0].u_pe/_7645_/X (sky130_fd_sc_hd__o21a_1)
   0.19   25.60 v gen_col[2].u_pe_col/gen_pe[0].u_pe/_7647_/X (sky130_fd_sc_hd__o21a_1)
   0.19   25.79 v gen_col[2].u_pe_col/gen_pe[0].u_pe/_7648_/X (sky130_fd_sc_hd__o21a_1)
   0.19   25.97 v gen_col[2].u_pe_col/gen_pe[0].u_pe/_7650_/X (sky130_fd_sc_hd__o21a_1)
   0.19   26.16 v gen_col[2].u_pe_col/gen_pe[0].u_pe/_7652_/X (sky130_fd_sc_hd__o21a_1)
   0.19   26.35 v gen_col[2].u_pe_col/gen_pe[0].u_pe/_7654_/X (sky130_fd_sc_hd__o21a_1)
   0.19   26.53 v gen_col[2].u_pe_col/gen_pe[0].u_pe/_7656_/X (sky130_fd_sc_hd__o21a_1)
   0.19   26.72 v gen_col[2].u_pe_col/gen_pe[0].u_pe/_7658_/X (sky130_fd_sc_hd__o21a_1)
   0.19   26.91 v gen_col[2].u_pe_col/gen_pe[0].u_pe/_7660_/X (sky130_fd_sc_hd__o21a_1)
   0.20   27.11 v gen_col[2].u_pe_col/gen_pe[0].u_pe/_7661_/X (sky130_fd_sc_hd__o21a_1)
   0.31   27.42 v gen_col[2].u_pe_col/gen_pe[0].u_pe/_7664_/X (sky130_fd_sc_hd__o311a_1)
   0.24   27.66 ^ gen_col[2].u_pe_col/gen_pe[0].u_pe/_7666_/Y (sky130_fd_sc_hd__o21ai_0)
   0.14   27.80 v gen_col[2].u_pe_col/gen_pe[0].u_pe/_7668_/Y (sky130_fd_sc_hd__a21oi_1)
   0.19   27.99 v gen_col[2].u_pe_col/gen_pe[0].u_pe/_7670_/X (sky130_fd_sc_hd__o21a_1)
   0.20   28.19 ^ gen_col[2].u_pe_col/gen_pe[0].u_pe/_7672_/Y (sky130_fd_sc_hd__o21ai_0)
   0.40   28.59 v gen_col[2].u_pe_col/gen_pe[0].u_pe/_7674_/X (sky130_fd_sc_hd__or3b_1)
   0.24   28.83 ^ gen_col[2].u_pe_col/gen_pe[0].u_pe/_7677_/Y (sky130_fd_sc_hd__a31oi_1)
   0.15   28.97 v gen_col[2].u_pe_col/gen_pe[0].u_pe/_7680_/Y (sky130_fd_sc_hd__o22ai_1)
   0.27   29.24 ^ gen_col[2].u_pe_col/gen_pe[0].u_pe/_7687_/Y (sky130_fd_sc_hd__a31oi_1)
   0.16   29.39 ^ gen_col[2].u_pe_col/gen_pe[0].u_pe/_7690_/X (sky130_fd_sc_hd__or3_1)
   0.11   29.50 v gen_col[2].u_pe_col/gen_pe[0].u_pe/_7693_/Y (sky130_fd_sc_hd__a21boi_0)
   0.21   29.71 v gen_col[2].u_pe_col/gen_pe[0].u_pe/_7694_/X (sky130_fd_sc_hd__o21a_1)
   0.21   29.92 v gen_col[2].u_pe_col/gen_pe[0].u_pe/_7698_/X (sky130_fd_sc_hd__o21a_1)
   0.31   30.24 v gen_col[2].u_pe_col/gen_pe[0].u_pe/_7701_/X (sky130_fd_sc_hd__o311a_1)
   0.19   30.43 v gen_col[2].u_pe_col/gen_pe[0].u_pe/_7703_/X (sky130_fd_sc_hd__o21a_1)
   0.19   30.62 v gen_col[2].u_pe_col/gen_pe[0].u_pe/_7705_/X (sky130_fd_sc_hd__o21a_1)
   0.19   30.81 v gen_col[2].u_pe_col/gen_pe[0].u_pe/_7707_/X (sky130_fd_sc_hd__o21a_1)
   0.20   31.00 v gen_col[2].u_pe_col/gen_pe[0].u_pe/_7712_/X (sky130_fd_sc_hd__o21a_1)
   0.31   31.32 v gen_col[2].u_pe_col/gen_pe[0].u_pe/_7715_/X (sky130_fd_sc_hd__o311a_1)
   0.19   31.51 v gen_col[2].u_pe_col/gen_pe[0].u_pe/_7716_/X (sky130_fd_sc_hd__o21a_1)
   0.19   31.70 v gen_col[2].u_pe_col/gen_pe[0].u_pe/_7718_/X (sky130_fd_sc_hd__o21a_1)
   0.19   31.89 v gen_col[2].u_pe_col/gen_pe[0].u_pe/_7720_/X (sky130_fd_sc_hd__o21a_1)
   0.19   32.07 v gen_col[2].u_pe_col/gen_pe[0].u_pe/_7722_/X (sky130_fd_sc_hd__o21a_1)
   0.19   32.26 v gen_col[2].u_pe_col/gen_pe[0].u_pe/_7724_/X (sky130_fd_sc_hd__o21a_1)
   0.19   32.45 v gen_col[2].u_pe_col/gen_pe[0].u_pe/_7726_/X (sky130_fd_sc_hd__o21a_1)
   0.18   32.63 v gen_col[2].u_pe_col/gen_pe[0].u_pe/_7727_/X (sky130_fd_sc_hd__o21a_1)
   0.27   32.89 ^ gen_col[2].u_pe_col/gen_pe[0].u_pe/_7729_/Y (sky130_fd_sc_hd__o21ai_0)
   0.15   33.04 v gen_col[2].u_pe_col/gen_pe[0].u_pe/_7730_/Y (sky130_fd_sc_hd__a21oi_1)
   0.22   33.26 v gen_col[2].u_pe_col/gen_pe[0].u_pe/_7733_/X (sky130_fd_sc_hd__o21a_1)
   0.19   33.45 v gen_col[2].u_pe_col/gen_pe[0].u_pe/_7735_/X (sky130_fd_sc_hd__o21a_1)
   0.19   33.63 v gen_col[2].u_pe_col/gen_pe[0].u_pe/_7737_/X (sky130_fd_sc_hd__o21a_1)
   0.19   33.82 v gen_col[2].u_pe_col/gen_pe[0].u_pe/_7739_/X (sky130_fd_sc_hd__o21a_1)
   0.18   34.00 v gen_col[2].u_pe_col/gen_pe[0].u_pe/_7741_/X (sky130_fd_sc_hd__o21a_1)
   0.22   34.22 ^ gen_col[2].u_pe_col/gen_pe[0].u_pe/_7742_/Y (sky130_fd_sc_hd__o21ai_0)
   0.17   34.39 v gen_col[2].u_pe_col/gen_pe[0].u_pe/_7745_/Y (sky130_fd_sc_hd__a21boi_0)
   0.21   34.60 v gen_col[2].u_pe_col/gen_pe[0].u_pe/_7746_/X (sky130_fd_sc_hd__o21a_1)
   0.19   34.79 v gen_col[2].u_pe_col/gen_pe[0].u_pe/_7748_/X (sky130_fd_sc_hd__o21a_1)
   0.19   34.97 v gen_col[2].u_pe_col/gen_pe[0].u_pe/_7750_/X (sky130_fd_sc_hd__o21a_1)
   0.19   35.16 v gen_col[2].u_pe_col/gen_pe[0].u_pe/_7752_/X (sky130_fd_sc_hd__o21a_1)
   0.20   35.36 v gen_col[2].u_pe_col/gen_pe[0].u_pe/_7754_/X (sky130_fd_sc_hd__o21a_1)
   0.19   35.55 ^ gen_col[2].u_pe_col/gen_pe[0].u_pe/_7785_/Y (sky130_fd_sc_hd__o211ai_1)
   0.11   35.66 v gen_col[2].u_pe_col/gen_pe[0].u_pe/_7801_/Y (sky130_fd_sc_hd__a21oi_1)
   0.17   35.83 v gen_col[2].u_pe_col/gen_pe[0].u_pe/_8122_/X (sky130_fd_sc_hd__o21a_1)
   0.20   36.03 ^ gen_col[2].u_pe_col/gen_pe[0].u_pe/_8124_/Y (sky130_fd_sc_hd__o31ai_1)
   0.00   36.03 ^ gen_col[2].u_pe_col/gen_pe[0].u_pe/_8277_/D (sky130_fd_sc_hd__dfrtp_1)
          36.03   data arrival time

  20.00   20.00   clock clk (rise edge)
   0.00   20.00   clock network delay (ideal)
   0.00   20.00   clock reconvergence pessimism
          20.00 ^ gen_col[2].u_pe_col/gen_pe[0].u_pe/_8277_/CLK (sky130_fd_sc_hd__dfrtp_1)
  -0.13   19.87   library setup time
          19.87   data required time
---------------------------------------------------------
          19.87   data required time
         -36.03   data arrival time
---------------------------------------------------------
         -16.16   slack (VIOLATED)


Startpoint: gen_col[2].u_pe_col/gen_pe[0].u_pe/_8142_
            (rising edge-triggered flip-flop clocked by clk)
Endpoint: gen_col[3].u_pe_col/gen_pe[0].u_pe/_8277_
          (rising edge-triggered flip-flop clocked by clk)
Path Group: clk
Path Type: max

  Delay    Time   Description
---------------------------------------------------------
   0.00    0.00   clock clk (rise edge)
   0.00    0.00   clock network delay (ideal)
   0.00    0.00 ^ gen_col[2].u_pe_col/gen_pe[0].u_pe/_8142_/CLK (sky130_fd_sc_hd__dfrtp_1)
   0.45    0.45 v gen_col[2].u_pe_col/gen_pe[0].u_pe/_8142_/Q (sky130_fd_sc_hd__dfrtp_1)
   1.09    1.53 v gen_col[3].u_pe_col/gen_pe[0].u_pe/_5650_/X (sky130_fd_sc_hd__and3_1)
  10.88   12.41 ^ gen_col[3].u_pe_col/gen_pe[0].u_pe/_5652_/Y (sky130_fd_sc_hd__nor2_1)
   0.73   13.14 v gen_col[3].u_pe_col/gen_pe[0].u_pe/_7354_/Y (sky130_fd_sc_hd__xnor2_1)
   0.73   13.87 ^ gen_col[3].u_pe_col/gen_pe[0].u_pe/_7356_/X (sky130_fd_sc_hd__xor2_1)
   0.44   14.31 v gen_col[3].u_pe_col/gen_pe[0].u_pe/_7389_/X (sky130_fd_sc_hd__xnor3_1)
   0.17   14.49 ^ gen_col[3].u_pe_col/gen_pe[0].u_pe/_7393_/Y (sky130_fd_sc_hd__xnor2_1)
   0.21   14.70 ^ gen_col[3].u_pe_col/gen_pe[0].u_pe/_7420_/X (sky130_fd_sc_hd__xor2_1)
   0.22   14.92 ^ gen_col[3].u_pe_col/gen_pe[0].u_pe/_7443_/X (sky130_fd_sc_hd__xor2_1)
   0.09   15.01 v gen_col[3].u_pe_col/gen_pe[0].u_pe/_7505_/Y (sky130_fd_sc_hd__xnor2_1)
   0.12   15.12 ^ gen_col[3].u_pe_col/gen_pe[0].u_pe/_7506_/Y (sky130_fd_sc_hd__o21ai_0)
   0.18   15.31 ^ gen_col[3].u_pe_col/gen_pe[0].u_pe/_7508_/X (sky130_fd_sc_hd__a21o_1)
   0.14   15.45 ^ gen_col[3].u_pe_col/gen_pe[0].u_pe/_7510_/X (sky130_fd_sc_hd__a21o_1)
   0.13   15.58 ^ gen_col[3].u_pe_col/gen_pe[0].u_pe/_7512_/X (sky130_fd_sc_hd__a21o_1)
   0.08   15.67 v gen_col[3].u_pe_col/gen_pe[0].u_pe/_7514_/Y (sky130_fd_sc_hd__a21oi_1)
   0.24   15.91 ^ gen_col[3].u_pe_col/gen_pe[0].u_pe/_7516_/Y (sky130_fd_sc_hd__o21ai_0)
   0.13   16.03 v gen_col[3].u_pe_col/gen_pe[0].u_pe/_7518_/Y (sky130_fd_sc_hd__a21oi_1)
   0.25   16.28 ^ gen_col[3].u_pe_col/gen_pe[0].u_pe/_7519_/Y (sky130_fd_sc_hd__o21ai_0)
   0.18   16.46 ^ gen_col[3].u_pe_col/gen_pe[0].u_pe/_7521_/X (sky130_fd_sc_hd__a21o_1)
   0.16   16.62 ^ gen_col[3].u_pe_col/gen_pe[0].u_pe/_7523_/X (sky130_fd_sc_hd__a21o_1)
   0.10   16.72 v gen_col[3].u_pe_col/gen_pe[0].u_pe/_7534_/Y (sky130_fd_sc_hd__a221oi_1)
   0.26   16.98 ^ gen_col[3].u_pe_col/gen_pe[0].u_pe/_7537_/Y (sky130_fd_sc_hd__o21ai_0)
   0.14   17.11 v gen_col[3].u_pe_col/gen_pe[0].u_pe/_7539_/Y (sky130_fd_sc_hd__a21oi_1)
   0.20   17.31 v gen_col[3].u_pe_col/gen_pe[0].u_pe/_7541_/X (sky130_fd_sc_hd__o21a_1)
   0.19   17.50 v gen_col[3].u_pe_col/gen_pe[0].u_pe/_7542_/X (sky130_fd_sc_hd__o21a_1)
   0.19   17.69 v gen_col[3].u_pe_col/gen_pe[0].u_pe/_7544_/X (sky130_fd_sc_hd__o21a_1)
   0.19   17.88 v gen_col[3].u_pe_col/gen_pe[0].u_pe/_7546_/X (sky130_fd_sc_hd__o21a_1)
   0.19   18.06 v gen_col[3].u_pe_col/gen_pe[0].u_pe/_7548_/X (sky130_fd_sc_hd__o21a_1)
   0.19   18.25 v gen_col[3].u_pe_col/gen_pe[0].u_pe/_7549_/X (sky130_fd_sc_hd__o21a_1)
   0.20   18.45 v gen_col[3].u_pe_col/gen_pe[0].u_pe/_7551_/X (sky130_fd_sc_hd__o21a_1)
   0.11   18.56 ^ gen_col[3].u_pe_col/gen_pe[0].u_pe/_7552_/Y (sky130_fd_sc_hd__nor3_1)
   0.09   18.65 v gen_col[3].u_pe_col/gen_pe[0].u_pe/_7557_/Y (sky130_fd_sc_hd__a2111oi_0)
   0.31   18.96 v gen_col[3].u_pe_col/gen_pe[0].u_pe/_7560_/X (sky130_fd_sc_hd__o31a_1)
   0.24   19.20 ^ gen_col[3].u_pe_col/gen_pe[0].u_pe/_7562_/Y (sky130_fd_sc_hd__o21ai_0)
   0.14   19.34 v gen_col[3].u_pe_col/gen_pe[0].u_pe/_7564_/Y (sky130_fd_sc_hd__a21oi_1)
   0.20   19.54 v gen_col[3].u_pe_col/gen_pe[0].u_pe/_7566_/X (sky130_fd_sc_hd__o21a_1)
   0.19   19.73 v gen_col[3].u_pe_col/gen_pe[0].u_pe/_7568_/X (sky130_fd_sc_hd__o21a_1)
   0.19   19.92 v gen_col[3].u_pe_col/gen_pe[0].u_pe/_7570_/X (sky130_fd_sc_hd__o21a_1)
   0.19   20.11 v gen_col[3].u_pe_col/gen_pe[0].u_pe/_7572_/X (sky130_fd_sc_hd__o21a_1)
   0.19   20.29 v gen_col[3].u_pe_col/gen_pe[0].u_pe/_7573_/X (sky130_fd_sc_hd__o21a_1)
   0.19   20.48 v gen_col[3].u_pe_col/gen_pe[0].u_pe/_7575_/X (sky130_fd_sc_hd__o21a_1)
   0.19   20.67 v gen_col[3].u_pe_col/gen_pe[0].u_pe/_7577_/X (sky130_fd_sc_hd__o21a_1)
   0.19   20.85 v gen_col[3].u_pe_col/gen_pe[0].u_pe/_7579_/X (sky130_fd_sc_hd__o21a_1)
   0.19   21.04 v gen_col[3].u_pe_col/gen_pe[0].u_pe/_7581_/X (sky130_fd_sc_hd__o21a_1)
   0.19   21.23 v gen_col[3].u_pe_col/gen_pe[0].u_pe/_7583_/X (sky130_fd_sc_hd__o21a_1)
   0.18   21.41 v gen_col[3].u_pe_col/gen_pe[0].u_pe/_7584_/X (sky130_fd_sc_hd__o21a_1)
   0.27   21.67 ^ gen_col[3].u_pe_col/gen_pe[0].u_pe/_7586_/Y (sky130_fd_sc_hd__o21ai_0)
   0.15   21.82 v gen_col[3].u_pe_col/gen_pe[0].u_pe/_7587_/Y (sky130_fd_sc_hd__a21oi_1)
   0.22   22.04 v gen_col[3].u_pe_col/gen_pe[0].u_pe/_7590_/X (sky130_fd_sc_hd__o21a_1)
   0.19   22.23 v gen_col[3].u_pe_col/gen_pe[0].u_pe/_7592_/X (sky130_fd_sc_hd__o21a_1)
   0.19   22.42 v gen_col[3].u_pe_col/gen_pe[0].u_pe/_7594_/X (sky130_fd_sc_hd__o21a_1)
   0.19   22.60 v gen_col[3].u_pe_col/gen_pe[0].u_pe/_7596_/X (sky130_fd_sc_hd__o21a_1)
   0.19   22.79 v gen_col[3].u_pe_col/gen_pe[0].u_pe/_7598_/X (sky130_fd_sc_hd__o21a_1)
   0.19   22.98 v gen_col[3].u_pe_col/gen_pe[0].u_pe/_7599_/X (sky130_fd_sc_hd__o21a_1)
   0.18   23.16 v gen_col[3].u_pe_col/gen_pe[0].u_pe/_7601_/X (sky130_fd_sc_hd__o21a_1)
   0.31   23.47 v gen_col[3].u_pe_col/gen_pe[0].u_pe/_7604_/X (sky130_fd_sc_hd__o311a_1)
   0.30   23.77 v gen_col[3].u_pe_col/gen_pe[0].u_pe/_7611_/X (sky130_fd_sc_hd__a211o_1)
   0.10   23.87 ^ gen_col[3].u_pe_col/gen_pe[0].u_pe/_7612_/Y (sky130_fd_sc_hd__nand3_1)
   0.08   23.95 v gen_col[3].u_pe_col/gen_pe[0].u_pe/_7620_/Y (sky130_fd_sc_hd__a211oi_1)
   0.35   24.30 ^ gen_col[3].u_pe_col/gen_pe[0].u_pe/_7622_/Y (sky130_fd_sc_hd__o31ai_1)
   0.19   24.49 v gen_col[3].u_pe_col/gen_pe[0].u_pe/_7626_/Y (sky130_fd_sc_hd__a21boi_0)
   0.22   24.71 v gen_col[3].u_pe_col/gen_pe[0].u_pe/_7627_/X (sky130_fd_sc_hd__o21a_1)
   0.20   24.91 v gen_col[3].u_pe_col/gen_pe[0].u_pe/_7629_/X (sky130_fd_sc_hd__o21a_1)
   0.19   25.10 ^ gen_col[3].u_pe_col/gen_pe[0].u_pe/_7640_/Y (sky130_fd_sc_hd__o211ai_1)
   0.12   25.21 v gen_col[3].u_pe_col/gen_pe[0].u_pe/_7644_/Y (sky130_fd_sc_hd__a21oi_1)
   0.20   25.41 v gen_col[3].u_pe_col/gen_pe[0].u_pe/_7645_/X (sky130_fd_sc_hd__o21a_1)
   0.19   25.60 v gen_col[3].u_pe_col/gen_pe[0].u_pe/_7647_/X (sky130_fd_sc_hd__o21a_1)
   0.19   25.79 v gen_col[3].u_pe_col/gen_pe[0].u_pe/_7648_/X (sky130_fd_sc_hd__o21a_1)
   0.19   25.97 v gen_col[3].u_pe_col/gen_pe[0].u_pe/_7650_/X (sky130_fd_sc_hd__o21a_1)
   0.19   26.16 v gen_col[3].u_pe_col/gen_pe[0].u_pe/_7652_/X (sky130_fd_sc_hd__o21a_1)
   0.19   26.35 v gen_col[3].u_pe_col/gen_pe[0].u_pe/_7654_/X (sky130_fd_sc_hd__o21a_1)
   0.19   26.53 v gen_col[3].u_pe_col/gen_pe[0].u_pe/_7656_/X (sky130_fd_sc_hd__o21a_1)
   0.19   26.72 v gen_col[3].u_pe_col/gen_pe[0].u_pe/_7658_/X (sky130_fd_sc_hd__o21a_1)
   0.19   26.91 v gen_col[3].u_pe_col/gen_pe[0].u_pe/_7660_/X (sky130_fd_sc_hd__o21a_1)
   0.20   27.11 v gen_col[3].u_pe_col/gen_pe[0].u_pe/_7661_/X (sky130_fd_sc_hd__o21a_1)
   0.31   27.42 v gen_col[3].u_pe_col/gen_pe[0].u_pe/_7664_/X (sky130_fd_sc_hd__o311a_1)
   0.24   27.66 ^ gen_col[3].u_pe_col/gen_pe[0].u_pe/_7666_/Y (sky130_fd_sc_hd__o21ai_0)
   0.14   27.80 v gen_col[3].u_pe_col/gen_pe[0].u_pe/_7668_/Y (sky130_fd_sc_hd__a21oi_1)
   0.19   27.99 v gen_col[3].u_pe_col/gen_pe[0].u_pe/_7670_/X (sky130_fd_sc_hd__o21a_1)
   0.20   28.19 ^ gen_col[3].u_pe_col/gen_pe[0].u_pe/_7672_/Y (sky130_fd_sc_hd__o21ai_0)
   0.40   28.59 v gen_col[3].u_pe_col/gen_pe[0].u_pe/_7674_/X (sky130_fd_sc_hd__or3b_1)
   0.24   28.83 ^ gen_col[3].u_pe_col/gen_pe[0].u_pe/_7677_/Y (sky130_fd_sc_hd__a31oi_1)
   0.15   28.97 v gen_col[3].u_pe_col/gen_pe[0].u_pe/_7680_/Y (sky130_fd_sc_hd__o22ai_1)
   0.27   29.24 ^ gen_col[3].u_pe_col/gen_pe[0].u_pe/_7687_/Y (sky130_fd_sc_hd__a31oi_1)
   0.16   29.39 ^ gen_col[3].u_pe_col/gen_pe[0].u_pe/_7690_/X (sky130_fd_sc_hd__or3_1)
   0.11   29.50 v gen_col[3].u_pe_col/gen_pe[0].u_pe/_7693_/Y (sky130_fd_sc_hd__a21boi_0)
   0.21   29.71 v gen_col[3].u_pe_col/gen_pe[0].u_pe/_7694_/X (sky130_fd_sc_hd__o21a_1)
   0.21   29.92 v gen_col[3].u_pe_col/gen_pe[0].u_pe/_7698_/X (sky130_fd_sc_hd__o21a_1)
   0.31   30.24 v gen_col[3].u_pe_col/gen_pe[0].u_pe/_7701_/X (sky130_fd_sc_hd__o311a_1)
   0.19   30.43 v gen_col[3].u_pe_col/gen_pe[0].u_pe/_7703_/X (sky130_fd_sc_hd__o21a_1)
   0.19   30.62 v gen_col[3].u_pe_col/gen_pe[0].u_pe/_7705_/X (sky130_fd_sc_hd__o21a_1)
   0.19   30.81 v gen_col[3].u_pe_col/gen_pe[0].u_pe/_7707_/X (sky130_fd_sc_hd__o21a_1)
   0.20   31.00 v gen_col[3].u_pe_col/gen_pe[0].u_pe/_7712_/X (sky130_fd_sc_hd__o21a_1)
   0.31   31.32 v gen_col[3].u_pe_col/gen_pe[0].u_pe/_7715_/X (sky130_fd_sc_hd__o311a_1)
   0.19   31.51 v gen_col[3].u_pe_col/gen_pe[0].u_pe/_7716_/X (sky130_fd_sc_hd__o21a_1)
   0.19   31.70 v gen_col[3].u_pe_col/gen_pe[0].u_pe/_7718_/X (sky130_fd_sc_hd__o21a_1)
   0.19   31.89 v gen_col[3].u_pe_col/gen_pe[0].u_pe/_7720_/X (sky130_fd_sc_hd__o21a_1)
   0.19   32.07 v gen_col[3].u_pe_col/gen_pe[0].u_pe/_7722_/X (sky130_fd_sc_hd__o21a_1)
   0.19   32.26 v gen_col[3].u_pe_col/gen_pe[0].u_pe/_7724_/X (sky130_fd_sc_hd__o21a_1)
   0.19   32.45 v gen_col[3].u_pe_col/gen_pe[0].u_pe/_7726_/X (sky130_fd_sc_hd__o21a_1)
   0.18   32.63 v gen_col[3].u_pe_col/gen_pe[0].u_pe/_7727_/X (sky130_fd_sc_hd__o21a_1)
   0.27   32.89 ^ gen_col[3].u_pe_col/gen_pe[0].u_pe/_7729_/Y (sky130_fd_sc_hd__o21ai_0)
   0.15   33.04 v gen_col[3].u_pe_col/gen_pe[0].u_pe/_7730_/Y (sky130_fd_sc_hd__a21oi_1)
   0.22   33.26 v gen_col[3].u_pe_col/gen_pe[0].u_pe/_7733_/X (sky130_fd_sc_hd__o21a_1)
   0.19   33.45 v gen_col[3].u_pe_col/gen_pe[0].u_pe/_7735_/X (sky130_fd_sc_hd__o21a_1)
   0.19   33.63 v gen_col[3].u_pe_col/gen_pe[0].u_pe/_7737_/X (sky130_fd_sc_hd__o21a_1)
   0.19   33.82 v gen_col[3].u_pe_col/gen_pe[0].u_pe/_7739_/X (sky130_fd_sc_hd__o21a_1)
   0.18   34.00 v gen_col[3].u_pe_col/gen_pe[0].u_pe/_7741_/X (sky130_fd_sc_hd__o21a_1)
   0.22   34.22 ^ gen_col[3].u_pe_col/gen_pe[0].u_pe/_7742_/Y (sky130_fd_sc_hd__o21ai_0)
   0.17   34.39 v gen_col[3].u_pe_col/gen_pe[0].u_pe/_7745_/Y (sky130_fd_sc_hd__a21boi_0)
   0.21   34.60 v gen_col[3].u_pe_col/gen_pe[0].u_pe/_7746_/X (sky130_fd_sc_hd__o21a_1)
   0.19   34.79 v gen_col[3].u_pe_col/gen_pe[0].u_pe/_7748_/X (sky130_fd_sc_hd__o21a_1)
   0.19   34.97 v gen_col[3].u_pe_col/gen_pe[0].u_pe/_7750_/X (sky130_fd_sc_hd__o21a_1)
   0.19   35.16 v gen_col[3].u_pe_col/gen_pe[0].u_pe/_7752_/X (sky130_fd_sc_hd__o21a_1)
   0.20   35.36 v gen_col[3].u_pe_col/gen_pe[0].u_pe/_7754_/X (sky130_fd_sc_hd__o21a_1)
   0.19   35.55 ^ gen_col[3].u_pe_col/gen_pe[0].u_pe/_7785_/Y (sky130_fd_sc_hd__o211ai_1)
   0.11   35.66 v gen_col[3].u_pe_col/gen_pe[0].u_pe/_7801_/Y (sky130_fd_sc_hd__a21oi_1)
   0.17   35.83 v gen_col[3].u_pe_col/gen_pe[0].u_pe/_8122_/X (sky130_fd_sc_hd__o21a_1)
   0.20   36.03 ^ gen_col[3].u_pe_col/gen_pe[0].u_pe/_8124_/Y (sky130_fd_sc_hd__o31ai_1)
   0.00   36.03 ^ gen_col[3].u_pe_col/gen_pe[0].u_pe/_8277_/D (sky130_fd_sc_hd__dfrtp_1)
          36.03   data arrival time

  20.00   20.00   clock clk (rise edge)
   0.00   20.00   clock network delay (ideal)
   0.00   20.00   clock reconvergence pessimism
          20.00 ^ gen_col[3].u_pe_col/gen_pe[0].u_pe/_8277_/CLK (sky130_fd_sc_hd__dfrtp_1)
  -0.13   19.87   library setup time
          19.87   data required time
---------------------------------------------------------
          19.87   data required time
         -36.03   data arrival time
---------------------------------------------------------
         -16.16   slack (VIOLATED)


Startpoint: gen_col[0].u_pe_col/gen_pe[1].u_pe/_8142_
            (rising edge-triggered flip-flop clocked by clk)
Endpoint: gen_col[1].u_pe_col/gen_pe[1].u_pe/_8277_
          (rising edge-triggered flip-flop clocked by clk)
Path Group: clk
Path Type: max

  Delay    Time   Description
---------------------------------------------------------
   0.00    0.00   clock clk (rise edge)
   0.00    0.00   clock network delay (ideal)
   0.00    0.00 ^ gen_col[0].u_pe_col/gen_pe[1].u_pe/_8142_/CLK (sky130_fd_sc_hd__dfrtp_1)
   0.45    0.45 v gen_col[0].u_pe_col/gen_pe[1].u_pe/_8142_/Q (sky130_fd_sc_hd__dfrtp_1)
   1.09    1.53 v gen_col[1].u_pe_col/gen_pe[1].u_pe/_5650_/X (sky130_fd_sc_hd__and3_1)
  10.88   12.41 ^ gen_col[1].u_pe_col/gen_pe[1].u_pe/_5652_/Y (sky130_fd_sc_hd__nor2_1)
   0.73   13.14 v gen_col[1].u_pe_col/gen_pe[1].u_pe/_7354_/Y (sky130_fd_sc_hd__xnor2_1)
   0.73   13.87 ^ gen_col[1].u_pe_col/gen_pe[1].u_pe/_7356_/X (sky130_fd_sc_hd__xor2_1)
   0.44   14.31 v gen_col[1].u_pe_col/gen_pe[1].u_pe/_7389_/X (sky130_fd_sc_hd__xnor3_1)
   0.17   14.49 ^ gen_col[1].u_pe_col/gen_pe[1].u_pe/_7393_/Y (sky130_fd_sc_hd__xnor2_1)
   0.21   14.70 ^ gen_col[1].u_pe_col/gen_pe[1].u_pe/_7420_/X (sky130_fd_sc_hd__xor2_1)
   0.22   14.92 ^ gen_col[1].u_pe_col/gen_pe[1].u_pe/_7443_/X (sky130_fd_sc_hd__xor2_1)
   0.09   15.01 v gen_col[1].u_pe_col/gen_pe[1].u_pe/_7505_/Y (sky130_fd_sc_hd__xnor2_1)
   0.12   15.12 ^ gen_col[1].u_pe_col/gen_pe[1].u_pe/_7506_/Y (sky130_fd_sc_hd__o21ai_0)
   0.18   15.31 ^ gen_col[1].u_pe_col/gen_pe[1].u_pe/_7508_/X (sky130_fd_sc_hd__a21o_1)
   0.14   15.45 ^ gen_col[1].u_pe_col/gen_pe[1].u_pe/_7510_/X (sky130_fd_sc_hd__a21o_1)
   0.13   15.58 ^ gen_col[1].u_pe_col/gen_pe[1].u_pe/_7512_/X (sky130_fd_sc_hd__a21o_1)
   0.08   15.67 v gen_col[1].u_pe_col/gen_pe[1].u_pe/_7514_/Y (sky130_fd_sc_hd__a21oi_1)
   0.24   15.91 ^ gen_col[1].u_pe_col/gen_pe[1].u_pe/_7516_/Y (sky130_fd_sc_hd__o21ai_0)
   0.13   16.03 v gen_col[1].u_pe_col/gen_pe[1].u_pe/_7518_/Y (sky130_fd_sc_hd__a21oi_1)
   0.25   16.28 ^ gen_col[1].u_pe_col/gen_pe[1].u_pe/_7519_/Y (sky130_fd_sc_hd__o21ai_0)
   0.18   16.46 ^ gen_col[1].u_pe_col/gen_pe[1].u_pe/_7521_/X (sky130_fd_sc_hd__a21o_1)
   0.16   16.62 ^ gen_col[1].u_pe_col/gen_pe[1].u_pe/_7523_/X (sky130_fd_sc_hd__a21o_1)
   0.10   16.72 v gen_col[1].u_pe_col/gen_pe[1].u_pe/_7534_/Y (sky130_fd_sc_hd__a221oi_1)
   0.26   16.98 ^ gen_col[1].u_pe_col/gen_pe[1].u_pe/_7537_/Y (sky130_fd_sc_hd__o21ai_0)
   0.14   17.11 v gen_col[1].u_pe_col/gen_pe[1].u_pe/_7539_/Y (sky130_fd_sc_hd__a21oi_1)
   0.20   17.31 v gen_col[1].u_pe_col/gen_pe[1].u_pe/_7541_/X (sky130_fd_sc_hd__o21a_1)
   0.19   17.50 v gen_col[1].u_pe_col/gen_pe[1].u_pe/_7542_/X (sky130_fd_sc_hd__o21a_1)
   0.19   17.69 v gen_col[1].u_pe_col/gen_pe[1].u_pe/_7544_/X (sky130_fd_sc_hd__o21a_1)
   0.19   17.88 v gen_col[1].u_pe_col/gen_pe[1].u_pe/_7546_/X (sky130_fd_sc_hd__o21a_1)
   0.19   18.06 v gen_col[1].u_pe_col/gen_pe[1].u_pe/_7548_/X (sky130_fd_sc_hd__o21a_1)
   0.19   18.25 v gen_col[1].u_pe_col/gen_pe[1].u_pe/_7549_/X (sky130_fd_sc_hd__o21a_1)
   0.20   18.45 v gen_col[1].u_pe_col/gen_pe[1].u_pe/_7551_/X (sky130_fd_sc_hd__o21a_1)
   0.11   18.56 ^ gen_col[1].u_pe_col/gen_pe[1].u_pe/_7552_/Y (sky130_fd_sc_hd__nor3_1)
   0.09   18.65 v gen_col[1].u_pe_col/gen_pe[1].u_pe/_7557_/Y (sky130_fd_sc_hd__a2111oi_0)
   0.31   18.96 v gen_col[1].u_pe_col/gen_pe[1].u_pe/_7560_/X (sky130_fd_sc_hd__o31a_1)
   0.24   19.20 ^ gen_col[1].u_pe_col/gen_pe[1].u_pe/_7562_/Y (sky130_fd_sc_hd__o21ai_0)
   0.14   19.34 v gen_col[1].u_pe_col/gen_pe[1].u_pe/_7564_/Y (sky130_fd_sc_hd__a21oi_1)
   0.20   19.54 v gen_col[1].u_pe_col/gen_pe[1].u_pe/_7566_/X (sky130_fd_sc_hd__o21a_1)
   0.19   19.73 v gen_col[1].u_pe_col/gen_pe[1].u_pe/_7568_/X (sky130_fd_sc_hd__o21a_1)
   0.19   19.92 v gen_col[1].u_pe_col/gen_pe[1].u_pe/_7570_/X (sky130_fd_sc_hd__o21a_1)
   0.19   20.11 v gen_col[1].u_pe_col/gen_pe[1].u_pe/_7572_/X (sky130_fd_sc_hd__o21a_1)
   0.19   20.29 v gen_col[1].u_pe_col/gen_pe[1].u_pe/_7573_/X (sky130_fd_sc_hd__o21a_1)
   0.19   20.48 v gen_col[1].u_pe_col/gen_pe[1].u_pe/_7575_/X (sky130_fd_sc_hd__o21a_1)
   0.19   20.67 v gen_col[1].u_pe_col/gen_pe[1].u_pe/_7577_/X (sky130_fd_sc_hd__o21a_1)
   0.19   20.85 v gen_col[1].u_pe_col/gen_pe[1].u_pe/_7579_/X (sky130_fd_sc_hd__o21a_1)
   0.19   21.04 v gen_col[1].u_pe_col/gen_pe[1].u_pe/_7581_/X (sky130_fd_sc_hd__o21a_1)
   0.19   21.23 v gen_col[1].u_pe_col/gen_pe[1].u_pe/_7583_/X (sky130_fd_sc_hd__o21a_1)
   0.18   21.41 v gen_col[1].u_pe_col/gen_pe[1].u_pe/_7584_/X (sky130_fd_sc_hd__o21a_1)
   0.27   21.67 ^ gen_col[1].u_pe_col/gen_pe[1].u_pe/_7586_/Y (sky130_fd_sc_hd__o21ai_0)
   0.15   21.82 v gen_col[1].u_pe_col/gen_pe[1].u_pe/_7587_/Y (sky130_fd_sc_hd__a21oi_1)
   0.22   22.04 v gen_col[1].u_pe_col/gen_pe[1].u_pe/_7590_/X (sky130_fd_sc_hd__o21a_1)
   0.19   22.23 v gen_col[1].u_pe_col/gen_pe[1].u_pe/_7592_/X (sky130_fd_sc_hd__o21a_1)
   0.19   22.42 v gen_col[1].u_pe_col/gen_pe[1].u_pe/_7594_/X (sky130_fd_sc_hd__o21a_1)
   0.19   22.60 v gen_col[1].u_pe_col/gen_pe[1].u_pe/_7596_/X (sky130_fd_sc_hd__o21a_1)
   0.19   22.79 v gen_col[1].u_pe_col/gen_pe[1].u_pe/_7598_/X (sky130_fd_sc_hd__o21a_1)
   0.19   22.98 v gen_col[1].u_pe_col/gen_pe[1].u_pe/_7599_/X (sky130_fd_sc_hd__o21a_1)
   0.18   23.16 v gen_col[1].u_pe_col/gen_pe[1].u_pe/_7601_/X (sky130_fd_sc_hd__o21a_1)
   0.31   23.47 v gen_col[1].u_pe_col/gen_pe[1].u_pe/_7604_/X (sky130_fd_sc_hd__o311a_1)
   0.30   23.77 v gen_col[1].u_pe_col/gen_pe[1].u_pe/_7611_/X (sky130_fd_sc_hd__a211o_1)
   0.10   23.87 ^ gen_col[1].u_pe_col/gen_pe[1].u_pe/_7612_/Y (sky130_fd_sc_hd__nand3_1)
   0.08   23.95 v gen_col[1].u_pe_col/gen_pe[1].u_pe/_7620_/Y (sky130_fd_sc_hd__a211oi_1)
   0.35   24.30 ^ gen_col[1].u_pe_col/gen_pe[1].u_pe/_7622_/Y (sky130_fd_sc_hd__o31ai_1)
   0.19   24.49 v gen_col[1].u_pe_col/gen_pe[1].u_pe/_7626_/Y (sky130_fd_sc_hd__a21boi_0)
   0.22   24.71 v gen_col[1].u_pe_col/gen_pe[1].u_pe/_7627_/X (sky130_fd_sc_hd__o21a_1)
   0.20   24.91 v gen_col[1].u_pe_col/gen_pe[1].u_pe/_7629_/X (sky130_fd_sc_hd__o21a_1)
   0.19   25.10 ^ gen_col[1].u_pe_col/gen_pe[1].u_pe/_7640_/Y (sky130_fd_sc_hd__o211ai_1)
   0.12   25.21 v gen_col[1].u_pe_col/gen_pe[1].u_pe/_7644_/Y (sky130_fd_sc_hd__a21oi_1)
   0.20   25.41 v gen_col[1].u_pe_col/gen_pe[1].u_pe/_7645_/X (sky130_fd_sc_hd__o21a_1)
   0.19   25.60 v gen_col[1].u_pe_col/gen_pe[1].u_pe/_7647_/X (sky130_fd_sc_hd__o21a_1)
   0.19   25.79 v gen_col[1].u_pe_col/gen_pe[1].u_pe/_7648_/X (sky130_fd_sc_hd__o21a_1)
   0.19   25.97 v gen_col[1].u_pe_col/gen_pe[1].u_pe/_7650_/X (sky130_fd_sc_hd__o21a_1)
   0.19   26.16 v gen_col[1].u_pe_col/gen_pe[1].u_pe/_7652_/X (sky130_fd_sc_hd__o21a_1)
   0.19   26.35 v gen_col[1].u_pe_col/gen_pe[1].u_pe/_7654_/X (sky130_fd_sc_hd__o21a_1)
   0.19   26.53 v gen_col[1].u_pe_col/gen_pe[1].u_pe/_7656_/X (sky130_fd_sc_hd__o21a_1)
   0.19   26.72 v gen_col[1].u_pe_col/gen_pe[1].u_pe/_7658_/X (sky130_fd_sc_hd__o21a_1)
   0.19   26.91 v gen_col[1].u_pe_col/gen_pe[1].u_pe/_7660_/X (sky130_fd_sc_hd__o21a_1)
   0.20   27.11 v gen_col[1].u_pe_col/gen_pe[1].u_pe/_7661_/X (sky130_fd_sc_hd__o21a_1)
   0.31   27.42 v gen_col[1].u_pe_col/gen_pe[1].u_pe/_7664_/X (sky130_fd_sc_hd__o311a_1)
   0.24   27.66 ^ gen_col[1].u_pe_col/gen_pe[1].u_pe/_7666_/Y (sky130_fd_sc_hd__o21ai_0)
   0.14   27.80 v gen_col[1].u_pe_col/gen_pe[1].u_pe/_7668_/Y (sky130_fd_sc_hd__a21oi_1)
   0.19   27.99 v gen_col[1].u_pe_col/gen_pe[1].u_pe/_7670_/X (sky130_fd_sc_hd__o21a_1)
   0.20   28.19 ^ gen_col[1].u_pe_col/gen_pe[1].u_pe/_7672_/Y (sky130_fd_sc_hd__o21ai_0)
   0.40   28.59 v gen_col[1].u_pe_col/gen_pe[1].u_pe/_7674_/X (sky130_fd_sc_hd__or3b_1)
   0.24   28.83 ^ gen_col[1].u_pe_col/gen_pe[1].u_pe/_7677_/Y (sky130_fd_sc_hd__a31oi_1)
   0.15   28.97 v gen_col[1].u_pe_col/gen_pe[1].u_pe/_7680_/Y (sky130_fd_sc_hd__o22ai_1)
   0.27   29.24 ^ gen_col[1].u_pe_col/gen_pe[1].u_pe/_7687_/Y (sky130_fd_sc_hd__a31oi_1)
   0.16   29.39 ^ gen_col[1].u_pe_col/gen_pe[1].u_pe/_7690_/X (sky130_fd_sc_hd__or3_1)
   0.11   29.50 v gen_col[1].u_pe_col/gen_pe[1].u_pe/_7693_/Y (sky130_fd_sc_hd__a21boi_0)
   0.21   29.71 v gen_col[1].u_pe_col/gen_pe[1].u_pe/_7694_/X (sky130_fd_sc_hd__o21a_1)
   0.21   29.92 v gen_col[1].u_pe_col/gen_pe[1].u_pe/_7698_/X (sky130_fd_sc_hd__o21a_1)
   0.31   30.24 v gen_col[1].u_pe_col/gen_pe[1].u_pe/_7701_/X (sky130_fd_sc_hd__o311a_1)
   0.19   30.43 v gen_col[1].u_pe_col/gen_pe[1].u_pe/_7703_/X (sky130_fd_sc_hd__o21a_1)
   0.19   30.62 v gen_col[1].u_pe_col/gen_pe[1].u_pe/_7705_/X (sky130_fd_sc_hd__o21a_1)
   0.19   30.81 v gen_col[1].u_pe_col/gen_pe[1].u_pe/_7707_/X (sky130_fd_sc_hd__o21a_1)
   0.20   31.00 v gen_col[1].u_pe_col/gen_pe[1].u_pe/_7712_/X (sky130_fd_sc_hd__o21a_1)
   0.31   31.32 v gen_col[1].u_pe_col/gen_pe[1].u_pe/_7715_/X (sky130_fd_sc_hd__o311a_1)
   0.19   31.51 v gen_col[1].u_pe_col/gen_pe[1].u_pe/_7716_/X (sky130_fd_sc_hd__o21a_1)
   0.19   31.70 v gen_col[1].u_pe_col/gen_pe[1].u_pe/_7718_/X (sky130_fd_sc_hd__o21a_1)
   0.19   31.89 v gen_col[1].u_pe_col/gen_pe[1].u_pe/_7720_/X (sky130_fd_sc_hd__o21a_1)
   0.19   32.07 v gen_col[1].u_pe_col/gen_pe[1].u_pe/_7722_/X (sky130_fd_sc_hd__o21a_1)
   0.19   32.26 v gen_col[1].u_pe_col/gen_pe[1].u_pe/_7724_/X (sky130_fd_sc_hd__o21a_1)
   0.19   32.45 v gen_col[1].u_pe_col/gen_pe[1].u_pe/_7726_/X (sky130_fd_sc_hd__o21a_1)
   0.18   32.63 v gen_col[1].u_pe_col/gen_pe[1].u_pe/_7727_/X (sky130_fd_sc_hd__o21a_1)
   0.27   32.89 ^ gen_col[1].u_pe_col/gen_pe[1].u_pe/_7729_/Y (sky130_fd_sc_hd__o21ai_0)
   0.15   33.04 v gen_col[1].u_pe_col/gen_pe[1].u_pe/_7730_/Y (sky130_fd_sc_hd__a21oi_1)
   0.22   33.26 v gen_col[1].u_pe_col/gen_pe[1].u_pe/_7733_/X (sky130_fd_sc_hd__o21a_1)
   0.19   33.45 v gen_col[1].u_pe_col/gen_pe[1].u_pe/_7735_/X (sky130_fd_sc_hd__o21a_1)
   0.19   33.63 v gen_col[1].u_pe_col/gen_pe[1].u_pe/_7737_/X (sky130_fd_sc_hd__o21a_1)
   0.19   33.82 v gen_col[1].u_pe_col/gen_pe[1].u_pe/_7739_/X (sky130_fd_sc_hd__o21a_1)
   0.18   34.00 v gen_col[1].u_pe_col/gen_pe[1].u_pe/_7741_/X (sky130_fd_sc_hd__o21a_1)
   0.22   34.22 ^ gen_col[1].u_pe_col/gen_pe[1].u_pe/_7742_/Y (sky130_fd_sc_hd__o21ai_0)
   0.17   34.39 v gen_col[1].u_pe_col/gen_pe[1].u_pe/_7745_/Y (sky130_fd_sc_hd__a21boi_0)
   0.21   34.60 v gen_col[1].u_pe_col/gen_pe[1].u_pe/_7746_/X (sky130_fd_sc_hd__o21a_1)
   0.19   34.79 v gen_col[1].u_pe_col/gen_pe[1].u_pe/_7748_/X (sky130_fd_sc_hd__o21a_1)
   0.19   34.97 v gen_col[1].u_pe_col/gen_pe[1].u_pe/_7750_/X (sky130_fd_sc_hd__o21a_1)
   0.19   35.16 v gen_col[1].u_pe_col/gen_pe[1].u_pe/_7752_/X (sky130_fd_sc_hd__o21a_1)
   0.20   35.36 v gen_col[1].u_pe_col/gen_pe[1].u_pe/_7754_/X (sky130_fd_sc_hd__o21a_1)
   0.19   35.55 ^ gen_col[1].u_pe_col/gen_pe[1].u_pe/_7785_/Y (sky130_fd_sc_hd__o211ai_1)
   0.11   35.66 v gen_col[1].u_pe_col/gen_pe[1].u_pe/_7801_/Y (sky130_fd_sc_hd__a21oi_1)
   0.17   35.83 v gen_col[1].u_pe_col/gen_pe[1].u_pe/_8122_/X (sky130_fd_sc_hd__o21a_1)
   0.20   36.03 ^ gen_col[1].u_pe_col/gen_pe[1].u_pe/_8124_/Y (sky130_fd_sc_hd__o31ai_1)
   0.00   36.03 ^ gen_col[1].u_pe_col/gen_pe[1].u_pe/_8277_/D (sky130_fd_sc_hd__dfrtp_1)
          36.03   data arrival time

  20.00   20.00   clock clk (rise edge)
   0.00   20.00   clock network delay (ideal)
   0.00   20.00   clock reconvergence pessimism
          20.00 ^ gen_col[1].u_pe_col/gen_pe[1].u_pe/_8277_/CLK (sky130_fd_sc_hd__dfrtp_1)
  -0.13   19.87   library setup time
          19.87   data required time
---------------------------------------------------------
          19.87   data required time
         -36.03   data arrival time
---------------------------------------------------------
         -16.16   slack (VIOLATED)


Startpoint: gen_col[0].u_pe_col/gen_pe[2].u_pe/_8142_
            (rising edge-triggered flip-flop clocked by clk)
Endpoint: gen_col[1].u_pe_col/gen_pe[2].u_pe/_8277_
          (rising edge-triggered flip-flop clocked by clk)
Path Group: clk
Path Type: max

  Delay    Time   Description
---------------------------------------------------------
   0.00    0.00   clock clk (rise edge)
   0.00    0.00   clock network delay (ideal)
   0.00    0.00 ^ gen_col[0].u_pe_col/gen_pe[2].u_pe/_8142_/CLK (sky130_fd_sc_hd__dfrtp_1)
   0.45    0.45 v gen_col[0].u_pe_col/gen_pe[2].u_pe/_8142_/Q (sky130_fd_sc_hd__dfrtp_1)
   1.09    1.53 v gen_col[1].u_pe_col/gen_pe[2].u_pe/_5650_/X (sky130_fd_sc_hd__and3_1)
  10.88   12.41 ^ gen_col[1].u_pe_col/gen_pe[2].u_pe/_5652_/Y (sky130_fd_sc_hd__nor2_1)
   0.73   13.14 v gen_col[1].u_pe_col/gen_pe[2].u_pe/_7354_/Y (sky130_fd_sc_hd__xnor2_1)
   0.73   13.87 ^ gen_col[1].u_pe_col/gen_pe[2].u_pe/_7356_/X (sky130_fd_sc_hd__xor2_1)
   0.44   14.31 v gen_col[1].u_pe_col/gen_pe[2].u_pe/_7389_/X (sky130_fd_sc_hd__xnor3_1)
   0.17   14.49 ^ gen_col[1].u_pe_col/gen_pe[2].u_pe/_7393_/Y (sky130_fd_sc_hd__xnor2_1)
   0.21   14.70 ^ gen_col[1].u_pe_col/gen_pe[2].u_pe/_7420_/X (sky130_fd_sc_hd__xor2_1)
   0.22   14.92 ^ gen_col[1].u_pe_col/gen_pe[2].u_pe/_7443_/X (sky130_fd_sc_hd__xor2_1)
   0.09   15.01 v gen_col[1].u_pe_col/gen_pe[2].u_pe/_7505_/Y (sky130_fd_sc_hd__xnor2_1)
   0.12   15.12 ^ gen_col[1].u_pe_col/gen_pe[2].u_pe/_7506_/Y (sky130_fd_sc_hd__o21ai_0)
   0.18   15.31 ^ gen_col[1].u_pe_col/gen_pe[2].u_pe/_7508_/X (sky130_fd_sc_hd__a21o_1)
   0.14   15.45 ^ gen_col[1].u_pe_col/gen_pe[2].u_pe/_7510_/X (sky130_fd_sc_hd__a21o_1)
   0.13   15.58 ^ gen_col[1].u_pe_col/gen_pe[2].u_pe/_7512_/X (sky130_fd_sc_hd__a21o_1)
   0.08   15.67 v gen_col[1].u_pe_col/gen_pe[2].u_pe/_7514_/Y (sky130_fd_sc_hd__a21oi_1)
   0.24   15.91 ^ gen_col[1].u_pe_col/gen_pe[2].u_pe/_7516_/Y (sky130_fd_sc_hd__o21ai_0)
   0.13   16.03 v gen_col[1].u_pe_col/gen_pe[2].u_pe/_7518_/Y (sky130_fd_sc_hd__a21oi_1)
   0.25   16.28 ^ gen_col[1].u_pe_col/gen_pe[2].u_pe/_7519_/Y (sky130_fd_sc_hd__o21ai_0)
   0.18   16.46 ^ gen_col[1].u_pe_col/gen_pe[2].u_pe/_7521_/X (sky130_fd_sc_hd__a21o_1)
   0.16   16.62 ^ gen_col[1].u_pe_col/gen_pe[2].u_pe/_7523_/X (sky130_fd_sc_hd__a21o_1)
   0.10   16.72 v gen_col[1].u_pe_col/gen_pe[2].u_pe/_7534_/Y (sky130_fd_sc_hd__a221oi_1)
   0.26   16.98 ^ gen_col[1].u_pe_col/gen_pe[2].u_pe/_7537_/Y (sky130_fd_sc_hd__o21ai_0)
   0.14   17.11 v gen_col[1].u_pe_col/gen_pe[2].u_pe/_7539_/Y (sky130_fd_sc_hd__a21oi_1)
   0.20   17.31 v gen_col[1].u_pe_col/gen_pe[2].u_pe/_7541_/X (sky130_fd_sc_hd__o21a_1)
   0.19   17.50 v gen_col[1].u_pe_col/gen_pe[2].u_pe/_7542_/X (sky130_fd_sc_hd__o21a_1)
   0.19   17.69 v gen_col[1].u_pe_col/gen_pe[2].u_pe/_7544_/X (sky130_fd_sc_hd__o21a_1)
   0.19   17.88 v gen_col[1].u_pe_col/gen_pe[2].u_pe/_7546_/X (sky130_fd_sc_hd__o21a_1)
   0.19   18.06 v gen_col[1].u_pe_col/gen_pe[2].u_pe/_7548_/X (sky130_fd_sc_hd__o21a_1)
   0.19   18.25 v gen_col[1].u_pe_col/gen_pe[2].u_pe/_7549_/X (sky130_fd_sc_hd__o21a_1)
   0.20   18.45 v gen_col[1].u_pe_col/gen_pe[2].u_pe/_7551_/X (sky130_fd_sc_hd__o21a_1)
   0.11   18.56 ^ gen_col[1].u_pe_col/gen_pe[2].u_pe/_7552_/Y (sky130_fd_sc_hd__nor3_1)
   0.09   18.65 v gen_col[1].u_pe_col/gen_pe[2].u_pe/_7557_/Y (sky130_fd_sc_hd__a2111oi_0)
   0.31   18.96 v gen_col[1].u_pe_col/gen_pe[2].u_pe/_7560_/X (sky130_fd_sc_hd__o31a_1)
   0.24   19.20 ^ gen_col[1].u_pe_col/gen_pe[2].u_pe/_7562_/Y (sky130_fd_sc_hd__o21ai_0)
   0.14   19.34 v gen_col[1].u_pe_col/gen_pe[2].u_pe/_7564_/Y (sky130_fd_sc_hd__a21oi_1)
   0.20   19.54 v gen_col[1].u_pe_col/gen_pe[2].u_pe/_7566_/X (sky130_fd_sc_hd__o21a_1)
   0.19   19.73 v gen_col[1].u_pe_col/gen_pe[2].u_pe/_7568_/X (sky130_fd_sc_hd__o21a_1)
   0.19   19.92 v gen_col[1].u_pe_col/gen_pe[2].u_pe/_7570_/X (sky130_fd_sc_hd__o21a_1)
   0.19   20.11 v gen_col[1].u_pe_col/gen_pe[2].u_pe/_7572_/X (sky130_fd_sc_hd__o21a_1)
   0.19   20.29 v gen_col[1].u_pe_col/gen_pe[2].u_pe/_7573_/X (sky130_fd_sc_hd__o21a_1)
   0.19   20.48 v gen_col[1].u_pe_col/gen_pe[2].u_pe/_7575_/X (sky130_fd_sc_hd__o21a_1)
   0.19   20.67 v gen_col[1].u_pe_col/gen_pe[2].u_pe/_7577_/X (sky130_fd_sc_hd__o21a_1)
   0.19   20.85 v gen_col[1].u_pe_col/gen_pe[2].u_pe/_7579_/X (sky130_fd_sc_hd__o21a_1)
   0.19   21.04 v gen_col[1].u_pe_col/gen_pe[2].u_pe/_7581_/X (sky130_fd_sc_hd__o21a_1)
   0.19   21.23 v gen_col[1].u_pe_col/gen_pe[2].u_pe/_7583_/X (sky130_fd_sc_hd__o21a_1)
   0.18   21.41 v gen_col[1].u_pe_col/gen_pe[2].u_pe/_7584_/X (sky130_fd_sc_hd__o21a_1)
   0.27   21.67 ^ gen_col[1].u_pe_col/gen_pe[2].u_pe/_7586_/Y (sky130_fd_sc_hd__o21ai_0)
   0.15   21.82 v gen_col[1].u_pe_col/gen_pe[2].u_pe/_7587_/Y (sky130_fd_sc_hd__a21oi_1)
   0.22   22.04 v gen_col[1].u_pe_col/gen_pe[2].u_pe/_7590_/X (sky130_fd_sc_hd__o21a_1)
   0.19   22.23 v gen_col[1].u_pe_col/gen_pe[2].u_pe/_7592_/X (sky130_fd_sc_hd__o21a_1)
   0.19   22.42 v gen_col[1].u_pe_col/gen_pe[2].u_pe/_7594_/X (sky130_fd_sc_hd__o21a_1)
   0.19   22.60 v gen_col[1].u_pe_col/gen_pe[2].u_pe/_7596_/X (sky130_fd_sc_hd__o21a_1)
   0.19   22.79 v gen_col[1].u_pe_col/gen_pe[2].u_pe/_7598_/X (sky130_fd_sc_hd__o21a_1)
   0.19   22.98 v gen_col[1].u_pe_col/gen_pe[2].u_pe/_7599_/X (sky130_fd_sc_hd__o21a_1)
   0.18   23.16 v gen_col[1].u_pe_col/gen_pe[2].u_pe/_7601_/X (sky130_fd_sc_hd__o21a_1)
   0.31   23.47 v gen_col[1].u_pe_col/gen_pe[2].u_pe/_7604_/X (sky130_fd_sc_hd__o311a_1)
   0.30   23.77 v gen_col[1].u_pe_col/gen_pe[2].u_pe/_7611_/X (sky130_fd_sc_hd__a211o_1)
   0.10   23.87 ^ gen_col[1].u_pe_col/gen_pe[2].u_pe/_7612_/Y (sky130_fd_sc_hd__nand3_1)
   0.08   23.95 v gen_col[1].u_pe_col/gen_pe[2].u_pe/_7620_/Y (sky130_fd_sc_hd__a211oi_1)
   0.35   24.30 ^ gen_col[1].u_pe_col/gen_pe[2].u_pe/_7622_/Y (sky130_fd_sc_hd__o31ai_1)
   0.19   24.49 v gen_col[1].u_pe_col/gen_pe[2].u_pe/_7626_/Y (sky130_fd_sc_hd__a21boi_0)
   0.22   24.71 v gen_col[1].u_pe_col/gen_pe[2].u_pe/_7627_/X (sky130_fd_sc_hd__o21a_1)
   0.20   24.91 v gen_col[1].u_pe_col/gen_pe[2].u_pe/_7629_/X (sky130_fd_sc_hd__o21a_1)
   0.19   25.10 ^ gen_col[1].u_pe_col/gen_pe[2].u_pe/_7640_/Y (sky130_fd_sc_hd__o211ai_1)
   0.12   25.21 v gen_col[1].u_pe_col/gen_pe[2].u_pe/_7644_/Y (sky130_fd_sc_hd__a21oi_1)
   0.20   25.41 v gen_col[1].u_pe_col/gen_pe[2].u_pe/_7645_/X (sky130_fd_sc_hd__o21a_1)
   0.19   25.60 v gen_col[1].u_pe_col/gen_pe[2].u_pe/_7647_/X (sky130_fd_sc_hd__o21a_1)
   0.19   25.79 v gen_col[1].u_pe_col/gen_pe[2].u_pe/_7648_/X (sky130_fd_sc_hd__o21a_1)
   0.19   25.97 v gen_col[1].u_pe_col/gen_pe[2].u_pe/_7650_/X (sky130_fd_sc_hd__o21a_1)
   0.19   26.16 v gen_col[1].u_pe_col/gen_pe[2].u_pe/_7652_/X (sky130_fd_sc_hd__o21a_1)
   0.19   26.35 v gen_col[1].u_pe_col/gen_pe[2].u_pe/_7654_/X (sky130_fd_sc_hd__o21a_1)
   0.19   26.53 v gen_col[1].u_pe_col/gen_pe[2].u_pe/_7656_/X (sky130_fd_sc_hd__o21a_1)
   0.19   26.72 v gen_col[1].u_pe_col/gen_pe[2].u_pe/_7658_/X (sky130_fd_sc_hd__o21a_1)
   0.19   26.91 v gen_col[1].u_pe_col/gen_pe[2].u_pe/_7660_/X (sky130_fd_sc_hd__o21a_1)
   0.20   27.11 v gen_col[1].u_pe_col/gen_pe[2].u_pe/_7661_/X (sky130_fd_sc_hd__o21a_1)
   0.31   27.42 v gen_col[1].u_pe_col/gen_pe[2].u_pe/_7664_/X (sky130_fd_sc_hd__o311a_1)
   0.24   27.66 ^ gen_col[1].u_pe_col/gen_pe[2].u_pe/_7666_/Y (sky130_fd_sc_hd__o21ai_0)
   0.14   27.80 v gen_col[1].u_pe_col/gen_pe[2].u_pe/_7668_/Y (sky130_fd_sc_hd__a21oi_1)
   0.19   27.99 v gen_col[1].u_pe_col/gen_pe[2].u_pe/_7670_/X (sky130_fd_sc_hd__o21a_1)
   0.20   28.19 ^ gen_col[1].u_pe_col/gen_pe[2].u_pe/_7672_/Y (sky130_fd_sc_hd__o21ai_0)
   0.40   28.59 v gen_col[1].u_pe_col/gen_pe[2].u_pe/_7674_/X (sky130_fd_sc_hd__or3b_1)
   0.24   28.83 ^ gen_col[1].u_pe_col/gen_pe[2].u_pe/_7677_/Y (sky130_fd_sc_hd__a31oi_1)
   0.15   28.97 v gen_col[1].u_pe_col/gen_pe[2].u_pe/_7680_/Y (sky130_fd_sc_hd__o22ai_1)
   0.27   29.24 ^ gen_col[1].u_pe_col/gen_pe[2].u_pe/_7687_/Y (sky130_fd_sc_hd__a31oi_1)
   0.16   29.39 ^ gen_col[1].u_pe_col/gen_pe[2].u_pe/_7690_/X (sky130_fd_sc_hd__or3_1)
   0.11   29.50 v gen_col[1].u_pe_col/gen_pe[2].u_pe/_7693_/Y (sky130_fd_sc_hd__a21boi_0)
   0.21   29.71 v gen_col[1].u_pe_col/gen_pe[2].u_pe/_7694_/X (sky130_fd_sc_hd__o21a_1)
   0.21   29.92 v gen_col[1].u_pe_col/gen_pe[2].u_pe/_7698_/X (sky130_fd_sc_hd__o21a_1)
   0.31   30.24 v gen_col[1].u_pe_col/gen_pe[2].u_pe/_7701_/X (sky130_fd_sc_hd__o311a_1)
   0.19   30.43 v gen_col[1].u_pe_col/gen_pe[2].u_pe/_7703_/X (sky130_fd_sc_hd__o21a_1)
   0.19   30.62 v gen_col[1].u_pe_col/gen_pe[2].u_pe/_7705_/X (sky130_fd_sc_hd__o21a_1)
   0.19   30.81 v gen_col[1].u_pe_col/gen_pe[2].u_pe/_7707_/X (sky130_fd_sc_hd__o21a_1)
   0.20   31.00 v gen_col[1].u_pe_col/gen_pe[2].u_pe/_7712_/X (sky130_fd_sc_hd__o21a_1)
   0.31   31.32 v gen_col[1].u_pe_col/gen_pe[2].u_pe/_7715_/X (sky130_fd_sc_hd__o311a_1)
   0.19   31.51 v gen_col[1].u_pe_col/gen_pe[2].u_pe/_7716_/X (sky130_fd_sc_hd__o21a_1)
   0.19   31.70 v gen_col[1].u_pe_col/gen_pe[2].u_pe/_7718_/X (sky130_fd_sc_hd__o21a_1)
   0.19   31.89 v gen_col[1].u_pe_col/gen_pe[2].u_pe/_7720_/X (sky130_fd_sc_hd__o21a_1)
   0.19   32.07 v gen_col[1].u_pe_col/gen_pe[2].u_pe/_7722_/X (sky130_fd_sc_hd__o21a_1)
   0.19   32.26 v gen_col[1].u_pe_col/gen_pe[2].u_pe/_7724_/X (sky130_fd_sc_hd__o21a_1)
   0.19   32.45 v gen_col[1].u_pe_col/gen_pe[2].u_pe/_7726_/X (sky130_fd_sc_hd__o21a_1)
   0.18   32.63 v gen_col[1].u_pe_col/gen_pe[2].u_pe/_7727_/X (sky130_fd_sc_hd__o21a_1)
   0.27   32.89 ^ gen_col[1].u_pe_col/gen_pe[2].u_pe/_7729_/Y (sky130_fd_sc_hd__o21ai_0)
   0.15   33.04 v gen_col[1].u_pe_col/gen_pe[2].u_pe/_7730_/Y (sky130_fd_sc_hd__a21oi_1)
   0.22   33.26 v gen_col[1].u_pe_col/gen_pe[2].u_pe/_7733_/X (sky130_fd_sc_hd__o21a_1)
   0.19   33.45 v gen_col[1].u_pe_col/gen_pe[2].u_pe/_7735_/X (sky130_fd_sc_hd__o21a_1)
   0.19   33.63 v gen_col[1].u_pe_col/gen_pe[2].u_pe/_7737_/X (sky130_fd_sc_hd__o21a_1)
   0.19   33.82 v gen_col[1].u_pe_col/gen_pe[2].u_pe/_7739_/X (sky130_fd_sc_hd__o21a_1)
   0.18   34.00 v gen_col[1].u_pe_col/gen_pe[2].u_pe/_7741_/X (sky130_fd_sc_hd__o21a_1)
   0.22   34.22 ^ gen_col[1].u_pe_col/gen_pe[2].u_pe/_7742_/Y (sky130_fd_sc_hd__o21ai_0)
   0.17   34.39 v gen_col[1].u_pe_col/gen_pe[2].u_pe/_7745_/Y (sky130_fd_sc_hd__a21boi_0)
   0.21   34.60 v gen_col[1].u_pe_col/gen_pe[2].u_pe/_7746_/X (sky130_fd_sc_hd__o21a_1)
   0.19   34.79 v gen_col[1].u_pe_col/gen_pe[2].u_pe/_7748_/X (sky130_fd_sc_hd__o21a_1)
   0.19   34.97 v gen_col[1].u_pe_col/gen_pe[2].u_pe/_7750_/X (sky130_fd_sc_hd__o21a_1)
   0.19   35.16 v gen_col[1].u_pe_col/gen_pe[2].u_pe/_7752_/X (sky130_fd_sc_hd__o21a_1)
   0.20   35.36 v gen_col[1].u_pe_col/gen_pe[2].u_pe/_7754_/X (sky130_fd_sc_hd__o21a_1)
   0.19   35.55 ^ gen_col[1].u_pe_col/gen_pe[2].u_pe/_7785_/Y (sky130_fd_sc_hd__o211ai_1)
   0.11   35.66 v gen_col[1].u_pe_col/gen_pe[2].u_pe/_7801_/Y (sky130_fd_sc_hd__a21oi_1)
   0.17   35.83 v gen_col[1].u_pe_col/gen_pe[2].u_pe/_8122_/X (sky130_fd_sc_hd__o21a_1)
   0.20   36.03 ^ gen_col[1].u_pe_col/gen_pe[2].u_pe/_8124_/Y (sky130_fd_sc_hd__o31ai_1)
   0.00   36.03 ^ gen_col[1].u_pe_col/gen_pe[2].u_pe/_8277_/D (sky130_fd_sc_hd__dfrtp_1)
          36.03   data arrival time

  20.00   20.00   clock clk (rise edge)
   0.00   20.00   clock network delay (ideal)
   0.00   20.00   clock reconvergence pessimism
          20.00 ^ gen_col[1].u_pe_col/gen_pe[2].u_pe/_8277_/CLK (sky130_fd_sc_hd__dfrtp_1)
  -0.13   19.87   library setup time
          19.87   data required time
---------------------------------------------------------
          19.87   data required time
         -36.03   data arrival time
---------------------------------------------------------
         -16.16   slack (VIOLATED)


Timing Analysis Completed.
