OpenSTA 3.1.0  Copyright (c) 2026, Parallax Software, Inc.
License GPLv3: GNU GPL version 3 <http://gnu.org/licenses/gpl.html>

This is free software, and you are free to change and redistribute it
under certain conditions; type `show_copying' for details. 
This program comes with ABSOLUTELY NO WARRANTY; for details type `show_warranty'.
Warning 503: timing.tcl line 1, report_checks -group_count is deprecated. Use -group_path_count instead.
Startpoint: gen_col[0].u_pe_col/gen_pe[0].u_pe/_5301_
            (rising edge-triggered flip-flop clocked by clk)
Endpoint: gen_col[0].u_pe_col/gen_pe[0].u_pe/_5433_
          (rising edge-triggered flip-flop clocked by clk)
Path Group: clk
Path Type: max

  Delay    Time   Description
---------------------------------------------------------
   0.00    0.00   clock clk (rise edge)
   0.00    0.00   clock network delay (ideal)
   0.00    0.00 ^ gen_col[0].u_pe_col/gen_pe[0].u_pe/_5301_/CLK (sky130_fd_sc_hd__dfrtp_1)
   0.39    0.39 ^ gen_col[0].u_pe_col/gen_pe[0].u_pe/_5301_/Q (sky130_fd_sc_hd__dfrtp_1)
  10.75   11.13 ^ gen_col[0].u_pe_col/gen_pe[0].u_pe/_3612_/X (sky130_fd_sc_hd__and2_0)
   1.39   12.52 v gen_col[0].u_pe_col/gen_pe[0].u_pe/_4673_/Y (sky130_fd_sc_hd__xnor2_1)
   0.96   13.48 v gen_col[0].u_pe_col/gen_pe[0].u_pe/_4690_/X (sky130_fd_sc_hd__xor3_1)
   0.18   13.67 v gen_col[0].u_pe_col/gen_pe[0].u_pe/_4702_/Y (sky130_fd_sc_hd__xnor2_1)
   0.40   14.07 v gen_col[0].u_pe_col/gen_pe[0].u_pe/_4728_/X (sky130_fd_sc_hd__maj3_1)
   0.39   14.46 v gen_col[0].u_pe_col/gen_pe[0].u_pe/_4731_/X (sky130_fd_sc_hd__maj3_1)
   0.39   14.85 v gen_col[0].u_pe_col/gen_pe[0].u_pe/_4733_/X (sky130_fd_sc_hd__maj3_1)
   0.39   15.24 v gen_col[0].u_pe_col/gen_pe[0].u_pe/_4735_/X (sky130_fd_sc_hd__maj3_1)
   0.39   15.63 v gen_col[0].u_pe_col/gen_pe[0].u_pe/_4738_/X (sky130_fd_sc_hd__maj3_1)
   0.39   16.01 v gen_col[0].u_pe_col/gen_pe[0].u_pe/_4741_/X (sky130_fd_sc_hd__maj3_1)
   0.39   16.40 v gen_col[0].u_pe_col/gen_pe[0].u_pe/_4744_/X (sky130_fd_sc_hd__maj3_1)
   0.39   16.79 v gen_col[0].u_pe_col/gen_pe[0].u_pe/_4747_/X (sky130_fd_sc_hd__maj3_1)
   0.39   17.18 v gen_col[0].u_pe_col/gen_pe[0].u_pe/_4750_/X (sky130_fd_sc_hd__maj3_1)
   0.39   17.56 v gen_col[0].u_pe_col/gen_pe[0].u_pe/_4753_/X (sky130_fd_sc_hd__maj3_1)
   0.39   17.95 v gen_col[0].u_pe_col/gen_pe[0].u_pe/_4756_/X (sky130_fd_sc_hd__maj3_1)
   0.39   18.34 v gen_col[0].u_pe_col/gen_pe[0].u_pe/_4759_/X (sky130_fd_sc_hd__maj3_1)
   0.39   18.73 v gen_col[0].u_pe_col/gen_pe[0].u_pe/_4762_/X (sky130_fd_sc_hd__maj3_1)
   0.39   19.12 v gen_col[0].u_pe_col/gen_pe[0].u_pe/_4765_/X (sky130_fd_sc_hd__maj3_1)
   0.39   19.50 v gen_col[0].u_pe_col/gen_pe[0].u_pe/_4768_/X (sky130_fd_sc_hd__maj3_1)
   0.39   19.89 v gen_col[0].u_pe_col/gen_pe[0].u_pe/_4771_/X (sky130_fd_sc_hd__maj3_1)
   0.38   20.27 v gen_col[0].u_pe_col/gen_pe[0].u_pe/_4774_/X (sky130_fd_sc_hd__maj3_1)
   0.31   20.59 ^ gen_col[0].u_pe_col/gen_pe[0].u_pe/_4778_/Y (sky130_fd_sc_hd__a211oi_1)
   0.14   20.73 v gen_col[0].u_pe_col/gen_pe[0].u_pe/_4780_/Y (sky130_fd_sc_hd__o31ai_1)
   0.41   21.14 v gen_col[0].u_pe_col/gen_pe[0].u_pe/_4782_/X (sky130_fd_sc_hd__maj3_1)
   0.28   21.42 ^ gen_col[0].u_pe_col/gen_pe[0].u_pe/_4785_/Y (sky130_fd_sc_hd__a211oi_1)
   0.19   21.61 v gen_col[0].u_pe_col/gen_pe[0].u_pe/_4788_/Y (sky130_fd_sc_hd__o311ai_0)
   0.33   21.94 ^ gen_col[0].u_pe_col/gen_pe[0].u_pe/_4791_/Y (sky130_fd_sc_hd__a311oi_1)
   0.13   22.07 v gen_col[0].u_pe_col/gen_pe[0].u_pe/_4793_/Y (sky130_fd_sc_hd__o31ai_1)
   0.40   22.47 v gen_col[0].u_pe_col/gen_pe[0].u_pe/_4795_/X (sky130_fd_sc_hd__maj3_1)
   0.39   22.86 v gen_col[0].u_pe_col/gen_pe[0].u_pe/_4797_/X (sky130_fd_sc_hd__maj3_1)
   0.39   23.25 v gen_col[0].u_pe_col/gen_pe[0].u_pe/_4800_/X (sky130_fd_sc_hd__maj3_1)
   0.39   23.64 v gen_col[0].u_pe_col/gen_pe[0].u_pe/_4803_/X (sky130_fd_sc_hd__maj3_1)
   0.40   24.04 v gen_col[0].u_pe_col/gen_pe[0].u_pe/_4806_/X (sky130_fd_sc_hd__maj3_1)
   0.26   24.30 ^ gen_col[0].u_pe_col/gen_pe[0].u_pe/_4809_/Y (sky130_fd_sc_hd__a211oi_1)
   0.13   24.43 v gen_col[0].u_pe_col/gen_pe[0].u_pe/_4811_/Y (sky130_fd_sc_hd__o31ai_1)
   0.41   24.84 v gen_col[0].u_pe_col/gen_pe[0].u_pe/_4813_/X (sky130_fd_sc_hd__maj3_1)
   0.26   25.11 ^ gen_col[0].u_pe_col/gen_pe[0].u_pe/_4816_/Y (sky130_fd_sc_hd__a211oi_1)
   0.19   25.30 v gen_col[0].u_pe_col/gen_pe[0].u_pe/_4819_/Y (sky130_fd_sc_hd__o311ai_0)
   0.27   25.57 ^ gen_col[0].u_pe_col/gen_pe[0].u_pe/_4821_/Y (sky130_fd_sc_hd__a31oi_1)
   0.25   25.82 ^ gen_col[0].u_pe_col/gen_pe[0].u_pe/_4823_/X (sky130_fd_sc_hd__maj3_1)
   0.21   26.03 ^ gen_col[0].u_pe_col/gen_pe[0].u_pe/_4825_/X (sky130_fd_sc_hd__maj3_1)
   0.22   26.25 ^ gen_col[0].u_pe_col/gen_pe[0].u_pe/_4827_/X (sky130_fd_sc_hd__maj3_1)
   0.13   26.38 v gen_col[0].u_pe_col/gen_pe[0].u_pe/_4832_/Y (sky130_fd_sc_hd__o211ai_1)
   0.32   26.71 ^ gen_col[0].u_pe_col/gen_pe[0].u_pe/_4835_/Y (sky130_fd_sc_hd__a311oi_1)
   0.19   26.90 v gen_col[0].u_pe_col/gen_pe[0].u_pe/_4838_/Y (sky130_fd_sc_hd__o311ai_0)
   0.39   27.29 ^ gen_col[0].u_pe_col/gen_pe[0].u_pe/_4841_/Y (sky130_fd_sc_hd__a311oi_1)
   0.20   27.49 v gen_col[0].u_pe_col/gen_pe[0].u_pe/_4844_/Y (sky130_fd_sc_hd__o311ai_0)
   0.35   27.84 ^ gen_col[0].u_pe_col/gen_pe[0].u_pe/_4847_/Y (sky130_fd_sc_hd__a311oi_1)
   0.17   28.01 v gen_col[0].u_pe_col/gen_pe[0].u_pe/_4850_/Y (sky130_fd_sc_hd__o311ai_0)
   0.27   28.28 ^ gen_col[0].u_pe_col/gen_pe[0].u_pe/_4852_/Y (sky130_fd_sc_hd__a31oi_1)
   0.25   28.53 ^ gen_col[0].u_pe_col/gen_pe[0].u_pe/_4854_/X (sky130_fd_sc_hd__maj3_1)
   0.21   28.74 ^ gen_col[0].u_pe_col/gen_pe[0].u_pe/_4856_/X (sky130_fd_sc_hd__maj3_1)
   0.21   28.95 ^ gen_col[0].u_pe_col/gen_pe[0].u_pe/_4858_/X (sky130_fd_sc_hd__maj3_1)
   0.21   29.16 ^ gen_col[0].u_pe_col/gen_pe[0].u_pe/_4860_/X (sky130_fd_sc_hd__maj3_1)
   0.22   29.38 ^ gen_col[0].u_pe_col/gen_pe[0].u_pe/_4862_/X (sky130_fd_sc_hd__maj3_1)
   0.13   29.51 v gen_col[0].u_pe_col/gen_pe[0].u_pe/_4866_/Y (sky130_fd_sc_hd__o211ai_1)
   0.22   29.73 ^ gen_col[0].u_pe_col/gen_pe[0].u_pe/_4868_/Y (sky130_fd_sc_hd__a31oi_1)
   0.23   29.95 ^ gen_col[0].u_pe_col/gen_pe[0].u_pe/_4871_/X (sky130_fd_sc_hd__maj3_1)
   0.15   30.10 v gen_col[0].u_pe_col/gen_pe[0].u_pe/_4876_/Y (sky130_fd_sc_hd__o221ai_1)
   0.36   30.46 ^ gen_col[0].u_pe_col/gen_pe[0].u_pe/_4879_/Y (sky130_fd_sc_hd__a311oi_1)
   0.20   30.66 v gen_col[0].u_pe_col/gen_pe[0].u_pe/_4882_/Y (sky130_fd_sc_hd__o311ai_0)
   0.24   30.90 ^ gen_col[0].u_pe_col/gen_pe[0].u_pe/_4884_/Y (sky130_fd_sc_hd__a31oi_1)
   0.23   31.13 ^ gen_col[0].u_pe_col/gen_pe[0].u_pe/_4887_/X (sky130_fd_sc_hd__maj3_1)
   0.12   31.25 v gen_col[0].u_pe_col/gen_pe[0].u_pe/_4892_/Y (sky130_fd_sc_hd__o211ai_1)
   0.36   31.61 ^ gen_col[0].u_pe_col/gen_pe[0].u_pe/_4895_/Y (sky130_fd_sc_hd__a311oi_1)
   0.15   31.76 v gen_col[0].u_pe_col/gen_pe[0].u_pe/_4899_/Y (sky130_fd_sc_hd__o311ai_0)
   0.33   32.09 ^ gen_col[0].u_pe_col/gen_pe[0].u_pe/_4902_/Y (sky130_fd_sc_hd__a311oi_1)
   0.14   32.23 v gen_col[0].u_pe_col/gen_pe[0].u_pe/_4904_/Y (sky130_fd_sc_hd__o31ai_1)
   0.40   32.63 v gen_col[0].u_pe_col/gen_pe[0].u_pe/_4905_/X (sky130_fd_sc_hd__maj3_1)
   0.26   32.89 ^ gen_col[0].u_pe_col/gen_pe[0].u_pe/_4908_/Y (sky130_fd_sc_hd__a211oi_1)
   0.13   33.03 v gen_col[0].u_pe_col/gen_pe[0].u_pe/_4910_/Y (sky130_fd_sc_hd__o31ai_1)
   0.39   33.42 v gen_col[0].u_pe_col/gen_pe[0].u_pe/_4911_/X (sky130_fd_sc_hd__maj3_1)
   0.39   33.81 v gen_col[0].u_pe_col/gen_pe[0].u_pe/_4913_/X (sky130_fd_sc_hd__maj3_1)
   0.39   34.20 v gen_col[0].u_pe_col/gen_pe[0].u_pe/_4915_/X (sky130_fd_sc_hd__maj3_1)
   0.39   34.59 v gen_col[0].u_pe_col/gen_pe[0].u_pe/_4918_/X (sky130_fd_sc_hd__maj3_1)
   0.39   34.97 v gen_col[0].u_pe_col/gen_pe[0].u_pe/_4921_/X (sky130_fd_sc_hd__maj3_1)
   0.39   35.36 v gen_col[0].u_pe_col/gen_pe[0].u_pe/_4924_/X (sky130_fd_sc_hd__maj3_1)
   0.39   35.75 v gen_col[0].u_pe_col/gen_pe[0].u_pe/_4927_/X (sky130_fd_sc_hd__maj3_1)
   0.39   36.14 v gen_col[0].u_pe_col/gen_pe[0].u_pe/_4930_/X (sky130_fd_sc_hd__maj3_1)
   0.39   36.52 v gen_col[0].u_pe_col/gen_pe[0].u_pe/_4933_/X (sky130_fd_sc_hd__maj3_1)
   0.39   36.91 v gen_col[0].u_pe_col/gen_pe[0].u_pe/_4936_/X (sky130_fd_sc_hd__maj3_1)
   0.38   37.30 v gen_col[0].u_pe_col/gen_pe[0].u_pe/_4939_/X (sky130_fd_sc_hd__maj3_1)
   0.28   37.58 ^ gen_col[0].u_pe_col/gen_pe[0].u_pe/_4943_/Y (sky130_fd_sc_hd__a211oi_1)
   0.19   37.77 v gen_col[0].u_pe_col/gen_pe[0].u_pe/_4946_/Y (sky130_fd_sc_hd__o311ai_0)
   0.35   38.12 ^ gen_col[0].u_pe_col/gen_pe[0].u_pe/_4949_/Y (sky130_fd_sc_hd__a311oi_1)
   0.14   38.25 v gen_col[0].u_pe_col/gen_pe[0].u_pe/_4951_/Y (sky130_fd_sc_hd__o31ai_1)
   0.39   38.65 v gen_col[0].u_pe_col/gen_pe[0].u_pe/_4953_/X (sky130_fd_sc_hd__maj3_1)
   0.39   39.03 v gen_col[0].u_pe_col/gen_pe[0].u_pe/_4955_/X (sky130_fd_sc_hd__maj3_1)
   0.39   39.43 v gen_col[0].u_pe_col/gen_pe[0].u_pe/_4958_/X (sky130_fd_sc_hd__maj3_1)
   0.38   39.81 v gen_col[0].u_pe_col/gen_pe[0].u_pe/_4960_/X (sky130_fd_sc_hd__maj3_1)
   0.16   39.97 v gen_col[0].u_pe_col/gen_pe[0].u_pe/_4963_/X (sky130_fd_sc_hd__and2_0)
   0.19   40.15 v gen_col[0].u_pe_col/gen_pe[0].u_pe/_4965_/X (sky130_fd_sc_hd__o21a_1)
   0.30   40.45 v gen_col[0].u_pe_col/gen_pe[0].u_pe/_4969_/X (sky130_fd_sc_hd__o311a_1)
   0.19   40.64 v gen_col[0].u_pe_col/gen_pe[0].u_pe/_4971_/X (sky130_fd_sc_hd__o21a_1)
   0.19   40.82 v gen_col[0].u_pe_col/gen_pe[0].u_pe/_4973_/X (sky130_fd_sc_hd__o21a_1)
   0.19   41.01 v gen_col[0].u_pe_col/gen_pe[0].u_pe/_4975_/X (sky130_fd_sc_hd__o21a_1)
   0.19   41.20 v gen_col[0].u_pe_col/gen_pe[0].u_pe/_4977_/X (sky130_fd_sc_hd__o21a_1)
   0.18   41.38 v gen_col[0].u_pe_col/gen_pe[0].u_pe/_4979_/X (sky130_fd_sc_hd__o21a_1)
   0.23   41.61 ^ gen_col[0].u_pe_col/gen_pe[0].u_pe/_4988_/Y (sky130_fd_sc_hd__o21ai_0)
   0.18   41.79 ^ gen_col[0].u_pe_col/gen_pe[0].u_pe/_5291_/X (sky130_fd_sc_hd__a31o_1)
   0.06   41.84 v gen_col[0].u_pe_col/gen_pe[0].u_pe/_5292_/Y (sky130_fd_sc_hd__o21ai_0)
   0.00   41.84 v gen_col[0].u_pe_col/gen_pe[0].u_pe/_5433_/D (sky130_fd_sc_hd__dfrtp_1)
          41.84   data arrival time

  20.00   20.00   clock clk (rise edge)
   0.00   20.00   clock network delay (ideal)
   0.00   20.00   clock reconvergence pessimism
          20.00 ^ gen_col[0].u_pe_col/gen_pe[0].u_pe/_5433_/CLK (sky130_fd_sc_hd__dfrtp_1)
  -0.24   19.76   library setup time
          19.76   data required time
---------------------------------------------------------
          19.76   data required time
         -41.84   data arrival time
---------------------------------------------------------
         -22.08   slack (VIOLATED)


Startpoint: gen_col[0].u_pe_col/gen_pe[10].u_pe/_5301_
            (rising edge-triggered flip-flop clocked by clk)
Endpoint: gen_col[0].u_pe_col/gen_pe[10].u_pe/_5433_
          (rising edge-triggered flip-flop clocked by clk)
Path Group: clk
Path Type: max

  Delay    Time   Description
---------------------------------------------------------
   0.00    0.00   clock clk (rise edge)
   0.00    0.00   clock network delay (ideal)
   0.00    0.00 ^ gen_col[0].u_pe_col/gen_pe[10].u_pe/_5301_/CLK (sky130_fd_sc_hd__dfrtp_1)
   0.39    0.39 ^ gen_col[0].u_pe_col/gen_pe[10].u_pe/_5301_/Q (sky130_fd_sc_hd__dfrtp_1)
  10.75   11.13 ^ gen_col[0].u_pe_col/gen_pe[10].u_pe/_3612_/X (sky130_fd_sc_hd__and2_0)
   1.39   12.52 v gen_col[0].u_pe_col/gen_pe[10].u_pe/_4673_/Y (sky130_fd_sc_hd__xnor2_1)
   0.96   13.48 v gen_col[0].u_pe_col/gen_pe[10].u_pe/_4690_/X (sky130_fd_sc_hd__xor3_1)
   0.18   13.67 v gen_col[0].u_pe_col/gen_pe[10].u_pe/_4702_/Y (sky130_fd_sc_hd__xnor2_1)
   0.40   14.07 v gen_col[0].u_pe_col/gen_pe[10].u_pe/_4728_/X (sky130_fd_sc_hd__maj3_1)
   0.39   14.46 v gen_col[0].u_pe_col/gen_pe[10].u_pe/_4731_/X (sky130_fd_sc_hd__maj3_1)
   0.39   14.85 v gen_col[0].u_pe_col/gen_pe[10].u_pe/_4733_/X (sky130_fd_sc_hd__maj3_1)
   0.39   15.24 v gen_col[0].u_pe_col/gen_pe[10].u_pe/_4735_/X (sky130_fd_sc_hd__maj3_1)
   0.39   15.63 v gen_col[0].u_pe_col/gen_pe[10].u_pe/_4738_/X (sky130_fd_sc_hd__maj3_1)
   0.39   16.01 v gen_col[0].u_pe_col/gen_pe[10].u_pe/_4741_/X (sky130_fd_sc_hd__maj3_1)
   0.39   16.40 v gen_col[0].u_pe_col/gen_pe[10].u_pe/_4744_/X (sky130_fd_sc_hd__maj3_1)
   0.39   16.79 v gen_col[0].u_pe_col/gen_pe[10].u_pe/_4747_/X (sky130_fd_sc_hd__maj3_1)
   0.39   17.18 v gen_col[0].u_pe_col/gen_pe[10].u_pe/_4750_/X (sky130_fd_sc_hd__maj3_1)
   0.39   17.56 v gen_col[0].u_pe_col/gen_pe[10].u_pe/_4753_/X (sky130_fd_sc_hd__maj3_1)
   0.39   17.95 v gen_col[0].u_pe_col/gen_pe[10].u_pe/_4756_/X (sky130_fd_sc_hd__maj3_1)
   0.39   18.34 v gen_col[0].u_pe_col/gen_pe[10].u_pe/_4759_/X (sky130_fd_sc_hd__maj3_1)
   0.39   18.73 v gen_col[0].u_pe_col/gen_pe[10].u_pe/_4762_/X (sky130_fd_sc_hd__maj3_1)
   0.39   19.12 v gen_col[0].u_pe_col/gen_pe[10].u_pe/_4765_/X (sky130_fd_sc_hd__maj3_1)
   0.39   19.50 v gen_col[0].u_pe_col/gen_pe[10].u_pe/_4768_/X (sky130_fd_sc_hd__maj3_1)
   0.39   19.89 v gen_col[0].u_pe_col/gen_pe[10].u_pe/_4771_/X (sky130_fd_sc_hd__maj3_1)
   0.38   20.27 v gen_col[0].u_pe_col/gen_pe[10].u_pe/_4774_/X (sky130_fd_sc_hd__maj3_1)
   0.31   20.59 ^ gen_col[0].u_pe_col/gen_pe[10].u_pe/_4778_/Y (sky130_fd_sc_hd__a211oi_1)
   0.14   20.73 v gen_col[0].u_pe_col/gen_pe[10].u_pe/_4780_/Y (sky130_fd_sc_hd__o31ai_1)
   0.41   21.14 v gen_col[0].u_pe_col/gen_pe[10].u_pe/_4782_/X (sky130_fd_sc_hd__maj3_1)
   0.28   21.42 ^ gen_col[0].u_pe_col/gen_pe[10].u_pe/_4785_/Y (sky130_fd_sc_hd__a211oi_1)
   0.19   21.61 v gen_col[0].u_pe_col/gen_pe[10].u_pe/_4788_/Y (sky130_fd_sc_hd__o311ai_0)
   0.33   21.94 ^ gen_col[0].u_pe_col/gen_pe[10].u_pe/_4791_/Y (sky130_fd_sc_hd__a311oi_1)
   0.13   22.07 v gen_col[0].u_pe_col/gen_pe[10].u_pe/_4793_/Y (sky130_fd_sc_hd__o31ai_1)
   0.40   22.47 v gen_col[0].u_pe_col/gen_pe[10].u_pe/_4795_/X (sky130_fd_sc_hd__maj3_1)
   0.39   22.86 v gen_col[0].u_pe_col/gen_pe[10].u_pe/_4797_/X (sky130_fd_sc_hd__maj3_1)
   0.39   23.25 v gen_col[0].u_pe_col/gen_pe[10].u_pe/_4800_/X (sky130_fd_sc_hd__maj3_1)
   0.39   23.64 v gen_col[0].u_pe_col/gen_pe[10].u_pe/_4803_/X (sky130_fd_sc_hd__maj3_1)
   0.40   24.04 v gen_col[0].u_pe_col/gen_pe[10].u_pe/_4806_/X (sky130_fd_sc_hd__maj3_1)
   0.26   24.30 ^ gen_col[0].u_pe_col/gen_pe[10].u_pe/_4809_/Y (sky130_fd_sc_hd__a211oi_1)
   0.13   24.43 v gen_col[0].u_pe_col/gen_pe[10].u_pe/_4811_/Y (sky130_fd_sc_hd__o31ai_1)
   0.41   24.84 v gen_col[0].u_pe_col/gen_pe[10].u_pe/_4813_/X (sky130_fd_sc_hd__maj3_1)
   0.26   25.11 ^ gen_col[0].u_pe_col/gen_pe[10].u_pe/_4816_/Y (sky130_fd_sc_hd__a211oi_1)
   0.19   25.30 v gen_col[0].u_pe_col/gen_pe[10].u_pe/_4819_/Y (sky130_fd_sc_hd__o311ai_0)
   0.27   25.57 ^ gen_col[0].u_pe_col/gen_pe[10].u_pe/_4821_/Y (sky130_fd_sc_hd__a31oi_1)
   0.25   25.82 ^ gen_col[0].u_pe_col/gen_pe[10].u_pe/_4823_/X (sky130_fd_sc_hd__maj3_1)
   0.21   26.03 ^ gen_col[0].u_pe_col/gen_pe[10].u_pe/_4825_/X (sky130_fd_sc_hd__maj3_1)
   0.22   26.25 ^ gen_col[0].u_pe_col/gen_pe[10].u_pe/_4827_/X (sky130_fd_sc_hd__maj3_1)
   0.13   26.38 v gen_col[0].u_pe_col/gen_pe[10].u_pe/_4832_/Y (sky130_fd_sc_hd__o211ai_1)
   0.32   26.71 ^ gen_col[0].u_pe_col/gen_pe[10].u_pe/_4835_/Y (sky130_fd_sc_hd__a311oi_1)
   0.19   26.90 v gen_col[0].u_pe_col/gen_pe[10].u_pe/_4838_/Y (sky130_fd_sc_hd__o311ai_0)
   0.39   27.29 ^ gen_col[0].u_pe_col/gen_pe[10].u_pe/_4841_/Y (sky130_fd_sc_hd__a311oi_1)
   0.20   27.49 v gen_col[0].u_pe_col/gen_pe[10].u_pe/_4844_/Y (sky130_fd_sc_hd__o311ai_0)
   0.35   27.84 ^ gen_col[0].u_pe_col/gen_pe[10].u_pe/_4847_/Y (sky130_fd_sc_hd__a311oi_1)
   0.17   28.01 v gen_col[0].u_pe_col/gen_pe[10].u_pe/_4850_/Y (sky130_fd_sc_hd__o311ai_0)
   0.27   28.28 ^ gen_col[0].u_pe_col/gen_pe[10].u_pe/_4852_/Y (sky130_fd_sc_hd__a31oi_1)
   0.25   28.53 ^ gen_col[0].u_pe_col/gen_pe[10].u_pe/_4854_/X (sky130_fd_sc_hd__maj3_1)
   0.21   28.74 ^ gen_col[0].u_pe_col/gen_pe[10].u_pe/_4856_/X (sky130_fd_sc_hd__maj3_1)
   0.21   28.95 ^ gen_col[0].u_pe_col/gen_pe[10].u_pe/_4858_/X (sky130_fd_sc_hd__maj3_1)
   0.21   29.16 ^ gen_col[0].u_pe_col/gen_pe[10].u_pe/_4860_/X (sky130_fd_sc_hd__maj3_1)
   0.22   29.38 ^ gen_col[0].u_pe_col/gen_pe[10].u_pe/_4862_/X (sky130_fd_sc_hd__maj3_1)
   0.13   29.51 v gen_col[0].u_pe_col/gen_pe[10].u_pe/_4866_/Y (sky130_fd_sc_hd__o211ai_1)
   0.22   29.73 ^ gen_col[0].u_pe_col/gen_pe[10].u_pe/_4868_/Y (sky130_fd_sc_hd__a31oi_1)
   0.23   29.95 ^ gen_col[0].u_pe_col/gen_pe[10].u_pe/_4871_/X (sky130_fd_sc_hd__maj3_1)
   0.15   30.10 v gen_col[0].u_pe_col/gen_pe[10].u_pe/_4876_/Y (sky130_fd_sc_hd__o221ai_1)
   0.36   30.46 ^ gen_col[0].u_pe_col/gen_pe[10].u_pe/_4879_/Y (sky130_fd_sc_hd__a311oi_1)
   0.20   30.66 v gen_col[0].u_pe_col/gen_pe[10].u_pe/_4882_/Y (sky130_fd_sc_hd__o311ai_0)
   0.24   30.90 ^ gen_col[0].u_pe_col/gen_pe[10].u_pe/_4884_/Y (sky130_fd_sc_hd__a31oi_1)
   0.23   31.13 ^ gen_col[0].u_pe_col/gen_pe[10].u_pe/_4887_/X (sky130_fd_sc_hd__maj3_1)
   0.12   31.25 v gen_col[0].u_pe_col/gen_pe[10].u_pe/_4892_/Y (sky130_fd_sc_hd__o211ai_1)
   0.36   31.61 ^ gen_col[0].u_pe_col/gen_pe[10].u_pe/_4895_/Y (sky130_fd_sc_hd__a311oi_1)
   0.15   31.76 v gen_col[0].u_pe_col/gen_pe[10].u_pe/_4899_/Y (sky130_fd_sc_hd__o311ai_0)
   0.33   32.09 ^ gen_col[0].u_pe_col/gen_pe[10].u_pe/_4902_/Y (sky130_fd_sc_hd__a311oi_1)
   0.14   32.23 v gen_col[0].u_pe_col/gen_pe[10].u_pe/_4904_/Y (sky130_fd_sc_hd__o31ai_1)
   0.40   32.63 v gen_col[0].u_pe_col/gen_pe[10].u_pe/_4905_/X (sky130_fd_sc_hd__maj3_1)
   0.26   32.89 ^ gen_col[0].u_pe_col/gen_pe[10].u_pe/_4908_/Y (sky130_fd_sc_hd__a211oi_1)
   0.13   33.03 v gen_col[0].u_pe_col/gen_pe[10].u_pe/_4910_/Y (sky130_fd_sc_hd__o31ai_1)
   0.39   33.42 v gen_col[0].u_pe_col/gen_pe[10].u_pe/_4911_/X (sky130_fd_sc_hd__maj3_1)
   0.39   33.81 v gen_col[0].u_pe_col/gen_pe[10].u_pe/_4913_/X (sky130_fd_sc_hd__maj3_1)
   0.39   34.20 v gen_col[0].u_pe_col/gen_pe[10].u_pe/_4915_/X (sky130_fd_sc_hd__maj3_1)
   0.39   34.59 v gen_col[0].u_pe_col/gen_pe[10].u_pe/_4918_/X (sky130_fd_sc_hd__maj3_1)
   0.39   34.97 v gen_col[0].u_pe_col/gen_pe[10].u_pe/_4921_/X (sky130_fd_sc_hd__maj3_1)
   0.39   35.36 v gen_col[0].u_pe_col/gen_pe[10].u_pe/_4924_/X (sky130_fd_sc_hd__maj3_1)
   0.39   35.75 v gen_col[0].u_pe_col/gen_pe[10].u_pe/_4927_/X (sky130_fd_sc_hd__maj3_1)
   0.39   36.14 v gen_col[0].u_pe_col/gen_pe[10].u_pe/_4930_/X (sky130_fd_sc_hd__maj3_1)
   0.39   36.52 v gen_col[0].u_pe_col/gen_pe[10].u_pe/_4933_/X (sky130_fd_sc_hd__maj3_1)
   0.39   36.91 v gen_col[0].u_pe_col/gen_pe[10].u_pe/_4936_/X (sky130_fd_sc_hd__maj3_1)
   0.38   37.30 v gen_col[0].u_pe_col/gen_pe[10].u_pe/_4939_/X (sky130_fd_sc_hd__maj3_1)
   0.28   37.58 ^ gen_col[0].u_pe_col/gen_pe[10].u_pe/_4943_/Y (sky130_fd_sc_hd__a211oi_1)
   0.19   37.77 v gen_col[0].u_pe_col/gen_pe[10].u_pe/_4946_/Y (sky130_fd_sc_hd__o311ai_0)
   0.35   38.12 ^ gen_col[0].u_pe_col/gen_pe[10].u_pe/_4949_/Y (sky130_fd_sc_hd__a311oi_1)
   0.14   38.25 v gen_col[0].u_pe_col/gen_pe[10].u_pe/_4951_/Y (sky130_fd_sc_hd__o31ai_1)
   0.39   38.65 v gen_col[0].u_pe_col/gen_pe[10].u_pe/_4953_/X (sky130_fd_sc_hd__maj3_1)
   0.39   39.03 v gen_col[0].u_pe_col/gen_pe[10].u_pe/_4955_/X (sky130_fd_sc_hd__maj3_1)
   0.39   39.43 v gen_col[0].u_pe_col/gen_pe[10].u_pe/_4958_/X (sky130_fd_sc_hd__maj3_1)
   0.38   39.81 v gen_col[0].u_pe_col/gen_pe[10].u_pe/_4960_/X (sky130_fd_sc_hd__maj3_1)
   0.16   39.97 v gen_col[0].u_pe_col/gen_pe[10].u_pe/_4963_/X (sky130_fd_sc_hd__and2_0)
   0.19   40.15 v gen_col[0].u_pe_col/gen_pe[10].u_pe/_4965_/X (sky130_fd_sc_hd__o21a_1)
   0.30   40.45 v gen_col[0].u_pe_col/gen_pe[10].u_pe/_4969_/X (sky130_fd_sc_hd__o311a_1)
   0.19   40.64 v gen_col[0].u_pe_col/gen_pe[10].u_pe/_4971_/X (sky130_fd_sc_hd__o21a_1)
   0.19   40.82 v gen_col[0].u_pe_col/gen_pe[10].u_pe/_4973_/X (sky130_fd_sc_hd__o21a_1)
   0.19   41.01 v gen_col[0].u_pe_col/gen_pe[10].u_pe/_4975_/X (sky130_fd_sc_hd__o21a_1)
   0.19   41.20 v gen_col[0].u_pe_col/gen_pe[10].u_pe/_4977_/X (sky130_fd_sc_hd__o21a_1)
   0.18   41.38 v gen_col[0].u_pe_col/gen_pe[10].u_pe/_4979_/X (sky130_fd_sc_hd__o21a_1)
   0.23   41.61 ^ gen_col[0].u_pe_col/gen_pe[10].u_pe/_4988_/Y (sky130_fd_sc_hd__o21ai_0)
   0.18   41.79 ^ gen_col[0].u_pe_col/gen_pe[10].u_pe/_5291_/X (sky130_fd_sc_hd__a31o_1)
   0.06   41.84 v gen_col[0].u_pe_col/gen_pe[10].u_pe/_5292_/Y (sky130_fd_sc_hd__o21ai_0)
   0.00   41.84 v gen_col[0].u_pe_col/gen_pe[10].u_pe/_5433_/D (sky130_fd_sc_hd__dfrtp_1)
          41.84   data arrival time

  20.00   20.00   clock clk (rise edge)
   0.00   20.00   clock network delay (ideal)
   0.00   20.00   clock reconvergence pessimism
          20.00 ^ gen_col[0].u_pe_col/gen_pe[10].u_pe/_5433_/CLK (sky130_fd_sc_hd__dfrtp_1)
  -0.24   19.76   library setup time
          19.76   data required time
---------------------------------------------------------
          19.76   data required time
         -41.84   data arrival time
---------------------------------------------------------
         -22.08   slack (VIOLATED)


Startpoint: gen_col[0].u_pe_col/gen_pe[11].u_pe/_5301_
            (rising edge-triggered flip-flop clocked by clk)
Endpoint: gen_col[0].u_pe_col/gen_pe[11].u_pe/_5433_
          (rising edge-triggered flip-flop clocked by clk)
Path Group: clk
Path Type: max

  Delay    Time   Description
---------------------------------------------------------
   0.00    0.00   clock clk (rise edge)
   0.00    0.00   clock network delay (ideal)
   0.00    0.00 ^ gen_col[0].u_pe_col/gen_pe[11].u_pe/_5301_/CLK (sky130_fd_sc_hd__dfrtp_1)
   0.39    0.39 ^ gen_col[0].u_pe_col/gen_pe[11].u_pe/_5301_/Q (sky130_fd_sc_hd__dfrtp_1)
  10.75   11.13 ^ gen_col[0].u_pe_col/gen_pe[11].u_pe/_3612_/X (sky130_fd_sc_hd__and2_0)
   1.39   12.52 v gen_col[0].u_pe_col/gen_pe[11].u_pe/_4673_/Y (sky130_fd_sc_hd__xnor2_1)
   0.96   13.48 v gen_col[0].u_pe_col/gen_pe[11].u_pe/_4690_/X (sky130_fd_sc_hd__xor3_1)
   0.18   13.67 v gen_col[0].u_pe_col/gen_pe[11].u_pe/_4702_/Y (sky130_fd_sc_hd__xnor2_1)
   0.40   14.07 v gen_col[0].u_pe_col/gen_pe[11].u_pe/_4728_/X (sky130_fd_sc_hd__maj3_1)
   0.39   14.46 v gen_col[0].u_pe_col/gen_pe[11].u_pe/_4731_/X (sky130_fd_sc_hd__maj3_1)
   0.39   14.85 v gen_col[0].u_pe_col/gen_pe[11].u_pe/_4733_/X (sky130_fd_sc_hd__maj3_1)
   0.39   15.24 v gen_col[0].u_pe_col/gen_pe[11].u_pe/_4735_/X (sky130_fd_sc_hd__maj3_1)
   0.39   15.63 v gen_col[0].u_pe_col/gen_pe[11].u_pe/_4738_/X (sky130_fd_sc_hd__maj3_1)
   0.39   16.01 v gen_col[0].u_pe_col/gen_pe[11].u_pe/_4741_/X (sky130_fd_sc_hd__maj3_1)
   0.39   16.40 v gen_col[0].u_pe_col/gen_pe[11].u_pe/_4744_/X (sky130_fd_sc_hd__maj3_1)
   0.39   16.79 v gen_col[0].u_pe_col/gen_pe[11].u_pe/_4747_/X (sky130_fd_sc_hd__maj3_1)
   0.39   17.18 v gen_col[0].u_pe_col/gen_pe[11].u_pe/_4750_/X (sky130_fd_sc_hd__maj3_1)
   0.39   17.56 v gen_col[0].u_pe_col/gen_pe[11].u_pe/_4753_/X (sky130_fd_sc_hd__maj3_1)
   0.39   17.95 v gen_col[0].u_pe_col/gen_pe[11].u_pe/_4756_/X (sky130_fd_sc_hd__maj3_1)
   0.39   18.34 v gen_col[0].u_pe_col/gen_pe[11].u_pe/_4759_/X (sky130_fd_sc_hd__maj3_1)
   0.39   18.73 v gen_col[0].u_pe_col/gen_pe[11].u_pe/_4762_/X (sky130_fd_sc_hd__maj3_1)
   0.39   19.12 v gen_col[0].u_pe_col/gen_pe[11].u_pe/_4765_/X (sky130_fd_sc_hd__maj3_1)
   0.39   19.50 v gen_col[0].u_pe_col/gen_pe[11].u_pe/_4768_/X (sky130_fd_sc_hd__maj3_1)
   0.39   19.89 v gen_col[0].u_pe_col/gen_pe[11].u_pe/_4771_/X (sky130_fd_sc_hd__maj3_1)
   0.38   20.27 v gen_col[0].u_pe_col/gen_pe[11].u_pe/_4774_/X (sky130_fd_sc_hd__maj3_1)
   0.31   20.59 ^ gen_col[0].u_pe_col/gen_pe[11].u_pe/_4778_/Y (sky130_fd_sc_hd__a211oi_1)
   0.14   20.73 v gen_col[0].u_pe_col/gen_pe[11].u_pe/_4780_/Y (sky130_fd_sc_hd__o31ai_1)
   0.41   21.14 v gen_col[0].u_pe_col/gen_pe[11].u_pe/_4782_/X (sky130_fd_sc_hd__maj3_1)
   0.28   21.42 ^ gen_col[0].u_pe_col/gen_pe[11].u_pe/_4785_/Y (sky130_fd_sc_hd__a211oi_1)
   0.19   21.61 v gen_col[0].u_pe_col/gen_pe[11].u_pe/_4788_/Y (sky130_fd_sc_hd__o311ai_0)
   0.33   21.94 ^ gen_col[0].u_pe_col/gen_pe[11].u_pe/_4791_/Y (sky130_fd_sc_hd__a311oi_1)
   0.13   22.07 v gen_col[0].u_pe_col/gen_pe[11].u_pe/_4793_/Y (sky130_fd_sc_hd__o31ai_1)
   0.40   22.47 v gen_col[0].u_pe_col/gen_pe[11].u_pe/_4795_/X (sky130_fd_sc_hd__maj3_1)
   0.39   22.86 v gen_col[0].u_pe_col/gen_pe[11].u_pe/_4797_/X (sky130_fd_sc_hd__maj3_1)
   0.39   23.25 v gen_col[0].u_pe_col/gen_pe[11].u_pe/_4800_/X (sky130_fd_sc_hd__maj3_1)
   0.39   23.64 v gen_col[0].u_pe_col/gen_pe[11].u_pe/_4803_/X (sky130_fd_sc_hd__maj3_1)
   0.40   24.04 v gen_col[0].u_pe_col/gen_pe[11].u_pe/_4806_/X (sky130_fd_sc_hd__maj3_1)
   0.26   24.30 ^ gen_col[0].u_pe_col/gen_pe[11].u_pe/_4809_/Y (sky130_fd_sc_hd__a211oi_1)
   0.13   24.43 v gen_col[0].u_pe_col/gen_pe[11].u_pe/_4811_/Y (sky130_fd_sc_hd__o31ai_1)
   0.41   24.84 v gen_col[0].u_pe_col/gen_pe[11].u_pe/_4813_/X (sky130_fd_sc_hd__maj3_1)
   0.26   25.11 ^ gen_col[0].u_pe_col/gen_pe[11].u_pe/_4816_/Y (sky130_fd_sc_hd__a211oi_1)
   0.19   25.30 v gen_col[0].u_pe_col/gen_pe[11].u_pe/_4819_/Y (sky130_fd_sc_hd__o311ai_0)
   0.27   25.57 ^ gen_col[0].u_pe_col/gen_pe[11].u_pe/_4821_/Y (sky130_fd_sc_hd__a31oi_1)
   0.25   25.82 ^ gen_col[0].u_pe_col/gen_pe[11].u_pe/_4823_/X (sky130_fd_sc_hd__maj3_1)
   0.21   26.03 ^ gen_col[0].u_pe_col/gen_pe[11].u_pe/_4825_/X (sky130_fd_sc_hd__maj3_1)
   0.22   26.25 ^ gen_col[0].u_pe_col/gen_pe[11].u_pe/_4827_/X (sky130_fd_sc_hd__maj3_1)
   0.13   26.38 v gen_col[0].u_pe_col/gen_pe[11].u_pe/_4832_/Y (sky130_fd_sc_hd__o211ai_1)
   0.32   26.71 ^ gen_col[0].u_pe_col/gen_pe[11].u_pe/_4835_/Y (sky130_fd_sc_hd__a311oi_1)
   0.19   26.90 v gen_col[0].u_pe_col/gen_pe[11].u_pe/_4838_/Y (sky130_fd_sc_hd__o311ai_0)
   0.39   27.29 ^ gen_col[0].u_pe_col/gen_pe[11].u_pe/_4841_/Y (sky130_fd_sc_hd__a311oi_1)
   0.20   27.49 v gen_col[0].u_pe_col/gen_pe[11].u_pe/_4844_/Y (sky130_fd_sc_hd__o311ai_0)
   0.35   27.84 ^ gen_col[0].u_pe_col/gen_pe[11].u_pe/_4847_/Y (sky130_fd_sc_hd__a311oi_1)
   0.17   28.01 v gen_col[0].u_pe_col/gen_pe[11].u_pe/_4850_/Y (sky130_fd_sc_hd__o311ai_0)
   0.27   28.28 ^ gen_col[0].u_pe_col/gen_pe[11].u_pe/_4852_/Y (sky130_fd_sc_hd__a31oi_1)
   0.25   28.53 ^ gen_col[0].u_pe_col/gen_pe[11].u_pe/_4854_/X (sky130_fd_sc_hd__maj3_1)
   0.21   28.74 ^ gen_col[0].u_pe_col/gen_pe[11].u_pe/_4856_/X (sky130_fd_sc_hd__maj3_1)
   0.21   28.95 ^ gen_col[0].u_pe_col/gen_pe[11].u_pe/_4858_/X (sky130_fd_sc_hd__maj3_1)
   0.21   29.16 ^ gen_col[0].u_pe_col/gen_pe[11].u_pe/_4860_/X (sky130_fd_sc_hd__maj3_1)
   0.22   29.38 ^ gen_col[0].u_pe_col/gen_pe[11].u_pe/_4862_/X (sky130_fd_sc_hd__maj3_1)
   0.13   29.51 v gen_col[0].u_pe_col/gen_pe[11].u_pe/_4866_/Y (sky130_fd_sc_hd__o211ai_1)
   0.22   29.73 ^ gen_col[0].u_pe_col/gen_pe[11].u_pe/_4868_/Y (sky130_fd_sc_hd__a31oi_1)
   0.23   29.95 ^ gen_col[0].u_pe_col/gen_pe[11].u_pe/_4871_/X (sky130_fd_sc_hd__maj3_1)
   0.15   30.10 v gen_col[0].u_pe_col/gen_pe[11].u_pe/_4876_/Y (sky130_fd_sc_hd__o221ai_1)
   0.36   30.46 ^ gen_col[0].u_pe_col/gen_pe[11].u_pe/_4879_/Y (sky130_fd_sc_hd__a311oi_1)
   0.20   30.66 v gen_col[0].u_pe_col/gen_pe[11].u_pe/_4882_/Y (sky130_fd_sc_hd__o311ai_0)
   0.24   30.90 ^ gen_col[0].u_pe_col/gen_pe[11].u_pe/_4884_/Y (sky130_fd_sc_hd__a31oi_1)
   0.23   31.13 ^ gen_col[0].u_pe_col/gen_pe[11].u_pe/_4887_/X (sky130_fd_sc_hd__maj3_1)
   0.12   31.25 v gen_col[0].u_pe_col/gen_pe[11].u_pe/_4892_/Y (sky130_fd_sc_hd__o211ai_1)
   0.36   31.61 ^ gen_col[0].u_pe_col/gen_pe[11].u_pe/_4895_/Y (sky130_fd_sc_hd__a311oi_1)
   0.15   31.76 v gen_col[0].u_pe_col/gen_pe[11].u_pe/_4899_/Y (sky130_fd_sc_hd__o311ai_0)
   0.33   32.09 ^ gen_col[0].u_pe_col/gen_pe[11].u_pe/_4902_/Y (sky130_fd_sc_hd__a311oi_1)
   0.14   32.23 v gen_col[0].u_pe_col/gen_pe[11].u_pe/_4904_/Y (sky130_fd_sc_hd__o31ai_1)
   0.40   32.63 v gen_col[0].u_pe_col/gen_pe[11].u_pe/_4905_/X (sky130_fd_sc_hd__maj3_1)
   0.26   32.89 ^ gen_col[0].u_pe_col/gen_pe[11].u_pe/_4908_/Y (sky130_fd_sc_hd__a211oi_1)
   0.13   33.03 v gen_col[0].u_pe_col/gen_pe[11].u_pe/_4910_/Y (sky130_fd_sc_hd__o31ai_1)
   0.39   33.42 v gen_col[0].u_pe_col/gen_pe[11].u_pe/_4911_/X (sky130_fd_sc_hd__maj3_1)
   0.39   33.81 v gen_col[0].u_pe_col/gen_pe[11].u_pe/_4913_/X (sky130_fd_sc_hd__maj3_1)
   0.39   34.20 v gen_col[0].u_pe_col/gen_pe[11].u_pe/_4915_/X (sky130_fd_sc_hd__maj3_1)
   0.39   34.59 v gen_col[0].u_pe_col/gen_pe[11].u_pe/_4918_/X (sky130_fd_sc_hd__maj3_1)
   0.39   34.97 v gen_col[0].u_pe_col/gen_pe[11].u_pe/_4921_/X (sky130_fd_sc_hd__maj3_1)
   0.39   35.36 v gen_col[0].u_pe_col/gen_pe[11].u_pe/_4924_/X (sky130_fd_sc_hd__maj3_1)
   0.39   35.75 v gen_col[0].u_pe_col/gen_pe[11].u_pe/_4927_/X (sky130_fd_sc_hd__maj3_1)
   0.39   36.14 v gen_col[0].u_pe_col/gen_pe[11].u_pe/_4930_/X (sky130_fd_sc_hd__maj3_1)
   0.39   36.52 v gen_col[0].u_pe_col/gen_pe[11].u_pe/_4933_/X (sky130_fd_sc_hd__maj3_1)
   0.39   36.91 v gen_col[0].u_pe_col/gen_pe[11].u_pe/_4936_/X (sky130_fd_sc_hd__maj3_1)
   0.38   37.30 v gen_col[0].u_pe_col/gen_pe[11].u_pe/_4939_/X (sky130_fd_sc_hd__maj3_1)
   0.28   37.58 ^ gen_col[0].u_pe_col/gen_pe[11].u_pe/_4943_/Y (sky130_fd_sc_hd__a211oi_1)
   0.19   37.77 v gen_col[0].u_pe_col/gen_pe[11].u_pe/_4946_/Y (sky130_fd_sc_hd__o311ai_0)
   0.35   38.12 ^ gen_col[0].u_pe_col/gen_pe[11].u_pe/_4949_/Y (sky130_fd_sc_hd__a311oi_1)
   0.14   38.25 v gen_col[0].u_pe_col/gen_pe[11].u_pe/_4951_/Y (sky130_fd_sc_hd__o31ai_1)
   0.39   38.65 v gen_col[0].u_pe_col/gen_pe[11].u_pe/_4953_/X (sky130_fd_sc_hd__maj3_1)
   0.39   39.03 v gen_col[0].u_pe_col/gen_pe[11].u_pe/_4955_/X (sky130_fd_sc_hd__maj3_1)
   0.39   39.43 v gen_col[0].u_pe_col/gen_pe[11].u_pe/_4958_/X (sky130_fd_sc_hd__maj3_1)
   0.38   39.81 v gen_col[0].u_pe_col/gen_pe[11].u_pe/_4960_/X (sky130_fd_sc_hd__maj3_1)
   0.16   39.97 v gen_col[0].u_pe_col/gen_pe[11].u_pe/_4963_/X (sky130_fd_sc_hd__and2_0)
   0.19   40.15 v gen_col[0].u_pe_col/gen_pe[11].u_pe/_4965_/X (sky130_fd_sc_hd__o21a_1)
   0.30   40.45 v gen_col[0].u_pe_col/gen_pe[11].u_pe/_4969_/X (sky130_fd_sc_hd__o311a_1)
   0.19   40.64 v gen_col[0].u_pe_col/gen_pe[11].u_pe/_4971_/X (sky130_fd_sc_hd__o21a_1)
   0.19   40.82 v gen_col[0].u_pe_col/gen_pe[11].u_pe/_4973_/X (sky130_fd_sc_hd__o21a_1)
   0.19   41.01 v gen_col[0].u_pe_col/gen_pe[11].u_pe/_4975_/X (sky130_fd_sc_hd__o21a_1)
   0.19   41.20 v gen_col[0].u_pe_col/gen_pe[11].u_pe/_4977_/X (sky130_fd_sc_hd__o21a_1)
   0.18   41.38 v gen_col[0].u_pe_col/gen_pe[11].u_pe/_4979_/X (sky130_fd_sc_hd__o21a_1)
   0.23   41.61 ^ gen_col[0].u_pe_col/gen_pe[11].u_pe/_4988_/Y (sky130_fd_sc_hd__o21ai_0)
   0.18   41.79 ^ gen_col[0].u_pe_col/gen_pe[11].u_pe/_5291_/X (sky130_fd_sc_hd__a31o_1)
   0.06   41.84 v gen_col[0].u_pe_col/gen_pe[11].u_pe/_5292_/Y (sky130_fd_sc_hd__o21ai_0)
   0.00   41.84 v gen_col[0].u_pe_col/gen_pe[11].u_pe/_5433_/D (sky130_fd_sc_hd__dfrtp_1)
          41.84   data arrival time

  20.00   20.00   clock clk (rise edge)
   0.00   20.00   clock network delay (ideal)
   0.00   20.00   clock reconvergence pessimism
          20.00 ^ gen_col[0].u_pe_col/gen_pe[11].u_pe/_5433_/CLK (sky130_fd_sc_hd__dfrtp_1)
  -0.24   19.76   library setup time
          19.76   data required time
---------------------------------------------------------
          19.76   data required time
         -41.84   data arrival time
---------------------------------------------------------
         -22.08   slack (VIOLATED)


Startpoint: gen_col[0].u_pe_col/gen_pe[12].u_pe/_5301_
            (rising edge-triggered flip-flop clocked by clk)
Endpoint: gen_col[0].u_pe_col/gen_pe[12].u_pe/_5433_
          (rising edge-triggered flip-flop clocked by clk)
Path Group: clk
Path Type: max

  Delay    Time   Description
---------------------------------------------------------
   0.00    0.00   clock clk (rise edge)
   0.00    0.00   clock network delay (ideal)
   0.00    0.00 ^ gen_col[0].u_pe_col/gen_pe[12].u_pe/_5301_/CLK (sky130_fd_sc_hd__dfrtp_1)
   0.39    0.39 ^ gen_col[0].u_pe_col/gen_pe[12].u_pe/_5301_/Q (sky130_fd_sc_hd__dfrtp_1)
  10.75   11.13 ^ gen_col[0].u_pe_col/gen_pe[12].u_pe/_3612_/X (sky130_fd_sc_hd__and2_0)
   1.39   12.52 v gen_col[0].u_pe_col/gen_pe[12].u_pe/_4673_/Y (sky130_fd_sc_hd__xnor2_1)
   0.96   13.48 v gen_col[0].u_pe_col/gen_pe[12].u_pe/_4690_/X (sky130_fd_sc_hd__xor3_1)
   0.18   13.67 v gen_col[0].u_pe_col/gen_pe[12].u_pe/_4702_/Y (sky130_fd_sc_hd__xnor2_1)
   0.40   14.07 v gen_col[0].u_pe_col/gen_pe[12].u_pe/_4728_/X (sky130_fd_sc_hd__maj3_1)
   0.39   14.46 v gen_col[0].u_pe_col/gen_pe[12].u_pe/_4731_/X (sky130_fd_sc_hd__maj3_1)
   0.39   14.85 v gen_col[0].u_pe_col/gen_pe[12].u_pe/_4733_/X (sky130_fd_sc_hd__maj3_1)
   0.39   15.24 v gen_col[0].u_pe_col/gen_pe[12].u_pe/_4735_/X (sky130_fd_sc_hd__maj3_1)
   0.39   15.63 v gen_col[0].u_pe_col/gen_pe[12].u_pe/_4738_/X (sky130_fd_sc_hd__maj3_1)
   0.39   16.01 v gen_col[0].u_pe_col/gen_pe[12].u_pe/_4741_/X (sky130_fd_sc_hd__maj3_1)
   0.39   16.40 v gen_col[0].u_pe_col/gen_pe[12].u_pe/_4744_/X (sky130_fd_sc_hd__maj3_1)
   0.39   16.79 v gen_col[0].u_pe_col/gen_pe[12].u_pe/_4747_/X (sky130_fd_sc_hd__maj3_1)
   0.39   17.18 v gen_col[0].u_pe_col/gen_pe[12].u_pe/_4750_/X (sky130_fd_sc_hd__maj3_1)
   0.39   17.56 v gen_col[0].u_pe_col/gen_pe[12].u_pe/_4753_/X (sky130_fd_sc_hd__maj3_1)
   0.39   17.95 v gen_col[0].u_pe_col/gen_pe[12].u_pe/_4756_/X (sky130_fd_sc_hd__maj3_1)
   0.39   18.34 v gen_col[0].u_pe_col/gen_pe[12].u_pe/_4759_/X (sky130_fd_sc_hd__maj3_1)
   0.39   18.73 v gen_col[0].u_pe_col/gen_pe[12].u_pe/_4762_/X (sky130_fd_sc_hd__maj3_1)
   0.39   19.12 v gen_col[0].u_pe_col/gen_pe[12].u_pe/_4765_/X (sky130_fd_sc_hd__maj3_1)
   0.39   19.50 v gen_col[0].u_pe_col/gen_pe[12].u_pe/_4768_/X (sky130_fd_sc_hd__maj3_1)
   0.39   19.89 v gen_col[0].u_pe_col/gen_pe[12].u_pe/_4771_/X (sky130_fd_sc_hd__maj3_1)
   0.38   20.27 v gen_col[0].u_pe_col/gen_pe[12].u_pe/_4774_/X (sky130_fd_sc_hd__maj3_1)
   0.31   20.59 ^ gen_col[0].u_pe_col/gen_pe[12].u_pe/_4778_/Y (sky130_fd_sc_hd__a211oi_1)
   0.14   20.73 v gen_col[0].u_pe_col/gen_pe[12].u_pe/_4780_/Y (sky130_fd_sc_hd__o31ai_1)
   0.41   21.14 v gen_col[0].u_pe_col/gen_pe[12].u_pe/_4782_/X (sky130_fd_sc_hd__maj3_1)
   0.28   21.42 ^ gen_col[0].u_pe_col/gen_pe[12].u_pe/_4785_/Y (sky130_fd_sc_hd__a211oi_1)
   0.19   21.61 v gen_col[0].u_pe_col/gen_pe[12].u_pe/_4788_/Y (sky130_fd_sc_hd__o311ai_0)
   0.33   21.94 ^ gen_col[0].u_pe_col/gen_pe[12].u_pe/_4791_/Y (sky130_fd_sc_hd__a311oi_1)
   0.13   22.07 v gen_col[0].u_pe_col/gen_pe[12].u_pe/_4793_/Y (sky130_fd_sc_hd__o31ai_1)
   0.40   22.47 v gen_col[0].u_pe_col/gen_pe[12].u_pe/_4795_/X (sky130_fd_sc_hd__maj3_1)
   0.39   22.86 v gen_col[0].u_pe_col/gen_pe[12].u_pe/_4797_/X (sky130_fd_sc_hd__maj3_1)
   0.39   23.25 v gen_col[0].u_pe_col/gen_pe[12].u_pe/_4800_/X (sky130_fd_sc_hd__maj3_1)
   0.39   23.64 v gen_col[0].u_pe_col/gen_pe[12].u_pe/_4803_/X (sky130_fd_sc_hd__maj3_1)
   0.40   24.04 v gen_col[0].u_pe_col/gen_pe[12].u_pe/_4806_/X (sky130_fd_sc_hd__maj3_1)
   0.26   24.30 ^ gen_col[0].u_pe_col/gen_pe[12].u_pe/_4809_/Y (sky130_fd_sc_hd__a211oi_1)
   0.13   24.43 v gen_col[0].u_pe_col/gen_pe[12].u_pe/_4811_/Y (sky130_fd_sc_hd__o31ai_1)
   0.41   24.84 v gen_col[0].u_pe_col/gen_pe[12].u_pe/_4813_/X (sky130_fd_sc_hd__maj3_1)
   0.26   25.11 ^ gen_col[0].u_pe_col/gen_pe[12].u_pe/_4816_/Y (sky130_fd_sc_hd__a211oi_1)
   0.19   25.30 v gen_col[0].u_pe_col/gen_pe[12].u_pe/_4819_/Y (sky130_fd_sc_hd__o311ai_0)
   0.27   25.57 ^ gen_col[0].u_pe_col/gen_pe[12].u_pe/_4821_/Y (sky130_fd_sc_hd__a31oi_1)
   0.25   25.82 ^ gen_col[0].u_pe_col/gen_pe[12].u_pe/_4823_/X (sky130_fd_sc_hd__maj3_1)
   0.21   26.03 ^ gen_col[0].u_pe_col/gen_pe[12].u_pe/_4825_/X (sky130_fd_sc_hd__maj3_1)
   0.22   26.25 ^ gen_col[0].u_pe_col/gen_pe[12].u_pe/_4827_/X (sky130_fd_sc_hd__maj3_1)
   0.13   26.38 v gen_col[0].u_pe_col/gen_pe[12].u_pe/_4832_/Y (sky130_fd_sc_hd__o211ai_1)
   0.32   26.71 ^ gen_col[0].u_pe_col/gen_pe[12].u_pe/_4835_/Y (sky130_fd_sc_hd__a311oi_1)
   0.19   26.90 v gen_col[0].u_pe_col/gen_pe[12].u_pe/_4838_/Y (sky130_fd_sc_hd__o311ai_0)
   0.39   27.29 ^ gen_col[0].u_pe_col/gen_pe[12].u_pe/_4841_/Y (sky130_fd_sc_hd__a311oi_1)
   0.20   27.49 v gen_col[0].u_pe_col/gen_pe[12].u_pe/_4844_/Y (sky130_fd_sc_hd__o311ai_0)
   0.35   27.84 ^ gen_col[0].u_pe_col/gen_pe[12].u_pe/_4847_/Y (sky130_fd_sc_hd__a311oi_1)
   0.17   28.01 v gen_col[0].u_pe_col/gen_pe[12].u_pe/_4850_/Y (sky130_fd_sc_hd__o311ai_0)
   0.27   28.28 ^ gen_col[0].u_pe_col/gen_pe[12].u_pe/_4852_/Y (sky130_fd_sc_hd__a31oi_1)
   0.25   28.53 ^ gen_col[0].u_pe_col/gen_pe[12].u_pe/_4854_/X (sky130_fd_sc_hd__maj3_1)
   0.21   28.74 ^ gen_col[0].u_pe_col/gen_pe[12].u_pe/_4856_/X (sky130_fd_sc_hd__maj3_1)
   0.21   28.95 ^ gen_col[0].u_pe_col/gen_pe[12].u_pe/_4858_/X (sky130_fd_sc_hd__maj3_1)
   0.21   29.16 ^ gen_col[0].u_pe_col/gen_pe[12].u_pe/_4860_/X (sky130_fd_sc_hd__maj3_1)
   0.22   29.38 ^ gen_col[0].u_pe_col/gen_pe[12].u_pe/_4862_/X (sky130_fd_sc_hd__maj3_1)
   0.13   29.51 v gen_col[0].u_pe_col/gen_pe[12].u_pe/_4866_/Y (sky130_fd_sc_hd__o211ai_1)
   0.22   29.73 ^ gen_col[0].u_pe_col/gen_pe[12].u_pe/_4868_/Y (sky130_fd_sc_hd__a31oi_1)
   0.23   29.95 ^ gen_col[0].u_pe_col/gen_pe[12].u_pe/_4871_/X (sky130_fd_sc_hd__maj3_1)
   0.15   30.10 v gen_col[0].u_pe_col/gen_pe[12].u_pe/_4876_/Y (sky130_fd_sc_hd__o221ai_1)
   0.36   30.46 ^ gen_col[0].u_pe_col/gen_pe[12].u_pe/_4879_/Y (sky130_fd_sc_hd__a311oi_1)
   0.20   30.66 v gen_col[0].u_pe_col/gen_pe[12].u_pe/_4882_/Y (sky130_fd_sc_hd__o311ai_0)
   0.24   30.90 ^ gen_col[0].u_pe_col/gen_pe[12].u_pe/_4884_/Y (sky130_fd_sc_hd__a31oi_1)
   0.23   31.13 ^ gen_col[0].u_pe_col/gen_pe[12].u_pe/_4887_/X (sky130_fd_sc_hd__maj3_1)
   0.12   31.25 v gen_col[0].u_pe_col/gen_pe[12].u_pe/_4892_/Y (sky130_fd_sc_hd__o211ai_1)
   0.36   31.61 ^ gen_col[0].u_pe_col/gen_pe[12].u_pe/_4895_/Y (sky130_fd_sc_hd__a311oi_1)
   0.15   31.76 v gen_col[0].u_pe_col/gen_pe[12].u_pe/_4899_/Y (sky130_fd_sc_hd__o311ai_0)
   0.33   32.09 ^ gen_col[0].u_pe_col/gen_pe[12].u_pe/_4902_/Y (sky130_fd_sc_hd__a311oi_1)
   0.14   32.23 v gen_col[0].u_pe_col/gen_pe[12].u_pe/_4904_/Y (sky130_fd_sc_hd__o31ai_1)
   0.40   32.63 v gen_col[0].u_pe_col/gen_pe[12].u_pe/_4905_/X (sky130_fd_sc_hd__maj3_1)
   0.26   32.89 ^ gen_col[0].u_pe_col/gen_pe[12].u_pe/_4908_/Y (sky130_fd_sc_hd__a211oi_1)
   0.13   33.03 v gen_col[0].u_pe_col/gen_pe[12].u_pe/_4910_/Y (sky130_fd_sc_hd__o31ai_1)
   0.39   33.42 v gen_col[0].u_pe_col/gen_pe[12].u_pe/_4911_/X (sky130_fd_sc_hd__maj3_1)
   0.39   33.81 v gen_col[0].u_pe_col/gen_pe[12].u_pe/_4913_/X (sky130_fd_sc_hd__maj3_1)
   0.39   34.20 v gen_col[0].u_pe_col/gen_pe[12].u_pe/_4915_/X (sky130_fd_sc_hd__maj3_1)
   0.39   34.59 v gen_col[0].u_pe_col/gen_pe[12].u_pe/_4918_/X (sky130_fd_sc_hd__maj3_1)
   0.39   34.97 v gen_col[0].u_pe_col/gen_pe[12].u_pe/_4921_/X (sky130_fd_sc_hd__maj3_1)
   0.39   35.36 v gen_col[0].u_pe_col/gen_pe[12].u_pe/_4924_/X (sky130_fd_sc_hd__maj3_1)
   0.39   35.75 v gen_col[0].u_pe_col/gen_pe[12].u_pe/_4927_/X (sky130_fd_sc_hd__maj3_1)
   0.39   36.14 v gen_col[0].u_pe_col/gen_pe[12].u_pe/_4930_/X (sky130_fd_sc_hd__maj3_1)
   0.39   36.52 v gen_col[0].u_pe_col/gen_pe[12].u_pe/_4933_/X (sky130_fd_sc_hd__maj3_1)
   0.39   36.91 v gen_col[0].u_pe_col/gen_pe[12].u_pe/_4936_/X (sky130_fd_sc_hd__maj3_1)
   0.38   37.30 v gen_col[0].u_pe_col/gen_pe[12].u_pe/_4939_/X (sky130_fd_sc_hd__maj3_1)
   0.28   37.58 ^ gen_col[0].u_pe_col/gen_pe[12].u_pe/_4943_/Y (sky130_fd_sc_hd__a211oi_1)
   0.19   37.77 v gen_col[0].u_pe_col/gen_pe[12].u_pe/_4946_/Y (sky130_fd_sc_hd__o311ai_0)
   0.35   38.12 ^ gen_col[0].u_pe_col/gen_pe[12].u_pe/_4949_/Y (sky130_fd_sc_hd__a311oi_1)
   0.14   38.25 v gen_col[0].u_pe_col/gen_pe[12].u_pe/_4951_/Y (sky130_fd_sc_hd__o31ai_1)
   0.39   38.65 v gen_col[0].u_pe_col/gen_pe[12].u_pe/_4953_/X (sky130_fd_sc_hd__maj3_1)
   0.39   39.03 v gen_col[0].u_pe_col/gen_pe[12].u_pe/_4955_/X (sky130_fd_sc_hd__maj3_1)
   0.39   39.43 v gen_col[0].u_pe_col/gen_pe[12].u_pe/_4958_/X (sky130_fd_sc_hd__maj3_1)
   0.38   39.81 v gen_col[0].u_pe_col/gen_pe[12].u_pe/_4960_/X (sky130_fd_sc_hd__maj3_1)
   0.16   39.97 v gen_col[0].u_pe_col/gen_pe[12].u_pe/_4963_/X (sky130_fd_sc_hd__and2_0)
   0.19   40.15 v gen_col[0].u_pe_col/gen_pe[12].u_pe/_4965_/X (sky130_fd_sc_hd__o21a_1)
   0.30   40.45 v gen_col[0].u_pe_col/gen_pe[12].u_pe/_4969_/X (sky130_fd_sc_hd__o311a_1)
   0.19   40.64 v gen_col[0].u_pe_col/gen_pe[12].u_pe/_4971_/X (sky130_fd_sc_hd__o21a_1)
   0.19   40.82 v gen_col[0].u_pe_col/gen_pe[12].u_pe/_4973_/X (sky130_fd_sc_hd__o21a_1)
   0.19   41.01 v gen_col[0].u_pe_col/gen_pe[12].u_pe/_4975_/X (sky130_fd_sc_hd__o21a_1)
   0.19   41.20 v gen_col[0].u_pe_col/gen_pe[12].u_pe/_4977_/X (sky130_fd_sc_hd__o21a_1)
   0.18   41.38 v gen_col[0].u_pe_col/gen_pe[12].u_pe/_4979_/X (sky130_fd_sc_hd__o21a_1)
   0.23   41.61 ^ gen_col[0].u_pe_col/gen_pe[12].u_pe/_4988_/Y (sky130_fd_sc_hd__o21ai_0)
   0.18   41.79 ^ gen_col[0].u_pe_col/gen_pe[12].u_pe/_5291_/X (sky130_fd_sc_hd__a31o_1)
   0.06   41.84 v gen_col[0].u_pe_col/gen_pe[12].u_pe/_5292_/Y (sky130_fd_sc_hd__o21ai_0)
   0.00   41.84 v gen_col[0].u_pe_col/gen_pe[12].u_pe/_5433_/D (sky130_fd_sc_hd__dfrtp_1)
          41.84   data arrival time

  20.00   20.00   clock clk (rise edge)
   0.00   20.00   clock network delay (ideal)
   0.00   20.00   clock reconvergence pessimism
          20.00 ^ gen_col[0].u_pe_col/gen_pe[12].u_pe/_5433_/CLK (sky130_fd_sc_hd__dfrtp_1)
  -0.24   19.76   library setup time
          19.76   data required time
---------------------------------------------------------
          19.76   data required time
         -41.84   data arrival time
---------------------------------------------------------
         -22.08   slack (VIOLATED)


Startpoint: gen_col[0].u_pe_col/gen_pe[13].u_pe/_5301_
            (rising edge-triggered flip-flop clocked by clk)
Endpoint: gen_col[0].u_pe_col/gen_pe[13].u_pe/_5433_
          (rising edge-triggered flip-flop clocked by clk)
Path Group: clk
Path Type: max

  Delay    Time   Description
---------------------------------------------------------
   0.00    0.00   clock clk (rise edge)
   0.00    0.00   clock network delay (ideal)
   0.00    0.00 ^ gen_col[0].u_pe_col/gen_pe[13].u_pe/_5301_/CLK (sky130_fd_sc_hd__dfrtp_1)
   0.39    0.39 ^ gen_col[0].u_pe_col/gen_pe[13].u_pe/_5301_/Q (sky130_fd_sc_hd__dfrtp_1)
  10.75   11.13 ^ gen_col[0].u_pe_col/gen_pe[13].u_pe/_3612_/X (sky130_fd_sc_hd__and2_0)
   1.39   12.52 v gen_col[0].u_pe_col/gen_pe[13].u_pe/_4673_/Y (sky130_fd_sc_hd__xnor2_1)
   0.96   13.48 v gen_col[0].u_pe_col/gen_pe[13].u_pe/_4690_/X (sky130_fd_sc_hd__xor3_1)
   0.18   13.67 v gen_col[0].u_pe_col/gen_pe[13].u_pe/_4702_/Y (sky130_fd_sc_hd__xnor2_1)
   0.40   14.07 v gen_col[0].u_pe_col/gen_pe[13].u_pe/_4728_/X (sky130_fd_sc_hd__maj3_1)
   0.39   14.46 v gen_col[0].u_pe_col/gen_pe[13].u_pe/_4731_/X (sky130_fd_sc_hd__maj3_1)
   0.39   14.85 v gen_col[0].u_pe_col/gen_pe[13].u_pe/_4733_/X (sky130_fd_sc_hd__maj3_1)
   0.39   15.24 v gen_col[0].u_pe_col/gen_pe[13].u_pe/_4735_/X (sky130_fd_sc_hd__maj3_1)
   0.39   15.63 v gen_col[0].u_pe_col/gen_pe[13].u_pe/_4738_/X (sky130_fd_sc_hd__maj3_1)
   0.39   16.01 v gen_col[0].u_pe_col/gen_pe[13].u_pe/_4741_/X (sky130_fd_sc_hd__maj3_1)
   0.39   16.40 v gen_col[0].u_pe_col/gen_pe[13].u_pe/_4744_/X (sky130_fd_sc_hd__maj3_1)
   0.39   16.79 v gen_col[0].u_pe_col/gen_pe[13].u_pe/_4747_/X (sky130_fd_sc_hd__maj3_1)
   0.39   17.18 v gen_col[0].u_pe_col/gen_pe[13].u_pe/_4750_/X (sky130_fd_sc_hd__maj3_1)
   0.39   17.56 v gen_col[0].u_pe_col/gen_pe[13].u_pe/_4753_/X (sky130_fd_sc_hd__maj3_1)
   0.39   17.95 v gen_col[0].u_pe_col/gen_pe[13].u_pe/_4756_/X (sky130_fd_sc_hd__maj3_1)
   0.39   18.34 v gen_col[0].u_pe_col/gen_pe[13].u_pe/_4759_/X (sky130_fd_sc_hd__maj3_1)
   0.39   18.73 v gen_col[0].u_pe_col/gen_pe[13].u_pe/_4762_/X (sky130_fd_sc_hd__maj3_1)
   0.39   19.12 v gen_col[0].u_pe_col/gen_pe[13].u_pe/_4765_/X (sky130_fd_sc_hd__maj3_1)
   0.39   19.50 v gen_col[0].u_pe_col/gen_pe[13].u_pe/_4768_/X (sky130_fd_sc_hd__maj3_1)
   0.39   19.89 v gen_col[0].u_pe_col/gen_pe[13].u_pe/_4771_/X (sky130_fd_sc_hd__maj3_1)
   0.38   20.27 v gen_col[0].u_pe_col/gen_pe[13].u_pe/_4774_/X (sky130_fd_sc_hd__maj3_1)
   0.31   20.59 ^ gen_col[0].u_pe_col/gen_pe[13].u_pe/_4778_/Y (sky130_fd_sc_hd__a211oi_1)
   0.14   20.73 v gen_col[0].u_pe_col/gen_pe[13].u_pe/_4780_/Y (sky130_fd_sc_hd__o31ai_1)
   0.41   21.14 v gen_col[0].u_pe_col/gen_pe[13].u_pe/_4782_/X (sky130_fd_sc_hd__maj3_1)
   0.28   21.42 ^ gen_col[0].u_pe_col/gen_pe[13].u_pe/_4785_/Y (sky130_fd_sc_hd__a211oi_1)
   0.19   21.61 v gen_col[0].u_pe_col/gen_pe[13].u_pe/_4788_/Y (sky130_fd_sc_hd__o311ai_0)
   0.33   21.94 ^ gen_col[0].u_pe_col/gen_pe[13].u_pe/_4791_/Y (sky130_fd_sc_hd__a311oi_1)
   0.13   22.07 v gen_col[0].u_pe_col/gen_pe[13].u_pe/_4793_/Y (sky130_fd_sc_hd__o31ai_1)
   0.40   22.47 v gen_col[0].u_pe_col/gen_pe[13].u_pe/_4795_/X (sky130_fd_sc_hd__maj3_1)
   0.39   22.86 v gen_col[0].u_pe_col/gen_pe[13].u_pe/_4797_/X (sky130_fd_sc_hd__maj3_1)
   0.39   23.25 v gen_col[0].u_pe_col/gen_pe[13].u_pe/_4800_/X (sky130_fd_sc_hd__maj3_1)
   0.39   23.64 v gen_col[0].u_pe_col/gen_pe[13].u_pe/_4803_/X (sky130_fd_sc_hd__maj3_1)
   0.40   24.04 v gen_col[0].u_pe_col/gen_pe[13].u_pe/_4806_/X (sky130_fd_sc_hd__maj3_1)
   0.26   24.30 ^ gen_col[0].u_pe_col/gen_pe[13].u_pe/_4809_/Y (sky130_fd_sc_hd__a211oi_1)
   0.13   24.43 v gen_col[0].u_pe_col/gen_pe[13].u_pe/_4811_/Y (sky130_fd_sc_hd__o31ai_1)
   0.41   24.84 v gen_col[0].u_pe_col/gen_pe[13].u_pe/_4813_/X (sky130_fd_sc_hd__maj3_1)
   0.26   25.11 ^ gen_col[0].u_pe_col/gen_pe[13].u_pe/_4816_/Y (sky130_fd_sc_hd__a211oi_1)
   0.19   25.30 v gen_col[0].u_pe_col/gen_pe[13].u_pe/_4819_/Y (sky130_fd_sc_hd__o311ai_0)
   0.27   25.57 ^ gen_col[0].u_pe_col/gen_pe[13].u_pe/_4821_/Y (sky130_fd_sc_hd__a31oi_1)
   0.25   25.82 ^ gen_col[0].u_pe_col/gen_pe[13].u_pe/_4823_/X (sky130_fd_sc_hd__maj3_1)
   0.21   26.03 ^ gen_col[0].u_pe_col/gen_pe[13].u_pe/_4825_/X (sky130_fd_sc_hd__maj3_1)
   0.22   26.25 ^ gen_col[0].u_pe_col/gen_pe[13].u_pe/_4827_/X (sky130_fd_sc_hd__maj3_1)
   0.13   26.38 v gen_col[0].u_pe_col/gen_pe[13].u_pe/_4832_/Y (sky130_fd_sc_hd__o211ai_1)
   0.32   26.71 ^ gen_col[0].u_pe_col/gen_pe[13].u_pe/_4835_/Y (sky130_fd_sc_hd__a311oi_1)
   0.19   26.90 v gen_col[0].u_pe_col/gen_pe[13].u_pe/_4838_/Y (sky130_fd_sc_hd__o311ai_0)
   0.39   27.29 ^ gen_col[0].u_pe_col/gen_pe[13].u_pe/_4841_/Y (sky130_fd_sc_hd__a311oi_1)
   0.20   27.49 v gen_col[0].u_pe_col/gen_pe[13].u_pe/_4844_/Y (sky130_fd_sc_hd__o311ai_0)
   0.35   27.84 ^ gen_col[0].u_pe_col/gen_pe[13].u_pe/_4847_/Y (sky130_fd_sc_hd__a311oi_1)
   0.17   28.01 v gen_col[0].u_pe_col/gen_pe[13].u_pe/_4850_/Y (sky130_fd_sc_hd__o311ai_0)
   0.27   28.28 ^ gen_col[0].u_pe_col/gen_pe[13].u_pe/_4852_/Y (sky130_fd_sc_hd__a31oi_1)
   0.25   28.53 ^ gen_col[0].u_pe_col/gen_pe[13].u_pe/_4854_/X (sky130_fd_sc_hd__maj3_1)
   0.21   28.74 ^ gen_col[0].u_pe_col/gen_pe[13].u_pe/_4856_/X (sky130_fd_sc_hd__maj3_1)
   0.21   28.95 ^ gen_col[0].u_pe_col/gen_pe[13].u_pe/_4858_/X (sky130_fd_sc_hd__maj3_1)
   0.21   29.16 ^ gen_col[0].u_pe_col/gen_pe[13].u_pe/_4860_/X (sky130_fd_sc_hd__maj3_1)
   0.22   29.38 ^ gen_col[0].u_pe_col/gen_pe[13].u_pe/_4862_/X (sky130_fd_sc_hd__maj3_1)
   0.13   29.51 v gen_col[0].u_pe_col/gen_pe[13].u_pe/_4866_/Y (sky130_fd_sc_hd__o211ai_1)
   0.22   29.73 ^ gen_col[0].u_pe_col/gen_pe[13].u_pe/_4868_/Y (sky130_fd_sc_hd__a31oi_1)
   0.23   29.95 ^ gen_col[0].u_pe_col/gen_pe[13].u_pe/_4871_/X (sky130_fd_sc_hd__maj3_1)
   0.15   30.10 v gen_col[0].u_pe_col/gen_pe[13].u_pe/_4876_/Y (sky130_fd_sc_hd__o221ai_1)
   0.36   30.46 ^ gen_col[0].u_pe_col/gen_pe[13].u_pe/_4879_/Y (sky130_fd_sc_hd__a311oi_1)
   0.20   30.66 v gen_col[0].u_pe_col/gen_pe[13].u_pe/_4882_/Y (sky130_fd_sc_hd__o311ai_0)
   0.24   30.90 ^ gen_col[0].u_pe_col/gen_pe[13].u_pe/_4884_/Y (sky130_fd_sc_hd__a31oi_1)
   0.23   31.13 ^ gen_col[0].u_pe_col/gen_pe[13].u_pe/_4887_/X (sky130_fd_sc_hd__maj3_1)
   0.12   31.25 v gen_col[0].u_pe_col/gen_pe[13].u_pe/_4892_/Y (sky130_fd_sc_hd__o211ai_1)
   0.36   31.61 ^ gen_col[0].u_pe_col/gen_pe[13].u_pe/_4895_/Y (sky130_fd_sc_hd__a311oi_1)
   0.15   31.76 v gen_col[0].u_pe_col/gen_pe[13].u_pe/_4899_/Y (sky130_fd_sc_hd__o311ai_0)
   0.33   32.09 ^ gen_col[0].u_pe_col/gen_pe[13].u_pe/_4902_/Y (sky130_fd_sc_hd__a311oi_1)
   0.14   32.23 v gen_col[0].u_pe_col/gen_pe[13].u_pe/_4904_/Y (sky130_fd_sc_hd__o31ai_1)
   0.40   32.63 v gen_col[0].u_pe_col/gen_pe[13].u_pe/_4905_/X (sky130_fd_sc_hd__maj3_1)
   0.26   32.89 ^ gen_col[0].u_pe_col/gen_pe[13].u_pe/_4908_/Y (sky130_fd_sc_hd__a211oi_1)
   0.13   33.03 v gen_col[0].u_pe_col/gen_pe[13].u_pe/_4910_/Y (sky130_fd_sc_hd__o31ai_1)
   0.39   33.42 v gen_col[0].u_pe_col/gen_pe[13].u_pe/_4911_/X (sky130_fd_sc_hd__maj3_1)
   0.39   33.81 v gen_col[0].u_pe_col/gen_pe[13].u_pe/_4913_/X (sky130_fd_sc_hd__maj3_1)
   0.39   34.20 v gen_col[0].u_pe_col/gen_pe[13].u_pe/_4915_/X (sky130_fd_sc_hd__maj3_1)
   0.39   34.59 v gen_col[0].u_pe_col/gen_pe[13].u_pe/_4918_/X (sky130_fd_sc_hd__maj3_1)
   0.39   34.97 v gen_col[0].u_pe_col/gen_pe[13].u_pe/_4921_/X (sky130_fd_sc_hd__maj3_1)
   0.39   35.36 v gen_col[0].u_pe_col/gen_pe[13].u_pe/_4924_/X (sky130_fd_sc_hd__maj3_1)
   0.39   35.75 v gen_col[0].u_pe_col/gen_pe[13].u_pe/_4927_/X (sky130_fd_sc_hd__maj3_1)
   0.39   36.14 v gen_col[0].u_pe_col/gen_pe[13].u_pe/_4930_/X (sky130_fd_sc_hd__maj3_1)
   0.39   36.52 v gen_col[0].u_pe_col/gen_pe[13].u_pe/_4933_/X (sky130_fd_sc_hd__maj3_1)
   0.39   36.91 v gen_col[0].u_pe_col/gen_pe[13].u_pe/_4936_/X (sky130_fd_sc_hd__maj3_1)
   0.38   37.30 v gen_col[0].u_pe_col/gen_pe[13].u_pe/_4939_/X (sky130_fd_sc_hd__maj3_1)
   0.28   37.58 ^ gen_col[0].u_pe_col/gen_pe[13].u_pe/_4943_/Y (sky130_fd_sc_hd__a211oi_1)
   0.19   37.77 v gen_col[0].u_pe_col/gen_pe[13].u_pe/_4946_/Y (sky130_fd_sc_hd__o311ai_0)
   0.35   38.12 ^ gen_col[0].u_pe_col/gen_pe[13].u_pe/_4949_/Y (sky130_fd_sc_hd__a311oi_1)
   0.14   38.25 v gen_col[0].u_pe_col/gen_pe[13].u_pe/_4951_/Y (sky130_fd_sc_hd__o31ai_1)
   0.39   38.65 v gen_col[0].u_pe_col/gen_pe[13].u_pe/_4953_/X (sky130_fd_sc_hd__maj3_1)
   0.39   39.03 v gen_col[0].u_pe_col/gen_pe[13].u_pe/_4955_/X (sky130_fd_sc_hd__maj3_1)
   0.39   39.43 v gen_col[0].u_pe_col/gen_pe[13].u_pe/_4958_/X (sky130_fd_sc_hd__maj3_1)
   0.38   39.81 v gen_col[0].u_pe_col/gen_pe[13].u_pe/_4960_/X (sky130_fd_sc_hd__maj3_1)
   0.16   39.97 v gen_col[0].u_pe_col/gen_pe[13].u_pe/_4963_/X (sky130_fd_sc_hd__and2_0)
   0.19   40.15 v gen_col[0].u_pe_col/gen_pe[13].u_pe/_4965_/X (sky130_fd_sc_hd__o21a_1)
   0.30   40.45 v gen_col[0].u_pe_col/gen_pe[13].u_pe/_4969_/X (sky130_fd_sc_hd__o311a_1)
   0.19   40.64 v gen_col[0].u_pe_col/gen_pe[13].u_pe/_4971_/X (sky130_fd_sc_hd__o21a_1)
   0.19   40.82 v gen_col[0].u_pe_col/gen_pe[13].u_pe/_4973_/X (sky130_fd_sc_hd__o21a_1)
   0.19   41.01 v gen_col[0].u_pe_col/gen_pe[13].u_pe/_4975_/X (sky130_fd_sc_hd__o21a_1)
   0.19   41.20 v gen_col[0].u_pe_col/gen_pe[13].u_pe/_4977_/X (sky130_fd_sc_hd__o21a_1)
   0.18   41.38 v gen_col[0].u_pe_col/gen_pe[13].u_pe/_4979_/X (sky130_fd_sc_hd__o21a_1)
   0.23   41.61 ^ gen_col[0].u_pe_col/gen_pe[13].u_pe/_4988_/Y (sky130_fd_sc_hd__o21ai_0)
   0.18   41.79 ^ gen_col[0].u_pe_col/gen_pe[13].u_pe/_5291_/X (sky130_fd_sc_hd__a31o_1)
   0.06   41.84 v gen_col[0].u_pe_col/gen_pe[13].u_pe/_5292_/Y (sky130_fd_sc_hd__o21ai_0)
   0.00   41.84 v gen_col[0].u_pe_col/gen_pe[13].u_pe/_5433_/D (sky130_fd_sc_hd__dfrtp_1)
          41.84   data arrival time

  20.00   20.00   clock clk (rise edge)
   0.00   20.00   clock network delay (ideal)
   0.00   20.00   clock reconvergence pessimism
          20.00 ^ gen_col[0].u_pe_col/gen_pe[13].u_pe/_5433_/CLK (sky130_fd_sc_hd__dfrtp_1)
  -0.24   19.76   library setup time
          19.76   data required time
---------------------------------------------------------
          19.76   data required time
         -41.84   data arrival time
---------------------------------------------------------
         -22.08   slack (VIOLATED)


Timing Analysis Completed.
