OpenSTA 3.1.0  Copyright (c) 2026, Parallax Software, Inc.
License GPLv3: GNU GPL version 3 <http://gnu.org/licenses/gpl.html>

This is free software, and you are free to change and redistribute it
under certain conditions; type `show_copying' for details. 
This program comes with ABSOLUTELY NO WARRANTY; for details type `show_warranty'.
Warning 503: timing.tcl line 1, report_checks -group_count is deprecated. Use -group_path_count instead.
Startpoint: gen_col[9].u_pe_col/gen_pe[0].u_pe/_8116_
            (rising edge-triggered flip-flop clocked by clk)
Endpoint: gen_col[10].u_pe_col/gen_pe[0].u_pe/_8251_
          (rising edge-triggered flip-flop clocked by clk)
Path Group: clk
Path Type: max

  Delay    Time   Description
---------------------------------------------------------
   0.00    0.00   clock clk (rise edge)
   0.00    0.00   clock network delay (ideal)
   0.00    0.00 ^ gen_col[9].u_pe_col/gen_pe[0].u_pe/_8116_/CLK (sky130_fd_sc_hd__dfrtp_1)
   0.45    0.45 v gen_col[9].u_pe_col/gen_pe[0].u_pe/_8116_/Q (sky130_fd_sc_hd__dfrtp_1)
   1.09    1.53 v gen_col[10].u_pe_col/gen_pe[0].u_pe/_5630_/X (sky130_fd_sc_hd__and3_1)
  10.88   12.41 ^ gen_col[10].u_pe_col/gen_pe[0].u_pe/_5632_/Y (sky130_fd_sc_hd__nor2_1)
   0.73   13.14 v gen_col[10].u_pe_col/gen_pe[0].u_pe/_7221_/Y (sky130_fd_sc_hd__xnor2_1)
   0.73   13.87 ^ gen_col[10].u_pe_col/gen_pe[0].u_pe/_7223_/X (sky130_fd_sc_hd__xor2_1)
   0.41   14.28 v gen_col[10].u_pe_col/gen_pe[0].u_pe/_7256_/X (sky130_fd_sc_hd__xnor3_1)
   0.11   14.39 ^ gen_col[10].u_pe_col/gen_pe[0].u_pe/_7257_/Y (sky130_fd_sc_hd__nor2_1)
   0.12   14.51 ^ gen_col[10].u_pe_col/gen_pe[0].u_pe/_7260_/Y (sky130_fd_sc_hd__nand2b_1)
   0.20   14.71 ^ gen_col[10].u_pe_col/gen_pe[0].u_pe/_7291_/X (sky130_fd_sc_hd__xor2_1)
   0.17   14.87 ^ gen_col[10].u_pe_col/gen_pe[0].u_pe/_7318_/Y (sky130_fd_sc_hd__xnor2_1)
   0.19   15.06 ^ gen_col[10].u_pe_col/gen_pe[0].u_pe/_7381_/Y (sky130_fd_sc_hd__xnor2_1)
   0.14   15.21 v gen_col[10].u_pe_col/gen_pe[0].u_pe/_7383_/Y (sky130_fd_sc_hd__a211oi_1)
   0.30   15.50 ^ gen_col[10].u_pe_col/gen_pe[0].u_pe/_7385_/Y (sky130_fd_sc_hd__o31ai_1)
   0.14   15.65 v gen_col[10].u_pe_col/gen_pe[0].u_pe/_7388_/Y (sky130_fd_sc_hd__a21oi_1)
   0.21   15.86 ^ gen_col[10].u_pe_col/gen_pe[0].u_pe/_7390_/Y (sky130_fd_sc_hd__o21bai_1)
   0.11   15.98 v gen_col[10].u_pe_col/gen_pe[0].u_pe/_7392_/Y (sky130_fd_sc_hd__a21oi_1)
   0.26   16.23 ^ gen_col[10].u_pe_col/gen_pe[0].u_pe/_7394_/Y (sky130_fd_sc_hd__o21ai_0)
   0.13   16.37 v gen_col[10].u_pe_col/gen_pe[0].u_pe/_7397_/Y (sky130_fd_sc_hd__a21oi_1)
   0.22   16.59 ^ gen_col[10].u_pe_col/gen_pe[0].u_pe/_7399_/Y (sky130_fd_sc_hd__o21bai_1)
   0.25   16.84 ^ gen_col[10].u_pe_col/gen_pe[0].u_pe/_7401_/X (sky130_fd_sc_hd__maj3_1)
   0.13   16.97 v gen_col[10].u_pe_col/gen_pe[0].u_pe/_7422_/Y (sky130_fd_sc_hd__a31oi_1)
   0.34   17.30 ^ gen_col[10].u_pe_col/gen_pe[0].u_pe/_7429_/Y (sky130_fd_sc_hd__o31ai_1)
   0.19   17.49 ^ gen_col[10].u_pe_col/gen_pe[0].u_pe/_7431_/X (sky130_fd_sc_hd__a21o_1)
   0.13   17.62 ^ gen_col[10].u_pe_col/gen_pe[0].u_pe/_7432_/X (sky130_fd_sc_hd__a21bo_1)
   0.13   17.75 ^ gen_col[10].u_pe_col/gen_pe[0].u_pe/_7434_/X (sky130_fd_sc_hd__a21o_1)
   0.13   17.88 ^ gen_col[10].u_pe_col/gen_pe[0].u_pe/_7436_/X (sky130_fd_sc_hd__a21o_1)
   0.13   18.01 ^ gen_col[10].u_pe_col/gen_pe[0].u_pe/_7440_/X (sky130_fd_sc_hd__a21o_1)
   0.13   18.15 ^ gen_col[10].u_pe_col/gen_pe[0].u_pe/_7442_/X (sky130_fd_sc_hd__a21o_1)
   0.13   18.28 ^ gen_col[10].u_pe_col/gen_pe[0].u_pe/_7444_/X (sky130_fd_sc_hd__a21o_1)
   0.09   18.38 v gen_col[10].u_pe_col/gen_pe[0].u_pe/_7445_/Y (sky130_fd_sc_hd__a21oi_1)
   0.26   18.64 ^ gen_col[10].u_pe_col/gen_pe[0].u_pe/_7448_/Y (sky130_fd_sc_hd__o21ai_0)
   0.16   18.79 v gen_col[10].u_pe_col/gen_pe[0].u_pe/_7452_/Y (sky130_fd_sc_hd__a22oi_1)
   0.39   19.19 v gen_col[10].u_pe_col/gen_pe[0].u_pe/_7454_/X (sky130_fd_sc_hd__maj3_1)
   0.40   19.59 v gen_col[10].u_pe_col/gen_pe[0].u_pe/_7456_/X (sky130_fd_sc_hd__maj3_1)
   0.38   19.97 ^ gen_col[10].u_pe_col/gen_pe[0].u_pe/_7469_/Y (sky130_fd_sc_hd__o32ai_1)
   0.19   20.16 ^ gen_col[10].u_pe_col/gen_pe[0].u_pe/_7471_/X (sky130_fd_sc_hd__a21o_1)
   0.13   20.29 ^ gen_col[10].u_pe_col/gen_pe[0].u_pe/_7473_/X (sky130_fd_sc_hd__a21o_1)
   0.06   20.35 v gen_col[10].u_pe_col/gen_pe[0].u_pe/_7484_/Y (sky130_fd_sc_hd__nand3_1)
   0.16   20.51 ^ gen_col[10].u_pe_col/gen_pe[0].u_pe/_7489_/Y (sky130_fd_sc_hd__a21oi_1)
   0.14   20.65 ^ gen_col[10].u_pe_col/gen_pe[0].u_pe/_7491_/X (sky130_fd_sc_hd__o21a_1)
   0.14   20.78 ^ gen_col[10].u_pe_col/gen_pe[0].u_pe/_7493_/X (sky130_fd_sc_hd__o21a_1)
   0.16   20.95 ^ gen_col[10].u_pe_col/gen_pe[0].u_pe/_7494_/X (sky130_fd_sc_hd__o21a_1)
   0.13   21.07 v gen_col[10].u_pe_col/gen_pe[0].u_pe/_7503_/Y (sky130_fd_sc_hd__o221ai_1)
   0.23   21.30 ^ gen_col[10].u_pe_col/gen_pe[0].u_pe/_7506_/Y (sky130_fd_sc_hd__a21oi_1)
   0.14   21.44 v gen_col[10].u_pe_col/gen_pe[0].u_pe/_7507_/Y (sky130_fd_sc_hd__o21ai_0)
   0.21   21.65 ^ gen_col[10].u_pe_col/gen_pe[0].u_pe/_7511_/Y (sky130_fd_sc_hd__a21oi_1)
   0.17   21.82 ^ gen_col[10].u_pe_col/gen_pe[0].u_pe/_7512_/X (sky130_fd_sc_hd__o21a_1)
   0.14   21.96 ^ gen_col[10].u_pe_col/gen_pe[0].u_pe/_7514_/X (sky130_fd_sc_hd__o21a_1)
   0.14   22.11 ^ gen_col[10].u_pe_col/gen_pe[0].u_pe/_7516_/X (sky130_fd_sc_hd__o21a_1)
   0.14   22.25 ^ gen_col[10].u_pe_col/gen_pe[0].u_pe/_7518_/X (sky130_fd_sc_hd__o21a_1)
   0.17   22.42 ^ gen_col[10].u_pe_col/gen_pe[0].u_pe/_7521_/X (sky130_fd_sc_hd__o311a_1)
   0.18   22.60 ^ gen_col[10].u_pe_col/gen_pe[0].u_pe/_7525_/X (sky130_fd_sc_hd__o311a_1)
   0.15   22.75 v gen_col[10].u_pe_col/gen_pe[0].u_pe/_7528_/Y (sky130_fd_sc_hd__o311ai_0)
   0.28   23.03 v gen_col[10].u_pe_col/gen_pe[0].u_pe/_7545_/X (sky130_fd_sc_hd__o22a_1)
   0.38   23.41 ^ gen_col[10].u_pe_col/gen_pe[0].u_pe/_7565_/Y (sky130_fd_sc_hd__o31ai_1)
   0.18   23.59 v gen_col[10].u_pe_col/gen_pe[0].u_pe/_7573_/Y (sky130_fd_sc_hd__a31oi_1)
   0.40   23.99 v gen_col[10].u_pe_col/gen_pe[0].u_pe/_7575_/X (sky130_fd_sc_hd__maj3_1)
   0.39   24.38 v gen_col[10].u_pe_col/gen_pe[0].u_pe/_7578_/X (sky130_fd_sc_hd__maj3_1)
   0.39   24.77 v gen_col[10].u_pe_col/gen_pe[0].u_pe/_7581_/X (sky130_fd_sc_hd__maj3_1)
   0.39   25.15 v gen_col[10].u_pe_col/gen_pe[0].u_pe/_7582_/X (sky130_fd_sc_hd__maj3_1)
   0.39   25.54 v gen_col[10].u_pe_col/gen_pe[0].u_pe/_7585_/X (sky130_fd_sc_hd__maj3_1)
   0.39   25.93 v gen_col[10].u_pe_col/gen_pe[0].u_pe/_7586_/X (sky130_fd_sc_hd__maj3_1)
   0.39   26.32 v gen_col[10].u_pe_col/gen_pe[0].u_pe/_7589_/X (sky130_fd_sc_hd__maj3_1)
   0.39   26.72 v gen_col[10].u_pe_col/gen_pe[0].u_pe/_7590_/X (sky130_fd_sc_hd__maj3_1)
   0.39   27.11 v gen_col[10].u_pe_col/gen_pe[0].u_pe/_7592_/X (sky130_fd_sc_hd__maj3_1)
   0.39   27.50 v gen_col[10].u_pe_col/gen_pe[0].u_pe/_7594_/X (sky130_fd_sc_hd__maj3_1)
   0.39   27.89 v gen_col[10].u_pe_col/gen_pe[0].u_pe/_7596_/X (sky130_fd_sc_hd__maj3_1)
   0.40   28.29 v gen_col[10].u_pe_col/gen_pe[0].u_pe/_7598_/X (sky130_fd_sc_hd__maj3_1)
   0.25   28.54 ^ gen_col[10].u_pe_col/gen_pe[0].u_pe/_7603_/Y (sky130_fd_sc_hd__o211ai_1)
   0.19   28.73 v gen_col[10].u_pe_col/gen_pe[0].u_pe/_7610_/Y (sky130_fd_sc_hd__a41oi_1)
   0.40   29.13 v gen_col[10].u_pe_col/gen_pe[0].u_pe/_7612_/X (sky130_fd_sc_hd__maj3_1)
   0.16   29.29 v gen_col[10].u_pe_col/gen_pe[0].u_pe/_7614_/Y (sky130_fd_sc_hd__nand2b_1)
   0.24   29.53 ^ gen_col[10].u_pe_col/gen_pe[0].u_pe/_7622_/Y (sky130_fd_sc_hd__a21oi_1)
   0.19   29.71 v gen_col[10].u_pe_col/gen_pe[0].u_pe/_7630_/Y (sky130_fd_sc_hd__o311ai_0)
   0.42   30.14 ^ gen_col[10].u_pe_col/gen_pe[0].u_pe/_7634_/Y (sky130_fd_sc_hd__a311oi_1)
   0.17   30.31 v gen_col[10].u_pe_col/gen_pe[0].u_pe/_7638_/Y (sky130_fd_sc_hd__o21ai_0)
   0.30   30.61 ^ gen_col[10].u_pe_col/gen_pe[0].u_pe/_7645_/Y (sky130_fd_sc_hd__a211oi_1)
   0.14   30.75 v gen_col[10].u_pe_col/gen_pe[0].u_pe/_7648_/Y (sky130_fd_sc_hd__o31ai_1)
   0.34   31.08 ^ gen_col[10].u_pe_col/gen_pe[0].u_pe/_7652_/Y (sky130_fd_sc_hd__a21boi_0)
   0.14   31.23 v gen_col[10].u_pe_col/gen_pe[0].u_pe/_7659_/Y (sky130_fd_sc_hd__o211ai_1)
   0.20   31.42 v gen_col[10].u_pe_col/gen_pe[0].u_pe/_7663_/X (sky130_fd_sc_hd__a21bo_1)
   0.21   31.64 ^ gen_col[10].u_pe_col/gen_pe[0].u_pe/_7667_/Y (sky130_fd_sc_hd__a21boi_0)
   0.16   31.80 ^ gen_col[10].u_pe_col/gen_pe[0].u_pe/_7668_/X (sky130_fd_sc_hd__o21a_1)
   0.11   31.91 v gen_col[10].u_pe_col/gen_pe[0].u_pe/_7670_/Y (sky130_fd_sc_hd__o21ai_0)
   0.22   32.12 v gen_col[10].u_pe_col/gen_pe[0].u_pe/_7673_/X (sky130_fd_sc_hd__a21o_1)
   0.19   32.32 v gen_col[10].u_pe_col/gen_pe[0].u_pe/_7676_/X (sky130_fd_sc_hd__a21o_1)
   0.19   32.51 v gen_col[10].u_pe_col/gen_pe[0].u_pe/_7679_/X (sky130_fd_sc_hd__a21o_1)
   0.19   32.70 v gen_col[10].u_pe_col/gen_pe[0].u_pe/_7682_/X (sky130_fd_sc_hd__a21o_1)
   0.19   32.89 v gen_col[10].u_pe_col/gen_pe[0].u_pe/_7685_/X (sky130_fd_sc_hd__a21o_1)
   0.19   33.09 v gen_col[10].u_pe_col/gen_pe[0].u_pe/_7686_/X (sky130_fd_sc_hd__a21o_1)
   0.19   33.28 v gen_col[10].u_pe_col/gen_pe[0].u_pe/_7689_/X (sky130_fd_sc_hd__a21o_1)
   0.20   33.48 v gen_col[10].u_pe_col/gen_pe[0].u_pe/_7692_/X (sky130_fd_sc_hd__a21o_1)
   0.30   33.78 v gen_col[10].u_pe_col/gen_pe[0].u_pe/_7704_/X (sky130_fd_sc_hd__a211o_1)
   0.19   33.97 ^ gen_col[10].u_pe_col/gen_pe[0].u_pe/_7707_/Y (sky130_fd_sc_hd__a21oi_1)
   0.16   34.13 ^ gen_col[10].u_pe_col/gen_pe[0].u_pe/_7709_/X (sky130_fd_sc_hd__o21a_1)
   0.12   34.25 v gen_col[10].u_pe_col/gen_pe[0].u_pe/_7711_/Y (sky130_fd_sc_hd__o21ai_0)
   0.26   34.51 ^ gen_col[10].u_pe_col/gen_pe[0].u_pe/_7715_/Y (sky130_fd_sc_hd__a21boi_0)
   0.15   34.65 v gen_col[10].u_pe_col/gen_pe[0].u_pe/_7716_/Y (sky130_fd_sc_hd__o21ai_0)
   0.23   34.88 ^ gen_col[10].u_pe_col/gen_pe[0].u_pe/_7718_/Y (sky130_fd_sc_hd__a21oi_1)
   0.17   35.05 ^ gen_col[10].u_pe_col/gen_pe[0].u_pe/_7720_/X (sky130_fd_sc_hd__o21a_1)
   0.14   35.20 ^ gen_col[10].u_pe_col/gen_pe[0].u_pe/_7721_/X (sky130_fd_sc_hd__o21a_1)
   0.14   35.34 ^ gen_col[10].u_pe_col/gen_pe[0].u_pe/_7723_/X (sky130_fd_sc_hd__o21a_1)
   0.14   35.48 ^ gen_col[10].u_pe_col/gen_pe[0].u_pe/_7725_/X (sky130_fd_sc_hd__o21a_1)
   0.14   35.63 ^ gen_col[10].u_pe_col/gen_pe[0].u_pe/_7727_/X (sky130_fd_sc_hd__o21a_1)
   0.14   35.77 ^ gen_col[10].u_pe_col/gen_pe[0].u_pe/_7728_/X (sky130_fd_sc_hd__o21a_1)
   0.14   35.92 ^ gen_col[10].u_pe_col/gen_pe[0].u_pe/_7730_/X (sky130_fd_sc_hd__o21a_1)
   0.14   36.06 ^ gen_col[10].u_pe_col/gen_pe[0].u_pe/_7732_/X (sky130_fd_sc_hd__o21a_1)
   0.14   36.21 ^ gen_col[10].u_pe_col/gen_pe[0].u_pe/_7734_/X (sky130_fd_sc_hd__o21a_1)
   0.14   36.35 ^ gen_col[10].u_pe_col/gen_pe[0].u_pe/_7736_/X (sky130_fd_sc_hd__o21a_1)
   0.17   36.52 ^ gen_col[10].u_pe_col/gen_pe[0].u_pe/_7752_/X (sky130_fd_sc_hd__o21a_1)
   0.15   36.68 v gen_col[10].u_pe_col/gen_pe[0].u_pe/_7783_/Y (sky130_fd_sc_hd__o311ai_0)
   0.19   36.87 v gen_col[10].u_pe_col/gen_pe[0].u_pe/_8097_/X (sky130_fd_sc_hd__and3_1)
   0.17   37.03 ^ gen_col[10].u_pe_col/gen_pe[0].u_pe/_8098_/Y (sky130_fd_sc_hd__o31ai_1)
   0.00   37.03 ^ gen_col[10].u_pe_col/gen_pe[0].u_pe/_8251_/D (sky130_fd_sc_hd__dfrtp_1)
          37.03   data arrival time

  20.00   20.00   clock clk (rise edge)
   0.00   20.00   clock network delay (ideal)
   0.00   20.00   clock reconvergence pessimism
          20.00 ^ gen_col[10].u_pe_col/gen_pe[0].u_pe/_8251_/CLK (sky130_fd_sc_hd__dfrtp_1)
  -0.12   19.88   library setup time
          19.88   data required time
---------------------------------------------------------
          19.88   data required time
         -37.03   data arrival time
---------------------------------------------------------
         -17.16   slack (VIOLATED)


Startpoint: gen_col[10].u_pe_col/gen_pe[0].u_pe/_8116_
            (rising edge-triggered flip-flop clocked by clk)
Endpoint: gen_col[11].u_pe_col/gen_pe[0].u_pe/_8251_
          (rising edge-triggered flip-flop clocked by clk)
Path Group: clk
Path Type: max

  Delay    Time   Description
---------------------------------------------------------
   0.00    0.00   clock clk (rise edge)
   0.00    0.00   clock network delay (ideal)
   0.00    0.00 ^ gen_col[10].u_pe_col/gen_pe[0].u_pe/_8116_/CLK (sky130_fd_sc_hd__dfrtp_1)
   0.45    0.45 v gen_col[10].u_pe_col/gen_pe[0].u_pe/_8116_/Q (sky130_fd_sc_hd__dfrtp_1)
   1.09    1.53 v gen_col[11].u_pe_col/gen_pe[0].u_pe/_5630_/X (sky130_fd_sc_hd__and3_1)
  10.88   12.41 ^ gen_col[11].u_pe_col/gen_pe[0].u_pe/_5632_/Y (sky130_fd_sc_hd__nor2_1)
   0.73   13.14 v gen_col[11].u_pe_col/gen_pe[0].u_pe/_7221_/Y (sky130_fd_sc_hd__xnor2_1)
   0.73   13.87 ^ gen_col[11].u_pe_col/gen_pe[0].u_pe/_7223_/X (sky130_fd_sc_hd__xor2_1)
   0.41   14.28 v gen_col[11].u_pe_col/gen_pe[0].u_pe/_7256_/X (sky130_fd_sc_hd__xnor3_1)
   0.11   14.39 ^ gen_col[11].u_pe_col/gen_pe[0].u_pe/_7257_/Y (sky130_fd_sc_hd__nor2_1)
   0.12   14.51 ^ gen_col[11].u_pe_col/gen_pe[0].u_pe/_7260_/Y (sky130_fd_sc_hd__nand2b_1)
   0.20   14.71 ^ gen_col[11].u_pe_col/gen_pe[0].u_pe/_7291_/X (sky130_fd_sc_hd__xor2_1)
   0.17   14.87 ^ gen_col[11].u_pe_col/gen_pe[0].u_pe/_7318_/Y (sky130_fd_sc_hd__xnor2_1)
   0.19   15.06 ^ gen_col[11].u_pe_col/gen_pe[0].u_pe/_7381_/Y (sky130_fd_sc_hd__xnor2_1)
   0.14   15.21 v gen_col[11].u_pe_col/gen_pe[0].u_pe/_7383_/Y (sky130_fd_sc_hd__a211oi_1)
   0.30   15.50 ^ gen_col[11].u_pe_col/gen_pe[0].u_pe/_7385_/Y (sky130_fd_sc_hd__o31ai_1)
   0.14   15.65 v gen_col[11].u_pe_col/gen_pe[0].u_pe/_7388_/Y (sky130_fd_sc_hd__a21oi_1)
   0.21   15.86 ^ gen_col[11].u_pe_col/gen_pe[0].u_pe/_7390_/Y (sky130_fd_sc_hd__o21bai_1)
   0.11   15.98 v gen_col[11].u_pe_col/gen_pe[0].u_pe/_7392_/Y (sky130_fd_sc_hd__a21oi_1)
   0.26   16.23 ^ gen_col[11].u_pe_col/gen_pe[0].u_pe/_7394_/Y (sky130_fd_sc_hd__o21ai_0)
   0.13   16.37 v gen_col[11].u_pe_col/gen_pe[0].u_pe/_7397_/Y (sky130_fd_sc_hd__a21oi_1)
   0.22   16.59 ^ gen_col[11].u_pe_col/gen_pe[0].u_pe/_7399_/Y (sky130_fd_sc_hd__o21bai_1)
   0.25   16.84 ^ gen_col[11].u_pe_col/gen_pe[0].u_pe/_7401_/X (sky130_fd_sc_hd__maj3_1)
   0.13   16.97 v gen_col[11].u_pe_col/gen_pe[0].u_pe/_7422_/Y (sky130_fd_sc_hd__a31oi_1)
   0.34   17.30 ^ gen_col[11].u_pe_col/gen_pe[0].u_pe/_7429_/Y (sky130_fd_sc_hd__o31ai_1)
   0.19   17.49 ^ gen_col[11].u_pe_col/gen_pe[0].u_pe/_7431_/X (sky130_fd_sc_hd__a21o_1)
   0.13   17.62 ^ gen_col[11].u_pe_col/gen_pe[0].u_pe/_7432_/X (sky130_fd_sc_hd__a21bo_1)
   0.13   17.75 ^ gen_col[11].u_pe_col/gen_pe[0].u_pe/_7434_/X (sky130_fd_sc_hd__a21o_1)
   0.13   17.88 ^ gen_col[11].u_pe_col/gen_pe[0].u_pe/_7436_/X (sky130_fd_sc_hd__a21o_1)
   0.13   18.01 ^ gen_col[11].u_pe_col/gen_pe[0].u_pe/_7440_/X (sky130_fd_sc_hd__a21o_1)
   0.13   18.15 ^ gen_col[11].u_pe_col/gen_pe[0].u_pe/_7442_/X (sky130_fd_sc_hd__a21o_1)
   0.13   18.28 ^ gen_col[11].u_pe_col/gen_pe[0].u_pe/_7444_/X (sky130_fd_sc_hd__a21o_1)
   0.09   18.38 v gen_col[11].u_pe_col/gen_pe[0].u_pe/_7445_/Y (sky130_fd_sc_hd__a21oi_1)
   0.26   18.64 ^ gen_col[11].u_pe_col/gen_pe[0].u_pe/_7448_/Y (sky130_fd_sc_hd__o21ai_0)
   0.16   18.79 v gen_col[11].u_pe_col/gen_pe[0].u_pe/_7452_/Y (sky130_fd_sc_hd__a22oi_1)
   0.39   19.19 v gen_col[11].u_pe_col/gen_pe[0].u_pe/_7454_/X (sky130_fd_sc_hd__maj3_1)
   0.40   19.59 v gen_col[11].u_pe_col/gen_pe[0].u_pe/_7456_/X (sky130_fd_sc_hd__maj3_1)
   0.38   19.97 ^ gen_col[11].u_pe_col/gen_pe[0].u_pe/_7469_/Y (sky130_fd_sc_hd__o32ai_1)
   0.19   20.16 ^ gen_col[11].u_pe_col/gen_pe[0].u_pe/_7471_/X (sky130_fd_sc_hd__a21o_1)
   0.13   20.29 ^ gen_col[11].u_pe_col/gen_pe[0].u_pe/_7473_/X (sky130_fd_sc_hd__a21o_1)
   0.06   20.35 v gen_col[11].u_pe_col/gen_pe[0].u_pe/_7484_/Y (sky130_fd_sc_hd__nand3_1)
   0.16   20.51 ^ gen_col[11].u_pe_col/gen_pe[0].u_pe/_7489_/Y (sky130_fd_sc_hd__a21oi_1)
   0.14   20.65 ^ gen_col[11].u_pe_col/gen_pe[0].u_pe/_7491_/X (sky130_fd_sc_hd__o21a_1)
   0.14   20.78 ^ gen_col[11].u_pe_col/gen_pe[0].u_pe/_7493_/X (sky130_fd_sc_hd__o21a_1)
   0.16   20.95 ^ gen_col[11].u_pe_col/gen_pe[0].u_pe/_7494_/X (sky130_fd_sc_hd__o21a_1)
   0.13   21.07 v gen_col[11].u_pe_col/gen_pe[0].u_pe/_7503_/Y (sky130_fd_sc_hd__o221ai_1)
   0.23   21.30 ^ gen_col[11].u_pe_col/gen_pe[0].u_pe/_7506_/Y (sky130_fd_sc_hd__a21oi_1)
   0.14   21.44 v gen_col[11].u_pe_col/gen_pe[0].u_pe/_7507_/Y (sky130_fd_sc_hd__o21ai_0)
   0.21   21.65 ^ gen_col[11].u_pe_col/gen_pe[0].u_pe/_7511_/Y (sky130_fd_sc_hd__a21oi_1)
   0.17   21.82 ^ gen_col[11].u_pe_col/gen_pe[0].u_pe/_7512_/X (sky130_fd_sc_hd__o21a_1)
   0.14   21.96 ^ gen_col[11].u_pe_col/gen_pe[0].u_pe/_7514_/X (sky130_fd_sc_hd__o21a_1)
   0.14   22.11 ^ gen_col[11].u_pe_col/gen_pe[0].u_pe/_7516_/X (sky130_fd_sc_hd__o21a_1)
   0.14   22.25 ^ gen_col[11].u_pe_col/gen_pe[0].u_pe/_7518_/X (sky130_fd_sc_hd__o21a_1)
   0.17   22.42 ^ gen_col[11].u_pe_col/gen_pe[0].u_pe/_7521_/X (sky130_fd_sc_hd__o311a_1)
   0.18   22.60 ^ gen_col[11].u_pe_col/gen_pe[0].u_pe/_7525_/X (sky130_fd_sc_hd__o311a_1)
   0.15   22.75 v gen_col[11].u_pe_col/gen_pe[0].u_pe/_7528_/Y (sky130_fd_sc_hd__o311ai_0)
   0.28   23.03 v gen_col[11].u_pe_col/gen_pe[0].u_pe/_7545_/X (sky130_fd_sc_hd__o22a_1)
   0.38   23.41 ^ gen_col[11].u_pe_col/gen_pe[0].u_pe/_7565_/Y (sky130_fd_sc_hd__o31ai_1)
   0.18   23.59 v gen_col[11].u_pe_col/gen_pe[0].u_pe/_7573_/Y (sky130_fd_sc_hd__a31oi_1)
   0.40   23.99 v gen_col[11].u_pe_col/gen_pe[0].u_pe/_7575_/X (sky130_fd_sc_hd__maj3_1)
   0.39   24.38 v gen_col[11].u_pe_col/gen_pe[0].u_pe/_7578_/X (sky130_fd_sc_hd__maj3_1)
   0.39   24.77 v gen_col[11].u_pe_col/gen_pe[0].u_pe/_7581_/X (sky130_fd_sc_hd__maj3_1)
   0.39   25.15 v gen_col[11].u_pe_col/gen_pe[0].u_pe/_7582_/X (sky130_fd_sc_hd__maj3_1)
   0.39   25.54 v gen_col[11].u_pe_col/gen_pe[0].u_pe/_7585_/X (sky130_fd_sc_hd__maj3_1)
   0.39   25.93 v gen_col[11].u_pe_col/gen_pe[0].u_pe/_7586_/X (sky130_fd_sc_hd__maj3_1)
   0.39   26.32 v gen_col[11].u_pe_col/gen_pe[0].u_pe/_7589_/X (sky130_fd_sc_hd__maj3_1)
   0.39   26.72 v gen_col[11].u_pe_col/gen_pe[0].u_pe/_7590_/X (sky130_fd_sc_hd__maj3_1)
   0.39   27.11 v gen_col[11].u_pe_col/gen_pe[0].u_pe/_7592_/X (sky130_fd_sc_hd__maj3_1)
   0.39   27.50 v gen_col[11].u_pe_col/gen_pe[0].u_pe/_7594_/X (sky130_fd_sc_hd__maj3_1)
   0.39   27.89 v gen_col[11].u_pe_col/gen_pe[0].u_pe/_7596_/X (sky130_fd_sc_hd__maj3_1)
   0.40   28.29 v gen_col[11].u_pe_col/gen_pe[0].u_pe/_7598_/X (sky130_fd_sc_hd__maj3_1)
   0.25   28.54 ^ gen_col[11].u_pe_col/gen_pe[0].u_pe/_7603_/Y (sky130_fd_sc_hd__o211ai_1)
   0.19   28.73 v gen_col[11].u_pe_col/gen_pe[0].u_pe/_7610_/Y (sky130_fd_sc_hd__a41oi_1)
   0.40   29.13 v gen_col[11].u_pe_col/gen_pe[0].u_pe/_7612_/X (sky130_fd_sc_hd__maj3_1)
   0.16   29.29 v gen_col[11].u_pe_col/gen_pe[0].u_pe/_7614_/Y (sky130_fd_sc_hd__nand2b_1)
   0.24   29.53 ^ gen_col[11].u_pe_col/gen_pe[0].u_pe/_7622_/Y (sky130_fd_sc_hd__a21oi_1)
   0.19   29.71 v gen_col[11].u_pe_col/gen_pe[0].u_pe/_7630_/Y (sky130_fd_sc_hd__o311ai_0)
   0.42   30.14 ^ gen_col[11].u_pe_col/gen_pe[0].u_pe/_7634_/Y (sky130_fd_sc_hd__a311oi_1)
   0.17   30.31 v gen_col[11].u_pe_col/gen_pe[0].u_pe/_7638_/Y (sky130_fd_sc_hd__o21ai_0)
   0.30   30.61 ^ gen_col[11].u_pe_col/gen_pe[0].u_pe/_7645_/Y (sky130_fd_sc_hd__a211oi_1)
   0.14   30.75 v gen_col[11].u_pe_col/gen_pe[0].u_pe/_7648_/Y (sky130_fd_sc_hd__o31ai_1)
   0.34   31.08 ^ gen_col[11].u_pe_col/gen_pe[0].u_pe/_7652_/Y (sky130_fd_sc_hd__a21boi_0)
   0.14   31.23 v gen_col[11].u_pe_col/gen_pe[0].u_pe/_7659_/Y (sky130_fd_sc_hd__o211ai_1)
   0.20   31.42 v gen_col[11].u_pe_col/gen_pe[0].u_pe/_7663_/X (sky130_fd_sc_hd__a21bo_1)
   0.21   31.64 ^ gen_col[11].u_pe_col/gen_pe[0].u_pe/_7667_/Y (sky130_fd_sc_hd__a21boi_0)
   0.16   31.80 ^ gen_col[11].u_pe_col/gen_pe[0].u_pe/_7668_/X (sky130_fd_sc_hd__o21a_1)
   0.11   31.91 v gen_col[11].u_pe_col/gen_pe[0].u_pe/_7670_/Y (sky130_fd_sc_hd__o21ai_0)
   0.22   32.12 v gen_col[11].u_pe_col/gen_pe[0].u_pe/_7673_/X (sky130_fd_sc_hd__a21o_1)
   0.19   32.32 v gen_col[11].u_pe_col/gen_pe[0].u_pe/_7676_/X (sky130_fd_sc_hd__a21o_1)
   0.19   32.51 v gen_col[11].u_pe_col/gen_pe[0].u_pe/_7679_/X (sky130_fd_sc_hd__a21o_1)
   0.19   32.70 v gen_col[11].u_pe_col/gen_pe[0].u_pe/_7682_/X (sky130_fd_sc_hd__a21o_1)
   0.19   32.89 v gen_col[11].u_pe_col/gen_pe[0].u_pe/_7685_/X (sky130_fd_sc_hd__a21o_1)
   0.19   33.09 v gen_col[11].u_pe_col/gen_pe[0].u_pe/_7686_/X (sky130_fd_sc_hd__a21o_1)
   0.19   33.28 v gen_col[11].u_pe_col/gen_pe[0].u_pe/_7689_/X (sky130_fd_sc_hd__a21o_1)
   0.20   33.48 v gen_col[11].u_pe_col/gen_pe[0].u_pe/_7692_/X (sky130_fd_sc_hd__a21o_1)
   0.30   33.78 v gen_col[11].u_pe_col/gen_pe[0].u_pe/_7704_/X (sky130_fd_sc_hd__a211o_1)
   0.19   33.97 ^ gen_col[11].u_pe_col/gen_pe[0].u_pe/_7707_/Y (sky130_fd_sc_hd__a21oi_1)
   0.16   34.13 ^ gen_col[11].u_pe_col/gen_pe[0].u_pe/_7709_/X (sky130_fd_sc_hd__o21a_1)
   0.12   34.25 v gen_col[11].u_pe_col/gen_pe[0].u_pe/_7711_/Y (sky130_fd_sc_hd__o21ai_0)
   0.26   34.51 ^ gen_col[11].u_pe_col/gen_pe[0].u_pe/_7715_/Y (sky130_fd_sc_hd__a21boi_0)
   0.15   34.65 v gen_col[11].u_pe_col/gen_pe[0].u_pe/_7716_/Y (sky130_fd_sc_hd__o21ai_0)
   0.23   34.88 ^ gen_col[11].u_pe_col/gen_pe[0].u_pe/_7718_/Y (sky130_fd_sc_hd__a21oi_1)
   0.17   35.05 ^ gen_col[11].u_pe_col/gen_pe[0].u_pe/_7720_/X (sky130_fd_sc_hd__o21a_1)
   0.14   35.20 ^ gen_col[11].u_pe_col/gen_pe[0].u_pe/_7721_/X (sky130_fd_sc_hd__o21a_1)
   0.14   35.34 ^ gen_col[11].u_pe_col/gen_pe[0].u_pe/_7723_/X (sky130_fd_sc_hd__o21a_1)
   0.14   35.48 ^ gen_col[11].u_pe_col/gen_pe[0].u_pe/_7725_/X (sky130_fd_sc_hd__o21a_1)
   0.14   35.63 ^ gen_col[11].u_pe_col/gen_pe[0].u_pe/_7727_/X (sky130_fd_sc_hd__o21a_1)
   0.14   35.77 ^ gen_col[11].u_pe_col/gen_pe[0].u_pe/_7728_/X (sky130_fd_sc_hd__o21a_1)
   0.14   35.92 ^ gen_col[11].u_pe_col/gen_pe[0].u_pe/_7730_/X (sky130_fd_sc_hd__o21a_1)
   0.14   36.06 ^ gen_col[11].u_pe_col/gen_pe[0].u_pe/_7732_/X (sky130_fd_sc_hd__o21a_1)
   0.14   36.21 ^ gen_col[11].u_pe_col/gen_pe[0].u_pe/_7734_/X (sky130_fd_sc_hd__o21a_1)
   0.14   36.35 ^ gen_col[11].u_pe_col/gen_pe[0].u_pe/_7736_/X (sky130_fd_sc_hd__o21a_1)
   0.17   36.52 ^ gen_col[11].u_pe_col/gen_pe[0].u_pe/_7752_/X (sky130_fd_sc_hd__o21a_1)
   0.15   36.68 v gen_col[11].u_pe_col/gen_pe[0].u_pe/_7783_/Y (sky130_fd_sc_hd__o311ai_0)
   0.19   36.87 v gen_col[11].u_pe_col/gen_pe[0].u_pe/_8097_/X (sky130_fd_sc_hd__and3_1)
   0.17   37.03 ^ gen_col[11].u_pe_col/gen_pe[0].u_pe/_8098_/Y (sky130_fd_sc_hd__o31ai_1)
   0.00   37.03 ^ gen_col[11].u_pe_col/gen_pe[0].u_pe/_8251_/D (sky130_fd_sc_hd__dfrtp_1)
          37.03   data arrival time

  20.00   20.00   clock clk (rise edge)
   0.00   20.00   clock network delay (ideal)
   0.00   20.00   clock reconvergence pessimism
          20.00 ^ gen_col[11].u_pe_col/gen_pe[0].u_pe/_8251_/CLK (sky130_fd_sc_hd__dfrtp_1)
  -0.12   19.88   library setup time
          19.88   data required time
---------------------------------------------------------
          19.88   data required time
         -37.03   data arrival time
---------------------------------------------------------
         -17.16   slack (VIOLATED)


Startpoint: gen_col[11].u_pe_col/gen_pe[0].u_pe/_8116_
            (rising edge-triggered flip-flop clocked by clk)
Endpoint: gen_col[12].u_pe_col/gen_pe[0].u_pe/_8251_
          (rising edge-triggered flip-flop clocked by clk)
Path Group: clk
Path Type: max

  Delay    Time   Description
---------------------------------------------------------
   0.00    0.00   clock clk (rise edge)
   0.00    0.00   clock network delay (ideal)
   0.00    0.00 ^ gen_col[11].u_pe_col/gen_pe[0].u_pe/_8116_/CLK (sky130_fd_sc_hd__dfrtp_1)
   0.45    0.45 v gen_col[11].u_pe_col/gen_pe[0].u_pe/_8116_/Q (sky130_fd_sc_hd__dfrtp_1)
   1.09    1.53 v gen_col[12].u_pe_col/gen_pe[0].u_pe/_5630_/X (sky130_fd_sc_hd__and3_1)
  10.88   12.41 ^ gen_col[12].u_pe_col/gen_pe[0].u_pe/_5632_/Y (sky130_fd_sc_hd__nor2_1)
   0.73   13.14 v gen_col[12].u_pe_col/gen_pe[0].u_pe/_7221_/Y (sky130_fd_sc_hd__xnor2_1)
   0.73   13.87 ^ gen_col[12].u_pe_col/gen_pe[0].u_pe/_7223_/X (sky130_fd_sc_hd__xor2_1)
   0.41   14.28 v gen_col[12].u_pe_col/gen_pe[0].u_pe/_7256_/X (sky130_fd_sc_hd__xnor3_1)
   0.11   14.39 ^ gen_col[12].u_pe_col/gen_pe[0].u_pe/_7257_/Y (sky130_fd_sc_hd__nor2_1)
   0.12   14.51 ^ gen_col[12].u_pe_col/gen_pe[0].u_pe/_7260_/Y (sky130_fd_sc_hd__nand2b_1)
   0.20   14.71 ^ gen_col[12].u_pe_col/gen_pe[0].u_pe/_7291_/X (sky130_fd_sc_hd__xor2_1)
   0.17   14.87 ^ gen_col[12].u_pe_col/gen_pe[0].u_pe/_7318_/Y (sky130_fd_sc_hd__xnor2_1)
   0.19   15.06 ^ gen_col[12].u_pe_col/gen_pe[0].u_pe/_7381_/Y (sky130_fd_sc_hd__xnor2_1)
   0.14   15.21 v gen_col[12].u_pe_col/gen_pe[0].u_pe/_7383_/Y (sky130_fd_sc_hd__a211oi_1)
   0.30   15.50 ^ gen_col[12].u_pe_col/gen_pe[0].u_pe/_7385_/Y (sky130_fd_sc_hd__o31ai_1)
   0.14   15.65 v gen_col[12].u_pe_col/gen_pe[0].u_pe/_7388_/Y (sky130_fd_sc_hd__a21oi_1)
   0.21   15.86 ^ gen_col[12].u_pe_col/gen_pe[0].u_pe/_7390_/Y (sky130_fd_sc_hd__o21bai_1)
   0.11   15.98 v gen_col[12].u_pe_col/gen_pe[0].u_pe/_7392_/Y (sky130_fd_sc_hd__a21oi_1)
   0.26   16.23 ^ gen_col[12].u_pe_col/gen_pe[0].u_pe/_7394_/Y (sky130_fd_sc_hd__o21ai_0)
   0.13   16.37 v gen_col[12].u_pe_col/gen_pe[0].u_pe/_7397_/Y (sky130_fd_sc_hd__a21oi_1)
   0.22   16.59 ^ gen_col[12].u_pe_col/gen_pe[0].u_pe/_7399_/Y (sky130_fd_sc_hd__o21bai_1)
   0.25   16.84 ^ gen_col[12].u_pe_col/gen_pe[0].u_pe/_7401_/X (sky130_fd_sc_hd__maj3_1)
   0.13   16.97 v gen_col[12].u_pe_col/gen_pe[0].u_pe/_7422_/Y (sky130_fd_sc_hd__a31oi_1)
   0.34   17.30 ^ gen_col[12].u_pe_col/gen_pe[0].u_pe/_7429_/Y (sky130_fd_sc_hd__o31ai_1)
   0.19   17.49 ^ gen_col[12].u_pe_col/gen_pe[0].u_pe/_7431_/X (sky130_fd_sc_hd__a21o_1)
   0.13   17.62 ^ gen_col[12].u_pe_col/gen_pe[0].u_pe/_7432_/X (sky130_fd_sc_hd__a21bo_1)
   0.13   17.75 ^ gen_col[12].u_pe_col/gen_pe[0].u_pe/_7434_/X (sky130_fd_sc_hd__a21o_1)
   0.13   17.88 ^ gen_col[12].u_pe_col/gen_pe[0].u_pe/_7436_/X (sky130_fd_sc_hd__a21o_1)
   0.13   18.01 ^ gen_col[12].u_pe_col/gen_pe[0].u_pe/_7440_/X (sky130_fd_sc_hd__a21o_1)
   0.13   18.15 ^ gen_col[12].u_pe_col/gen_pe[0].u_pe/_7442_/X (sky130_fd_sc_hd__a21o_1)
   0.13   18.28 ^ gen_col[12].u_pe_col/gen_pe[0].u_pe/_7444_/X (sky130_fd_sc_hd__a21o_1)
   0.09   18.38 v gen_col[12].u_pe_col/gen_pe[0].u_pe/_7445_/Y (sky130_fd_sc_hd__a21oi_1)
   0.26   18.64 ^ gen_col[12].u_pe_col/gen_pe[0].u_pe/_7448_/Y (sky130_fd_sc_hd__o21ai_0)
   0.16   18.79 v gen_col[12].u_pe_col/gen_pe[0].u_pe/_7452_/Y (sky130_fd_sc_hd__a22oi_1)
   0.39   19.19 v gen_col[12].u_pe_col/gen_pe[0].u_pe/_7454_/X (sky130_fd_sc_hd__maj3_1)
   0.40   19.59 v gen_col[12].u_pe_col/gen_pe[0].u_pe/_7456_/X (sky130_fd_sc_hd__maj3_1)
   0.38   19.97 ^ gen_col[12].u_pe_col/gen_pe[0].u_pe/_7469_/Y (sky130_fd_sc_hd__o32ai_1)
   0.19   20.16 ^ gen_col[12].u_pe_col/gen_pe[0].u_pe/_7471_/X (sky130_fd_sc_hd__a21o_1)
   0.13   20.29 ^ gen_col[12].u_pe_col/gen_pe[0].u_pe/_7473_/X (sky130_fd_sc_hd__a21o_1)
   0.06   20.35 v gen_col[12].u_pe_col/gen_pe[0].u_pe/_7484_/Y (sky130_fd_sc_hd__nand3_1)
   0.16   20.51 ^ gen_col[12].u_pe_col/gen_pe[0].u_pe/_7489_/Y (sky130_fd_sc_hd__a21oi_1)
   0.14   20.65 ^ gen_col[12].u_pe_col/gen_pe[0].u_pe/_7491_/X (sky130_fd_sc_hd__o21a_1)
   0.14   20.78 ^ gen_col[12].u_pe_col/gen_pe[0].u_pe/_7493_/X (sky130_fd_sc_hd__o21a_1)
   0.16   20.95 ^ gen_col[12].u_pe_col/gen_pe[0].u_pe/_7494_/X (sky130_fd_sc_hd__o21a_1)
   0.13   21.07 v gen_col[12].u_pe_col/gen_pe[0].u_pe/_7503_/Y (sky130_fd_sc_hd__o221ai_1)
   0.23   21.30 ^ gen_col[12].u_pe_col/gen_pe[0].u_pe/_7506_/Y (sky130_fd_sc_hd__a21oi_1)
   0.14   21.44 v gen_col[12].u_pe_col/gen_pe[0].u_pe/_7507_/Y (sky130_fd_sc_hd__o21ai_0)
   0.21   21.65 ^ gen_col[12].u_pe_col/gen_pe[0].u_pe/_7511_/Y (sky130_fd_sc_hd__a21oi_1)
   0.17   21.82 ^ gen_col[12].u_pe_col/gen_pe[0].u_pe/_7512_/X (sky130_fd_sc_hd__o21a_1)
   0.14   21.96 ^ gen_col[12].u_pe_col/gen_pe[0].u_pe/_7514_/X (sky130_fd_sc_hd__o21a_1)
   0.14   22.11 ^ gen_col[12].u_pe_col/gen_pe[0].u_pe/_7516_/X (sky130_fd_sc_hd__o21a_1)
   0.14   22.25 ^ gen_col[12].u_pe_col/gen_pe[0].u_pe/_7518_/X (sky130_fd_sc_hd__o21a_1)
   0.17   22.42 ^ gen_col[12].u_pe_col/gen_pe[0].u_pe/_7521_/X (sky130_fd_sc_hd__o311a_1)
   0.18   22.60 ^ gen_col[12].u_pe_col/gen_pe[0].u_pe/_7525_/X (sky130_fd_sc_hd__o311a_1)
   0.15   22.75 v gen_col[12].u_pe_col/gen_pe[0].u_pe/_7528_/Y (sky130_fd_sc_hd__o311ai_0)
   0.28   23.03 v gen_col[12].u_pe_col/gen_pe[0].u_pe/_7545_/X (sky130_fd_sc_hd__o22a_1)
   0.38   23.41 ^ gen_col[12].u_pe_col/gen_pe[0].u_pe/_7565_/Y (sky130_fd_sc_hd__o31ai_1)
   0.18   23.59 v gen_col[12].u_pe_col/gen_pe[0].u_pe/_7573_/Y (sky130_fd_sc_hd__a31oi_1)
   0.40   23.99 v gen_col[12].u_pe_col/gen_pe[0].u_pe/_7575_/X (sky130_fd_sc_hd__maj3_1)
   0.39   24.38 v gen_col[12].u_pe_col/gen_pe[0].u_pe/_7578_/X (sky130_fd_sc_hd__maj3_1)
   0.39   24.77 v gen_col[12].u_pe_col/gen_pe[0].u_pe/_7581_/X (sky130_fd_sc_hd__maj3_1)
   0.39   25.15 v gen_col[12].u_pe_col/gen_pe[0].u_pe/_7582_/X (sky130_fd_sc_hd__maj3_1)
   0.39   25.54 v gen_col[12].u_pe_col/gen_pe[0].u_pe/_7585_/X (sky130_fd_sc_hd__maj3_1)
   0.39   25.93 v gen_col[12].u_pe_col/gen_pe[0].u_pe/_7586_/X (sky130_fd_sc_hd__maj3_1)
   0.39   26.32 v gen_col[12].u_pe_col/gen_pe[0].u_pe/_7589_/X (sky130_fd_sc_hd__maj3_1)
   0.39   26.72 v gen_col[12].u_pe_col/gen_pe[0].u_pe/_7590_/X (sky130_fd_sc_hd__maj3_1)
   0.39   27.11 v gen_col[12].u_pe_col/gen_pe[0].u_pe/_7592_/X (sky130_fd_sc_hd__maj3_1)
   0.39   27.50 v gen_col[12].u_pe_col/gen_pe[0].u_pe/_7594_/X (sky130_fd_sc_hd__maj3_1)
   0.39   27.89 v gen_col[12].u_pe_col/gen_pe[0].u_pe/_7596_/X (sky130_fd_sc_hd__maj3_1)
   0.40   28.29 v gen_col[12].u_pe_col/gen_pe[0].u_pe/_7598_/X (sky130_fd_sc_hd__maj3_1)
   0.25   28.54 ^ gen_col[12].u_pe_col/gen_pe[0].u_pe/_7603_/Y (sky130_fd_sc_hd__o211ai_1)
   0.19   28.73 v gen_col[12].u_pe_col/gen_pe[0].u_pe/_7610_/Y (sky130_fd_sc_hd__a41oi_1)
   0.40   29.13 v gen_col[12].u_pe_col/gen_pe[0].u_pe/_7612_/X (sky130_fd_sc_hd__maj3_1)
   0.16   29.29 v gen_col[12].u_pe_col/gen_pe[0].u_pe/_7614_/Y (sky130_fd_sc_hd__nand2b_1)
   0.24   29.53 ^ gen_col[12].u_pe_col/gen_pe[0].u_pe/_7622_/Y (sky130_fd_sc_hd__a21oi_1)
   0.19   29.71 v gen_col[12].u_pe_col/gen_pe[0].u_pe/_7630_/Y (sky130_fd_sc_hd__o311ai_0)
   0.42   30.14 ^ gen_col[12].u_pe_col/gen_pe[0].u_pe/_7634_/Y (sky130_fd_sc_hd__a311oi_1)
   0.17   30.31 v gen_col[12].u_pe_col/gen_pe[0].u_pe/_7638_/Y (sky130_fd_sc_hd__o21ai_0)
   0.30   30.61 ^ gen_col[12].u_pe_col/gen_pe[0].u_pe/_7645_/Y (sky130_fd_sc_hd__a211oi_1)
   0.14   30.75 v gen_col[12].u_pe_col/gen_pe[0].u_pe/_7648_/Y (sky130_fd_sc_hd__o31ai_1)
   0.34   31.08 ^ gen_col[12].u_pe_col/gen_pe[0].u_pe/_7652_/Y (sky130_fd_sc_hd__a21boi_0)
   0.14   31.23 v gen_col[12].u_pe_col/gen_pe[0].u_pe/_7659_/Y (sky130_fd_sc_hd__o211ai_1)
   0.20   31.42 v gen_col[12].u_pe_col/gen_pe[0].u_pe/_7663_/X (sky130_fd_sc_hd__a21bo_1)
   0.21   31.64 ^ gen_col[12].u_pe_col/gen_pe[0].u_pe/_7667_/Y (sky130_fd_sc_hd__a21boi_0)
   0.16   31.80 ^ gen_col[12].u_pe_col/gen_pe[0].u_pe/_7668_/X (sky130_fd_sc_hd__o21a_1)
   0.11   31.91 v gen_col[12].u_pe_col/gen_pe[0].u_pe/_7670_/Y (sky130_fd_sc_hd__o21ai_0)
   0.22   32.12 v gen_col[12].u_pe_col/gen_pe[0].u_pe/_7673_/X (sky130_fd_sc_hd__a21o_1)
   0.19   32.32 v gen_col[12].u_pe_col/gen_pe[0].u_pe/_7676_/X (sky130_fd_sc_hd__a21o_1)
   0.19   32.51 v gen_col[12].u_pe_col/gen_pe[0].u_pe/_7679_/X (sky130_fd_sc_hd__a21o_1)
   0.19   32.70 v gen_col[12].u_pe_col/gen_pe[0].u_pe/_7682_/X (sky130_fd_sc_hd__a21o_1)
   0.19   32.89 v gen_col[12].u_pe_col/gen_pe[0].u_pe/_7685_/X (sky130_fd_sc_hd__a21o_1)
   0.19   33.09 v gen_col[12].u_pe_col/gen_pe[0].u_pe/_7686_/X (sky130_fd_sc_hd__a21o_1)
   0.19   33.28 v gen_col[12].u_pe_col/gen_pe[0].u_pe/_7689_/X (sky130_fd_sc_hd__a21o_1)
   0.20   33.48 v gen_col[12].u_pe_col/gen_pe[0].u_pe/_7692_/X (sky130_fd_sc_hd__a21o_1)
   0.30   33.78 v gen_col[12].u_pe_col/gen_pe[0].u_pe/_7704_/X (sky130_fd_sc_hd__a211o_1)
   0.19   33.97 ^ gen_col[12].u_pe_col/gen_pe[0].u_pe/_7707_/Y (sky130_fd_sc_hd__a21oi_1)
   0.16   34.13 ^ gen_col[12].u_pe_col/gen_pe[0].u_pe/_7709_/X (sky130_fd_sc_hd__o21a_1)
   0.12   34.25 v gen_col[12].u_pe_col/gen_pe[0].u_pe/_7711_/Y (sky130_fd_sc_hd__o21ai_0)
   0.26   34.51 ^ gen_col[12].u_pe_col/gen_pe[0].u_pe/_7715_/Y (sky130_fd_sc_hd__a21boi_0)
   0.15   34.65 v gen_col[12].u_pe_col/gen_pe[0].u_pe/_7716_/Y (sky130_fd_sc_hd__o21ai_0)
   0.23   34.88 ^ gen_col[12].u_pe_col/gen_pe[0].u_pe/_7718_/Y (sky130_fd_sc_hd__a21oi_1)
   0.17   35.05 ^ gen_col[12].u_pe_col/gen_pe[0].u_pe/_7720_/X (sky130_fd_sc_hd__o21a_1)
   0.14   35.20 ^ gen_col[12].u_pe_col/gen_pe[0].u_pe/_7721_/X (sky130_fd_sc_hd__o21a_1)
   0.14   35.34 ^ gen_col[12].u_pe_col/gen_pe[0].u_pe/_7723_/X (sky130_fd_sc_hd__o21a_1)
   0.14   35.48 ^ gen_col[12].u_pe_col/gen_pe[0].u_pe/_7725_/X (sky130_fd_sc_hd__o21a_1)
   0.14   35.63 ^ gen_col[12].u_pe_col/gen_pe[0].u_pe/_7727_/X (sky130_fd_sc_hd__o21a_1)
   0.14   35.77 ^ gen_col[12].u_pe_col/gen_pe[0].u_pe/_7728_/X (sky130_fd_sc_hd__o21a_1)
   0.14   35.92 ^ gen_col[12].u_pe_col/gen_pe[0].u_pe/_7730_/X (sky130_fd_sc_hd__o21a_1)
   0.14   36.06 ^ gen_col[12].u_pe_col/gen_pe[0].u_pe/_7732_/X (sky130_fd_sc_hd__o21a_1)
   0.14   36.21 ^ gen_col[12].u_pe_col/gen_pe[0].u_pe/_7734_/X (sky130_fd_sc_hd__o21a_1)
   0.14   36.35 ^ gen_col[12].u_pe_col/gen_pe[0].u_pe/_7736_/X (sky130_fd_sc_hd__o21a_1)
   0.17   36.52 ^ gen_col[12].u_pe_col/gen_pe[0].u_pe/_7752_/X (sky130_fd_sc_hd__o21a_1)
   0.15   36.68 v gen_col[12].u_pe_col/gen_pe[0].u_pe/_7783_/Y (sky130_fd_sc_hd__o311ai_0)
   0.19   36.87 v gen_col[12].u_pe_col/gen_pe[0].u_pe/_8097_/X (sky130_fd_sc_hd__and3_1)
   0.17   37.03 ^ gen_col[12].u_pe_col/gen_pe[0].u_pe/_8098_/Y (sky130_fd_sc_hd__o31ai_1)
   0.00   37.03 ^ gen_col[12].u_pe_col/gen_pe[0].u_pe/_8251_/D (sky130_fd_sc_hd__dfrtp_1)
          37.03   data arrival time

  20.00   20.00   clock clk (rise edge)
   0.00   20.00   clock network delay (ideal)
   0.00   20.00   clock reconvergence pessimism
          20.00 ^ gen_col[12].u_pe_col/gen_pe[0].u_pe/_8251_/CLK (sky130_fd_sc_hd__dfrtp_1)
  -0.12   19.88   library setup time
          19.88   data required time
---------------------------------------------------------
          19.88   data required time
         -37.03   data arrival time
---------------------------------------------------------
         -17.16   slack (VIOLATED)


Startpoint: gen_col[12].u_pe_col/gen_pe[0].u_pe/_8116_
            (rising edge-triggered flip-flop clocked by clk)
Endpoint: gen_col[13].u_pe_col/gen_pe[0].u_pe/_8251_
          (rising edge-triggered flip-flop clocked by clk)
Path Group: clk
Path Type: max

  Delay    Time   Description
---------------------------------------------------------
   0.00    0.00   clock clk (rise edge)
   0.00    0.00   clock network delay (ideal)
   0.00    0.00 ^ gen_col[12].u_pe_col/gen_pe[0].u_pe/_8116_/CLK (sky130_fd_sc_hd__dfrtp_1)
   0.45    0.45 v gen_col[12].u_pe_col/gen_pe[0].u_pe/_8116_/Q (sky130_fd_sc_hd__dfrtp_1)
   1.09    1.53 v gen_col[13].u_pe_col/gen_pe[0].u_pe/_5630_/X (sky130_fd_sc_hd__and3_1)
  10.88   12.41 ^ gen_col[13].u_pe_col/gen_pe[0].u_pe/_5632_/Y (sky130_fd_sc_hd__nor2_1)
   0.73   13.14 v gen_col[13].u_pe_col/gen_pe[0].u_pe/_7221_/Y (sky130_fd_sc_hd__xnor2_1)
   0.73   13.87 ^ gen_col[13].u_pe_col/gen_pe[0].u_pe/_7223_/X (sky130_fd_sc_hd__xor2_1)
   0.41   14.28 v gen_col[13].u_pe_col/gen_pe[0].u_pe/_7256_/X (sky130_fd_sc_hd__xnor3_1)
   0.11   14.39 ^ gen_col[13].u_pe_col/gen_pe[0].u_pe/_7257_/Y (sky130_fd_sc_hd__nor2_1)
   0.12   14.51 ^ gen_col[13].u_pe_col/gen_pe[0].u_pe/_7260_/Y (sky130_fd_sc_hd__nand2b_1)
   0.20   14.71 ^ gen_col[13].u_pe_col/gen_pe[0].u_pe/_7291_/X (sky130_fd_sc_hd__xor2_1)
   0.17   14.87 ^ gen_col[13].u_pe_col/gen_pe[0].u_pe/_7318_/Y (sky130_fd_sc_hd__xnor2_1)
   0.19   15.06 ^ gen_col[13].u_pe_col/gen_pe[0].u_pe/_7381_/Y (sky130_fd_sc_hd__xnor2_1)
   0.14   15.21 v gen_col[13].u_pe_col/gen_pe[0].u_pe/_7383_/Y (sky130_fd_sc_hd__a211oi_1)
   0.30   15.50 ^ gen_col[13].u_pe_col/gen_pe[0].u_pe/_7385_/Y (sky130_fd_sc_hd__o31ai_1)
   0.14   15.65 v gen_col[13].u_pe_col/gen_pe[0].u_pe/_7388_/Y (sky130_fd_sc_hd__a21oi_1)
   0.21   15.86 ^ gen_col[13].u_pe_col/gen_pe[0].u_pe/_7390_/Y (sky130_fd_sc_hd__o21bai_1)
   0.11   15.98 v gen_col[13].u_pe_col/gen_pe[0].u_pe/_7392_/Y (sky130_fd_sc_hd__a21oi_1)
   0.26   16.23 ^ gen_col[13].u_pe_col/gen_pe[0].u_pe/_7394_/Y (sky130_fd_sc_hd__o21ai_0)
   0.13   16.37 v gen_col[13].u_pe_col/gen_pe[0].u_pe/_7397_/Y (sky130_fd_sc_hd__a21oi_1)
   0.22   16.59 ^ gen_col[13].u_pe_col/gen_pe[0].u_pe/_7399_/Y (sky130_fd_sc_hd__o21bai_1)
   0.25   16.84 ^ gen_col[13].u_pe_col/gen_pe[0].u_pe/_7401_/X (sky130_fd_sc_hd__maj3_1)
   0.13   16.97 v gen_col[13].u_pe_col/gen_pe[0].u_pe/_7422_/Y (sky130_fd_sc_hd__a31oi_1)
   0.34   17.30 ^ gen_col[13].u_pe_col/gen_pe[0].u_pe/_7429_/Y (sky130_fd_sc_hd__o31ai_1)
   0.19   17.49 ^ gen_col[13].u_pe_col/gen_pe[0].u_pe/_7431_/X (sky130_fd_sc_hd__a21o_1)
   0.13   17.62 ^ gen_col[13].u_pe_col/gen_pe[0].u_pe/_7432_/X (sky130_fd_sc_hd__a21bo_1)
   0.13   17.75 ^ gen_col[13].u_pe_col/gen_pe[0].u_pe/_7434_/X (sky130_fd_sc_hd__a21o_1)
   0.13   17.88 ^ gen_col[13].u_pe_col/gen_pe[0].u_pe/_7436_/X (sky130_fd_sc_hd__a21o_1)
   0.13   18.01 ^ gen_col[13].u_pe_col/gen_pe[0].u_pe/_7440_/X (sky130_fd_sc_hd__a21o_1)
   0.13   18.15 ^ gen_col[13].u_pe_col/gen_pe[0].u_pe/_7442_/X (sky130_fd_sc_hd__a21o_1)
   0.13   18.28 ^ gen_col[13].u_pe_col/gen_pe[0].u_pe/_7444_/X (sky130_fd_sc_hd__a21o_1)
   0.09   18.38 v gen_col[13].u_pe_col/gen_pe[0].u_pe/_7445_/Y (sky130_fd_sc_hd__a21oi_1)
   0.26   18.64 ^ gen_col[13].u_pe_col/gen_pe[0].u_pe/_7448_/Y (sky130_fd_sc_hd__o21ai_0)
   0.16   18.79 v gen_col[13].u_pe_col/gen_pe[0].u_pe/_7452_/Y (sky130_fd_sc_hd__a22oi_1)
   0.39   19.19 v gen_col[13].u_pe_col/gen_pe[0].u_pe/_7454_/X (sky130_fd_sc_hd__maj3_1)
   0.40   19.59 v gen_col[13].u_pe_col/gen_pe[0].u_pe/_7456_/X (sky130_fd_sc_hd__maj3_1)
   0.38   19.97 ^ gen_col[13].u_pe_col/gen_pe[0].u_pe/_7469_/Y (sky130_fd_sc_hd__o32ai_1)
   0.19   20.16 ^ gen_col[13].u_pe_col/gen_pe[0].u_pe/_7471_/X (sky130_fd_sc_hd__a21o_1)
   0.13   20.29 ^ gen_col[13].u_pe_col/gen_pe[0].u_pe/_7473_/X (sky130_fd_sc_hd__a21o_1)
   0.06   20.35 v gen_col[13].u_pe_col/gen_pe[0].u_pe/_7484_/Y (sky130_fd_sc_hd__nand3_1)
   0.16   20.51 ^ gen_col[13].u_pe_col/gen_pe[0].u_pe/_7489_/Y (sky130_fd_sc_hd__a21oi_1)
   0.14   20.65 ^ gen_col[13].u_pe_col/gen_pe[0].u_pe/_7491_/X (sky130_fd_sc_hd__o21a_1)
   0.14   20.78 ^ gen_col[13].u_pe_col/gen_pe[0].u_pe/_7493_/X (sky130_fd_sc_hd__o21a_1)
   0.16   20.95 ^ gen_col[13].u_pe_col/gen_pe[0].u_pe/_7494_/X (sky130_fd_sc_hd__o21a_1)
   0.13   21.07 v gen_col[13].u_pe_col/gen_pe[0].u_pe/_7503_/Y (sky130_fd_sc_hd__o221ai_1)
   0.23   21.30 ^ gen_col[13].u_pe_col/gen_pe[0].u_pe/_7506_/Y (sky130_fd_sc_hd__a21oi_1)
   0.14   21.44 v gen_col[13].u_pe_col/gen_pe[0].u_pe/_7507_/Y (sky130_fd_sc_hd__o21ai_0)
   0.21   21.65 ^ gen_col[13].u_pe_col/gen_pe[0].u_pe/_7511_/Y (sky130_fd_sc_hd__a21oi_1)
   0.17   21.82 ^ gen_col[13].u_pe_col/gen_pe[0].u_pe/_7512_/X (sky130_fd_sc_hd__o21a_1)
   0.14   21.96 ^ gen_col[13].u_pe_col/gen_pe[0].u_pe/_7514_/X (sky130_fd_sc_hd__o21a_1)
   0.14   22.11 ^ gen_col[13].u_pe_col/gen_pe[0].u_pe/_7516_/X (sky130_fd_sc_hd__o21a_1)
   0.14   22.25 ^ gen_col[13].u_pe_col/gen_pe[0].u_pe/_7518_/X (sky130_fd_sc_hd__o21a_1)
   0.17   22.42 ^ gen_col[13].u_pe_col/gen_pe[0].u_pe/_7521_/X (sky130_fd_sc_hd__o311a_1)
   0.18   22.60 ^ gen_col[13].u_pe_col/gen_pe[0].u_pe/_7525_/X (sky130_fd_sc_hd__o311a_1)
   0.15   22.75 v gen_col[13].u_pe_col/gen_pe[0].u_pe/_7528_/Y (sky130_fd_sc_hd__o311ai_0)
   0.28   23.03 v gen_col[13].u_pe_col/gen_pe[0].u_pe/_7545_/X (sky130_fd_sc_hd__o22a_1)
   0.38   23.41 ^ gen_col[13].u_pe_col/gen_pe[0].u_pe/_7565_/Y (sky130_fd_sc_hd__o31ai_1)
   0.18   23.59 v gen_col[13].u_pe_col/gen_pe[0].u_pe/_7573_/Y (sky130_fd_sc_hd__a31oi_1)
   0.40   23.99 v gen_col[13].u_pe_col/gen_pe[0].u_pe/_7575_/X (sky130_fd_sc_hd__maj3_1)
   0.39   24.38 v gen_col[13].u_pe_col/gen_pe[0].u_pe/_7578_/X (sky130_fd_sc_hd__maj3_1)
   0.39   24.77 v gen_col[13].u_pe_col/gen_pe[0].u_pe/_7581_/X (sky130_fd_sc_hd__maj3_1)
   0.39   25.15 v gen_col[13].u_pe_col/gen_pe[0].u_pe/_7582_/X (sky130_fd_sc_hd__maj3_1)
   0.39   25.54 v gen_col[13].u_pe_col/gen_pe[0].u_pe/_7585_/X (sky130_fd_sc_hd__maj3_1)
   0.39   25.93 v gen_col[13].u_pe_col/gen_pe[0].u_pe/_7586_/X (sky130_fd_sc_hd__maj3_1)
   0.39   26.32 v gen_col[13].u_pe_col/gen_pe[0].u_pe/_7589_/X (sky130_fd_sc_hd__maj3_1)
   0.39   26.72 v gen_col[13].u_pe_col/gen_pe[0].u_pe/_7590_/X (sky130_fd_sc_hd__maj3_1)
   0.39   27.11 v gen_col[13].u_pe_col/gen_pe[0].u_pe/_7592_/X (sky130_fd_sc_hd__maj3_1)
   0.39   27.50 v gen_col[13].u_pe_col/gen_pe[0].u_pe/_7594_/X (sky130_fd_sc_hd__maj3_1)
   0.39   27.89 v gen_col[13].u_pe_col/gen_pe[0].u_pe/_7596_/X (sky130_fd_sc_hd__maj3_1)
   0.40   28.29 v gen_col[13].u_pe_col/gen_pe[0].u_pe/_7598_/X (sky130_fd_sc_hd__maj3_1)
   0.25   28.54 ^ gen_col[13].u_pe_col/gen_pe[0].u_pe/_7603_/Y (sky130_fd_sc_hd__o211ai_1)
   0.19   28.73 v gen_col[13].u_pe_col/gen_pe[0].u_pe/_7610_/Y (sky130_fd_sc_hd__a41oi_1)
   0.40   29.13 v gen_col[13].u_pe_col/gen_pe[0].u_pe/_7612_/X (sky130_fd_sc_hd__maj3_1)
   0.16   29.29 v gen_col[13].u_pe_col/gen_pe[0].u_pe/_7614_/Y (sky130_fd_sc_hd__nand2b_1)
   0.24   29.53 ^ gen_col[13].u_pe_col/gen_pe[0].u_pe/_7622_/Y (sky130_fd_sc_hd__a21oi_1)
   0.19   29.71 v gen_col[13].u_pe_col/gen_pe[0].u_pe/_7630_/Y (sky130_fd_sc_hd__o311ai_0)
   0.42   30.14 ^ gen_col[13].u_pe_col/gen_pe[0].u_pe/_7634_/Y (sky130_fd_sc_hd__a311oi_1)
   0.17   30.31 v gen_col[13].u_pe_col/gen_pe[0].u_pe/_7638_/Y (sky130_fd_sc_hd__o21ai_0)
   0.30   30.61 ^ gen_col[13].u_pe_col/gen_pe[0].u_pe/_7645_/Y (sky130_fd_sc_hd__a211oi_1)
   0.14   30.75 v gen_col[13].u_pe_col/gen_pe[0].u_pe/_7648_/Y (sky130_fd_sc_hd__o31ai_1)
   0.34   31.08 ^ gen_col[13].u_pe_col/gen_pe[0].u_pe/_7652_/Y (sky130_fd_sc_hd__a21boi_0)
   0.14   31.23 v gen_col[13].u_pe_col/gen_pe[0].u_pe/_7659_/Y (sky130_fd_sc_hd__o211ai_1)
   0.20   31.42 v gen_col[13].u_pe_col/gen_pe[0].u_pe/_7663_/X (sky130_fd_sc_hd__a21bo_1)
   0.21   31.64 ^ gen_col[13].u_pe_col/gen_pe[0].u_pe/_7667_/Y (sky130_fd_sc_hd__a21boi_0)
   0.16   31.80 ^ gen_col[13].u_pe_col/gen_pe[0].u_pe/_7668_/X (sky130_fd_sc_hd__o21a_1)
   0.11   31.91 v gen_col[13].u_pe_col/gen_pe[0].u_pe/_7670_/Y (sky130_fd_sc_hd__o21ai_0)
   0.22   32.12 v gen_col[13].u_pe_col/gen_pe[0].u_pe/_7673_/X (sky130_fd_sc_hd__a21o_1)
   0.19   32.32 v gen_col[13].u_pe_col/gen_pe[0].u_pe/_7676_/X (sky130_fd_sc_hd__a21o_1)
   0.19   32.51 v gen_col[13].u_pe_col/gen_pe[0].u_pe/_7679_/X (sky130_fd_sc_hd__a21o_1)
   0.19   32.70 v gen_col[13].u_pe_col/gen_pe[0].u_pe/_7682_/X (sky130_fd_sc_hd__a21o_1)
   0.19   32.89 v gen_col[13].u_pe_col/gen_pe[0].u_pe/_7685_/X (sky130_fd_sc_hd__a21o_1)
   0.19   33.09 v gen_col[13].u_pe_col/gen_pe[0].u_pe/_7686_/X (sky130_fd_sc_hd__a21o_1)
   0.19   33.28 v gen_col[13].u_pe_col/gen_pe[0].u_pe/_7689_/X (sky130_fd_sc_hd__a21o_1)
   0.20   33.48 v gen_col[13].u_pe_col/gen_pe[0].u_pe/_7692_/X (sky130_fd_sc_hd__a21o_1)
   0.30   33.78 v gen_col[13].u_pe_col/gen_pe[0].u_pe/_7704_/X (sky130_fd_sc_hd__a211o_1)
   0.19   33.97 ^ gen_col[13].u_pe_col/gen_pe[0].u_pe/_7707_/Y (sky130_fd_sc_hd__a21oi_1)
   0.16   34.13 ^ gen_col[13].u_pe_col/gen_pe[0].u_pe/_7709_/X (sky130_fd_sc_hd__o21a_1)
   0.12   34.25 v gen_col[13].u_pe_col/gen_pe[0].u_pe/_7711_/Y (sky130_fd_sc_hd__o21ai_0)
   0.26   34.51 ^ gen_col[13].u_pe_col/gen_pe[0].u_pe/_7715_/Y (sky130_fd_sc_hd__a21boi_0)
   0.15   34.65 v gen_col[13].u_pe_col/gen_pe[0].u_pe/_7716_/Y (sky130_fd_sc_hd__o21ai_0)
   0.23   34.88 ^ gen_col[13].u_pe_col/gen_pe[0].u_pe/_7718_/Y (sky130_fd_sc_hd__a21oi_1)
   0.17   35.05 ^ gen_col[13].u_pe_col/gen_pe[0].u_pe/_7720_/X (sky130_fd_sc_hd__o21a_1)
   0.14   35.20 ^ gen_col[13].u_pe_col/gen_pe[0].u_pe/_7721_/X (sky130_fd_sc_hd__o21a_1)
   0.14   35.34 ^ gen_col[13].u_pe_col/gen_pe[0].u_pe/_7723_/X (sky130_fd_sc_hd__o21a_1)
   0.14   35.48 ^ gen_col[13].u_pe_col/gen_pe[0].u_pe/_7725_/X (sky130_fd_sc_hd__o21a_1)
   0.14   35.63 ^ gen_col[13].u_pe_col/gen_pe[0].u_pe/_7727_/X (sky130_fd_sc_hd__o21a_1)
   0.14   35.77 ^ gen_col[13].u_pe_col/gen_pe[0].u_pe/_7728_/X (sky130_fd_sc_hd__o21a_1)
   0.14   35.92 ^ gen_col[13].u_pe_col/gen_pe[0].u_pe/_7730_/X (sky130_fd_sc_hd__o21a_1)
   0.14   36.06 ^ gen_col[13].u_pe_col/gen_pe[0].u_pe/_7732_/X (sky130_fd_sc_hd__o21a_1)
   0.14   36.21 ^ gen_col[13].u_pe_col/gen_pe[0].u_pe/_7734_/X (sky130_fd_sc_hd__o21a_1)
   0.14   36.35 ^ gen_col[13].u_pe_col/gen_pe[0].u_pe/_7736_/X (sky130_fd_sc_hd__o21a_1)
   0.17   36.52 ^ gen_col[13].u_pe_col/gen_pe[0].u_pe/_7752_/X (sky130_fd_sc_hd__o21a_1)
   0.15   36.68 v gen_col[13].u_pe_col/gen_pe[0].u_pe/_7783_/Y (sky130_fd_sc_hd__o311ai_0)
   0.19   36.87 v gen_col[13].u_pe_col/gen_pe[0].u_pe/_8097_/X (sky130_fd_sc_hd__and3_1)
   0.17   37.03 ^ gen_col[13].u_pe_col/gen_pe[0].u_pe/_8098_/Y (sky130_fd_sc_hd__o31ai_1)
   0.00   37.03 ^ gen_col[13].u_pe_col/gen_pe[0].u_pe/_8251_/D (sky130_fd_sc_hd__dfrtp_1)
          37.03   data arrival time

  20.00   20.00   clock clk (rise edge)
   0.00   20.00   clock network delay (ideal)
   0.00   20.00   clock reconvergence pessimism
          20.00 ^ gen_col[13].u_pe_col/gen_pe[0].u_pe/_8251_/CLK (sky130_fd_sc_hd__dfrtp_1)
  -0.12   19.88   library setup time
          19.88   data required time
---------------------------------------------------------
          19.88   data required time
         -37.03   data arrival time
---------------------------------------------------------
         -17.16   slack (VIOLATED)


Startpoint: gen_col[13].u_pe_col/gen_pe[0].u_pe/_8116_
            (rising edge-triggered flip-flop clocked by clk)
Endpoint: gen_col[14].u_pe_col/gen_pe[0].u_pe/_8251_
          (rising edge-triggered flip-flop clocked by clk)
Path Group: clk
Path Type: max

  Delay    Time   Description
---------------------------------------------------------
   0.00    0.00   clock clk (rise edge)
   0.00    0.00   clock network delay (ideal)
   0.00    0.00 ^ gen_col[13].u_pe_col/gen_pe[0].u_pe/_8116_/CLK (sky130_fd_sc_hd__dfrtp_1)
   0.45    0.45 v gen_col[13].u_pe_col/gen_pe[0].u_pe/_8116_/Q (sky130_fd_sc_hd__dfrtp_1)
   1.09    1.53 v gen_col[14].u_pe_col/gen_pe[0].u_pe/_5630_/X (sky130_fd_sc_hd__and3_1)
  10.88   12.41 ^ gen_col[14].u_pe_col/gen_pe[0].u_pe/_5632_/Y (sky130_fd_sc_hd__nor2_1)
   0.73   13.14 v gen_col[14].u_pe_col/gen_pe[0].u_pe/_7221_/Y (sky130_fd_sc_hd__xnor2_1)
   0.73   13.87 ^ gen_col[14].u_pe_col/gen_pe[0].u_pe/_7223_/X (sky130_fd_sc_hd__xor2_1)
   0.41   14.28 v gen_col[14].u_pe_col/gen_pe[0].u_pe/_7256_/X (sky130_fd_sc_hd__xnor3_1)
   0.11   14.39 ^ gen_col[14].u_pe_col/gen_pe[0].u_pe/_7257_/Y (sky130_fd_sc_hd__nor2_1)
   0.12   14.51 ^ gen_col[14].u_pe_col/gen_pe[0].u_pe/_7260_/Y (sky130_fd_sc_hd__nand2b_1)
   0.20   14.71 ^ gen_col[14].u_pe_col/gen_pe[0].u_pe/_7291_/X (sky130_fd_sc_hd__xor2_1)
   0.17   14.87 ^ gen_col[14].u_pe_col/gen_pe[0].u_pe/_7318_/Y (sky130_fd_sc_hd__xnor2_1)
   0.19   15.06 ^ gen_col[14].u_pe_col/gen_pe[0].u_pe/_7381_/Y (sky130_fd_sc_hd__xnor2_1)
   0.14   15.21 v gen_col[14].u_pe_col/gen_pe[0].u_pe/_7383_/Y (sky130_fd_sc_hd__a211oi_1)
   0.30   15.50 ^ gen_col[14].u_pe_col/gen_pe[0].u_pe/_7385_/Y (sky130_fd_sc_hd__o31ai_1)
   0.14   15.65 v gen_col[14].u_pe_col/gen_pe[0].u_pe/_7388_/Y (sky130_fd_sc_hd__a21oi_1)
   0.21   15.86 ^ gen_col[14].u_pe_col/gen_pe[0].u_pe/_7390_/Y (sky130_fd_sc_hd__o21bai_1)
   0.11   15.98 v gen_col[14].u_pe_col/gen_pe[0].u_pe/_7392_/Y (sky130_fd_sc_hd__a21oi_1)
   0.26   16.23 ^ gen_col[14].u_pe_col/gen_pe[0].u_pe/_7394_/Y (sky130_fd_sc_hd__o21ai_0)
   0.13   16.37 v gen_col[14].u_pe_col/gen_pe[0].u_pe/_7397_/Y (sky130_fd_sc_hd__a21oi_1)
   0.22   16.59 ^ gen_col[14].u_pe_col/gen_pe[0].u_pe/_7399_/Y (sky130_fd_sc_hd__o21bai_1)
   0.25   16.84 ^ gen_col[14].u_pe_col/gen_pe[0].u_pe/_7401_/X (sky130_fd_sc_hd__maj3_1)
   0.13   16.97 v gen_col[14].u_pe_col/gen_pe[0].u_pe/_7422_/Y (sky130_fd_sc_hd__a31oi_1)
   0.34   17.30 ^ gen_col[14].u_pe_col/gen_pe[0].u_pe/_7429_/Y (sky130_fd_sc_hd__o31ai_1)
   0.19   17.49 ^ gen_col[14].u_pe_col/gen_pe[0].u_pe/_7431_/X (sky130_fd_sc_hd__a21o_1)
   0.13   17.62 ^ gen_col[14].u_pe_col/gen_pe[0].u_pe/_7432_/X (sky130_fd_sc_hd__a21bo_1)
   0.13   17.75 ^ gen_col[14].u_pe_col/gen_pe[0].u_pe/_7434_/X (sky130_fd_sc_hd__a21o_1)
   0.13   17.88 ^ gen_col[14].u_pe_col/gen_pe[0].u_pe/_7436_/X (sky130_fd_sc_hd__a21o_1)
   0.13   18.01 ^ gen_col[14].u_pe_col/gen_pe[0].u_pe/_7440_/X (sky130_fd_sc_hd__a21o_1)
   0.13   18.15 ^ gen_col[14].u_pe_col/gen_pe[0].u_pe/_7442_/X (sky130_fd_sc_hd__a21o_1)
   0.13   18.28 ^ gen_col[14].u_pe_col/gen_pe[0].u_pe/_7444_/X (sky130_fd_sc_hd__a21o_1)
   0.09   18.38 v gen_col[14].u_pe_col/gen_pe[0].u_pe/_7445_/Y (sky130_fd_sc_hd__a21oi_1)
   0.26   18.64 ^ gen_col[14].u_pe_col/gen_pe[0].u_pe/_7448_/Y (sky130_fd_sc_hd__o21ai_0)
   0.16   18.79 v gen_col[14].u_pe_col/gen_pe[0].u_pe/_7452_/Y (sky130_fd_sc_hd__a22oi_1)
   0.39   19.19 v gen_col[14].u_pe_col/gen_pe[0].u_pe/_7454_/X (sky130_fd_sc_hd__maj3_1)
   0.40   19.59 v gen_col[14].u_pe_col/gen_pe[0].u_pe/_7456_/X (sky130_fd_sc_hd__maj3_1)
   0.38   19.97 ^ gen_col[14].u_pe_col/gen_pe[0].u_pe/_7469_/Y (sky130_fd_sc_hd__o32ai_1)
   0.19   20.16 ^ gen_col[14].u_pe_col/gen_pe[0].u_pe/_7471_/X (sky130_fd_sc_hd__a21o_1)
   0.13   20.29 ^ gen_col[14].u_pe_col/gen_pe[0].u_pe/_7473_/X (sky130_fd_sc_hd__a21o_1)
   0.06   20.35 v gen_col[14].u_pe_col/gen_pe[0].u_pe/_7484_/Y (sky130_fd_sc_hd__nand3_1)
   0.16   20.51 ^ gen_col[14].u_pe_col/gen_pe[0].u_pe/_7489_/Y (sky130_fd_sc_hd__a21oi_1)
   0.14   20.65 ^ gen_col[14].u_pe_col/gen_pe[0].u_pe/_7491_/X (sky130_fd_sc_hd__o21a_1)
   0.14   20.78 ^ gen_col[14].u_pe_col/gen_pe[0].u_pe/_7493_/X (sky130_fd_sc_hd__o21a_1)
   0.16   20.95 ^ gen_col[14].u_pe_col/gen_pe[0].u_pe/_7494_/X (sky130_fd_sc_hd__o21a_1)
   0.13   21.07 v gen_col[14].u_pe_col/gen_pe[0].u_pe/_7503_/Y (sky130_fd_sc_hd__o221ai_1)
   0.23   21.30 ^ gen_col[14].u_pe_col/gen_pe[0].u_pe/_7506_/Y (sky130_fd_sc_hd__a21oi_1)
   0.14   21.44 v gen_col[14].u_pe_col/gen_pe[0].u_pe/_7507_/Y (sky130_fd_sc_hd__o21ai_0)
   0.21   21.65 ^ gen_col[14].u_pe_col/gen_pe[0].u_pe/_7511_/Y (sky130_fd_sc_hd__a21oi_1)
   0.17   21.82 ^ gen_col[14].u_pe_col/gen_pe[0].u_pe/_7512_/X (sky130_fd_sc_hd__o21a_1)
   0.14   21.96 ^ gen_col[14].u_pe_col/gen_pe[0].u_pe/_7514_/X (sky130_fd_sc_hd__o21a_1)
   0.14   22.11 ^ gen_col[14].u_pe_col/gen_pe[0].u_pe/_7516_/X (sky130_fd_sc_hd__o21a_1)
   0.14   22.25 ^ gen_col[14].u_pe_col/gen_pe[0].u_pe/_7518_/X (sky130_fd_sc_hd__o21a_1)
   0.17   22.42 ^ gen_col[14].u_pe_col/gen_pe[0].u_pe/_7521_/X (sky130_fd_sc_hd__o311a_1)
   0.18   22.60 ^ gen_col[14].u_pe_col/gen_pe[0].u_pe/_7525_/X (sky130_fd_sc_hd__o311a_1)
   0.15   22.75 v gen_col[14].u_pe_col/gen_pe[0].u_pe/_7528_/Y (sky130_fd_sc_hd__o311ai_0)
   0.28   23.03 v gen_col[14].u_pe_col/gen_pe[0].u_pe/_7545_/X (sky130_fd_sc_hd__o22a_1)
   0.38   23.41 ^ gen_col[14].u_pe_col/gen_pe[0].u_pe/_7565_/Y (sky130_fd_sc_hd__o31ai_1)
   0.18   23.59 v gen_col[14].u_pe_col/gen_pe[0].u_pe/_7573_/Y (sky130_fd_sc_hd__a31oi_1)
   0.40   23.99 v gen_col[14].u_pe_col/gen_pe[0].u_pe/_7575_/X (sky130_fd_sc_hd__maj3_1)
   0.39   24.38 v gen_col[14].u_pe_col/gen_pe[0].u_pe/_7578_/X (sky130_fd_sc_hd__maj3_1)
   0.39   24.77 v gen_col[14].u_pe_col/gen_pe[0].u_pe/_7581_/X (sky130_fd_sc_hd__maj3_1)
   0.39   25.15 v gen_col[14].u_pe_col/gen_pe[0].u_pe/_7582_/X (sky130_fd_sc_hd__maj3_1)
   0.39   25.54 v gen_col[14].u_pe_col/gen_pe[0].u_pe/_7585_/X (sky130_fd_sc_hd__maj3_1)
   0.39   25.93 v gen_col[14].u_pe_col/gen_pe[0].u_pe/_7586_/X (sky130_fd_sc_hd__maj3_1)
   0.39   26.32 v gen_col[14].u_pe_col/gen_pe[0].u_pe/_7589_/X (sky130_fd_sc_hd__maj3_1)
   0.39   26.72 v gen_col[14].u_pe_col/gen_pe[0].u_pe/_7590_/X (sky130_fd_sc_hd__maj3_1)
   0.39   27.11 v gen_col[14].u_pe_col/gen_pe[0].u_pe/_7592_/X (sky130_fd_sc_hd__maj3_1)
   0.39   27.50 v gen_col[14].u_pe_col/gen_pe[0].u_pe/_7594_/X (sky130_fd_sc_hd__maj3_1)
   0.39   27.89 v gen_col[14].u_pe_col/gen_pe[0].u_pe/_7596_/X (sky130_fd_sc_hd__maj3_1)
   0.40   28.29 v gen_col[14].u_pe_col/gen_pe[0].u_pe/_7598_/X (sky130_fd_sc_hd__maj3_1)
   0.25   28.54 ^ gen_col[14].u_pe_col/gen_pe[0].u_pe/_7603_/Y (sky130_fd_sc_hd__o211ai_1)
   0.19   28.73 v gen_col[14].u_pe_col/gen_pe[0].u_pe/_7610_/Y (sky130_fd_sc_hd__a41oi_1)
   0.40   29.13 v gen_col[14].u_pe_col/gen_pe[0].u_pe/_7612_/X (sky130_fd_sc_hd__maj3_1)
   0.16   29.29 v gen_col[14].u_pe_col/gen_pe[0].u_pe/_7614_/Y (sky130_fd_sc_hd__nand2b_1)
   0.24   29.53 ^ gen_col[14].u_pe_col/gen_pe[0].u_pe/_7622_/Y (sky130_fd_sc_hd__a21oi_1)
   0.19   29.71 v gen_col[14].u_pe_col/gen_pe[0].u_pe/_7630_/Y (sky130_fd_sc_hd__o311ai_0)
   0.42   30.14 ^ gen_col[14].u_pe_col/gen_pe[0].u_pe/_7634_/Y (sky130_fd_sc_hd__a311oi_1)
   0.17   30.31 v gen_col[14].u_pe_col/gen_pe[0].u_pe/_7638_/Y (sky130_fd_sc_hd__o21ai_0)
   0.30   30.61 ^ gen_col[14].u_pe_col/gen_pe[0].u_pe/_7645_/Y (sky130_fd_sc_hd__a211oi_1)
   0.14   30.75 v gen_col[14].u_pe_col/gen_pe[0].u_pe/_7648_/Y (sky130_fd_sc_hd__o31ai_1)
   0.34   31.08 ^ gen_col[14].u_pe_col/gen_pe[0].u_pe/_7652_/Y (sky130_fd_sc_hd__a21boi_0)
   0.14   31.23 v gen_col[14].u_pe_col/gen_pe[0].u_pe/_7659_/Y (sky130_fd_sc_hd__o211ai_1)
   0.20   31.42 v gen_col[14].u_pe_col/gen_pe[0].u_pe/_7663_/X (sky130_fd_sc_hd__a21bo_1)
   0.21   31.64 ^ gen_col[14].u_pe_col/gen_pe[0].u_pe/_7667_/Y (sky130_fd_sc_hd__a21boi_0)
   0.16   31.80 ^ gen_col[14].u_pe_col/gen_pe[0].u_pe/_7668_/X (sky130_fd_sc_hd__o21a_1)
   0.11   31.91 v gen_col[14].u_pe_col/gen_pe[0].u_pe/_7670_/Y (sky130_fd_sc_hd__o21ai_0)
   0.22   32.12 v gen_col[14].u_pe_col/gen_pe[0].u_pe/_7673_/X (sky130_fd_sc_hd__a21o_1)
   0.19   32.32 v gen_col[14].u_pe_col/gen_pe[0].u_pe/_7676_/X (sky130_fd_sc_hd__a21o_1)
   0.19   32.51 v gen_col[14].u_pe_col/gen_pe[0].u_pe/_7679_/X (sky130_fd_sc_hd__a21o_1)
   0.19   32.70 v gen_col[14].u_pe_col/gen_pe[0].u_pe/_7682_/X (sky130_fd_sc_hd__a21o_1)
   0.19   32.89 v gen_col[14].u_pe_col/gen_pe[0].u_pe/_7685_/X (sky130_fd_sc_hd__a21o_1)
   0.19   33.09 v gen_col[14].u_pe_col/gen_pe[0].u_pe/_7686_/X (sky130_fd_sc_hd__a21o_1)
   0.19   33.28 v gen_col[14].u_pe_col/gen_pe[0].u_pe/_7689_/X (sky130_fd_sc_hd__a21o_1)
   0.20   33.48 v gen_col[14].u_pe_col/gen_pe[0].u_pe/_7692_/X (sky130_fd_sc_hd__a21o_1)
   0.30   33.78 v gen_col[14].u_pe_col/gen_pe[0].u_pe/_7704_/X (sky130_fd_sc_hd__a211o_1)
   0.19   33.97 ^ gen_col[14].u_pe_col/gen_pe[0].u_pe/_7707_/Y (sky130_fd_sc_hd__a21oi_1)
   0.16   34.13 ^ gen_col[14].u_pe_col/gen_pe[0].u_pe/_7709_/X (sky130_fd_sc_hd__o21a_1)
   0.12   34.25 v gen_col[14].u_pe_col/gen_pe[0].u_pe/_7711_/Y (sky130_fd_sc_hd__o21ai_0)
   0.26   34.51 ^ gen_col[14].u_pe_col/gen_pe[0].u_pe/_7715_/Y (sky130_fd_sc_hd__a21boi_0)
   0.15   34.65 v gen_col[14].u_pe_col/gen_pe[0].u_pe/_7716_/Y (sky130_fd_sc_hd__o21ai_0)
   0.23   34.88 ^ gen_col[14].u_pe_col/gen_pe[0].u_pe/_7718_/Y (sky130_fd_sc_hd__a21oi_1)
   0.17   35.05 ^ gen_col[14].u_pe_col/gen_pe[0].u_pe/_7720_/X (sky130_fd_sc_hd__o21a_1)
   0.14   35.20 ^ gen_col[14].u_pe_col/gen_pe[0].u_pe/_7721_/X (sky130_fd_sc_hd__o21a_1)
   0.14   35.34 ^ gen_col[14].u_pe_col/gen_pe[0].u_pe/_7723_/X (sky130_fd_sc_hd__o21a_1)
   0.14   35.48 ^ gen_col[14].u_pe_col/gen_pe[0].u_pe/_7725_/X (sky130_fd_sc_hd__o21a_1)
   0.14   35.63 ^ gen_col[14].u_pe_col/gen_pe[0].u_pe/_7727_/X (sky130_fd_sc_hd__o21a_1)
   0.14   35.77 ^ gen_col[14].u_pe_col/gen_pe[0].u_pe/_7728_/X (sky130_fd_sc_hd__o21a_1)
   0.14   35.92 ^ gen_col[14].u_pe_col/gen_pe[0].u_pe/_7730_/X (sky130_fd_sc_hd__o21a_1)
   0.14   36.06 ^ gen_col[14].u_pe_col/gen_pe[0].u_pe/_7732_/X (sky130_fd_sc_hd__o21a_1)
   0.14   36.21 ^ gen_col[14].u_pe_col/gen_pe[0].u_pe/_7734_/X (sky130_fd_sc_hd__o21a_1)
   0.14   36.35 ^ gen_col[14].u_pe_col/gen_pe[0].u_pe/_7736_/X (sky130_fd_sc_hd__o21a_1)
   0.17   36.52 ^ gen_col[14].u_pe_col/gen_pe[0].u_pe/_7752_/X (sky130_fd_sc_hd__o21a_1)
   0.15   36.68 v gen_col[14].u_pe_col/gen_pe[0].u_pe/_7783_/Y (sky130_fd_sc_hd__o311ai_0)
   0.19   36.87 v gen_col[14].u_pe_col/gen_pe[0].u_pe/_8097_/X (sky130_fd_sc_hd__and3_1)
   0.17   37.03 ^ gen_col[14].u_pe_col/gen_pe[0].u_pe/_8098_/Y (sky130_fd_sc_hd__o31ai_1)
   0.00   37.03 ^ gen_col[14].u_pe_col/gen_pe[0].u_pe/_8251_/D (sky130_fd_sc_hd__dfrtp_1)
          37.03   data arrival time

  20.00   20.00   clock clk (rise edge)
   0.00   20.00   clock network delay (ideal)
   0.00   20.00   clock reconvergence pessimism
          20.00 ^ gen_col[14].u_pe_col/gen_pe[0].u_pe/_8251_/CLK (sky130_fd_sc_hd__dfrtp_1)
  -0.12   19.88   library setup time
          19.88   data required time
---------------------------------------------------------
          19.88   data required time
         -37.03   data arrival time
---------------------------------------------------------
         -17.16   slack (VIOLATED)


Timing Analysis Completed.
