
 /----------------------------------------------------------------------------\
 |  yosys -- Yosys Open SYnthesis Suite                                       |
 |  Copyright (C) 2012 - 2026  Claire Xenia Wolf <claire@yosyshq.com>         |
 |  Distributed under an ISC-like license, type "license" to see terms        |
 \----------------------------------------------------------------------------/
 Yosys 0.65+71 (git sha1 e56c6a954, g++ 11.4.0-1ubuntu1~22.04.3 -fPIC -O3)

-- Running command `
    read_verilog results/sv2v_output.v;
    chparam -set ROWS 4             -set COLS 4             -set DATA_WIDTH 32             -set ACC_WIDTH 64             array
    synth -top array;
    dfflibmap -liberty /home/bharathw/.ciel/ciel/sky130/versions/0fe599b2afb6708d281543108caf8310912f54af/sky130A/libs.ref/sky130_fd_sc_hd/lib/sky130_fd_sc_hd__tt_025C_1v80.lib;
    abc -liberty /home/bharathw/.ciel/ciel/sky130/versions/0fe599b2afb6708d281543108caf8310912f54af/sky130A/libs.ref/sky130_fd_sc_hd/lib/sky130_fd_sc_hd__tt_025C_1v80.lib;
    stat -liberty /home/bharathw/.ciel/ciel/sky130/versions/0fe599b2afb6708d281543108caf8310912f54af/sky130A/libs.ref/sky130_fd_sc_hd/lib/sky130_fd_sc_hd__tt_025C_1v80.lib;
    rename -top array
    write_verilog gate_level.v
' --

1. Executing Verilog-2005 frontend: results/sv2v_output.v
Parsing Verilog input from `results/sv2v_output.v' to AST representation.
Generating RTLIL representation for module `\pe'.
Generating RTLIL representation for module `\pe_col'.
Generating RTLIL representation for module `\array'.
Successfully finished Verilog frontend.
Parameter \ROWS = 4
Parameter \COLS = 4
Parameter \DATA_WIDTH = 32
Parameter \ACC_WIDTH = 64

2. Executing AST frontend in derive mode using pre-parsed AST for module `\array'.
Parameter \ROWS = 4
Parameter \COLS = 4
Parameter \DATA_WIDTH = 32
Parameter \ACC_WIDTH = 64
Generating RTLIL representation for module `$paramod$a1fab303ca73419c1d137ef71f092bc8be8f62d4\array'.

3. Executing SYNTH pass.

3.1. Executing HIERARCHY pass (managing design hierarchy).

3.1.1. Analyzing design hierarchy..
Top module:  \array
Used module:     \pe_col
Used module:         \pe
Parameter \DATA_WIDTH = 8
Parameter \ACC_WIDTH = 32

3.1.2. Executing AST frontend in derive mode using pre-parsed AST for module `\pe'.
Parameter \DATA_WIDTH = 8
Parameter \ACC_WIDTH = 32
Generating RTLIL representation for module `$paramod$8392c0aee371eac30cfcd917af9a6c37ac869d3e\pe'.
Parameter \DATA_WIDTH = 8
Parameter \ACC_WIDTH = 32
Found cached RTLIL representation for module `$paramod$8392c0aee371eac30cfcd917af9a6c37ac869d3e\pe'.
Parameter \DATA_WIDTH = 8
Parameter \ACC_WIDTH = 32
Found cached RTLIL representation for module `$paramod$8392c0aee371eac30cfcd917af9a6c37ac869d3e\pe'.
Parameter \DATA_WIDTH = 8
Parameter \ACC_WIDTH = 32
Found cached RTLIL representation for module `$paramod$8392c0aee371eac30cfcd917af9a6c37ac869d3e\pe'.
Parameter \DATA_WIDTH = 8
Parameter \ACC_WIDTH = 32
Found cached RTLIL representation for module `$paramod$8392c0aee371eac30cfcd917af9a6c37ac869d3e\pe'.
Parameter \DATA_WIDTH = 8
Parameter \ACC_WIDTH = 32
Found cached RTLIL representation for module `$paramod$8392c0aee371eac30cfcd917af9a6c37ac869d3e\pe'.
Parameter \DATA_WIDTH = 8
Parameter \ACC_WIDTH = 32
Found cached RTLIL representation for module `$paramod$8392c0aee371eac30cfcd917af9a6c37ac869d3e\pe'.
Parameter \DATA_WIDTH = 8
Parameter \ACC_WIDTH = 32
Found cached RTLIL representation for module `$paramod$8392c0aee371eac30cfcd917af9a6c37ac869d3e\pe'.
Parameter \DATA_WIDTH = 8
Parameter \ACC_WIDTH = 32
Found cached RTLIL representation for module `$paramod$8392c0aee371eac30cfcd917af9a6c37ac869d3e\pe'.
Parameter \DATA_WIDTH = 8
Parameter \ACC_WIDTH = 32
Found cached RTLIL representation for module `$paramod$8392c0aee371eac30cfcd917af9a6c37ac869d3e\pe'.
Parameter \DATA_WIDTH = 8
Parameter \ACC_WIDTH = 32
Found cached RTLIL representation for module `$paramod$8392c0aee371eac30cfcd917af9a6c37ac869d3e\pe'.
Parameter \DATA_WIDTH = 8
Parameter \ACC_WIDTH = 32
Found cached RTLIL representation for module `$paramod$8392c0aee371eac30cfcd917af9a6c37ac869d3e\pe'.
Parameter \DATA_WIDTH = 8
Parameter \ACC_WIDTH = 32
Found cached RTLIL representation for module `$paramod$8392c0aee371eac30cfcd917af9a6c37ac869d3e\pe'.
Parameter \DATA_WIDTH = 8
Parameter \ACC_WIDTH = 32
Found cached RTLIL representation for module `$paramod$8392c0aee371eac30cfcd917af9a6c37ac869d3e\pe'.
Parameter \DATA_WIDTH = 8
Parameter \ACC_WIDTH = 32
Found cached RTLIL representation for module `$paramod$8392c0aee371eac30cfcd917af9a6c37ac869d3e\pe'.
Parameter \DATA_WIDTH = 8
Parameter \ACC_WIDTH = 32
Found cached RTLIL representation for module `$paramod$8392c0aee371eac30cfcd917af9a6c37ac869d3e\pe'.
Reprocessing module pe_col because instantiated module $paramod$8392c0aee371eac30cfcd917af9a6c37ac869d3e\pe has become available.
Generating RTLIL representation for module `\pe_col'.
Parameter \ROWS = 4
Parameter \DATA_WIDTH = 32
Parameter \ACC_WIDTH = 64

3.1.3. Executing AST frontend in derive mode using pre-parsed AST for module `\pe_col'.
Parameter \ROWS = 4
Parameter \DATA_WIDTH = 32
Parameter \ACC_WIDTH = 64
Generating RTLIL representation for module `$paramod$769a197ce1060b0cb9713fee8e90ba728f953dbe\pe_col'.
Parameter \ROWS = 4
Parameter \DATA_WIDTH = 32
Parameter \ACC_WIDTH = 64
Found cached RTLIL representation for module `$paramod$769a197ce1060b0cb9713fee8e90ba728f953dbe\pe_col'.
Parameter \ROWS = 4
Parameter \DATA_WIDTH = 32
Parameter \ACC_WIDTH = 64
Found cached RTLIL representation for module `$paramod$769a197ce1060b0cb9713fee8e90ba728f953dbe\pe_col'.
Parameter \ROWS = 4
Parameter \DATA_WIDTH = 32
Parameter \ACC_WIDTH = 64
Found cached RTLIL representation for module `$paramod$769a197ce1060b0cb9713fee8e90ba728f953dbe\pe_col'.
Reprocessing module array because instantiated module $paramod$769a197ce1060b0cb9713fee8e90ba728f953dbe\pe_col has become available.
Generating RTLIL representation for module `$paramod$a1fab303ca73419c1d137ef71f092bc8be8f62d4\array'.

3.1.4. Analyzing design hierarchy..
Top module:  $paramod$a1fab303ca73419c1d137ef71f092bc8be8f62d4\array
Used module:     \pe_col
Used module:         \pe
Parameter \DATA_WIDTH = 8
Parameter \ACC_WIDTH = 32
Found cached RTLIL representation for module `$paramod$8392c0aee371eac30cfcd917af9a6c37ac869d3e\pe'.
Parameter \DATA_WIDTH = 8
Parameter \ACC_WIDTH = 32
Found cached RTLIL representation for module `$paramod$8392c0aee371eac30cfcd917af9a6c37ac869d3e\pe'.
Parameter \DATA_WIDTH = 8
Parameter \ACC_WIDTH = 32
Found cached RTLIL representation for module `$paramod$8392c0aee371eac30cfcd917af9a6c37ac869d3e\pe'.
Parameter \DATA_WIDTH = 8
Parameter \ACC_WIDTH = 32
Found cached RTLIL representation for module `$paramod$8392c0aee371eac30cfcd917af9a6c37ac869d3e\pe'.
Parameter \DATA_WIDTH = 8
Parameter \ACC_WIDTH = 32
Found cached RTLIL representation for module `$paramod$8392c0aee371eac30cfcd917af9a6c37ac869d3e\pe'.
Parameter \DATA_WIDTH = 8
Parameter \ACC_WIDTH = 32
Found cached RTLIL representation for module `$paramod$8392c0aee371eac30cfcd917af9a6c37ac869d3e\pe'.
Parameter \DATA_WIDTH = 8
Parameter \ACC_WIDTH = 32
Found cached RTLIL representation for module `$paramod$8392c0aee371eac30cfcd917af9a6c37ac869d3e\pe'.
Parameter \DATA_WIDTH = 8
Parameter \ACC_WIDTH = 32
Found cached RTLIL representation for module `$paramod$8392c0aee371eac30cfcd917af9a6c37ac869d3e\pe'.
Parameter \DATA_WIDTH = 8
Parameter \ACC_WIDTH = 32
Found cached RTLIL representation for module `$paramod$8392c0aee371eac30cfcd917af9a6c37ac869d3e\pe'.
Parameter \DATA_WIDTH = 8
Parameter \ACC_WIDTH = 32
Found cached RTLIL representation for module `$paramod$8392c0aee371eac30cfcd917af9a6c37ac869d3e\pe'.
Parameter \DATA_WIDTH = 8
Parameter \ACC_WIDTH = 32
Found cached RTLIL representation for module `$paramod$8392c0aee371eac30cfcd917af9a6c37ac869d3e\pe'.
Parameter \DATA_WIDTH = 8
Parameter \ACC_WIDTH = 32
Found cached RTLIL representation for module `$paramod$8392c0aee371eac30cfcd917af9a6c37ac869d3e\pe'.
Parameter \DATA_WIDTH = 8
Parameter \ACC_WIDTH = 32
Found cached RTLIL representation for module `$paramod$8392c0aee371eac30cfcd917af9a6c37ac869d3e\pe'.
Parameter \DATA_WIDTH = 8
Parameter \ACC_WIDTH = 32
Found cached RTLIL representation for module `$paramod$8392c0aee371eac30cfcd917af9a6c37ac869d3e\pe'.
Parameter \DATA_WIDTH = 8
Parameter \ACC_WIDTH = 32
Found cached RTLIL representation for module `$paramod$8392c0aee371eac30cfcd917af9a6c37ac869d3e\pe'.
Parameter \DATA_WIDTH = 8
Parameter \ACC_WIDTH = 32
Found cached RTLIL representation for module `$paramod$8392c0aee371eac30cfcd917af9a6c37ac869d3e\pe'.
Parameter \ROWS = 4
Parameter \DATA_WIDTH = 32
Parameter \ACC_WIDTH = 64
Found cached RTLIL representation for module `$paramod$769a197ce1060b0cb9713fee8e90ba728f953dbe\pe_col'.
Parameter \ROWS = 4
Parameter \DATA_WIDTH = 32
Parameter \ACC_WIDTH = 64
Found cached RTLIL representation for module `$paramod$769a197ce1060b0cb9713fee8e90ba728f953dbe\pe_col'.
Parameter \ROWS = 4
Parameter \DATA_WIDTH = 32
Parameter \ACC_WIDTH = 64
Found cached RTLIL representation for module `$paramod$769a197ce1060b0cb9713fee8e90ba728f953dbe\pe_col'.
Parameter \ROWS = 4
Parameter \DATA_WIDTH = 32
Parameter \ACC_WIDTH = 64
Found cached RTLIL representation for module `$paramod$769a197ce1060b0cb9713fee8e90ba728f953dbe\pe_col'.

3.1.5. Analyzing design hierarchy..
Top module:  $paramod$a1fab303ca73419c1d137ef71f092bc8be8f62d4\array
Used module:     $paramod$769a197ce1060b0cb9713fee8e90ba728f953dbe\pe_col
Used module:         \pe
Parameter \DATA_WIDTH = 32
Parameter \ACC_WIDTH = 64

3.1.6. Executing AST frontend in derive mode using pre-parsed AST for module `\pe'.
Parameter \DATA_WIDTH = 32
Parameter \ACC_WIDTH = 64
Generating RTLIL representation for module `$paramod$fd6c836b7bf5602091248f9e3eb866b8cee9595e\pe'.
Parameter \DATA_WIDTH = 32
Parameter \ACC_WIDTH = 64
Found cached RTLIL representation for module `$paramod$fd6c836b7bf5602091248f9e3eb866b8cee9595e\pe'.
Parameter \DATA_WIDTH = 32
Parameter \ACC_WIDTH = 64
Found cached RTLIL representation for module `$paramod$fd6c836b7bf5602091248f9e3eb866b8cee9595e\pe'.
Parameter \DATA_WIDTH = 32
Parameter \ACC_WIDTH = 64
Found cached RTLIL representation for module `$paramod$fd6c836b7bf5602091248f9e3eb866b8cee9595e\pe'.
Reprocessing module $paramod$769a197ce1060b0cb9713fee8e90ba728f953dbe\pe_col because instantiated module $paramod$fd6c836b7bf5602091248f9e3eb866b8cee9595e\pe has become available.
Generating RTLIL representation for module `$paramod$769a197ce1060b0cb9713fee8e90ba728f953dbe\pe_col'.

3.1.7. Analyzing design hierarchy..
Top module:  $paramod$a1fab303ca73419c1d137ef71f092bc8be8f62d4\array
Used module:     $paramod$769a197ce1060b0cb9713fee8e90ba728f953dbe\pe_col
Used module:         \pe
Parameter \DATA_WIDTH = 32
Parameter \ACC_WIDTH = 64
Found cached RTLIL representation for module `$paramod$fd6c836b7bf5602091248f9e3eb866b8cee9595e\pe'.
Parameter \DATA_WIDTH = 32
Parameter \ACC_WIDTH = 64
Found cached RTLIL representation for module `$paramod$fd6c836b7bf5602091248f9e3eb866b8cee9595e\pe'.
Parameter \DATA_WIDTH = 32
Parameter \ACC_WIDTH = 64
Found cached RTLIL representation for module `$paramod$fd6c836b7bf5602091248f9e3eb866b8cee9595e\pe'.
Parameter \DATA_WIDTH = 32
Parameter \ACC_WIDTH = 64
Found cached RTLIL representation for module `$paramod$fd6c836b7bf5602091248f9e3eb866b8cee9595e\pe'.

3.1.8. Analyzing design hierarchy..
Top module:  $paramod$a1fab303ca73419c1d137ef71f092bc8be8f62d4\array
Used module:     $paramod$769a197ce1060b0cb9713fee8e90ba728f953dbe\pe_col
Used module:         $paramod$fd6c836b7bf5602091248f9e3eb866b8cee9595e\pe

3.1.9. Analyzing design hierarchy..
Top module:  $paramod$a1fab303ca73419c1d137ef71f092bc8be8f62d4\array
Used module:     $paramod$769a197ce1060b0cb9713fee8e90ba728f953dbe\pe_col
Used module:         $paramod$fd6c836b7bf5602091248f9e3eb866b8cee9595e\pe
Removing unused module `\pe_col'.
Removing unused module `$paramod$8392c0aee371eac30cfcd917af9a6c37ac869d3e\pe'.
Removing unused module `\pe'.
Removed 3 unused modules.

3.2. Executing PROC pass (convert processes to netlists).

3.2.1. Executing PROC_CLEAN pass (remove empty switches from decision trees).
Cleaned up 0 empty switches.

3.2.2. Executing PROC_RMDEAD pass (remove dead branches from decision trees).
Marked 2 switch rules as full_case in process $proc$results/sv2v_output.v:22$417 in module $paramod$fd6c836b7bf5602091248f9e3eb866b8cee9595e\pe.
Removed a total of 0 dead cases.

3.2.3. Executing PROC_PRUNE pass (remove redundant assignments in processes).
Removed 2 redundant assignments.
Promoted 25 assignments to connections.

3.2.4. Executing PROC_INIT pass (extract init attributes).

3.2.5. Executing PROC_ARST pass (detect async resets in processes).
Found async reset \rst_n in `$paramod$fd6c836b7bf5602091248f9e3eb866b8cee9595e\pe.$proc$results/sv2v_output.v:22$417'.

3.2.6. Executing PROC_ROM pass (convert switches to ROMs).
Converted 0 switches.
<suppressed ~1 debug messages>

3.2.7. Executing PROC_MUX pass (convert decision trees to multiplexers).
Creating decoders for process `$paramod$fd6c836b7bf5602091248f9e3eb866b8cee9595e\pe.$proc$results/sv2v_output.v:22$417'.
     1/3: $0\data_out[31:0]
     2/3: $0\acc_out[63:0]
     3/3: $0\weight_r[31:0]
Creating decoders for process `$paramod$769a197ce1060b0cb9713fee8e90ba728f953dbe\pe_col.$proc$results/sv2v_output.v:73$440'.
Creating decoders for process `$paramod$769a197ce1060b0cb9713fee8e90ba728f953dbe\pe_col.$proc$results/sv2v_output.v:73$439'.
Creating decoders for process `$paramod$769a197ce1060b0cb9713fee8e90ba728f953dbe\pe_col.$proc$results/sv2v_output.v:73$438'.
Creating decoders for process `$paramod$769a197ce1060b0cb9713fee8e90ba728f953dbe\pe_col.$proc$results/sv2v_output.v:73$437'.
Creating decoders for process `$paramod$769a197ce1060b0cb9713fee8e90ba728f953dbe\pe_col.$proc$results/sv2v_output.v:58$436'.
Creating decoders for process `$paramod$a1fab303ca73419c1d137ef71f092bc8be8f62d4\array.$proc$results/sv2v_output.v:118$415'.
Creating decoders for process `$paramod$a1fab303ca73419c1d137ef71f092bc8be8f62d4\array.$proc$results/sv2v_output.v:118$414'.
Creating decoders for process `$paramod$a1fab303ca73419c1d137ef71f092bc8be8f62d4\array.$proc$results/sv2v_output.v:118$413'.
Creating decoders for process `$paramod$a1fab303ca73419c1d137ef71f092bc8be8f62d4\array.$proc$results/sv2v_output.v:118$412'.
Creating decoders for process `$paramod$a1fab303ca73419c1d137ef71f092bc8be8f62d4\array.$proc$results/sv2v_output.v:118$411'.
Creating decoders for process `$paramod$a1fab303ca73419c1d137ef71f092bc8be8f62d4\array.$proc$results/sv2v_output.v:118$410'.
Creating decoders for process `$paramod$a1fab303ca73419c1d137ef71f092bc8be8f62d4\array.$proc$results/sv2v_output.v:118$409'.
Creating decoders for process `$paramod$a1fab303ca73419c1d137ef71f092bc8be8f62d4\array.$proc$results/sv2v_output.v:118$408'.
Creating decoders for process `$paramod$a1fab303ca73419c1d137ef71f092bc8be8f62d4\array.$proc$results/sv2v_output.v:118$407'.
Creating decoders for process `$paramod$a1fab303ca73419c1d137ef71f092bc8be8f62d4\array.$proc$results/sv2v_output.v:118$406'.
Creating decoders for process `$paramod$a1fab303ca73419c1d137ef71f092bc8be8f62d4\array.$proc$results/sv2v_output.v:118$405'.
Creating decoders for process `$paramod$a1fab303ca73419c1d137ef71f092bc8be8f62d4\array.$proc$results/sv2v_output.v:118$404'.
Creating decoders for process `$paramod$a1fab303ca73419c1d137ef71f092bc8be8f62d4\array.$proc$results/sv2v_output.v:118$403'.
Creating decoders for process `$paramod$a1fab303ca73419c1d137ef71f092bc8be8f62d4\array.$proc$results/sv2v_output.v:118$402'.
Creating decoders for process `$paramod$a1fab303ca73419c1d137ef71f092bc8be8f62d4\array.$proc$results/sv2v_output.v:118$401'.
Creating decoders for process `$paramod$a1fab303ca73419c1d137ef71f092bc8be8f62d4\array.$proc$results/sv2v_output.v:118$400'.
Creating decoders for process `$paramod$a1fab303ca73419c1d137ef71f092bc8be8f62d4\array.$proc$results/sv2v_output.v:104$399'.
Creating decoders for process `$paramod$a1fab303ca73419c1d137ef71f092bc8be8f62d4\array.$proc$results/sv2v_output.v:104$398'.
Creating decoders for process `$paramod$a1fab303ca73419c1d137ef71f092bc8be8f62d4\array.$proc$results/sv2v_output.v:104$397'.
Creating decoders for process `$paramod$a1fab303ca73419c1d137ef71f092bc8be8f62d4\array.$proc$results/sv2v_output.v:104$396'.

3.2.8. Executing PROC_DLATCH pass (convert process syncs to latches).
No latch inferred for signal `$paramod$769a197ce1060b0cb9713fee8e90ba728f953dbe\pe_col.\acc_wire[4]' from process `$paramod$769a197ce1060b0cb9713fee8e90ba728f953dbe\pe_col.$proc$results/sv2v_output.v:73$440'.
No latch inferred for signal `$paramod$769a197ce1060b0cb9713fee8e90ba728f953dbe\pe_col.\acc_wire[3]' from process `$paramod$769a197ce1060b0cb9713fee8e90ba728f953dbe\pe_col.$proc$results/sv2v_output.v:73$439'.
No latch inferred for signal `$paramod$769a197ce1060b0cb9713fee8e90ba728f953dbe\pe_col.\acc_wire[2]' from process `$paramod$769a197ce1060b0cb9713fee8e90ba728f953dbe\pe_col.$proc$results/sv2v_output.v:73$438'.
No latch inferred for signal `$paramod$769a197ce1060b0cb9713fee8e90ba728f953dbe\pe_col.\acc_wire[1]' from process `$paramod$769a197ce1060b0cb9713fee8e90ba728f953dbe\pe_col.$proc$results/sv2v_output.v:73$437'.
No latch inferred for signal `$paramod$769a197ce1060b0cb9713fee8e90ba728f953dbe\pe_col.\acc_wire[0]' from process `$paramod$769a197ce1060b0cb9713fee8e90ba728f953dbe\pe_col.$proc$results/sv2v_output.v:58$436'.
No latch inferred for signal `$paramod$a1fab303ca73419c1d137ef71f092bc8be8f62d4\array.\data_wire[19]' from process `$paramod$a1fab303ca73419c1d137ef71f092bc8be8f62d4\array.$proc$results/sv2v_output.v:118$415'.
No latch inferred for signal `$paramod$a1fab303ca73419c1d137ef71f092bc8be8f62d4\array.\data_wire[18]' from process `$paramod$a1fab303ca73419c1d137ef71f092bc8be8f62d4\array.$proc$results/sv2v_output.v:118$414'.
No latch inferred for signal `$paramod$a1fab303ca73419c1d137ef71f092bc8be8f62d4\array.\data_wire[17]' from process `$paramod$a1fab303ca73419c1d137ef71f092bc8be8f62d4\array.$proc$results/sv2v_output.v:118$413'.
No latch inferred for signal `$paramod$a1fab303ca73419c1d137ef71f092bc8be8f62d4\array.\data_wire[16]' from process `$paramod$a1fab303ca73419c1d137ef71f092bc8be8f62d4\array.$proc$results/sv2v_output.v:118$412'.
No latch inferred for signal `$paramod$a1fab303ca73419c1d137ef71f092bc8be8f62d4\array.\data_wire[15]' from process `$paramod$a1fab303ca73419c1d137ef71f092bc8be8f62d4\array.$proc$results/sv2v_output.v:118$411'.
No latch inferred for signal `$paramod$a1fab303ca73419c1d137ef71f092bc8be8f62d4\array.\data_wire[14]' from process `$paramod$a1fab303ca73419c1d137ef71f092bc8be8f62d4\array.$proc$results/sv2v_output.v:118$410'.
No latch inferred for signal `$paramod$a1fab303ca73419c1d137ef71f092bc8be8f62d4\array.\data_wire[13]' from process `$paramod$a1fab303ca73419c1d137ef71f092bc8be8f62d4\array.$proc$results/sv2v_output.v:118$409'.
No latch inferred for signal `$paramod$a1fab303ca73419c1d137ef71f092bc8be8f62d4\array.\data_wire[12]' from process `$paramod$a1fab303ca73419c1d137ef71f092bc8be8f62d4\array.$proc$results/sv2v_output.v:118$408'.
No latch inferred for signal `$paramod$a1fab303ca73419c1d137ef71f092bc8be8f62d4\array.\data_wire[11]' from process `$paramod$a1fab303ca73419c1d137ef71f092bc8be8f62d4\array.$proc$results/sv2v_output.v:118$407'.
No latch inferred for signal `$paramod$a1fab303ca73419c1d137ef71f092bc8be8f62d4\array.\data_wire[10]' from process `$paramod$a1fab303ca73419c1d137ef71f092bc8be8f62d4\array.$proc$results/sv2v_output.v:118$406'.
No latch inferred for signal `$paramod$a1fab303ca73419c1d137ef71f092bc8be8f62d4\array.\data_wire[9]' from process `$paramod$a1fab303ca73419c1d137ef71f092bc8be8f62d4\array.$proc$results/sv2v_output.v:118$405'.
No latch inferred for signal `$paramod$a1fab303ca73419c1d137ef71f092bc8be8f62d4\array.\data_wire[8]' from process `$paramod$a1fab303ca73419c1d137ef71f092bc8be8f62d4\array.$proc$results/sv2v_output.v:118$404'.
No latch inferred for signal `$paramod$a1fab303ca73419c1d137ef71f092bc8be8f62d4\array.\data_wire[7]' from process `$paramod$a1fab303ca73419c1d137ef71f092bc8be8f62d4\array.$proc$results/sv2v_output.v:118$403'.
No latch inferred for signal `$paramod$a1fab303ca73419c1d137ef71f092bc8be8f62d4\array.\data_wire[6]' from process `$paramod$a1fab303ca73419c1d137ef71f092bc8be8f62d4\array.$proc$results/sv2v_output.v:118$402'.
No latch inferred for signal `$paramod$a1fab303ca73419c1d137ef71f092bc8be8f62d4\array.\data_wire[5]' from process `$paramod$a1fab303ca73419c1d137ef71f092bc8be8f62d4\array.$proc$results/sv2v_output.v:118$401'.
No latch inferred for signal `$paramod$a1fab303ca73419c1d137ef71f092bc8be8f62d4\array.\data_wire[4]' from process `$paramod$a1fab303ca73419c1d137ef71f092bc8be8f62d4\array.$proc$results/sv2v_output.v:118$400'.
No latch inferred for signal `$paramod$a1fab303ca73419c1d137ef71f092bc8be8f62d4\array.\data_wire[3]' from process `$paramod$a1fab303ca73419c1d137ef71f092bc8be8f62d4\array.$proc$results/sv2v_output.v:104$399'.
No latch inferred for signal `$paramod$a1fab303ca73419c1d137ef71f092bc8be8f62d4\array.\data_wire[2]' from process `$paramod$a1fab303ca73419c1d137ef71f092bc8be8f62d4\array.$proc$results/sv2v_output.v:104$398'.
No latch inferred for signal `$paramod$a1fab303ca73419c1d137ef71f092bc8be8f62d4\array.\data_wire[1]' from process `$paramod$a1fab303ca73419c1d137ef71f092bc8be8f62d4\array.$proc$results/sv2v_output.v:104$397'.
No latch inferred for signal `$paramod$a1fab303ca73419c1d137ef71f092bc8be8f62d4\array.\data_wire[0]' from process `$paramod$a1fab303ca73419c1d137ef71f092bc8be8f62d4\array.$proc$results/sv2v_output.v:104$396'.

3.2.9. Executing PROC_DFF pass (convert process syncs to FFs).
Creating register for signal `$paramod$fd6c836b7bf5602091248f9e3eb866b8cee9595e\pe.\data_out' using process `$paramod$fd6c836b7bf5602091248f9e3eb866b8cee9595e\pe.$proc$results/sv2v_output.v:22$417'.
  created $adff cell `$procdff$454' with positive edge clock and positive level reset.
Creating register for signal `$paramod$fd6c836b7bf5602091248f9e3eb866b8cee9595e\pe.\acc_out' using process `$paramod$fd6c836b7bf5602091248f9e3eb866b8cee9595e\pe.$proc$results/sv2v_output.v:22$417'.
  created $adff cell `$procdff$459' with positive edge clock and positive level reset.
Creating register for signal `$paramod$fd6c836b7bf5602091248f9e3eb866b8cee9595e\pe.\weight_r' using process `$paramod$fd6c836b7bf5602091248f9e3eb866b8cee9595e\pe.$proc$results/sv2v_output.v:22$417'.
  created $adff cell `$procdff$464' with positive edge clock and positive level reset.

3.2.10. Executing PROC_MEMWR pass (convert process memory writes to cells).

3.2.11. Executing PROC_CLEAN pass (remove empty switches from decision trees).
Found and cleaned up 1 empty switch in `$paramod$fd6c836b7bf5602091248f9e3eb866b8cee9595e\pe.$proc$results/sv2v_output.v:22$417'.
Removing empty process `$paramod$fd6c836b7bf5602091248f9e3eb866b8cee9595e\pe.$proc$results/sv2v_output.v:22$417'.
Removing empty process `$paramod$769a197ce1060b0cb9713fee8e90ba728f953dbe\pe_col.$proc$results/sv2v_output.v:73$440'.
Removing empty process `$paramod$769a197ce1060b0cb9713fee8e90ba728f953dbe\pe_col.$proc$results/sv2v_output.v:73$439'.
Removing empty process `$paramod$769a197ce1060b0cb9713fee8e90ba728f953dbe\pe_col.$proc$results/sv2v_output.v:73$438'.
Removing empty process `$paramod$769a197ce1060b0cb9713fee8e90ba728f953dbe\pe_col.$proc$results/sv2v_output.v:73$437'.
Removing empty process `$paramod$769a197ce1060b0cb9713fee8e90ba728f953dbe\pe_col.$proc$results/sv2v_output.v:58$436'.
Removing empty process `$paramod$a1fab303ca73419c1d137ef71f092bc8be8f62d4\array.$proc$results/sv2v_output.v:118$415'.
Removing empty process `$paramod$a1fab303ca73419c1d137ef71f092bc8be8f62d4\array.$proc$results/sv2v_output.v:118$414'.
Removing empty process `$paramod$a1fab303ca73419c1d137ef71f092bc8be8f62d4\array.$proc$results/sv2v_output.v:118$413'.
Removing empty process `$paramod$a1fab303ca73419c1d137ef71f092bc8be8f62d4\array.$proc$results/sv2v_output.v:118$412'.
Removing empty process `$paramod$a1fab303ca73419c1d137ef71f092bc8be8f62d4\array.$proc$results/sv2v_output.v:118$411'.
Removing empty process `$paramod$a1fab303ca73419c1d137ef71f092bc8be8f62d4\array.$proc$results/sv2v_output.v:118$410'.
Removing empty process `$paramod$a1fab303ca73419c1d137ef71f092bc8be8f62d4\array.$proc$results/sv2v_output.v:118$409'.
Removing empty process `$paramod$a1fab303ca73419c1d137ef71f092bc8be8f62d4\array.$proc$results/sv2v_output.v:118$408'.
Removing empty process `$paramod$a1fab303ca73419c1d137ef71f092bc8be8f62d4\array.$proc$results/sv2v_output.v:118$407'.
Removing empty process `$paramod$a1fab303ca73419c1d137ef71f092bc8be8f62d4\array.$proc$results/sv2v_output.v:118$406'.
Removing empty process `$paramod$a1fab303ca73419c1d137ef71f092bc8be8f62d4\array.$proc$results/sv2v_output.v:118$405'.
Removing empty process `$paramod$a1fab303ca73419c1d137ef71f092bc8be8f62d4\array.$proc$results/sv2v_output.v:118$404'.
Removing empty process `$paramod$a1fab303ca73419c1d137ef71f092bc8be8f62d4\array.$proc$results/sv2v_output.v:118$403'.
Removing empty process `$paramod$a1fab303ca73419c1d137ef71f092bc8be8f62d4\array.$proc$results/sv2v_output.v:118$402'.
Removing empty process `$paramod$a1fab303ca73419c1d137ef71f092bc8be8f62d4\array.$proc$results/sv2v_output.v:118$401'.
Removing empty process `$paramod$a1fab303ca73419c1d137ef71f092bc8be8f62d4\array.$proc$results/sv2v_output.v:118$400'.
Removing empty process `$paramod$a1fab303ca73419c1d137ef71f092bc8be8f62d4\array.$proc$results/sv2v_output.v:104$399'.
Removing empty process `$paramod$a1fab303ca73419c1d137ef71f092bc8be8f62d4\array.$proc$results/sv2v_output.v:104$398'.
Removing empty process `$paramod$a1fab303ca73419c1d137ef71f092bc8be8f62d4\array.$proc$results/sv2v_output.v:104$397'.
Removing empty process `$paramod$a1fab303ca73419c1d137ef71f092bc8be8f62d4\array.$proc$results/sv2v_output.v:104$396'.
Cleaned up 1 empty switch.

3.2.12. Executing OPT_EXPR pass (perform const folding).
Optimizing module $paramod$fd6c836b7bf5602091248f9e3eb866b8cee9595e\pe.
<suppressed ~6 debug messages>
Optimizing module $paramod$769a197ce1060b0cb9713fee8e90ba728f953dbe\pe_col.
Optimizing module $paramod$a1fab303ca73419c1d137ef71f092bc8be8f62d4\array.

3.3. Executing OPT_EXPR pass (perform const folding).
Optimizing module $paramod$fd6c836b7bf5602091248f9e3eb866b8cee9595e\pe.
Optimizing module $paramod$769a197ce1060b0cb9713fee8e90ba728f953dbe\pe_col.
Optimizing module $paramod$a1fab303ca73419c1d137ef71f092bc8be8f62d4\array.

3.4. Executing OPT_CLEAN pass (remove unused cells and wires).
Finding unused cells or wires in module $paramod$fd6c836b7bf5602091248f9e3eb866b8cee9595e\pe..
Finding unused cells or wires in module $paramod$769a197ce1060b0cb9713fee8e90ba728f953dbe\pe_col..
Finding unused cells or wires in module $paramod$a1fab303ca73419c1d137ef71f092bc8be8f62d4\array..
Removed 4 unused cells and 67 unused wires.
<suppressed ~7 debug messages>

3.5. Executing CHECK pass (checking for obvious problems).
Checking module $paramod$fd6c836b7bf5602091248f9e3eb866b8cee9595e\pe...
Checking module $paramod$769a197ce1060b0cb9713fee8e90ba728f953dbe\pe_col...
Checking module $paramod$a1fab303ca73419c1d137ef71f092bc8be8f62d4\array...
Found and reported 0 problems.

3.6. Executing OPT pass (performing simple optimizations).

3.6.1. Executing OPT_EXPR pass (perform const folding).
Optimizing module $paramod$fd6c836b7bf5602091248f9e3eb866b8cee9595e\pe.
Optimizing module $paramod$769a197ce1060b0cb9713fee8e90ba728f953dbe\pe_col.
Optimizing module $paramod$a1fab303ca73419c1d137ef71f092bc8be8f62d4\array.

3.6.2. Executing OPT_MERGE pass (detect identical cells).
Finding identical cells in module `$paramod$fd6c836b7bf5602091248f9e3eb866b8cee9595e\pe'.
Computing hashes of 8 cells of `$paramod$fd6c836b7bf5602091248f9e3eb866b8cee9595e\pe'.
Finding duplicate cells in `$paramod$fd6c836b7bf5602091248f9e3eb866b8cee9595e\pe'.
Finding identical cells in module `$paramod$769a197ce1060b0cb9713fee8e90ba728f953dbe\pe_col'.
Computing hashes of 4 cells of `$paramod$769a197ce1060b0cb9713fee8e90ba728f953dbe\pe_col'.
Finding duplicate cells in `$paramod$769a197ce1060b0cb9713fee8e90ba728f953dbe\pe_col'.
Finding identical cells in module `$paramod$a1fab303ca73419c1d137ef71f092bc8be8f62d4\array'.
Computing hashes of 4 cells of `$paramod$a1fab303ca73419c1d137ef71f092bc8be8f62d4\array'.
Finding duplicate cells in `$paramod$a1fab303ca73419c1d137ef71f092bc8be8f62d4\array'.
Removed a total of 0 cells.

3.6.3. Executing OPT_MUXTREE pass (detect dead branches in mux trees).
Running muxtree optimizer on module $paramod$fd6c836b7bf5602091248f9e3eb866b8cee9595e\pe..
  Creating internal representation of mux trees.
  Evaluating internal representation of mux trees.
  Analyzing evaluation results.
Running muxtree optimizer on module $paramod$769a197ce1060b0cb9713fee8e90ba728f953dbe\pe_col..
  Creating internal representation of mux trees.
  No muxes found in this module.
Running muxtree optimizer on module $paramod$a1fab303ca73419c1d137ef71f092bc8be8f62d4\array..
  Creating internal representation of mux trees.
  No muxes found in this module.
Removed 0 multiplexer ports.
<suppressed ~6 debug messages>

3.6.4. Executing OPT_REDUCE pass (consolidate $*mux and $reduce_* inputs).
  Optimizing cells in module $paramod$fd6c836b7bf5602091248f9e3eb866b8cee9595e\pe.
  Optimizing cells in module $paramod$769a197ce1060b0cb9713fee8e90ba728f953dbe\pe_col.
  Optimizing cells in module $paramod$a1fab303ca73419c1d137ef71f092bc8be8f62d4\array.
Performed a total of 0 changes.

3.6.5. Executing OPT_MERGE pass (detect identical cells).
Finding identical cells in module `$paramod$fd6c836b7bf5602091248f9e3eb866b8cee9595e\pe'.
Computing hashes of 8 cells of `$paramod$fd6c836b7bf5602091248f9e3eb866b8cee9595e\pe'.
Finding duplicate cells in `$paramod$fd6c836b7bf5602091248f9e3eb866b8cee9595e\pe'.
Finding identical cells in module `$paramod$769a197ce1060b0cb9713fee8e90ba728f953dbe\pe_col'.
Computing hashes of 4 cells of `$paramod$769a197ce1060b0cb9713fee8e90ba728f953dbe\pe_col'.
Finding duplicate cells in `$paramod$769a197ce1060b0cb9713fee8e90ba728f953dbe\pe_col'.
Finding identical cells in module `$paramod$a1fab303ca73419c1d137ef71f092bc8be8f62d4\array'.
Computing hashes of 4 cells of `$paramod$a1fab303ca73419c1d137ef71f092bc8be8f62d4\array'.
Finding duplicate cells in `$paramod$a1fab303ca73419c1d137ef71f092bc8be8f62d4\array'.
Removed a total of 0 cells.

3.6.6. Executing OPT_DFF pass (perform DFF optimizations).

3.6.7. Executing OPT_CLEAN pass (remove unused cells and wires).
Finding unused cells or wires in module $paramod$fd6c836b7bf5602091248f9e3eb866b8cee9595e\pe..
Finding unused cells or wires in module $paramod$769a197ce1060b0cb9713fee8e90ba728f953dbe\pe_col..
Finding unused cells or wires in module $paramod$a1fab303ca73419c1d137ef71f092bc8be8f62d4\array..

3.6.8. Executing OPT_EXPR pass (perform const folding).
Optimizing module $paramod$fd6c836b7bf5602091248f9e3eb866b8cee9595e\pe.
Optimizing module $paramod$769a197ce1060b0cb9713fee8e90ba728f953dbe\pe_col.
Optimizing module $paramod$a1fab303ca73419c1d137ef71f092bc8be8f62d4\array.

3.6.9. Finished fast OPT passes. (There is nothing left to do.)

3.7. Executing FSM pass (extract and optimize FSM).

3.7.1. Executing FSM_DETECT pass (finding FSMs in design).

3.7.2. Executing FSM_EXTRACT pass (extracting FSM from design).

3.7.3. Executing FSM_OPT pass (simple optimizations of FSMs).

3.7.4. Executing OPT_CLEAN pass (remove unused cells and wires).
Finding unused cells or wires in module $paramod$fd6c836b7bf5602091248f9e3eb866b8cee9595e\pe..
Finding unused cells or wires in module $paramod$769a197ce1060b0cb9713fee8e90ba728f953dbe\pe_col..
Finding unused cells or wires in module $paramod$a1fab303ca73419c1d137ef71f092bc8be8f62d4\array..

3.7.5. Executing FSM_OPT pass (simple optimizations of FSMs).

3.7.6. Executing FSM_RECODE pass (re-assigning FSM state encoding).

3.7.7. Executing FSM_INFO pass (dumping all available information on FSM cells).

3.7.8. Executing FSM_MAP pass (mapping FSMs to basic logic).

3.8. Executing OPT pass (performing simple optimizations).

3.8.1. Executing OPT_EXPR pass (perform const folding).
Optimizing module $paramod$fd6c836b7bf5602091248f9e3eb866b8cee9595e\pe.
Optimizing module $paramod$769a197ce1060b0cb9713fee8e90ba728f953dbe\pe_col.
Optimizing module $paramod$a1fab303ca73419c1d137ef71f092bc8be8f62d4\array.

3.8.2. Executing OPT_MERGE pass (detect identical cells).
Finding identical cells in module `$paramod$fd6c836b7bf5602091248f9e3eb866b8cee9595e\pe'.
Computing hashes of 8 cells of `$paramod$fd6c836b7bf5602091248f9e3eb866b8cee9595e\pe'.
Finding duplicate cells in `$paramod$fd6c836b7bf5602091248f9e3eb866b8cee9595e\pe'.
Finding identical cells in module `$paramod$769a197ce1060b0cb9713fee8e90ba728f953dbe\pe_col'.
Computing hashes of 4 cells of `$paramod$769a197ce1060b0cb9713fee8e90ba728f953dbe\pe_col'.
Finding duplicate cells in `$paramod$769a197ce1060b0cb9713fee8e90ba728f953dbe\pe_col'.
Finding identical cells in module `$paramod$a1fab303ca73419c1d137ef71f092bc8be8f62d4\array'.
Computing hashes of 4 cells of `$paramod$a1fab303ca73419c1d137ef71f092bc8be8f62d4\array'.
Finding duplicate cells in `$paramod$a1fab303ca73419c1d137ef71f092bc8be8f62d4\array'.
Removed a total of 0 cells.

3.8.3. Executing OPT_MUXTREE pass (detect dead branches in mux trees).
Running muxtree optimizer on module $paramod$fd6c836b7bf5602091248f9e3eb866b8cee9595e\pe..
  Creating internal representation of mux trees.
  Evaluating internal representation of mux trees.
  Analyzing evaluation results.
Running muxtree optimizer on module $paramod$769a197ce1060b0cb9713fee8e90ba728f953dbe\pe_col..
  Creating internal representation of mux trees.
  No muxes found in this module.
Running muxtree optimizer on module $paramod$a1fab303ca73419c1d137ef71f092bc8be8f62d4\array..
  Creating internal representation of mux trees.
  No muxes found in this module.
Removed 0 multiplexer ports.
<suppressed ~6 debug messages>

3.8.4. Executing OPT_REDUCE pass (consolidate $*mux and $reduce_* inputs).
  Optimizing cells in module $paramod$fd6c836b7bf5602091248f9e3eb866b8cee9595e\pe.
  Optimizing cells in module $paramod$769a197ce1060b0cb9713fee8e90ba728f953dbe\pe_col.
  Optimizing cells in module $paramod$a1fab303ca73419c1d137ef71f092bc8be8f62d4\array.
Performed a total of 0 changes.

3.8.5. Executing OPT_MERGE pass (detect identical cells).
Finding identical cells in module `$paramod$fd6c836b7bf5602091248f9e3eb866b8cee9595e\pe'.
Computing hashes of 8 cells of `$paramod$fd6c836b7bf5602091248f9e3eb866b8cee9595e\pe'.
Finding duplicate cells in `$paramod$fd6c836b7bf5602091248f9e3eb866b8cee9595e\pe'.
Finding identical cells in module `$paramod$769a197ce1060b0cb9713fee8e90ba728f953dbe\pe_col'.
Computing hashes of 4 cells of `$paramod$769a197ce1060b0cb9713fee8e90ba728f953dbe\pe_col'.
Finding duplicate cells in `$paramod$769a197ce1060b0cb9713fee8e90ba728f953dbe\pe_col'.
Finding identical cells in module `$paramod$a1fab303ca73419c1d137ef71f092bc8be8f62d4\array'.
Computing hashes of 4 cells of `$paramod$a1fab303ca73419c1d137ef71f092bc8be8f62d4\array'.
Finding duplicate cells in `$paramod$a1fab303ca73419c1d137ef71f092bc8be8f62d4\array'.
Removed a total of 0 cells.

3.8.6. Executing OPT_DFF pass (perform DFF optimizations).
Adding EN signal on $procdff$464 ($adff) from module $paramod$fd6c836b7bf5602091248f9e3eb866b8cee9595e\pe (D = \acc_in [31:0], Q = \weight_r).

3.8.7. Executing OPT_CLEAN pass (remove unused cells and wires).
Finding unused cells or wires in module $paramod$fd6c836b7bf5602091248f9e3eb866b8cee9595e\pe..
Finding unused cells or wires in module $paramod$769a197ce1060b0cb9713fee8e90ba728f953dbe\pe_col..
Finding unused cells or wires in module $paramod$a1fab303ca73419c1d137ef71f092bc8be8f62d4\array..
Removed 1 unused cells and 1 unused wires.
<suppressed ~2 debug messages>

3.8.8. Executing OPT_EXPR pass (perform const folding).
Optimizing module $paramod$fd6c836b7bf5602091248f9e3eb866b8cee9595e\pe.
Optimizing module $paramod$769a197ce1060b0cb9713fee8e90ba728f953dbe\pe_col.
Optimizing module $paramod$a1fab303ca73419c1d137ef71f092bc8be8f62d4\array.

3.8.9. Rerunning OPT passes. (Maybe there is more to do..)

3.8.10. Executing OPT_MUXTREE pass (detect dead branches in mux trees).
Running muxtree optimizer on module $paramod$fd6c836b7bf5602091248f9e3eb866b8cee9595e\pe..
  Creating internal representation of mux trees.
  Evaluating internal representation of mux trees.
  Analyzing evaluation results.
Running muxtree optimizer on module $paramod$769a197ce1060b0cb9713fee8e90ba728f953dbe\pe_col..
  Creating internal representation of mux trees.
  No muxes found in this module.
Running muxtree optimizer on module $paramod$a1fab303ca73419c1d137ef71f092bc8be8f62d4\array..
  Creating internal representation of mux trees.
  No muxes found in this module.
Removed 0 multiplexer ports.
<suppressed ~4 debug messages>

3.8.11. Executing OPT_REDUCE pass (consolidate $*mux and $reduce_* inputs).
  Optimizing cells in module $paramod$fd6c836b7bf5602091248f9e3eb866b8cee9595e\pe.
  Optimizing cells in module $paramod$769a197ce1060b0cb9713fee8e90ba728f953dbe\pe_col.
  Optimizing cells in module $paramod$a1fab303ca73419c1d137ef71f092bc8be8f62d4\array.
Performed a total of 0 changes.

3.8.12. Executing OPT_MERGE pass (detect identical cells).
Finding identical cells in module `$paramod$fd6c836b7bf5602091248f9e3eb866b8cee9595e\pe'.
Computing hashes of 7 cells of `$paramod$fd6c836b7bf5602091248f9e3eb866b8cee9595e\pe'.
Finding duplicate cells in `$paramod$fd6c836b7bf5602091248f9e3eb866b8cee9595e\pe'.
Finding identical cells in module `$paramod$769a197ce1060b0cb9713fee8e90ba728f953dbe\pe_col'.
Computing hashes of 4 cells of `$paramod$769a197ce1060b0cb9713fee8e90ba728f953dbe\pe_col'.
Finding duplicate cells in `$paramod$769a197ce1060b0cb9713fee8e90ba728f953dbe\pe_col'.
Finding identical cells in module `$paramod$a1fab303ca73419c1d137ef71f092bc8be8f62d4\array'.
Computing hashes of 4 cells of `$paramod$a1fab303ca73419c1d137ef71f092bc8be8f62d4\array'.
Finding duplicate cells in `$paramod$a1fab303ca73419c1d137ef71f092bc8be8f62d4\array'.
Removed a total of 0 cells.

3.8.13. Executing OPT_DFF pass (perform DFF optimizations).

3.8.14. Executing OPT_CLEAN pass (remove unused cells and wires).
Finding unused cells or wires in module $paramod$fd6c836b7bf5602091248f9e3eb866b8cee9595e\pe..
Finding unused cells or wires in module $paramod$769a197ce1060b0cb9713fee8e90ba728f953dbe\pe_col..
Finding unused cells or wires in module $paramod$a1fab303ca73419c1d137ef71f092bc8be8f62d4\array..

3.8.15. Executing OPT_EXPR pass (perform const folding).
Optimizing module $paramod$fd6c836b7bf5602091248f9e3eb866b8cee9595e\pe.
Optimizing module $paramod$769a197ce1060b0cb9713fee8e90ba728f953dbe\pe_col.
Optimizing module $paramod$a1fab303ca73419c1d137ef71f092bc8be8f62d4\array.

3.8.16. Finished fast OPT passes. (There is nothing left to do.)

3.9. Executing WREDUCE pass (reducing word size of cells).

3.10. Executing PEEPOPT pass (run peephole optimizers).

3.11. Executing OPT_CLEAN pass (remove unused cells and wires).
Finding unused cells or wires in module $paramod$fd6c836b7bf5602091248f9e3eb866b8cee9595e\pe..
Finding unused cells or wires in module $paramod$769a197ce1060b0cb9713fee8e90ba728f953dbe\pe_col..
Finding unused cells or wires in module $paramod$a1fab303ca73419c1d137ef71f092bc8be8f62d4\array..

3.12. Executing ALUMACC pass (create $alu and $macc cells).
Extracting $alu and $macc cells in module $paramod$fd6c836b7bf5602091248f9e3eb866b8cee9595e\pe:
  creating $macc model for $add$results/sv2v_output.v:35$419 ($add).
  creating $macc model for $mul$results/sv2v_output.v:21$416 ($mul).
  merging $macc model for $mul$results/sv2v_output.v:21$416 into $add$results/sv2v_output.v:35$419.
  creating $macc cell for $add$results/sv2v_output.v:35$419: $auto$alumacc.cc:382:replace_macc$466
  created 0 $alu and 1 $macc cells.
Extracting $alu and $macc cells in module $paramod$769a197ce1060b0cb9713fee8e90ba728f953dbe\pe_col:
  created 0 $alu and 0 $macc cells.
Extracting $alu and $macc cells in module $paramod$a1fab303ca73419c1d137ef71f092bc8be8f62d4\array:
  created 0 $alu and 0 $macc cells.

3.13. Executing SHARE pass (SAT-based resource sharing).

3.14. Executing OPT pass (performing simple optimizations).

3.14.1. Executing OPT_EXPR pass (perform const folding).
Optimizing module $paramod$fd6c836b7bf5602091248f9e3eb866b8cee9595e\pe.
Optimizing module $paramod$769a197ce1060b0cb9713fee8e90ba728f953dbe\pe_col.
Optimizing module $paramod$a1fab303ca73419c1d137ef71f092bc8be8f62d4\array.

3.14.2. Executing OPT_MERGE pass (detect identical cells).
Finding identical cells in module `$paramod$fd6c836b7bf5602091248f9e3eb866b8cee9595e\pe'.
Computing hashes of 7 cells of `$paramod$fd6c836b7bf5602091248f9e3eb866b8cee9595e\pe'.
Finding duplicate cells in `$paramod$fd6c836b7bf5602091248f9e3eb866b8cee9595e\pe'.
Finding identical cells in module `$paramod$769a197ce1060b0cb9713fee8e90ba728f953dbe\pe_col'.
Computing hashes of 4 cells of `$paramod$769a197ce1060b0cb9713fee8e90ba728f953dbe\pe_col'.
Finding duplicate cells in `$paramod$769a197ce1060b0cb9713fee8e90ba728f953dbe\pe_col'.
Finding identical cells in module `$paramod$a1fab303ca73419c1d137ef71f092bc8be8f62d4\array'.
Computing hashes of 4 cells of `$paramod$a1fab303ca73419c1d137ef71f092bc8be8f62d4\array'.
Finding duplicate cells in `$paramod$a1fab303ca73419c1d137ef71f092bc8be8f62d4\array'.
Removed a total of 0 cells.

3.14.3. Executing OPT_MUXTREE pass (detect dead branches in mux trees).
Running muxtree optimizer on module $paramod$fd6c836b7bf5602091248f9e3eb866b8cee9595e\pe..
  Creating internal representation of mux trees.
  Evaluating internal representation of mux trees.
  Analyzing evaluation results.
Running muxtree optimizer on module $paramod$769a197ce1060b0cb9713fee8e90ba728f953dbe\pe_col..
  Creating internal representation of mux trees.
  No muxes found in this module.
Running muxtree optimizer on module $paramod$a1fab303ca73419c1d137ef71f092bc8be8f62d4\array..
  Creating internal representation of mux trees.
  No muxes found in this module.
Removed 0 multiplexer ports.
<suppressed ~4 debug messages>

3.14.4. Executing OPT_REDUCE pass (consolidate $*mux and $reduce_* inputs).
  Optimizing cells in module $paramod$fd6c836b7bf5602091248f9e3eb866b8cee9595e\pe.
  Optimizing cells in module $paramod$769a197ce1060b0cb9713fee8e90ba728f953dbe\pe_col.
  Optimizing cells in module $paramod$a1fab303ca73419c1d137ef71f092bc8be8f62d4\array.
Performed a total of 0 changes.

3.14.5. Executing OPT_MERGE pass (detect identical cells).
Finding identical cells in module `$paramod$fd6c836b7bf5602091248f9e3eb866b8cee9595e\pe'.
Computing hashes of 7 cells of `$paramod$fd6c836b7bf5602091248f9e3eb866b8cee9595e\pe'.
Finding duplicate cells in `$paramod$fd6c836b7bf5602091248f9e3eb866b8cee9595e\pe'.
Finding identical cells in module `$paramod$769a197ce1060b0cb9713fee8e90ba728f953dbe\pe_col'.
Computing hashes of 4 cells of `$paramod$769a197ce1060b0cb9713fee8e90ba728f953dbe\pe_col'.
Finding duplicate cells in `$paramod$769a197ce1060b0cb9713fee8e90ba728f953dbe\pe_col'.
Finding identical cells in module `$paramod$a1fab303ca73419c1d137ef71f092bc8be8f62d4\array'.
Computing hashes of 4 cells of `$paramod$a1fab303ca73419c1d137ef71f092bc8be8f62d4\array'.
Finding duplicate cells in `$paramod$a1fab303ca73419c1d137ef71f092bc8be8f62d4\array'.
Removed a total of 0 cells.

3.14.6. Executing OPT_DFF pass (perform DFF optimizations).

3.14.7. Executing OPT_CLEAN pass (remove unused cells and wires).
Finding unused cells or wires in module $paramod$fd6c836b7bf5602091248f9e3eb866b8cee9595e\pe..
Finding unused cells or wires in module $paramod$769a197ce1060b0cb9713fee8e90ba728f953dbe\pe_col..
Finding unused cells or wires in module $paramod$a1fab303ca73419c1d137ef71f092bc8be8f62d4\array..
Removed 1 unused cells and 1 unused wires.
<suppressed ~2 debug messages>

3.14.8. Executing OPT_EXPR pass (perform const folding).
Optimizing module $paramod$fd6c836b7bf5602091248f9e3eb866b8cee9595e\pe.
Optimizing module $paramod$769a197ce1060b0cb9713fee8e90ba728f953dbe\pe_col.
Optimizing module $paramod$a1fab303ca73419c1d137ef71f092bc8be8f62d4\array.

3.14.9. Rerunning OPT passes. (Maybe there is more to do..)

3.14.10. Executing OPT_MUXTREE pass (detect dead branches in mux trees).
Running muxtree optimizer on module $paramod$fd6c836b7bf5602091248f9e3eb866b8cee9595e\pe..
  Creating internal representation of mux trees.
  Evaluating internal representation of mux trees.
  Analyzing evaluation results.
Running muxtree optimizer on module $paramod$769a197ce1060b0cb9713fee8e90ba728f953dbe\pe_col..
  Creating internal representation of mux trees.
  No muxes found in this module.
Running muxtree optimizer on module $paramod$a1fab303ca73419c1d137ef71f092bc8be8f62d4\array..
  Creating internal representation of mux trees.
  No muxes found in this module.
Removed 0 multiplexer ports.
<suppressed ~4 debug messages>

3.14.11. Executing OPT_REDUCE pass (consolidate $*mux and $reduce_* inputs).
  Optimizing cells in module $paramod$fd6c836b7bf5602091248f9e3eb866b8cee9595e\pe.
  Optimizing cells in module $paramod$769a197ce1060b0cb9713fee8e90ba728f953dbe\pe_col.
  Optimizing cells in module $paramod$a1fab303ca73419c1d137ef71f092bc8be8f62d4\array.
Performed a total of 0 changes.

3.14.12. Executing OPT_MERGE pass (detect identical cells).
Finding identical cells in module `$paramod$fd6c836b7bf5602091248f9e3eb866b8cee9595e\pe'.
Computing hashes of 6 cells of `$paramod$fd6c836b7bf5602091248f9e3eb866b8cee9595e\pe'.
Finding duplicate cells in `$paramod$fd6c836b7bf5602091248f9e3eb866b8cee9595e\pe'.
Finding identical cells in module `$paramod$769a197ce1060b0cb9713fee8e90ba728f953dbe\pe_col'.
Computing hashes of 4 cells of `$paramod$769a197ce1060b0cb9713fee8e90ba728f953dbe\pe_col'.
Finding duplicate cells in `$paramod$769a197ce1060b0cb9713fee8e90ba728f953dbe\pe_col'.
Finding identical cells in module `$paramod$a1fab303ca73419c1d137ef71f092bc8be8f62d4\array'.
Computing hashes of 4 cells of `$paramod$a1fab303ca73419c1d137ef71f092bc8be8f62d4\array'.
Finding duplicate cells in `$paramod$a1fab303ca73419c1d137ef71f092bc8be8f62d4\array'.
Removed a total of 0 cells.

3.14.13. Executing OPT_DFF pass (perform DFF optimizations).

3.14.14. Executing OPT_CLEAN pass (remove unused cells and wires).
Finding unused cells or wires in module $paramod$fd6c836b7bf5602091248f9e3eb866b8cee9595e\pe..
Finding unused cells or wires in module $paramod$769a197ce1060b0cb9713fee8e90ba728f953dbe\pe_col..
Finding unused cells or wires in module $paramod$a1fab303ca73419c1d137ef71f092bc8be8f62d4\array..

3.14.15. Executing OPT_EXPR pass (perform const folding).
Optimizing module $paramod$fd6c836b7bf5602091248f9e3eb866b8cee9595e\pe.
Optimizing module $paramod$769a197ce1060b0cb9713fee8e90ba728f953dbe\pe_col.
Optimizing module $paramod$a1fab303ca73419c1d137ef71f092bc8be8f62d4\array.

3.14.16. Finished fast OPT passes. (There is nothing left to do.)

3.15. Executing MEMORY pass.

3.15.1. Executing OPT_MEM pass (optimize memories).
Performed a total of 0 transformations.

3.15.2. Executing OPT_MEM_PRIORITY pass (removing unnecessary memory write priority relations).
Performed a total of 0 transformations.

3.15.3. Executing OPT_MEM_FEEDBACK pass (finding memory read-to-write feedback paths).

3.15.4. Executing MEMORY_BMUX2ROM pass (converting muxes to ROMs).

3.15.5. Executing MEMORY_DFF pass (merging $dff cells to $memrd).

3.15.6. Executing OPT_CLEAN pass (remove unused cells and wires).
Finding unused cells or wires in module $paramod$fd6c836b7bf5602091248f9e3eb866b8cee9595e\pe..
Finding unused cells or wires in module $paramod$769a197ce1060b0cb9713fee8e90ba728f953dbe\pe_col..
Finding unused cells or wires in module $paramod$a1fab303ca73419c1d137ef71f092bc8be8f62d4\array..

3.15.7. Executing MEMORY_SHARE pass (consolidating $memrd/$memwr cells).

3.15.8. Executing OPT_MEM_WIDEN pass (optimize memories where all ports are wide).
Performed a total of 0 transformations.

3.15.9. Executing OPT_CLEAN pass (remove unused cells and wires).
Finding unused cells or wires in module $paramod$fd6c836b7bf5602091248f9e3eb866b8cee9595e\pe..
Finding unused cells or wires in module $paramod$769a197ce1060b0cb9713fee8e90ba728f953dbe\pe_col..
Finding unused cells or wires in module $paramod$a1fab303ca73419c1d137ef71f092bc8be8f62d4\array..

3.15.10. Executing MEMORY_COLLECT pass (generating $mem cells).

3.16. Executing OPT_CLEAN pass (remove unused cells and wires).
Finding unused cells or wires in module $paramod$fd6c836b7bf5602091248f9e3eb866b8cee9595e\pe..
Finding unused cells or wires in module $paramod$769a197ce1060b0cb9713fee8e90ba728f953dbe\pe_col..
Finding unused cells or wires in module $paramod$a1fab303ca73419c1d137ef71f092bc8be8f62d4\array..

3.17. Executing OPT pass (performing simple optimizations).

3.17.1. Executing OPT_EXPR pass (perform const folding).
Optimizing module $paramod$fd6c836b7bf5602091248f9e3eb866b8cee9595e\pe.
Optimizing module $paramod$769a197ce1060b0cb9713fee8e90ba728f953dbe\pe_col.
Optimizing module $paramod$a1fab303ca73419c1d137ef71f092bc8be8f62d4\array.

3.17.2. Executing OPT_MERGE pass (detect identical cells).
Finding identical cells in module `$paramod$fd6c836b7bf5602091248f9e3eb866b8cee9595e\pe'.
Computing hashes of 6 cells of `$paramod$fd6c836b7bf5602091248f9e3eb866b8cee9595e\pe'.
Finding duplicate cells in `$paramod$fd6c836b7bf5602091248f9e3eb866b8cee9595e\pe'.
Finding identical cells in module `$paramod$769a197ce1060b0cb9713fee8e90ba728f953dbe\pe_col'.
Computing hashes of 4 cells of `$paramod$769a197ce1060b0cb9713fee8e90ba728f953dbe\pe_col'.
Finding duplicate cells in `$paramod$769a197ce1060b0cb9713fee8e90ba728f953dbe\pe_col'.
Finding identical cells in module `$paramod$a1fab303ca73419c1d137ef71f092bc8be8f62d4\array'.
Computing hashes of 4 cells of `$paramod$a1fab303ca73419c1d137ef71f092bc8be8f62d4\array'.
Finding duplicate cells in `$paramod$a1fab303ca73419c1d137ef71f092bc8be8f62d4\array'.
Removed a total of 0 cells.

3.17.3. Executing OPT_DFF pass (perform DFF optimizations).

3.17.4. Executing OPT_CLEAN pass (remove unused cells and wires).
Finding unused cells or wires in module $paramod$fd6c836b7bf5602091248f9e3eb866b8cee9595e\pe..
Finding unused cells or wires in module $paramod$769a197ce1060b0cb9713fee8e90ba728f953dbe\pe_col..
Finding unused cells or wires in module $paramod$a1fab303ca73419c1d137ef71f092bc8be8f62d4\array..

3.17.5. Finished fast OPT passes.

3.18. Executing MEMORY_MAP pass (converting memories to logic and flip-flops).

3.19. Executing OPT pass (performing simple optimizations).

3.19.1. Executing OPT_EXPR pass (perform const folding).
Optimizing module $paramod$fd6c836b7bf5602091248f9e3eb866b8cee9595e\pe.
Optimizing module $paramod$769a197ce1060b0cb9713fee8e90ba728f953dbe\pe_col.
Optimizing module $paramod$a1fab303ca73419c1d137ef71f092bc8be8f62d4\array.

3.19.2. Executing OPT_MERGE pass (detect identical cells).
Finding identical cells in module `$paramod$fd6c836b7bf5602091248f9e3eb866b8cee9595e\pe'.
Computing hashes of 6 cells of `$paramod$fd6c836b7bf5602091248f9e3eb866b8cee9595e\pe'.
Finding duplicate cells in `$paramod$fd6c836b7bf5602091248f9e3eb866b8cee9595e\pe'.
Finding identical cells in module `$paramod$769a197ce1060b0cb9713fee8e90ba728f953dbe\pe_col'.
Computing hashes of 4 cells of `$paramod$769a197ce1060b0cb9713fee8e90ba728f953dbe\pe_col'.
Finding duplicate cells in `$paramod$769a197ce1060b0cb9713fee8e90ba728f953dbe\pe_col'.
Finding identical cells in module `$paramod$a1fab303ca73419c1d137ef71f092bc8be8f62d4\array'.
Computing hashes of 4 cells of `$paramod$a1fab303ca73419c1d137ef71f092bc8be8f62d4\array'.
Finding duplicate cells in `$paramod$a1fab303ca73419c1d137ef71f092bc8be8f62d4\array'.
Removed a total of 0 cells.

3.19.3. Executing OPT_MUXTREE pass (detect dead branches in mux trees).
Running muxtree optimizer on module $paramod$fd6c836b7bf5602091248f9e3eb866b8cee9595e\pe..
  Creating internal representation of mux trees.
  Evaluating internal representation of mux trees.
  Analyzing evaluation results.
Running muxtree optimizer on module $paramod$769a197ce1060b0cb9713fee8e90ba728f953dbe\pe_col..
  Creating internal representation of mux trees.
  No muxes found in this module.
Running muxtree optimizer on module $paramod$a1fab303ca73419c1d137ef71f092bc8be8f62d4\array..
  Creating internal representation of mux trees.
  No muxes found in this module.
Removed 0 multiplexer ports.
<suppressed ~4 debug messages>

3.19.4. Executing OPT_REDUCE pass (consolidate $*mux and $reduce_* inputs).
  Optimizing cells in module $paramod$fd6c836b7bf5602091248f9e3eb866b8cee9595e\pe.
  Optimizing cells in module $paramod$769a197ce1060b0cb9713fee8e90ba728f953dbe\pe_col.
  Optimizing cells in module $paramod$a1fab303ca73419c1d137ef71f092bc8be8f62d4\array.
Performed a total of 0 changes.

3.19.5. Executing OPT_MERGE pass (detect identical cells).
Finding identical cells in module `$paramod$fd6c836b7bf5602091248f9e3eb866b8cee9595e\pe'.
Computing hashes of 6 cells of `$paramod$fd6c836b7bf5602091248f9e3eb866b8cee9595e\pe'.
Finding duplicate cells in `$paramod$fd6c836b7bf5602091248f9e3eb866b8cee9595e\pe'.
Finding identical cells in module `$paramod$769a197ce1060b0cb9713fee8e90ba728f953dbe\pe_col'.
Computing hashes of 4 cells of `$paramod$769a197ce1060b0cb9713fee8e90ba728f953dbe\pe_col'.
Finding duplicate cells in `$paramod$769a197ce1060b0cb9713fee8e90ba728f953dbe\pe_col'.
Finding identical cells in module `$paramod$a1fab303ca73419c1d137ef71f092bc8be8f62d4\array'.
Computing hashes of 4 cells of `$paramod$a1fab303ca73419c1d137ef71f092bc8be8f62d4\array'.
Finding duplicate cells in `$paramod$a1fab303ca73419c1d137ef71f092bc8be8f62d4\array'.
Removed a total of 0 cells.

3.19.6. Executing OPT_SHARE pass.

3.19.7. Executing OPT_DFF pass (perform DFF optimizations).

3.19.8. Executing OPT_CLEAN pass (remove unused cells and wires).
Finding unused cells or wires in module $paramod$fd6c836b7bf5602091248f9e3eb866b8cee9595e\pe..
Finding unused cells or wires in module $paramod$769a197ce1060b0cb9713fee8e90ba728f953dbe\pe_col..
Finding unused cells or wires in module $paramod$a1fab303ca73419c1d137ef71f092bc8be8f62d4\array..

3.19.9. Executing OPT_EXPR pass (perform const folding).
Optimizing module $paramod$fd6c836b7bf5602091248f9e3eb866b8cee9595e\pe.
Optimizing module $paramod$769a197ce1060b0cb9713fee8e90ba728f953dbe\pe_col.
Optimizing module $paramod$a1fab303ca73419c1d137ef71f092bc8be8f62d4\array.

3.19.10. Finished fast OPT passes. (There is nothing left to do.)

3.20. Executing TECHMAP pass (map to technology primitives).

3.20.1. Executing Verilog-2005 frontend: /usr/local/bin/../share/yosys/techmap.v
Parsing Verilog input from `/usr/local/bin/../share/yosys/techmap.v' to AST representation.
Generating RTLIL representation for module `\_90_simplemap_bool_ops'.
Generating RTLIL representation for module `\_90_simplemap_reduce_ops'.
Generating RTLIL representation for module `\_90_simplemap_logic_ops'.
Generating RTLIL representation for module `\_90_simplemap_compare_ops'.
Generating RTLIL representation for module `\_90_simplemap_various'.
Generating RTLIL representation for module `\_90_simplemap_registers'.
Generating RTLIL representation for module `\_90_shift_ops_shr_shl_sshl_sshr'.
Generating RTLIL representation for module `\_90_shift_shiftx'.
Generating RTLIL representation for module `\_90_fa'.
Generating RTLIL representation for module `\_90_lcu_brent_kung'.
Generating RTLIL representation for module `\_90_alu'.
Generating RTLIL representation for module `\_90_macc'.
Generating RTLIL representation for module `\_90_alumacc'.
Generating RTLIL representation for module `$__div_mod_u'.
Generating RTLIL representation for module `$__div_mod_trunc'.
Generating RTLIL representation for module `\_90_div'.
Generating RTLIL representation for module `\_90_mod'.
Generating RTLIL representation for module `$__div_mod_floor'.
Generating RTLIL representation for module `\_90_divfloor'.
Generating RTLIL representation for module `\_90_modfloor'.
Generating RTLIL representation for module `\_90_pow'.
Generating RTLIL representation for module `\_90_demux'.
Generating RTLIL representation for module `\_90_lut'.
Generating RTLIL representation for module `$connect'.
Generating RTLIL representation for module `$input_port'.
Successfully finished Verilog frontend.

3.20.2. Continuing TECHMAP pass.
Using extmapper maccmap for cells of type $macc_v2.
  add \weight_r * \data_in (32x32 bits, signed)
  add \acc_in (64 bits, signed)
Using extmapper simplemap for cells of type $adffe.
Using extmapper simplemap for cells of type $mux.
Using extmapper simplemap for cells of type $adff.
Using template $paramod\_90_fa\WIDTH=32'00000000000000000000000001000000 for cells of type $fa.
Using template $paramod\_90_fa\WIDTH=32'00000000000000000000000000111111 for cells of type $fa.
Using template $paramod$039520c137afc9cd69dd56c3fb11a4e1fbe5f664\_90_alu for cells of type $alu.
Using extmapper simplemap for cells of type $and.
Using extmapper simplemap for cells of type $not.
Using extmapper simplemap for cells of type $pos.
Using template $paramod\_90_lcu_brent_kung\WIDTH=32'00000000000000000000000001000000 for cells of type $lcu.
Using extmapper simplemap for cells of type $xor.
Using extmapper simplemap for cells of type $or.
No more expansions possible.
<suppressed ~832 debug messages>

3.21. Executing OPT pass (performing simple optimizations).

3.21.1. Executing OPT_EXPR pass (perform const folding).
Optimizing module $paramod$fd6c836b7bf5602091248f9e3eb866b8cee9595e\pe.
<suppressed ~3404 debug messages>
Optimizing module $paramod$769a197ce1060b0cb9713fee8e90ba728f953dbe\pe_col.
Optimizing module $paramod$a1fab303ca73419c1d137ef71f092bc8be8f62d4\array.

3.21.2. Executing OPT_MERGE pass (detect identical cells).
Finding identical cells in module `$paramod$fd6c836b7bf5602091248f9e3eb866b8cee9595e\pe'.
Computing hashes of 9948 cells of `$paramod$fd6c836b7bf5602091248f9e3eb866b8cee9595e\pe'.
Finding duplicate cells in `$paramod$fd6c836b7bf5602091248f9e3eb866b8cee9595e\pe'.
Computing hashes of 9420 cells of `$paramod$fd6c836b7bf5602091248f9e3eb866b8cee9595e\pe'.
Finding duplicate cells in `$paramod$fd6c836b7bf5602091248f9e3eb866b8cee9595e\pe'.
Computing hashes of 9069 cells of `$paramod$fd6c836b7bf5602091248f9e3eb866b8cee9595e\pe'.
Finding duplicate cells in `$paramod$fd6c836b7bf5602091248f9e3eb866b8cee9595e\pe'.
Computing hashes of 8779 cells of `$paramod$fd6c836b7bf5602091248f9e3eb866b8cee9595e\pe'.
Finding duplicate cells in `$paramod$fd6c836b7bf5602091248f9e3eb866b8cee9595e\pe'.
Computing hashes of 8633 cells of `$paramod$fd6c836b7bf5602091248f9e3eb866b8cee9595e\pe'.
Finding duplicate cells in `$paramod$fd6c836b7bf5602091248f9e3eb866b8cee9595e\pe'.
Computing hashes of 8452 cells of `$paramod$fd6c836b7bf5602091248f9e3eb866b8cee9595e\pe'.
Finding duplicate cells in `$paramod$fd6c836b7bf5602091248f9e3eb866b8cee9595e\pe'.
Computing hashes of 8326 cells of `$paramod$fd6c836b7bf5602091248f9e3eb866b8cee9595e\pe'.
Finding duplicate cells in `$paramod$fd6c836b7bf5602091248f9e3eb866b8cee9595e\pe'.
Computing hashes of 8263 cells of `$paramod$fd6c836b7bf5602091248f9e3eb866b8cee9595e\pe'.
Finding duplicate cells in `$paramod$fd6c836b7bf5602091248f9e3eb866b8cee9595e\pe'.
Computing hashes of 8203 cells of `$paramod$fd6c836b7bf5602091248f9e3eb866b8cee9595e\pe'.
Finding duplicate cells in `$paramod$fd6c836b7bf5602091248f9e3eb866b8cee9595e\pe'.
Computing hashes of 8143 cells of `$paramod$fd6c836b7bf5602091248f9e3eb866b8cee9595e\pe'.
Finding duplicate cells in `$paramod$fd6c836b7bf5602091248f9e3eb866b8cee9595e\pe'.
Computing hashes of 8113 cells of `$paramod$fd6c836b7bf5602091248f9e3eb866b8cee9595e\pe'.
Finding duplicate cells in `$paramod$fd6c836b7bf5602091248f9e3eb866b8cee9595e\pe'.
Computing hashes of 8079 cells of `$paramod$fd6c836b7bf5602091248f9e3eb866b8cee9595e\pe'.
Finding duplicate cells in `$paramod$fd6c836b7bf5602091248f9e3eb866b8cee9595e\pe'.
Computing hashes of 8077 cells of `$paramod$fd6c836b7bf5602091248f9e3eb866b8cee9595e\pe'.
Finding duplicate cells in `$paramod$fd6c836b7bf5602091248f9e3eb866b8cee9595e\pe'.
Computing hashes of 8076 cells of `$paramod$fd6c836b7bf5602091248f9e3eb866b8cee9595e\pe'.
Finding duplicate cells in `$paramod$fd6c836b7bf5602091248f9e3eb866b8cee9595e\pe'.
<suppressed ~5616 debug messages>
Finding identical cells in module `$paramod$769a197ce1060b0cb9713fee8e90ba728f953dbe\pe_col'.
Computing hashes of 4 cells of `$paramod$769a197ce1060b0cb9713fee8e90ba728f953dbe\pe_col'.
Finding duplicate cells in `$paramod$769a197ce1060b0cb9713fee8e90ba728f953dbe\pe_col'.
Finding identical cells in module `$paramod$a1fab303ca73419c1d137ef71f092bc8be8f62d4\array'.
Computing hashes of 4 cells of `$paramod$a1fab303ca73419c1d137ef71f092bc8be8f62d4\array'.
Finding duplicate cells in `$paramod$a1fab303ca73419c1d137ef71f092bc8be8f62d4\array'.
Removed a total of 1872 cells.

3.21.3. Executing OPT_DFF pass (perform DFF optimizations).

3.21.4. Executing OPT_CLEAN pass (remove unused cells and wires).
Finding unused cells or wires in module $paramod$fd6c836b7bf5602091248f9e3eb866b8cee9595e\pe..
Finding unused cells or wires in module $paramod$769a197ce1060b0cb9713fee8e90ba728f953dbe\pe_col..
Finding unused cells or wires in module $paramod$a1fab303ca73419c1d137ef71f092bc8be8f62d4\array..
Removed 115 unused cells and 389 unused wires.
<suppressed ~116 debug messages>

3.21.5. Finished fast OPT passes.

3.22. Executing ABC pass (technology mapping using ABC).

3.22.1. Extracting gate netlist of module `$paramod$fd6c836b7bf5602091248f9e3eb866b8cee9595e\pe' to `<abc-temp-dir>/input.blif'..

3.22.1.1. Executed ABC.
Extracted 7833 gates and 7963 wires to a netlist network with 129 inputs and 96 outputs.
Running ABC script: <abc-temp-dir>/abc.script
ABC: UC Berkeley, ABC 1.01 (compiled May 29 2026 19:41:28)
ABC: abc 01> empty
ABC: abc 01> source <abc-temp-dir>/abc.script
ABC: + read_blif <abc-temp-dir>/input.blif 
ABC: + read_library <abc-temp-dir>/stdcells.genlib 
ABC: + strash 
ABC: + &get -n 
ABC: + &fraig -x 
ABC: + &put 
ABC: + scorr 
ABC: Warning: The network is combinational (run "fraig" or "fraig_sweep").
ABC: + dc2 
ABC: + dretime 
ABC: + strash 
ABC: + &get -n 
ABC: + &dch -f 
ABC: + &nf 
ABC: + &put 
ABC: + write_blif <abc-temp-dir>/output.blif 
ABC: 
ABC: YOSYS_ABC_DONE 

3.22.1.2. Re-integrating ABC results.
ABC RESULTS:               AND cells:     1139
ABC RESULTS:            ANDNOT cells:       79
ABC RESULTS:               MUX cells:       82
ABC RESULTS:              NAND cells:     3638
ABC RESULTS:               NOR cells:        7
ABC RESULTS:               NOT cells:        5
ABC RESULTS:                OR cells:       78
ABC RESULTS:             ORNOT cells:       34
ABC RESULTS:              XNOR cells:      211
ABC RESULTS:               XOR cells:     2390
ABC RESULTS:        internal signals:     7738
ABC RESULTS:           input signals:      129
ABC RESULTS:          output signals:       96
Removing temp directory.

3.22.2. Extracting gate netlist of module `$paramod$769a197ce1060b0cb9713fee8e90ba728f953dbe\pe_col' to `<abc-temp-dir>/input.blif'..

3.22.2.1. Executed ABC.
Extracted 0 gates and 0 wires to a netlist network with 0 inputs and 0 outputs.
Don't call ABC as there is nothing to map.
Removing temp directory.

3.22.3. Extracting gate netlist of module `$paramod$a1fab303ca73419c1d137ef71f092bc8be8f62d4\array' to `<abc-temp-dir>/input.blif'..

3.22.3.1. Executed ABC.
Extracted 0 gates and 0 wires to a netlist network with 0 inputs and 0 outputs.
Don't call ABC as there is nothing to map.
Removing temp directory.
Removing global temp directory.

3.23. Executing OPT pass (performing simple optimizations).

3.23.1. Executing OPT_EXPR pass (perform const folding).
Optimizing module $paramod$fd6c836b7bf5602091248f9e3eb866b8cee9595e\pe.
Optimizing module $paramod$769a197ce1060b0cb9713fee8e90ba728f953dbe\pe_col.
Optimizing module $paramod$a1fab303ca73419c1d137ef71f092bc8be8f62d4\array.

3.23.2. Executing OPT_MERGE pass (detect identical cells).
Finding identical cells in module `$paramod$fd6c836b7bf5602091248f9e3eb866b8cee9595e\pe'.
Computing hashes of 7791 cells of `$paramod$fd6c836b7bf5602091248f9e3eb866b8cee9595e\pe'.
Finding duplicate cells in `$paramod$fd6c836b7bf5602091248f9e3eb866b8cee9595e\pe'.
Finding identical cells in module `$paramod$769a197ce1060b0cb9713fee8e90ba728f953dbe\pe_col'.
Computing hashes of 4 cells of `$paramod$769a197ce1060b0cb9713fee8e90ba728f953dbe\pe_col'.
Finding duplicate cells in `$paramod$769a197ce1060b0cb9713fee8e90ba728f953dbe\pe_col'.
Finding identical cells in module `$paramod$a1fab303ca73419c1d137ef71f092bc8be8f62d4\array'.
Computing hashes of 4 cells of `$paramod$a1fab303ca73419c1d137ef71f092bc8be8f62d4\array'.
Finding duplicate cells in `$paramod$a1fab303ca73419c1d137ef71f092bc8be8f62d4\array'.
Removed a total of 0 cells.

3.23.3. Executing OPT_DFF pass (perform DFF optimizations).

3.23.4. Executing OPT_CLEAN pass (remove unused cells and wires).
Finding unused cells or wires in module $paramod$fd6c836b7bf5602091248f9e3eb866b8cee9595e\pe..
Finding unused cells or wires in module $paramod$769a197ce1060b0cb9713fee8e90ba728f953dbe\pe_col..
Finding unused cells or wires in module $paramod$a1fab303ca73419c1d137ef71f092bc8be8f62d4\array..
Removed 0 unused cells and 627 unused wires.
<suppressed ~1 debug messages>

3.23.5. Finished fast OPT passes.

3.24. Executing HIERARCHY pass (managing design hierarchy).
Attribute `top' found on module `$paramod$a1fab303ca73419c1d137ef71f092bc8be8f62d4\array'. Setting top module to $paramod$a1fab303ca73419c1d137ef71f092bc8be8f62d4\array.

3.24.1. Analyzing design hierarchy..
Top module:  $paramod$a1fab303ca73419c1d137ef71f092bc8be8f62d4\array
Used module:     $paramod$769a197ce1060b0cb9713fee8e90ba728f953dbe\pe_col
Used module:         $paramod$fd6c836b7bf5602091248f9e3eb866b8cee9595e\pe

3.24.2. Analyzing design hierarchy..
Top module:  $paramod$a1fab303ca73419c1d137ef71f092bc8be8f62d4\array
Used module:     $paramod$769a197ce1060b0cb9713fee8e90ba728f953dbe\pe_col
Used module:         $paramod$fd6c836b7bf5602091248f9e3eb866b8cee9595e\pe
Removed 0 unused modules.

3.25. Printing statistics.

=== $paramod$fd6c836b7bf5602091248f9e3eb866b8cee9595e\pe ===

        +----------Local Count, excluding submodules.
        | 
     7577 wires
     7890 wire bits
        8 public wires
      227 public wire bits
        7 ports
      195 port bits
     7791 cells
       79   $_ANDNOT_
     1139   $_AND_
       32   $_DFFE_PN0P_
       96   $_DFF_PN0_
       82   $_MUX_
     3638   $_NAND_
        7   $_NOR_
        5   $_NOT_
       34   $_ORNOT_
       78   $_OR_
      211   $_XNOR_
     2390   $_XOR_

=== $paramod$769a197ce1060b0cb9713fee8e90ba728f953dbe\pe_col ===

        +----------Local Count, excluding submodules.
        | 
       12 wires
      707 wire bits
       12 public wires
      707 public wire bits
        7 ports
      387 port bits
        4 submodules
        4   $paramod$fd6c836b7bf5602091248f9e3eb866b8cee9595e\pe

=== $paramod$a1fab303ca73419c1d137ef71f092bc8be8f62d4\array ===

        +----------Local Count, excluding submodules.
        | 
       35 wires
     2438 wire bits
       35 public wires
     2438 public wire bits
        7 ports
      774 port bits
        4 submodules
        4   $paramod$769a197ce1060b0cb9713fee8e90ba728f953dbe\pe_col

=== design hierarchy ===

        +----------Count including submodules.
        | 
   124656 $paramod$a1fab303ca73419c1d137ef71f092bc8be8f62d4\array
     7791   $paramod$fd6c836b7bf5602091248f9e3eb866b8cee9595e\pe

        +----------Count including submodules.
        | 
   121315 wires
   131506 wire bits
      211 public wires
     8898 public wire bits
      147 ports
     5442 port bits
        - memories
        - memory bits
        - processes
   124656 cells
     1264   $_ANDNOT_
    18224   $_AND_
      512   $_DFFE_PN0P_
     1536   $_DFF_PN0_
     1312   $_MUX_
    58208   $_NAND_
      112   $_NOR_
       80   $_NOT_
      544   $_ORNOT_
     1248   $_OR_
     3376   $_XNOR_
    38240   $_XOR_
        4 submodules
        4   $paramod$769a197ce1060b0cb9713fee8e90ba728f953dbe\pe_col

3.26. Executing CHECK pass (checking for obvious problems).
Checking module $paramod$fd6c836b7bf5602091248f9e3eb866b8cee9595e\pe...
Checking module $paramod$769a197ce1060b0cb9713fee8e90ba728f953dbe\pe_col...
Checking module $paramod$a1fab303ca73419c1d137ef71f092bc8be8f62d4\array...
Found and reported 0 problems.

4. Executing DFFLIBMAP pass (mapping DFF cells to sequential cells from liberty file).
  cell sky130_fd_sc_hd__dfxtp_1 (noninv, pins=3, area=20.02) is a direct match for cell type $_DFF_P_.
  cell sky130_fd_sc_hd__dfrtn_1 (noninv, pins=4, area=25.02) is a direct match for cell type $_DFF_NN0_.
  cell sky130_fd_sc_hd__dfrtp_1 (noninv, pins=4, area=25.02) is a direct match for cell type $_DFF_PN0_.
  cell sky130_fd_sc_hd__dfstp_2 (noninv, pins=4, area=26.28) is a direct match for cell type $_DFF_PN1_.
  cell sky130_fd_sc_hd__edfxtp_1 (noninv, pins=4, area=30.03) is a direct match for cell type $_DFFE_PP_.
  cell sky130_fd_sc_hd__dfbbn_1 (noninv, pins=6, area=32.53) is a direct match for cell type $_DFFSR_NNN_.
  cell sky130_fd_sc_hd__dfbbp_1 (noninv, pins=6, area=32.53) is a direct match for cell type $_DFFSR_PNN_.
  final dff cell mappings:
    unmapped dff cell: $_DFF_N_
    \sky130_fd_sc_hd__dfxtp_1 _DFF_P_ (.CLK( C), .D( D), .Q( Q));
    \sky130_fd_sc_hd__dfrtn_1 _DFF_NN0_ (.CLK_N( C), .D( D), .Q( Q), .RESET_B( R));
    unmapped dff cell: $_DFF_NN1_
    unmapped dff cell: $_DFF_NP0_
    unmapped dff cell: $_DFF_NP1_
    \sky130_fd_sc_hd__dfrtp_1 _DFF_PN0_ (.CLK( C), .D( D), .Q( Q), .RESET_B( R));
    \sky130_fd_sc_hd__dfstp_2 _DFF_PN1_ (.CLK( C), .D( D), .Q( Q), .SET_B( R));
    unmapped dff cell: $_DFF_PP0_
    unmapped dff cell: $_DFF_PP1_
    unmapped dff cell: $_DFFE_NN_
    unmapped dff cell: $_DFFE_NP_
    unmapped dff cell: $_DFFE_PN_
    \sky130_fd_sc_hd__edfxtp_1 _DFFE_PP_ (.CLK( C), .D( D), .DE( E), .Q( Q));
    \sky130_fd_sc_hd__dfbbn_1 _DFFSR_NNN_ (.CLK_N( C), .D( D), .Q( Q), .Q_N(~Q), .RESET_B( R), .SET_B( S));
    unmapped dff cell: $_DFFSR_NNP_
    unmapped dff cell: $_DFFSR_NPN_
    unmapped dff cell: $_DFFSR_NPP_
    \sky130_fd_sc_hd__dfbbp_1 _DFFSR_PNN_ (.CLK( C), .D( D), .Q( Q), .Q_N(~Q), .RESET_B( R), .SET_B( S));
    unmapped dff cell: $_DFFSR_PNP_
    unmapped dff cell: $_DFFSR_PPN_
    unmapped dff cell: $_DFFSR_PPP_

4.1. Executing DFFLEGALIZE pass (convert FFs to types supported by the target).
<suppressed ~24 debug messages>
Mapping DFF cells in module `$paramod$fd6c836b7bf5602091248f9e3eb866b8cee9595e\pe':
  mapped 128 $_DFF_PN0_ cells to \sky130_fd_sc_hd__dfrtp_1 cells.
Mapping DFF cells in module `$paramod$769a197ce1060b0cb9713fee8e90ba728f953dbe\pe_col':
Mapping DFF cells in module `$paramod$a1fab303ca73419c1d137ef71f092bc8be8f62d4\array':

5. Executing ABC pass (technology mapping using ABC).

5.1. Extracting gate netlist of module `$paramod$fd6c836b7bf5602091248f9e3eb866b8cee9595e\pe' to `<abc-temp-dir>/input.blif'..
ABC: using cached merged SCL: /tmp/yosys-liberty-scl-cache/yosys_merged_e9e26d0c.scl (1 files)

5.1.1. Executed ABC.
Extracted 7695 gates and 7824 wires to a netlist network with 129 inputs and 128 outputs.
Running ABC script: <abc-temp-dir>/abc.script
ABC: UC Berkeley, ABC 1.01 (compiled May 29 2026 19:41:28)
ABC: abc 01> empty
ABC: abc 01> source <abc-temp-dir>/abc.script
ABC: + read_blif <abc-temp-dir>/input.blif 
ABC: + read_scl /tmp/yosys-liberty-scl-cache/yosys_merged_e9e26d0c.scl 
ABC: Warning: Detected 9 multi-output cells (for example, "sky130_fd_sc_hd__fa_1").
ABC: + strash 
ABC: + &get -n 
ABC: + &fraig -x 
ABC: + &put 
ABC: + scorr 
ABC: Warning: The network is combinational (run "fraig" or "fraig_sweep").
ABC: + dc2 
ABC: + dretime 
ABC: + strash 
ABC: + &get -n 
ABC: + &dch -f 
ABC: + &nf 
ABC: + &put 
ABC: + write_blif <abc-temp-dir>/output.blif 
ABC: 
ABC: YOSYS_ABC_DONE 

5.1.2. Re-integrating ABC results.
ABC RESULTS:   sky130_fd_sc_hd__a211oi_1 cells:        4
ABC RESULTS:   sky130_fd_sc_hd__a21bo_1 cells:        1
ABC RESULTS:   sky130_fd_sc_hd__a21boi_0 cells:       13
ABC RESULTS:   sky130_fd_sc_hd__a21o_1 cells:       33
ABC RESULTS:   sky130_fd_sc_hd__a21oi_1 cells:      314
ABC RESULTS:   sky130_fd_sc_hd__a22o_1 cells:      135
ABC RESULTS:   sky130_fd_sc_hd__a22oi_1 cells:       52
ABC RESULTS:   sky130_fd_sc_hd__a31oi_1 cells:       13
ABC RESULTS:   sky130_fd_sc_hd__a32o_1 cells:        3
ABC RESULTS:   sky130_fd_sc_hd__a32oi_1 cells:        5
ABC RESULTS:   sky130_fd_sc_hd__and2_0 cells:       99
ABC RESULTS:   sky130_fd_sc_hd__and3_1 cells:       81
ABC RESULTS:   sky130_fd_sc_hd__and4_1 cells:        9
ABC RESULTS:   sky130_fd_sc_hd__clkinv_1 cells:      158
ABC RESULTS:   sky130_fd_sc_hd__lpflow_inputiso1p_1 cells:       34
ABC RESULTS:   sky130_fd_sc_hd__lpflow_isobufsrc_1 cells:      334
ABC RESULTS:   sky130_fd_sc_hd__maj3_1 cells:      422
ABC RESULTS:   sky130_fd_sc_hd__mux2_1 cells:        3
ABC RESULTS:   sky130_fd_sc_hd__mux2i_1 cells:        1
ABC RESULTS:   sky130_fd_sc_hd__nand2_1 cells:     1108
ABC RESULTS:   sky130_fd_sc_hd__nand2b_1 cells:      106
ABC RESULTS:   sky130_fd_sc_hd__nand3_1 cells:       77
ABC RESULTS:   sky130_fd_sc_hd__nand4_1 cells:      118
ABC RESULTS:   sky130_fd_sc_hd__nor2_1 cells:      418
ABC RESULTS:   sky130_fd_sc_hd__nor2b_1 cells:       43
ABC RESULTS:   sky130_fd_sc_hd__nor3_1 cells:      131
ABC RESULTS:   sky130_fd_sc_hd__nor3b_1 cells:        2
ABC RESULTS:   sky130_fd_sc_hd__nor4_1 cells:        1
ABC RESULTS:   sky130_fd_sc_hd__nor4b_1 cells:        1
ABC RESULTS:   sky130_fd_sc_hd__o211ai_1 cells:        1
ABC RESULTS:   sky130_fd_sc_hd__o21a_1 cells:       57
ABC RESULTS:   sky130_fd_sc_hd__o21ai_0 cells:      398
ABC RESULTS:   sky130_fd_sc_hd__o21ba_1 cells:        1
ABC RESULTS:   sky130_fd_sc_hd__o21bai_1 cells:       11
ABC RESULTS:   sky130_fd_sc_hd__o22a_1 cells:       51
ABC RESULTS:   sky130_fd_sc_hd__o22ai_1 cells:        4
ABC RESULTS:   sky130_fd_sc_hd__o31a_1 cells:        2
ABC RESULTS:   sky130_fd_sc_hd__o31ai_1 cells:       17
ABC RESULTS:   sky130_fd_sc_hd__o32ai_1 cells:        2
ABC RESULTS:   sky130_fd_sc_hd__o41ai_1 cells:        3
ABC RESULTS:   sky130_fd_sc_hd__or3_1 cells:       25
ABC RESULTS:   sky130_fd_sc_hd__or3b_1 cells:        2
ABC RESULTS:   sky130_fd_sc_hd__or4_1 cells:        1
ABC RESULTS:   sky130_fd_sc_hd__xnor2_1 cells:     1220
ABC RESULTS:   sky130_fd_sc_hd__xnor3_1 cells:       49
ABC RESULTS:   sky130_fd_sc_hd__xor2_1 cells:      726
ABC RESULTS:   sky130_fd_sc_hd__xor3_1 cells:       22
ABC RESULTS:        internal signals:     7567
ABC RESULTS:           input signals:      129
ABC RESULTS:          output signals:      128
Removing temp directory.

5.2. Extracting gate netlist of module `$paramod$769a197ce1060b0cb9713fee8e90ba728f953dbe\pe_col' to `<abc-temp-dir>/input.blif'..
ABC: using cached merged SCL: /tmp/yosys-liberty-scl-cache/yosys_merged_e9e26d0c.scl (1 files)

5.2.1. Executed ABC.
Extracted 0 gates and 0 wires to a netlist network with 0 inputs and 0 outputs.
Don't call ABC as there is nothing to map.
Removing temp directory.

5.3. Extracting gate netlist of module `$paramod$a1fab303ca73419c1d137ef71f092bc8be8f62d4\array' to `<abc-temp-dir>/input.blif'..
ABC: using cached merged SCL: /tmp/yosys-liberty-scl-cache/yosys_merged_e9e26d0c.scl (1 files)

5.3.1. Executed ABC.
Extracted 0 gates and 0 wires to a netlist network with 0 inputs and 0 outputs.
Don't call ABC as there is nothing to map.
Removing temp directory.
Removing global temp directory.

6. Printing statistics.

=== $paramod$fd6c836b7bf5602091248f9e3eb866b8cee9595e\pe ===

        +----------Local Count, excluding submodules.
        |        +-Local Area, excluding submodules.
        |        | 
    14049        - wires
    14362        - wire bits
        8        - public wires
      227        - public wire bits
        7        - ports
      195        - port bits
     6439 4.58E+04 cells
        4   30.029   sky130_fd_sc_hd__a211oi_1
        1    10.01   sky130_fd_sc_hd__a21bo_1
       13   97.594   sky130_fd_sc_hd__a21boi_0
       33  247.738   sky130_fd_sc_hd__a21o_1
      314 1.57E+03   sky130_fd_sc_hd__a21oi_1
      135 1.18E+03   sky130_fd_sc_hd__a22o_1
       52  390.374   sky130_fd_sc_hd__a22oi_1
       13   81.328   sky130_fd_sc_hd__a31oi_1
        3   30.029   sky130_fd_sc_hd__a32o_1
        5   43.792   sky130_fd_sc_hd__a32oi_1
       99  619.344   sky130_fd_sc_hd__and2_0
       81  506.736   sky130_fd_sc_hd__and3_1
        9   78.826   sky130_fd_sc_hd__and4_1
      158  593.069   sky130_fd_sc_hd__clkinv_1
      128  3.2E+03   sky130_fd_sc_hd__dfrtp_1
       34  212.704   sky130_fd_sc_hd__lpflow_inputiso1p_1
      334 2.09E+03   sky130_fd_sc_hd__lpflow_isobufsrc_1
      422 4.22E+03   sky130_fd_sc_hd__maj3_1
        3   33.782   sky130_fd_sc_hd__mux2_1
        1    10.01   sky130_fd_sc_hd__mux2i_1
     1108 4.16E+03   sky130_fd_sc_hd__nand2_1
      106  663.136   sky130_fd_sc_hd__nand2b_1
       77   385.37   sky130_fd_sc_hd__nand3_1
      118  738.208   sky130_fd_sc_hd__nand4_1
      418 1.57E+03   sky130_fd_sc_hd__nor2_1
       43  269.008   sky130_fd_sc_hd__nor2b_1
      131  655.629   sky130_fd_sc_hd__nor3_1
        2   15.014   sky130_fd_sc_hd__nor3b_1
        1    6.256   sky130_fd_sc_hd__nor4_1
        1    8.758   sky130_fd_sc_hd__nor4b_1
        1    7.507   sky130_fd_sc_hd__o211ai_1
       57   427.91   sky130_fd_sc_hd__o21a_1
      398  1991.91   sky130_fd_sc_hd__o21ai_0
        1    10.01   sky130_fd_sc_hd__o21ba_1
       11   82.579   sky130_fd_sc_hd__o21bai_1
       51  446.678   sky130_fd_sc_hd__o22a_1
        4   25.024   sky130_fd_sc_hd__o22ai_1
        2   17.517   sky130_fd_sc_hd__o31a_1
       17  127.622   sky130_fd_sc_hd__o31ai_1
        2   17.517   sky130_fd_sc_hd__o32ai_1
        3   26.275   sky130_fd_sc_hd__o41ai_1
       25    156.4   sky130_fd_sc_hd__or3_1
        2   17.517   sky130_fd_sc_hd__or3b_1
        1    7.507   sky130_fd_sc_hd__or4_1
     1220 1.07E+04   sky130_fd_sc_hd__xnor2_1
       49  1.1E+03   sky130_fd_sc_hd__xnor3_1
      726 6.36E+03   sky130_fd_sc_hd__xor2_1
       22  523.002   sky130_fd_sc_hd__xor3_1

   Chip area for module '$paramod$fd6c836b7bf5602091248f9e3eb866b8cee9595e\pe': 45757.635200
     of which used for sequential elements: 3203.072000 (7.00%)

=== $paramod$769a197ce1060b0cb9713fee8e90ba728f953dbe\pe_col ===

        +----------Local Count, excluding submodules.
        |        +-Local Area, excluding submodules.
        |        | 
       12        - wires
      707        - wire bits
       12        - public wires
      707        - public wire bits
        7        - ports
      387        - port bits
        4        - submodules
        4        -   $paramod$fd6c836b7bf5602091248f9e3eb866b8cee9595e\pe

   Chip area for module '$paramod$769a197ce1060b0cb9713fee8e90ba728f953dbe\pe_col': 0.000000
     of which used for sequential elements: 0.000000 (-nan%)

=== $paramod$a1fab303ca73419c1d137ef71f092bc8be8f62d4\array ===

        +----------Local Count, excluding submodules.
        |        +-Local Area, excluding submodules.
        |        | 
       35        - wires
     2438        - wire bits
       35        - public wires
     2438        - public wire bits
        7        - ports
      774        - port bits
        4        - submodules
        4        -   $paramod$769a197ce1060b0cb9713fee8e90ba728f953dbe\pe_col

   Chip area for module '$paramod$a1fab303ca73419c1d137ef71f092bc8be8f62d4\array': 0.000000
     of which used for sequential elements: 0.000000 (-nan%)

=== design hierarchy ===

        +----------Count including submodules.
        |        +-Area including submodules.
        |        | 
   103024 7.32E+05 $paramod$a1fab303ca73419c1d137ef71f092bc8be8f62d4\array
     6439 4.58E+04   $paramod$fd6c836b7bf5602091248f9e3eb866b8cee9595e\pe

        +----------Count including submodules.
        |        +-Area including submodules.
        |        | 
   224867        - wires
   235058        - wire bits
      211        - public wires
     8898        - public wire bits
      147        - ports
     5442        - port bits
        -        - memories
        -        - memory bits
        -        - processes
   103024 7.32E+05 cells
       64  480.461   sky130_fd_sc_hd__a211oi_1
       16  160.154   sky130_fd_sc_hd__a21bo_1
      208 1.56E+03   sky130_fd_sc_hd__a21boi_0
      528 3.96E+03   sky130_fd_sc_hd__a21o_1
     5024 2.51E+04   sky130_fd_sc_hd__a21oi_1
     2160 1.89E+04   sky130_fd_sc_hd__a22o_1
      832  6245.99   sky130_fd_sc_hd__a22oi_1
      208  1.3E+03   sky130_fd_sc_hd__a31oi_1
       48  480.461   sky130_fd_sc_hd__a32o_1
       80  700.672   sky130_fd_sc_hd__a32oi_1
     1584 9.91E+03   sky130_fd_sc_hd__and2_0
     1296 8.11E+03   sky130_fd_sc_hd__and3_1
      144  1261.21   sky130_fd_sc_hd__and4_1
     2528 9.49E+03   sky130_fd_sc_hd__clkinv_1
     2048 5.12E+04   sky130_fd_sc_hd__dfrtp_1
      544  3.4E+03   sky130_fd_sc_hd__lpflow_inputiso1p_1
     5344 3.34E+04   sky130_fd_sc_hd__lpflow_isobufsrc_1
     6752 6.76E+04   sky130_fd_sc_hd__maj3_1
       48  540.518   sky130_fd_sc_hd__mux2_1
       16  160.154   sky130_fd_sc_hd__mux2i_1
    17728 6.65E+04   sky130_fd_sc_hd__nand2_1
     1696 1.06E+04   sky130_fd_sc_hd__nand2b_1
     1232 6.17E+03   sky130_fd_sc_hd__nand3_1
     1888 1.18E+04   sky130_fd_sc_hd__nand4_1
     6688 2.51E+04   sky130_fd_sc_hd__nor2_1
      688  4.3E+03   sky130_fd_sc_hd__nor2b_1
     2096 1.05E+04   sky130_fd_sc_hd__nor3_1
       32   240.23   sky130_fd_sc_hd__nor3b_1
       16  100.096   sky130_fd_sc_hd__nor4_1
       16  140.134   sky130_fd_sc_hd__nor4b_1
       16  120.115   sky130_fd_sc_hd__o211ai_1
      912 6.85E+03   sky130_fd_sc_hd__o21a_1
     6368 3.19E+04   sky130_fd_sc_hd__o21ai_0
       16  160.154   sky130_fd_sc_hd__o21ba_1
      176 1.32E+03   sky130_fd_sc_hd__o21bai_1
      816 7.15E+03   sky130_fd_sc_hd__o22a_1
       64  400.384   sky130_fd_sc_hd__o22ai_1
       32  280.269   sky130_fd_sc_hd__o31a_1
      272 2.04E+03   sky130_fd_sc_hd__o31ai_1
       32  280.269   sky130_fd_sc_hd__o32ai_1
       48  420.403   sky130_fd_sc_hd__o41ai_1
      400   2502.4   sky130_fd_sc_hd__or3_1
       32  280.269   sky130_fd_sc_hd__or3b_1
       16  120.115   sky130_fd_sc_hd__or4_1
    19520 1.71E+05   sky130_fd_sc_hd__xnor2_1
      784 1.77E+04   sky130_fd_sc_hd__xnor3_1
    11616 1.02E+05   sky130_fd_sc_hd__xor2_1
      352 8.37E+03   sky130_fd_sc_hd__xor3_1
        4 7.32E+05 submodules
        4 7.32E+05   $paramod$769a197ce1060b0cb9713fee8e90ba728f953dbe\pe_col

   Chip area for top module '$paramod$a1fab303ca73419c1d137ef71f092bc8be8f62d4\array': 732122.163200
     of which used for sequential elements: 51249.152000 (7.00%)

Renaming module $paramod$a1fab303ca73419c1d137ef71f092bc8be8f62d4\array to array.

7. Executing Verilog backend.

7.1. Executing BMUXMAP pass.

7.2. Executing DEMUXMAP pass.
Dumping module `$paramod$769a197ce1060b0cb9713fee8e90ba728f953dbe\pe_col'.
Dumping module `$paramod$fd6c836b7bf5602091248f9e3eb866b8cee9595e\pe'.
Dumping module `\array'.

End of script. Logfile hash: bcf30fc64e, time: 3.02s, user: 1.60s, system: 0.55s, MEM: 61.52 MB peak
Yosys 0.65+71 (git sha1 e56c6a954, g++ 11.4.0-1ubuntu1~22.04.3 -fPIC -O3)
Time spent: 43% 2x abc (1 sec), 11% 14x opt_merge (0 sec), ...
