OpenSTA 3.1.0  Copyright (c) 2026, Parallax Software, Inc.
License GPLv3: GNU GPL version 3 <http://gnu.org/licenses/gpl.html>

This is free software, and you are free to change and redistribute it
under certain conditions; type `show_copying' for details. 
This program comes with ABSOLUTELY NO WARRANTY; for details type `show_warranty'.
Warning 503: timing.tcl line 1, report_checks -group_count is deprecated. Use -group_path_count instead.
Startpoint: gen_col[0].u_pe_col/gen_pe[0].u_pe/_702_
            (rising edge-triggered flip-flop clocked by clk)
Endpoint: gen_col[1].u_pe_col/gen_pe[0].u_pe/_721_
          (rising edge-triggered flip-flop clocked by clk)
Path Group: clk
Path Type: max

  Delay    Time   Description
---------------------------------------------------------
   0.00    0.00   clock clk (rise edge)
   0.00    0.00   clock network delay (ideal)
   0.00    0.00 ^ gen_col[0].u_pe_col/gen_pe[0].u_pe/_702_/CLK (sky130_fd_sc_hd__dfrtp_1)
   0.40    0.40 ^ gen_col[0].u_pe_col/gen_pe[0].u_pe/_702_/Q (sky130_fd_sc_hd__dfrtp_1)
   1.03    1.42 ^ gen_col[1].u_pe_col/gen_pe[0].u_pe/_486_/X (sky130_fd_sc_hd__and2_0)
   0.20    1.63 v gen_col[1].u_pe_col/gen_pe[0].u_pe/_572_/Y (sky130_fd_sc_hd__xnor2_1)
   0.45    2.08 v gen_col[1].u_pe_col/gen_pe[0].u_pe/_573_/X (sky130_fd_sc_hd__maj3_1)
   0.37    2.44 v gen_col[1].u_pe_col/gen_pe[0].u_pe/_588_/X (sky130_fd_sc_hd__xnor3_1)
   0.16    2.60 ^ gen_col[1].u_pe_col/gen_pe[0].u_pe/_618_/X (sky130_fd_sc_hd__xor2_1)
   0.15    2.75 ^ gen_col[1].u_pe_col/gen_pe[0].u_pe/_619_/Y (sky130_fd_sc_hd__o21bai_1)
   0.11    2.86 v gen_col[1].u_pe_col/gen_pe[0].u_pe/_621_/Y (sky130_fd_sc_hd__a21oi_1)
   0.22    3.08 ^ gen_col[1].u_pe_col/gen_pe[0].u_pe/_623_/Y (sky130_fd_sc_hd__o21ai_0)
   0.13    3.21 v gen_col[1].u_pe_col/gen_pe[0].u_pe/_625_/Y (sky130_fd_sc_hd__a21oi_1)
   0.20    3.41 v gen_col[1].u_pe_col/gen_pe[0].u_pe/_628_/X (sky130_fd_sc_hd__o21a_1)
   0.19    3.60 v gen_col[1].u_pe_col/gen_pe[0].u_pe/_630_/X (sky130_fd_sc_hd__o21a_1)
   0.19    3.79 v gen_col[1].u_pe_col/gen_pe[0].u_pe/_632_/X (sky130_fd_sc_hd__o21a_1)
   0.19    3.98 v gen_col[1].u_pe_col/gen_pe[0].u_pe/_634_/X (sky130_fd_sc_hd__o21a_1)
   0.18    4.16 v gen_col[1].u_pe_col/gen_pe[0].u_pe/_636_/X (sky130_fd_sc_hd__o21a_1)
   0.23    4.39 ^ gen_col[1].u_pe_col/gen_pe[0].u_pe/_645_/Y (sky130_fd_sc_hd__o21ai_0)
   0.18    4.56 ^ gen_col[1].u_pe_col/gen_pe[0].u_pe/_691_/X (sky130_fd_sc_hd__a31o_1)
   0.06    4.62 v gen_col[1].u_pe_col/gen_pe[0].u_pe/_692_/Y (sky130_fd_sc_hd__o21ai_0)
   0.00    4.62 v gen_col[1].u_pe_col/gen_pe[0].u_pe/_721_/D (sky130_fd_sc_hd__dfrtp_1)
           4.62   data arrival time

  20.00   20.00   clock clk (rise edge)
   0.00   20.00   clock network delay (ideal)
   0.00   20.00   clock reconvergence pessimism
          20.00 ^ gen_col[1].u_pe_col/gen_pe[0].u_pe/_721_/CLK (sky130_fd_sc_hd__dfrtp_1)
  -0.14   19.86   library setup time
          19.86   data required time
---------------------------------------------------------
          19.86   data required time
          -4.62   data arrival time
---------------------------------------------------------
          15.24   slack (MET)


Startpoint: gen_col[0].u_pe_col/gen_pe[1].u_pe/_702_
            (rising edge-triggered flip-flop clocked by clk)
Endpoint: gen_col[1].u_pe_col/gen_pe[1].u_pe/_721_
          (rising edge-triggered flip-flop clocked by clk)
Path Group: clk
Path Type: max

  Delay    Time   Description
---------------------------------------------------------
   0.00    0.00   clock clk (rise edge)
   0.00    0.00   clock network delay (ideal)
   0.00    0.00 ^ gen_col[0].u_pe_col/gen_pe[1].u_pe/_702_/CLK (sky130_fd_sc_hd__dfrtp_1)
   0.40    0.40 ^ gen_col[0].u_pe_col/gen_pe[1].u_pe/_702_/Q (sky130_fd_sc_hd__dfrtp_1)
   1.03    1.42 ^ gen_col[1].u_pe_col/gen_pe[1].u_pe/_486_/X (sky130_fd_sc_hd__and2_0)
   0.20    1.63 v gen_col[1].u_pe_col/gen_pe[1].u_pe/_572_/Y (sky130_fd_sc_hd__xnor2_1)
   0.45    2.08 v gen_col[1].u_pe_col/gen_pe[1].u_pe/_573_/X (sky130_fd_sc_hd__maj3_1)
   0.37    2.44 v gen_col[1].u_pe_col/gen_pe[1].u_pe/_588_/X (sky130_fd_sc_hd__xnor3_1)
   0.16    2.60 ^ gen_col[1].u_pe_col/gen_pe[1].u_pe/_618_/X (sky130_fd_sc_hd__xor2_1)
   0.15    2.75 ^ gen_col[1].u_pe_col/gen_pe[1].u_pe/_619_/Y (sky130_fd_sc_hd__o21bai_1)
   0.11    2.86 v gen_col[1].u_pe_col/gen_pe[1].u_pe/_621_/Y (sky130_fd_sc_hd__a21oi_1)
   0.22    3.08 ^ gen_col[1].u_pe_col/gen_pe[1].u_pe/_623_/Y (sky130_fd_sc_hd__o21ai_0)
   0.13    3.21 v gen_col[1].u_pe_col/gen_pe[1].u_pe/_625_/Y (sky130_fd_sc_hd__a21oi_1)
   0.20    3.41 v gen_col[1].u_pe_col/gen_pe[1].u_pe/_628_/X (sky130_fd_sc_hd__o21a_1)
   0.19    3.60 v gen_col[1].u_pe_col/gen_pe[1].u_pe/_630_/X (sky130_fd_sc_hd__o21a_1)
   0.19    3.79 v gen_col[1].u_pe_col/gen_pe[1].u_pe/_632_/X (sky130_fd_sc_hd__o21a_1)
   0.19    3.98 v gen_col[1].u_pe_col/gen_pe[1].u_pe/_634_/X (sky130_fd_sc_hd__o21a_1)
   0.18    4.16 v gen_col[1].u_pe_col/gen_pe[1].u_pe/_636_/X (sky130_fd_sc_hd__o21a_1)
   0.23    4.39 ^ gen_col[1].u_pe_col/gen_pe[1].u_pe/_645_/Y (sky130_fd_sc_hd__o21ai_0)
   0.18    4.56 ^ gen_col[1].u_pe_col/gen_pe[1].u_pe/_691_/X (sky130_fd_sc_hd__a31o_1)
   0.06    4.62 v gen_col[1].u_pe_col/gen_pe[1].u_pe/_692_/Y (sky130_fd_sc_hd__o21ai_0)
   0.00    4.62 v gen_col[1].u_pe_col/gen_pe[1].u_pe/_721_/D (sky130_fd_sc_hd__dfrtp_1)
           4.62   data arrival time

  20.00   20.00   clock clk (rise edge)
   0.00   20.00   clock network delay (ideal)
   0.00   20.00   clock reconvergence pessimism
          20.00 ^ gen_col[1].u_pe_col/gen_pe[1].u_pe/_721_/CLK (sky130_fd_sc_hd__dfrtp_1)
  -0.14   19.86   library setup time
          19.86   data required time
---------------------------------------------------------
          19.86   data required time
          -4.62   data arrival time
---------------------------------------------------------
          15.24   slack (MET)


Startpoint: gen_col[0].u_pe_col/gen_pe[2].u_pe/_702_
            (rising edge-triggered flip-flop clocked by clk)
Endpoint: gen_col[1].u_pe_col/gen_pe[2].u_pe/_721_
          (rising edge-triggered flip-flop clocked by clk)
Path Group: clk
Path Type: max

  Delay    Time   Description
---------------------------------------------------------
   0.00    0.00   clock clk (rise edge)
   0.00    0.00   clock network delay (ideal)
   0.00    0.00 ^ gen_col[0].u_pe_col/gen_pe[2].u_pe/_702_/CLK (sky130_fd_sc_hd__dfrtp_1)
   0.40    0.40 ^ gen_col[0].u_pe_col/gen_pe[2].u_pe/_702_/Q (sky130_fd_sc_hd__dfrtp_1)
   1.03    1.42 ^ gen_col[1].u_pe_col/gen_pe[2].u_pe/_486_/X (sky130_fd_sc_hd__and2_0)
   0.20    1.63 v gen_col[1].u_pe_col/gen_pe[2].u_pe/_572_/Y (sky130_fd_sc_hd__xnor2_1)
   0.45    2.08 v gen_col[1].u_pe_col/gen_pe[2].u_pe/_573_/X (sky130_fd_sc_hd__maj3_1)
   0.37    2.44 v gen_col[1].u_pe_col/gen_pe[2].u_pe/_588_/X (sky130_fd_sc_hd__xnor3_1)
   0.16    2.60 ^ gen_col[1].u_pe_col/gen_pe[2].u_pe/_618_/X (sky130_fd_sc_hd__xor2_1)
   0.15    2.75 ^ gen_col[1].u_pe_col/gen_pe[2].u_pe/_619_/Y (sky130_fd_sc_hd__o21bai_1)
   0.11    2.86 v gen_col[1].u_pe_col/gen_pe[2].u_pe/_621_/Y (sky130_fd_sc_hd__a21oi_1)
   0.22    3.08 ^ gen_col[1].u_pe_col/gen_pe[2].u_pe/_623_/Y (sky130_fd_sc_hd__o21ai_0)
   0.13    3.21 v gen_col[1].u_pe_col/gen_pe[2].u_pe/_625_/Y (sky130_fd_sc_hd__a21oi_1)
   0.20    3.41 v gen_col[1].u_pe_col/gen_pe[2].u_pe/_628_/X (sky130_fd_sc_hd__o21a_1)
   0.19    3.60 v gen_col[1].u_pe_col/gen_pe[2].u_pe/_630_/X (sky130_fd_sc_hd__o21a_1)
   0.19    3.79 v gen_col[1].u_pe_col/gen_pe[2].u_pe/_632_/X (sky130_fd_sc_hd__o21a_1)
   0.19    3.98 v gen_col[1].u_pe_col/gen_pe[2].u_pe/_634_/X (sky130_fd_sc_hd__o21a_1)
   0.18    4.16 v gen_col[1].u_pe_col/gen_pe[2].u_pe/_636_/X (sky130_fd_sc_hd__o21a_1)
   0.23    4.39 ^ gen_col[1].u_pe_col/gen_pe[2].u_pe/_645_/Y (sky130_fd_sc_hd__o21ai_0)
   0.18    4.56 ^ gen_col[1].u_pe_col/gen_pe[2].u_pe/_691_/X (sky130_fd_sc_hd__a31o_1)
   0.06    4.62 v gen_col[1].u_pe_col/gen_pe[2].u_pe/_692_/Y (sky130_fd_sc_hd__o21ai_0)
   0.00    4.62 v gen_col[1].u_pe_col/gen_pe[2].u_pe/_721_/D (sky130_fd_sc_hd__dfrtp_1)
           4.62   data arrival time

  20.00   20.00   clock clk (rise edge)
   0.00   20.00   clock network delay (ideal)
   0.00   20.00   clock reconvergence pessimism
          20.00 ^ gen_col[1].u_pe_col/gen_pe[2].u_pe/_721_/CLK (sky130_fd_sc_hd__dfrtp_1)
  -0.14   19.86   library setup time
          19.86   data required time
---------------------------------------------------------
          19.86   data required time
          -4.62   data arrival time
---------------------------------------------------------
          15.24   slack (MET)


Startpoint: gen_col[0].u_pe_col/gen_pe[3].u_pe/_702_
            (rising edge-triggered flip-flop clocked by clk)
Endpoint: gen_col[1].u_pe_col/gen_pe[3].u_pe/_721_
          (rising edge-triggered flip-flop clocked by clk)
Path Group: clk
Path Type: max

  Delay    Time   Description
---------------------------------------------------------
   0.00    0.00   clock clk (rise edge)
   0.00    0.00   clock network delay (ideal)
   0.00    0.00 ^ gen_col[0].u_pe_col/gen_pe[3].u_pe/_702_/CLK (sky130_fd_sc_hd__dfrtp_1)
   0.40    0.40 ^ gen_col[0].u_pe_col/gen_pe[3].u_pe/_702_/Q (sky130_fd_sc_hd__dfrtp_1)
   1.03    1.42 ^ gen_col[1].u_pe_col/gen_pe[3].u_pe/_486_/X (sky130_fd_sc_hd__and2_0)
   0.20    1.63 v gen_col[1].u_pe_col/gen_pe[3].u_pe/_572_/Y (sky130_fd_sc_hd__xnor2_1)
   0.45    2.08 v gen_col[1].u_pe_col/gen_pe[3].u_pe/_573_/X (sky130_fd_sc_hd__maj3_1)
   0.37    2.44 v gen_col[1].u_pe_col/gen_pe[3].u_pe/_588_/X (sky130_fd_sc_hd__xnor3_1)
   0.16    2.60 ^ gen_col[1].u_pe_col/gen_pe[3].u_pe/_618_/X (sky130_fd_sc_hd__xor2_1)
   0.15    2.75 ^ gen_col[1].u_pe_col/gen_pe[3].u_pe/_619_/Y (sky130_fd_sc_hd__o21bai_1)
   0.11    2.86 v gen_col[1].u_pe_col/gen_pe[3].u_pe/_621_/Y (sky130_fd_sc_hd__a21oi_1)
   0.22    3.08 ^ gen_col[1].u_pe_col/gen_pe[3].u_pe/_623_/Y (sky130_fd_sc_hd__o21ai_0)
   0.13    3.21 v gen_col[1].u_pe_col/gen_pe[3].u_pe/_625_/Y (sky130_fd_sc_hd__a21oi_1)
   0.20    3.41 v gen_col[1].u_pe_col/gen_pe[3].u_pe/_628_/X (sky130_fd_sc_hd__o21a_1)
   0.19    3.60 v gen_col[1].u_pe_col/gen_pe[3].u_pe/_630_/X (sky130_fd_sc_hd__o21a_1)
   0.19    3.79 v gen_col[1].u_pe_col/gen_pe[3].u_pe/_632_/X (sky130_fd_sc_hd__o21a_1)
   0.19    3.98 v gen_col[1].u_pe_col/gen_pe[3].u_pe/_634_/X (sky130_fd_sc_hd__o21a_1)
   0.18    4.16 v gen_col[1].u_pe_col/gen_pe[3].u_pe/_636_/X (sky130_fd_sc_hd__o21a_1)
   0.23    4.39 ^ gen_col[1].u_pe_col/gen_pe[3].u_pe/_645_/Y (sky130_fd_sc_hd__o21ai_0)
   0.18    4.56 ^ gen_col[1].u_pe_col/gen_pe[3].u_pe/_691_/X (sky130_fd_sc_hd__a31o_1)
   0.06    4.62 v gen_col[1].u_pe_col/gen_pe[3].u_pe/_692_/Y (sky130_fd_sc_hd__o21ai_0)
   0.00    4.62 v gen_col[1].u_pe_col/gen_pe[3].u_pe/_721_/D (sky130_fd_sc_hd__dfrtp_1)
           4.62   data arrival time

  20.00   20.00   clock clk (rise edge)
   0.00   20.00   clock network delay (ideal)
   0.00   20.00   clock reconvergence pessimism
          20.00 ^ gen_col[1].u_pe_col/gen_pe[3].u_pe/_721_/CLK (sky130_fd_sc_hd__dfrtp_1)
  -0.14   19.86   library setup time
          19.86   data required time
---------------------------------------------------------
          19.86   data required time
          -4.62   data arrival time
---------------------------------------------------------
          15.24   slack (MET)


Startpoint: gen_col[0].u_pe_col/gen_pe[4].u_pe/_702_
            (rising edge-triggered flip-flop clocked by clk)
Endpoint: gen_col[1].u_pe_col/gen_pe[4].u_pe/_721_
          (rising edge-triggered flip-flop clocked by clk)
Path Group: clk
Path Type: max

  Delay    Time   Description
---------------------------------------------------------
   0.00    0.00   clock clk (rise edge)
   0.00    0.00   clock network delay (ideal)
   0.00    0.00 ^ gen_col[0].u_pe_col/gen_pe[4].u_pe/_702_/CLK (sky130_fd_sc_hd__dfrtp_1)
   0.40    0.40 ^ gen_col[0].u_pe_col/gen_pe[4].u_pe/_702_/Q (sky130_fd_sc_hd__dfrtp_1)
   1.03    1.42 ^ gen_col[1].u_pe_col/gen_pe[4].u_pe/_486_/X (sky130_fd_sc_hd__and2_0)
   0.20    1.63 v gen_col[1].u_pe_col/gen_pe[4].u_pe/_572_/Y (sky130_fd_sc_hd__xnor2_1)
   0.45    2.08 v gen_col[1].u_pe_col/gen_pe[4].u_pe/_573_/X (sky130_fd_sc_hd__maj3_1)
   0.37    2.44 v gen_col[1].u_pe_col/gen_pe[4].u_pe/_588_/X (sky130_fd_sc_hd__xnor3_1)
   0.16    2.60 ^ gen_col[1].u_pe_col/gen_pe[4].u_pe/_618_/X (sky130_fd_sc_hd__xor2_1)
   0.15    2.75 ^ gen_col[1].u_pe_col/gen_pe[4].u_pe/_619_/Y (sky130_fd_sc_hd__o21bai_1)
   0.11    2.86 v gen_col[1].u_pe_col/gen_pe[4].u_pe/_621_/Y (sky130_fd_sc_hd__a21oi_1)
   0.22    3.08 ^ gen_col[1].u_pe_col/gen_pe[4].u_pe/_623_/Y (sky130_fd_sc_hd__o21ai_0)
   0.13    3.21 v gen_col[1].u_pe_col/gen_pe[4].u_pe/_625_/Y (sky130_fd_sc_hd__a21oi_1)
   0.20    3.41 v gen_col[1].u_pe_col/gen_pe[4].u_pe/_628_/X (sky130_fd_sc_hd__o21a_1)
   0.19    3.60 v gen_col[1].u_pe_col/gen_pe[4].u_pe/_630_/X (sky130_fd_sc_hd__o21a_1)
   0.19    3.79 v gen_col[1].u_pe_col/gen_pe[4].u_pe/_632_/X (sky130_fd_sc_hd__o21a_1)
   0.19    3.98 v gen_col[1].u_pe_col/gen_pe[4].u_pe/_634_/X (sky130_fd_sc_hd__o21a_1)
   0.18    4.16 v gen_col[1].u_pe_col/gen_pe[4].u_pe/_636_/X (sky130_fd_sc_hd__o21a_1)
   0.23    4.39 ^ gen_col[1].u_pe_col/gen_pe[4].u_pe/_645_/Y (sky130_fd_sc_hd__o21ai_0)
   0.18    4.56 ^ gen_col[1].u_pe_col/gen_pe[4].u_pe/_691_/X (sky130_fd_sc_hd__a31o_1)
   0.06    4.62 v gen_col[1].u_pe_col/gen_pe[4].u_pe/_692_/Y (sky130_fd_sc_hd__o21ai_0)
   0.00    4.62 v gen_col[1].u_pe_col/gen_pe[4].u_pe/_721_/D (sky130_fd_sc_hd__dfrtp_1)
           4.62   data arrival time

  20.00   20.00   clock clk (rise edge)
   0.00   20.00   clock network delay (ideal)
   0.00   20.00   clock reconvergence pessimism
          20.00 ^ gen_col[1].u_pe_col/gen_pe[4].u_pe/_721_/CLK (sky130_fd_sc_hd__dfrtp_1)
  -0.14   19.86   library setup time
          19.86   data required time
---------------------------------------------------------
          19.86   data required time
          -4.62   data arrival time
---------------------------------------------------------
          15.24   slack (MET)


Timing Analysis Completed.
