OpenSTA 3.1.0  Copyright (c) 2026, Parallax Software, Inc.
License GPLv3: GNU GPL version 3 <http://gnu.org/licenses/gpl.html>

This is free software, and you are free to change and redistribute it
under certain conditions; type `show_copying' for details. 
This program comes with ABSOLUTELY NO WARRANTY; for details type `show_warranty'.
Warning 503: timing.tcl line 1, report_checks -group_count is deprecated. Use -group_path_count instead.
Startpoint: gen_col[1].u_pe_col/gen_pe[0].u_pe/_20391_
            (rising edge-triggered flip-flop clocked by clk)
Endpoint: gen_col[1].u_pe_col/gen_pe[0].u_pe/_20389_
          (rising edge-triggered flip-flop clocked by clk)
Path Group: clk
Path Type: max

  Delay    Time   Description
---------------------------------------------------------
   0.00    0.00   clock clk (rise edge)
   0.00    0.00   clock network delay (ideal)
   0.00    0.00 ^ gen_col[1].u_pe_col/gen_pe[0].u_pe/_20391_/CLK (sky130_fd_sc_hd__dfrtp_1)
   0.95    0.95 ^ gen_col[1].u_pe_col/gen_pe[0].u_pe/_20391_/Q (sky130_fd_sc_hd__dfrtp_1)
   0.19    1.14 v gen_col[1].u_pe_col/gen_pe[0].u_pe/_19720_/Y (sky130_fd_sc_hd__nand2_1)
   0.40    1.54 v gen_col[1].u_pe_col/gen_pe[0].u_pe/_19722_/X (sky130_fd_sc_hd__maj3_1)
   0.22    1.76 ^ gen_col[1].u_pe_col/gen_pe[0].u_pe/_19724_/X (sky130_fd_sc_hd__xor2_1)
   0.49    2.24 v gen_col[1].u_pe_col/gen_pe[0].u_pe/_19760_/X (sky130_fd_sc_hd__xor3_1)
   0.38    2.62 v gen_col[1].u_pe_col/gen_pe[0].u_pe/_19789_/X (sky130_fd_sc_hd__xnor3_1)
   0.47    3.09 ^ gen_col[1].u_pe_col/gen_pe[0].u_pe/_19792_/Y (sky130_fd_sc_hd__nor4_1)
   0.12    3.21 v gen_col[1].u_pe_col/gen_pe[0].u_pe/_19794_/Y (sky130_fd_sc_hd__nor2_1)
   0.27    3.48 ^ gen_col[1].u_pe_col/gen_pe[0].u_pe/_19806_/Y (sky130_fd_sc_hd__xnor2_1)
   0.13    3.61 v gen_col[1].u_pe_col/gen_pe[0].u_pe/_19825_/Y (sky130_fd_sc_hd__xnor2_1)
   0.36    3.97 v gen_col[1].u_pe_col/gen_pe[0].u_pe/_19864_/X (sky130_fd_sc_hd__maj3_1)
   0.19    4.16 ^ gen_col[1].u_pe_col/gen_pe[0].u_pe/_19866_/Y (sky130_fd_sc_hd__o32ai_1)
   0.14    4.31 v gen_col[1].u_pe_col/gen_pe[0].u_pe/_19868_/Y (sky130_fd_sc_hd__a21oi_1)
   0.27    4.57 ^ gen_col[1].u_pe_col/gen_pe[0].u_pe/_19870_/Y (sky130_fd_sc_hd__o21ai_0)
   0.13    4.70 v gen_col[1].u_pe_col/gen_pe[0].u_pe/_19872_/Y (sky130_fd_sc_hd__a21oi_1)
   0.26    4.96 ^ gen_col[1].u_pe_col/gen_pe[0].u_pe/_19875_/Y (sky130_fd_sc_hd__o21ai_0)
   0.13    5.09 v gen_col[1].u_pe_col/gen_pe[0].u_pe/_19877_/Y (sky130_fd_sc_hd__a21oi_1)
   0.26    5.36 ^ gen_col[1].u_pe_col/gen_pe[0].u_pe/_19879_/Y (sky130_fd_sc_hd__o21ai_0)
   0.17    5.53 ^ gen_col[1].u_pe_col/gen_pe[0].u_pe/_19881_/X (sky130_fd_sc_hd__a21o_1)
   0.13    5.66 ^ gen_col[1].u_pe_col/gen_pe[0].u_pe/_19884_/X (sky130_fd_sc_hd__a21o_1)
   0.14    5.80 ^ gen_col[1].u_pe_col/gen_pe[0].u_pe/_19886_/X (sky130_fd_sc_hd__a21o_1)
   0.13    5.93 ^ gen_col[1].u_pe_col/gen_pe[0].u_pe/_19888_/X (sky130_fd_sc_hd__a21o_1)
   0.11    6.04 v gen_col[1].u_pe_col/gen_pe[0].u_pe/_19891_/Y (sky130_fd_sc_hd__a21boi_0)
   0.26    6.30 ^ gen_col[1].u_pe_col/gen_pe[0].u_pe/_19893_/Y (sky130_fd_sc_hd__o21ai_0)
   0.13    6.42 v gen_col[1].u_pe_col/gen_pe[0].u_pe/_19895_/Y (sky130_fd_sc_hd__a21oi_1)
   0.26    6.68 ^ gen_col[1].u_pe_col/gen_pe[0].u_pe/_19898_/Y (sky130_fd_sc_hd__o21ai_0)
   0.13    6.81 v gen_col[1].u_pe_col/gen_pe[0].u_pe/_19901_/Y (sky130_fd_sc_hd__a21oi_1)
   0.25    7.06 ^ gen_col[1].u_pe_col/gen_pe[0].u_pe/_19905_/Y (sky130_fd_sc_hd__o21ai_0)
   0.11    7.17 v gen_col[1].u_pe_col/gen_pe[0].u_pe/_19908_/Y (sky130_fd_sc_hd__a21oi_1)
   0.25    7.42 ^ gen_col[1].u_pe_col/gen_pe[0].u_pe/_19912_/Y (sky130_fd_sc_hd__o21ai_0)
   0.12    7.54 v gen_col[1].u_pe_col/gen_pe[0].u_pe/_19915_/Y (sky130_fd_sc_hd__a21oi_1)
   0.21    7.76 ^ gen_col[1].u_pe_col/gen_pe[0].u_pe/_19918_/Y (sky130_fd_sc_hd__o21ai_0)
   0.12    7.87 v gen_col[1].u_pe_col/gen_pe[0].u_pe/_19922_/Y (sky130_fd_sc_hd__a21oi_1)
   0.25    8.12 ^ gen_col[1].u_pe_col/gen_pe[0].u_pe/_19925_/Y (sky130_fd_sc_hd__o21ai_0)
   0.11    8.23 v gen_col[1].u_pe_col/gen_pe[0].u_pe/_19927_/Y (sky130_fd_sc_hd__a21oi_1)
   0.25    8.48 ^ gen_col[1].u_pe_col/gen_pe[0].u_pe/_19931_/Y (sky130_fd_sc_hd__o21ai_0)
   0.13    8.61 v gen_col[1].u_pe_col/gen_pe[0].u_pe/_19934_/Y (sky130_fd_sc_hd__a21oi_1)
   0.25    8.86 ^ gen_col[1].u_pe_col/gen_pe[0].u_pe/_19936_/Y (sky130_fd_sc_hd__o21ai_0)
   0.16    9.03 v gen_col[1].u_pe_col/gen_pe[0].u_pe/_19939_/Y (sky130_fd_sc_hd__a21boi_0)
   0.22    9.24 ^ gen_col[1].u_pe_col/gen_pe[0].u_pe/_19943_/Y (sky130_fd_sc_hd__o21bai_1)
   0.11    9.36 v gen_col[1].u_pe_col/gen_pe[0].u_pe/_19945_/Y (sky130_fd_sc_hd__a21oi_1)
   0.20    9.56 ^ gen_col[1].u_pe_col/gen_pe[0].u_pe/_19949_/Y (sky130_fd_sc_hd__o21bai_1)
   0.12    9.68 v gen_col[1].u_pe_col/gen_pe[0].u_pe/_19951_/Y (sky130_fd_sc_hd__a21oi_1)
   0.20    9.88 ^ gen_col[1].u_pe_col/gen_pe[0].u_pe/_19954_/Y (sky130_fd_sc_hd__o21bai_1)
   0.11   10.00 v gen_col[1].u_pe_col/gen_pe[0].u_pe/_19957_/Y (sky130_fd_sc_hd__a21oi_1)
   0.26   10.25 ^ gen_col[1].u_pe_col/gen_pe[0].u_pe/_19959_/Y (sky130_fd_sc_hd__o21ai_0)
   0.14   10.40 v gen_col[1].u_pe_col/gen_pe[0].u_pe/_19961_/Y (sky130_fd_sc_hd__a21oi_1)
   0.22   10.62 ^ gen_col[1].u_pe_col/gen_pe[0].u_pe/_19968_/Y (sky130_fd_sc_hd__o211ai_1)
   0.13   10.75 v gen_col[1].u_pe_col/gen_pe[0].u_pe/_19970_/Y (sky130_fd_sc_hd__a31oi_1)
   0.25   10.99 ^ gen_col[1].u_pe_col/gen_pe[0].u_pe/_19971_/Y (sky130_fd_sc_hd__o21ai_0)
   0.09   11.09 v gen_col[1].u_pe_col/gen_pe[0].u_pe/_19973_/Y (sky130_fd_sc_hd__nand2_1)
   0.22   11.30 ^ gen_col[1].u_pe_col/gen_pe[0].u_pe/_19975_/Y (sky130_fd_sc_hd__a21oi_1)
   0.11   11.41 v gen_col[1].u_pe_col/gen_pe[0].u_pe/_19978_/Y (sky130_fd_sc_hd__o21bai_1)
   0.19   11.61 ^ gen_col[1].u_pe_col/gen_pe[0].u_pe/_19980_/Y (sky130_fd_sc_hd__a21oi_1)
   0.13   11.74 v gen_col[1].u_pe_col/gen_pe[0].u_pe/_19982_/Y (sky130_fd_sc_hd__o21ai_0)
   0.26   12.00 ^ gen_col[1].u_pe_col/gen_pe[0].u_pe/_19985_/Y (sky130_fd_sc_hd__a21boi_0)
   0.15   12.14 v gen_col[1].u_pe_col/gen_pe[0].u_pe/_19987_/Y (sky130_fd_sc_hd__o21ai_0)
   0.38   12.53 ^ gen_col[1].u_pe_col/gen_pe[0].u_pe/_19990_/Y (sky130_fd_sc_hd__a311oi_1)
   0.13   12.66 v gen_col[1].u_pe_col/gen_pe[0].u_pe/_19993_/Y (sky130_fd_sc_hd__o21bai_1)
   0.22   12.88 ^ gen_col[1].u_pe_col/gen_pe[0].u_pe/_19995_/Y (sky130_fd_sc_hd__a21oi_1)
   0.11   12.99 v gen_col[1].u_pe_col/gen_pe[0].u_pe/_19998_/Y (sky130_fd_sc_hd__o21bai_1)
   0.25   13.24 ^ gen_col[1].u_pe_col/gen_pe[0].u_pe/_20001_/Y (sky130_fd_sc_hd__a21boi_0)
   0.15   13.39 v gen_col[1].u_pe_col/gen_pe[0].u_pe/_20003_/Y (sky130_fd_sc_hd__o21ai_0)
   0.29   13.68 ^ gen_col[1].u_pe_col/gen_pe[0].u_pe/_20057_/Y (sky130_fd_sc_hd__a21boi_0)
   0.09   13.76 v gen_col[1].u_pe_col/gen_pe[0].u_pe/_20289_/Y (sky130_fd_sc_hd__nor3_1)
   0.21   13.97 ^ gen_col[1].u_pe_col/gen_pe[0].u_pe/_20291_/Y (sky130_fd_sc_hd__o31ai_1)
   0.00   13.97 ^ gen_col[1].u_pe_col/gen_pe[0].u_pe/_20389_/D (sky130_fd_sc_hd__dfrtp_1)
          13.97   data arrival time

  20.00   20.00   clock clk (rise edge)
   0.00   20.00   clock network delay (ideal)
   0.00   20.00   clock reconvergence pessimism
          20.00 ^ gen_col[1].u_pe_col/gen_pe[0].u_pe/_20389_/CLK (sky130_fd_sc_hd__dfrtp_1)
  -0.10   19.90   library setup time
          19.90   data required time
---------------------------------------------------------
          19.90   data required time
         -13.97   data arrival time
---------------------------------------------------------
           5.93   slack (MET)


Startpoint: gen_col[1].u_pe_col/gen_pe[1].u_pe/_20391_
            (rising edge-triggered flip-flop clocked by clk)
Endpoint: gen_col[1].u_pe_col/gen_pe[1].u_pe/_20389_
          (rising edge-triggered flip-flop clocked by clk)
Path Group: clk
Path Type: max

  Delay    Time   Description
---------------------------------------------------------
   0.00    0.00   clock clk (rise edge)
   0.00    0.00   clock network delay (ideal)
   0.00    0.00 ^ gen_col[1].u_pe_col/gen_pe[1].u_pe/_20391_/CLK (sky130_fd_sc_hd__dfrtp_1)
   0.95    0.95 ^ gen_col[1].u_pe_col/gen_pe[1].u_pe/_20391_/Q (sky130_fd_sc_hd__dfrtp_1)
   0.19    1.14 v gen_col[1].u_pe_col/gen_pe[1].u_pe/_19720_/Y (sky130_fd_sc_hd__nand2_1)
   0.40    1.54 v gen_col[1].u_pe_col/gen_pe[1].u_pe/_19722_/X (sky130_fd_sc_hd__maj3_1)
   0.22    1.76 ^ gen_col[1].u_pe_col/gen_pe[1].u_pe/_19724_/X (sky130_fd_sc_hd__xor2_1)
   0.49    2.24 v gen_col[1].u_pe_col/gen_pe[1].u_pe/_19760_/X (sky130_fd_sc_hd__xor3_1)
   0.38    2.62 v gen_col[1].u_pe_col/gen_pe[1].u_pe/_19789_/X (sky130_fd_sc_hd__xnor3_1)
   0.47    3.09 ^ gen_col[1].u_pe_col/gen_pe[1].u_pe/_19792_/Y (sky130_fd_sc_hd__nor4_1)
   0.12    3.21 v gen_col[1].u_pe_col/gen_pe[1].u_pe/_19794_/Y (sky130_fd_sc_hd__nor2_1)
   0.27    3.48 ^ gen_col[1].u_pe_col/gen_pe[1].u_pe/_19806_/Y (sky130_fd_sc_hd__xnor2_1)
   0.13    3.61 v gen_col[1].u_pe_col/gen_pe[1].u_pe/_19825_/Y (sky130_fd_sc_hd__xnor2_1)
   0.36    3.97 v gen_col[1].u_pe_col/gen_pe[1].u_pe/_19864_/X (sky130_fd_sc_hd__maj3_1)
   0.19    4.16 ^ gen_col[1].u_pe_col/gen_pe[1].u_pe/_19866_/Y (sky130_fd_sc_hd__o32ai_1)
   0.14    4.31 v gen_col[1].u_pe_col/gen_pe[1].u_pe/_19868_/Y (sky130_fd_sc_hd__a21oi_1)
   0.27    4.57 ^ gen_col[1].u_pe_col/gen_pe[1].u_pe/_19870_/Y (sky130_fd_sc_hd__o21ai_0)
   0.13    4.70 v gen_col[1].u_pe_col/gen_pe[1].u_pe/_19872_/Y (sky130_fd_sc_hd__a21oi_1)
   0.26    4.96 ^ gen_col[1].u_pe_col/gen_pe[1].u_pe/_19875_/Y (sky130_fd_sc_hd__o21ai_0)
   0.13    5.09 v gen_col[1].u_pe_col/gen_pe[1].u_pe/_19877_/Y (sky130_fd_sc_hd__a21oi_1)
   0.26    5.36 ^ gen_col[1].u_pe_col/gen_pe[1].u_pe/_19879_/Y (sky130_fd_sc_hd__o21ai_0)
   0.17    5.53 ^ gen_col[1].u_pe_col/gen_pe[1].u_pe/_19881_/X (sky130_fd_sc_hd__a21o_1)
   0.13    5.66 ^ gen_col[1].u_pe_col/gen_pe[1].u_pe/_19884_/X (sky130_fd_sc_hd__a21o_1)
   0.14    5.80 ^ gen_col[1].u_pe_col/gen_pe[1].u_pe/_19886_/X (sky130_fd_sc_hd__a21o_1)
   0.13    5.93 ^ gen_col[1].u_pe_col/gen_pe[1].u_pe/_19888_/X (sky130_fd_sc_hd__a21o_1)
   0.11    6.04 v gen_col[1].u_pe_col/gen_pe[1].u_pe/_19891_/Y (sky130_fd_sc_hd__a21boi_0)
   0.26    6.30 ^ gen_col[1].u_pe_col/gen_pe[1].u_pe/_19893_/Y (sky130_fd_sc_hd__o21ai_0)
   0.13    6.42 v gen_col[1].u_pe_col/gen_pe[1].u_pe/_19895_/Y (sky130_fd_sc_hd__a21oi_1)
   0.26    6.68 ^ gen_col[1].u_pe_col/gen_pe[1].u_pe/_19898_/Y (sky130_fd_sc_hd__o21ai_0)
   0.13    6.81 v gen_col[1].u_pe_col/gen_pe[1].u_pe/_19901_/Y (sky130_fd_sc_hd__a21oi_1)
   0.25    7.06 ^ gen_col[1].u_pe_col/gen_pe[1].u_pe/_19905_/Y (sky130_fd_sc_hd__o21ai_0)
   0.11    7.17 v gen_col[1].u_pe_col/gen_pe[1].u_pe/_19908_/Y (sky130_fd_sc_hd__a21oi_1)
   0.25    7.42 ^ gen_col[1].u_pe_col/gen_pe[1].u_pe/_19912_/Y (sky130_fd_sc_hd__o21ai_0)
   0.12    7.54 v gen_col[1].u_pe_col/gen_pe[1].u_pe/_19915_/Y (sky130_fd_sc_hd__a21oi_1)
   0.21    7.76 ^ gen_col[1].u_pe_col/gen_pe[1].u_pe/_19918_/Y (sky130_fd_sc_hd__o21ai_0)
   0.12    7.87 v gen_col[1].u_pe_col/gen_pe[1].u_pe/_19922_/Y (sky130_fd_sc_hd__a21oi_1)
   0.25    8.12 ^ gen_col[1].u_pe_col/gen_pe[1].u_pe/_19925_/Y (sky130_fd_sc_hd__o21ai_0)
   0.11    8.23 v gen_col[1].u_pe_col/gen_pe[1].u_pe/_19927_/Y (sky130_fd_sc_hd__a21oi_1)
   0.25    8.48 ^ gen_col[1].u_pe_col/gen_pe[1].u_pe/_19931_/Y (sky130_fd_sc_hd__o21ai_0)
   0.13    8.61 v gen_col[1].u_pe_col/gen_pe[1].u_pe/_19934_/Y (sky130_fd_sc_hd__a21oi_1)
   0.25    8.86 ^ gen_col[1].u_pe_col/gen_pe[1].u_pe/_19936_/Y (sky130_fd_sc_hd__o21ai_0)
   0.16    9.03 v gen_col[1].u_pe_col/gen_pe[1].u_pe/_19939_/Y (sky130_fd_sc_hd__a21boi_0)
   0.22    9.24 ^ gen_col[1].u_pe_col/gen_pe[1].u_pe/_19943_/Y (sky130_fd_sc_hd__o21bai_1)
   0.11    9.36 v gen_col[1].u_pe_col/gen_pe[1].u_pe/_19945_/Y (sky130_fd_sc_hd__a21oi_1)
   0.20    9.56 ^ gen_col[1].u_pe_col/gen_pe[1].u_pe/_19949_/Y (sky130_fd_sc_hd__o21bai_1)
   0.12    9.68 v gen_col[1].u_pe_col/gen_pe[1].u_pe/_19951_/Y (sky130_fd_sc_hd__a21oi_1)
   0.20    9.88 ^ gen_col[1].u_pe_col/gen_pe[1].u_pe/_19954_/Y (sky130_fd_sc_hd__o21bai_1)
   0.11   10.00 v gen_col[1].u_pe_col/gen_pe[1].u_pe/_19957_/Y (sky130_fd_sc_hd__a21oi_1)
   0.26   10.25 ^ gen_col[1].u_pe_col/gen_pe[1].u_pe/_19959_/Y (sky130_fd_sc_hd__o21ai_0)
   0.14   10.40 v gen_col[1].u_pe_col/gen_pe[1].u_pe/_19961_/Y (sky130_fd_sc_hd__a21oi_1)
   0.22   10.62 ^ gen_col[1].u_pe_col/gen_pe[1].u_pe/_19968_/Y (sky130_fd_sc_hd__o211ai_1)
   0.13   10.75 v gen_col[1].u_pe_col/gen_pe[1].u_pe/_19970_/Y (sky130_fd_sc_hd__a31oi_1)
   0.25   10.99 ^ gen_col[1].u_pe_col/gen_pe[1].u_pe/_19971_/Y (sky130_fd_sc_hd__o21ai_0)
   0.09   11.09 v gen_col[1].u_pe_col/gen_pe[1].u_pe/_19973_/Y (sky130_fd_sc_hd__nand2_1)
   0.22   11.30 ^ gen_col[1].u_pe_col/gen_pe[1].u_pe/_19975_/Y (sky130_fd_sc_hd__a21oi_1)
   0.11   11.41 v gen_col[1].u_pe_col/gen_pe[1].u_pe/_19978_/Y (sky130_fd_sc_hd__o21bai_1)
   0.19   11.61 ^ gen_col[1].u_pe_col/gen_pe[1].u_pe/_19980_/Y (sky130_fd_sc_hd__a21oi_1)
   0.13   11.74 v gen_col[1].u_pe_col/gen_pe[1].u_pe/_19982_/Y (sky130_fd_sc_hd__o21ai_0)
   0.26   12.00 ^ gen_col[1].u_pe_col/gen_pe[1].u_pe/_19985_/Y (sky130_fd_sc_hd__a21boi_0)
   0.15   12.14 v gen_col[1].u_pe_col/gen_pe[1].u_pe/_19987_/Y (sky130_fd_sc_hd__o21ai_0)
   0.38   12.53 ^ gen_col[1].u_pe_col/gen_pe[1].u_pe/_19990_/Y (sky130_fd_sc_hd__a311oi_1)
   0.13   12.66 v gen_col[1].u_pe_col/gen_pe[1].u_pe/_19993_/Y (sky130_fd_sc_hd__o21bai_1)
   0.22   12.88 ^ gen_col[1].u_pe_col/gen_pe[1].u_pe/_19995_/Y (sky130_fd_sc_hd__a21oi_1)
   0.11   12.99 v gen_col[1].u_pe_col/gen_pe[1].u_pe/_19998_/Y (sky130_fd_sc_hd__o21bai_1)
   0.25   13.24 ^ gen_col[1].u_pe_col/gen_pe[1].u_pe/_20001_/Y (sky130_fd_sc_hd__a21boi_0)
   0.15   13.39 v gen_col[1].u_pe_col/gen_pe[1].u_pe/_20003_/Y (sky130_fd_sc_hd__o21ai_0)
   0.29   13.68 ^ gen_col[1].u_pe_col/gen_pe[1].u_pe/_20057_/Y (sky130_fd_sc_hd__a21boi_0)
   0.09   13.76 v gen_col[1].u_pe_col/gen_pe[1].u_pe/_20289_/Y (sky130_fd_sc_hd__nor3_1)
   0.21   13.97 ^ gen_col[1].u_pe_col/gen_pe[1].u_pe/_20291_/Y (sky130_fd_sc_hd__o31ai_1)
   0.00   13.97 ^ gen_col[1].u_pe_col/gen_pe[1].u_pe/_20389_/D (sky130_fd_sc_hd__dfrtp_1)
          13.97   data arrival time

  20.00   20.00   clock clk (rise edge)
   0.00   20.00   clock network delay (ideal)
   0.00   20.00   clock reconvergence pessimism
          20.00 ^ gen_col[1].u_pe_col/gen_pe[1].u_pe/_20389_/CLK (sky130_fd_sc_hd__dfrtp_1)
  -0.10   19.90   library setup time
          19.90   data required time
---------------------------------------------------------
          19.90   data required time
         -13.97   data arrival time
---------------------------------------------------------
           5.93   slack (MET)


Startpoint: gen_col[1].u_pe_col/gen_pe[2].u_pe/_20391_
            (rising edge-triggered flip-flop clocked by clk)
Endpoint: gen_col[1].u_pe_col/gen_pe[2].u_pe/_20389_
          (rising edge-triggered flip-flop clocked by clk)
Path Group: clk
Path Type: max

  Delay    Time   Description
---------------------------------------------------------
   0.00    0.00   clock clk (rise edge)
   0.00    0.00   clock network delay (ideal)
   0.00    0.00 ^ gen_col[1].u_pe_col/gen_pe[2].u_pe/_20391_/CLK (sky130_fd_sc_hd__dfrtp_1)
   0.95    0.95 ^ gen_col[1].u_pe_col/gen_pe[2].u_pe/_20391_/Q (sky130_fd_sc_hd__dfrtp_1)
   0.19    1.14 v gen_col[1].u_pe_col/gen_pe[2].u_pe/_19720_/Y (sky130_fd_sc_hd__nand2_1)
   0.40    1.54 v gen_col[1].u_pe_col/gen_pe[2].u_pe/_19722_/X (sky130_fd_sc_hd__maj3_1)
   0.22    1.76 ^ gen_col[1].u_pe_col/gen_pe[2].u_pe/_19724_/X (sky130_fd_sc_hd__xor2_1)
   0.49    2.24 v gen_col[1].u_pe_col/gen_pe[2].u_pe/_19760_/X (sky130_fd_sc_hd__xor3_1)
   0.38    2.62 v gen_col[1].u_pe_col/gen_pe[2].u_pe/_19789_/X (sky130_fd_sc_hd__xnor3_1)
   0.47    3.09 ^ gen_col[1].u_pe_col/gen_pe[2].u_pe/_19792_/Y (sky130_fd_sc_hd__nor4_1)
   0.12    3.21 v gen_col[1].u_pe_col/gen_pe[2].u_pe/_19794_/Y (sky130_fd_sc_hd__nor2_1)
   0.27    3.48 ^ gen_col[1].u_pe_col/gen_pe[2].u_pe/_19806_/Y (sky130_fd_sc_hd__xnor2_1)
   0.13    3.61 v gen_col[1].u_pe_col/gen_pe[2].u_pe/_19825_/Y (sky130_fd_sc_hd__xnor2_1)
   0.36    3.97 v gen_col[1].u_pe_col/gen_pe[2].u_pe/_19864_/X (sky130_fd_sc_hd__maj3_1)
   0.19    4.16 ^ gen_col[1].u_pe_col/gen_pe[2].u_pe/_19866_/Y (sky130_fd_sc_hd__o32ai_1)
   0.14    4.31 v gen_col[1].u_pe_col/gen_pe[2].u_pe/_19868_/Y (sky130_fd_sc_hd__a21oi_1)
   0.27    4.57 ^ gen_col[1].u_pe_col/gen_pe[2].u_pe/_19870_/Y (sky130_fd_sc_hd__o21ai_0)
   0.13    4.70 v gen_col[1].u_pe_col/gen_pe[2].u_pe/_19872_/Y (sky130_fd_sc_hd__a21oi_1)
   0.26    4.96 ^ gen_col[1].u_pe_col/gen_pe[2].u_pe/_19875_/Y (sky130_fd_sc_hd__o21ai_0)
   0.13    5.09 v gen_col[1].u_pe_col/gen_pe[2].u_pe/_19877_/Y (sky130_fd_sc_hd__a21oi_1)
   0.26    5.36 ^ gen_col[1].u_pe_col/gen_pe[2].u_pe/_19879_/Y (sky130_fd_sc_hd__o21ai_0)
   0.17    5.53 ^ gen_col[1].u_pe_col/gen_pe[2].u_pe/_19881_/X (sky130_fd_sc_hd__a21o_1)
   0.13    5.66 ^ gen_col[1].u_pe_col/gen_pe[2].u_pe/_19884_/X (sky130_fd_sc_hd__a21o_1)
   0.14    5.80 ^ gen_col[1].u_pe_col/gen_pe[2].u_pe/_19886_/X (sky130_fd_sc_hd__a21o_1)
   0.13    5.93 ^ gen_col[1].u_pe_col/gen_pe[2].u_pe/_19888_/X (sky130_fd_sc_hd__a21o_1)
   0.11    6.04 v gen_col[1].u_pe_col/gen_pe[2].u_pe/_19891_/Y (sky130_fd_sc_hd__a21boi_0)
   0.26    6.30 ^ gen_col[1].u_pe_col/gen_pe[2].u_pe/_19893_/Y (sky130_fd_sc_hd__o21ai_0)
   0.13    6.42 v gen_col[1].u_pe_col/gen_pe[2].u_pe/_19895_/Y (sky130_fd_sc_hd__a21oi_1)
   0.26    6.68 ^ gen_col[1].u_pe_col/gen_pe[2].u_pe/_19898_/Y (sky130_fd_sc_hd__o21ai_0)
   0.13    6.81 v gen_col[1].u_pe_col/gen_pe[2].u_pe/_19901_/Y (sky130_fd_sc_hd__a21oi_1)
   0.25    7.06 ^ gen_col[1].u_pe_col/gen_pe[2].u_pe/_19905_/Y (sky130_fd_sc_hd__o21ai_0)
   0.11    7.17 v gen_col[1].u_pe_col/gen_pe[2].u_pe/_19908_/Y (sky130_fd_sc_hd__a21oi_1)
   0.25    7.42 ^ gen_col[1].u_pe_col/gen_pe[2].u_pe/_19912_/Y (sky130_fd_sc_hd__o21ai_0)
   0.12    7.54 v gen_col[1].u_pe_col/gen_pe[2].u_pe/_19915_/Y (sky130_fd_sc_hd__a21oi_1)
   0.21    7.76 ^ gen_col[1].u_pe_col/gen_pe[2].u_pe/_19918_/Y (sky130_fd_sc_hd__o21ai_0)
   0.12    7.87 v gen_col[1].u_pe_col/gen_pe[2].u_pe/_19922_/Y (sky130_fd_sc_hd__a21oi_1)
   0.25    8.12 ^ gen_col[1].u_pe_col/gen_pe[2].u_pe/_19925_/Y (sky130_fd_sc_hd__o21ai_0)
   0.11    8.23 v gen_col[1].u_pe_col/gen_pe[2].u_pe/_19927_/Y (sky130_fd_sc_hd__a21oi_1)
   0.25    8.48 ^ gen_col[1].u_pe_col/gen_pe[2].u_pe/_19931_/Y (sky130_fd_sc_hd__o21ai_0)
   0.13    8.61 v gen_col[1].u_pe_col/gen_pe[2].u_pe/_19934_/Y (sky130_fd_sc_hd__a21oi_1)
   0.25    8.86 ^ gen_col[1].u_pe_col/gen_pe[2].u_pe/_19936_/Y (sky130_fd_sc_hd__o21ai_0)
   0.16    9.03 v gen_col[1].u_pe_col/gen_pe[2].u_pe/_19939_/Y (sky130_fd_sc_hd__a21boi_0)
   0.22    9.24 ^ gen_col[1].u_pe_col/gen_pe[2].u_pe/_19943_/Y (sky130_fd_sc_hd__o21bai_1)
   0.11    9.36 v gen_col[1].u_pe_col/gen_pe[2].u_pe/_19945_/Y (sky130_fd_sc_hd__a21oi_1)
   0.20    9.56 ^ gen_col[1].u_pe_col/gen_pe[2].u_pe/_19949_/Y (sky130_fd_sc_hd__o21bai_1)
   0.12    9.68 v gen_col[1].u_pe_col/gen_pe[2].u_pe/_19951_/Y (sky130_fd_sc_hd__a21oi_1)
   0.20    9.88 ^ gen_col[1].u_pe_col/gen_pe[2].u_pe/_19954_/Y (sky130_fd_sc_hd__o21bai_1)
   0.11   10.00 v gen_col[1].u_pe_col/gen_pe[2].u_pe/_19957_/Y (sky130_fd_sc_hd__a21oi_1)
   0.26   10.25 ^ gen_col[1].u_pe_col/gen_pe[2].u_pe/_19959_/Y (sky130_fd_sc_hd__o21ai_0)
   0.14   10.40 v gen_col[1].u_pe_col/gen_pe[2].u_pe/_19961_/Y (sky130_fd_sc_hd__a21oi_1)
   0.22   10.62 ^ gen_col[1].u_pe_col/gen_pe[2].u_pe/_19968_/Y (sky130_fd_sc_hd__o211ai_1)
   0.13   10.75 v gen_col[1].u_pe_col/gen_pe[2].u_pe/_19970_/Y (sky130_fd_sc_hd__a31oi_1)
   0.25   10.99 ^ gen_col[1].u_pe_col/gen_pe[2].u_pe/_19971_/Y (sky130_fd_sc_hd__o21ai_0)
   0.09   11.09 v gen_col[1].u_pe_col/gen_pe[2].u_pe/_19973_/Y (sky130_fd_sc_hd__nand2_1)
   0.22   11.30 ^ gen_col[1].u_pe_col/gen_pe[2].u_pe/_19975_/Y (sky130_fd_sc_hd__a21oi_1)
   0.11   11.41 v gen_col[1].u_pe_col/gen_pe[2].u_pe/_19978_/Y (sky130_fd_sc_hd__o21bai_1)
   0.19   11.61 ^ gen_col[1].u_pe_col/gen_pe[2].u_pe/_19980_/Y (sky130_fd_sc_hd__a21oi_1)
   0.13   11.74 v gen_col[1].u_pe_col/gen_pe[2].u_pe/_19982_/Y (sky130_fd_sc_hd__o21ai_0)
   0.26   12.00 ^ gen_col[1].u_pe_col/gen_pe[2].u_pe/_19985_/Y (sky130_fd_sc_hd__a21boi_0)
   0.15   12.14 v gen_col[1].u_pe_col/gen_pe[2].u_pe/_19987_/Y (sky130_fd_sc_hd__o21ai_0)
   0.38   12.53 ^ gen_col[1].u_pe_col/gen_pe[2].u_pe/_19990_/Y (sky130_fd_sc_hd__a311oi_1)
   0.13   12.66 v gen_col[1].u_pe_col/gen_pe[2].u_pe/_19993_/Y (sky130_fd_sc_hd__o21bai_1)
   0.22   12.88 ^ gen_col[1].u_pe_col/gen_pe[2].u_pe/_19995_/Y (sky130_fd_sc_hd__a21oi_1)
   0.11   12.99 v gen_col[1].u_pe_col/gen_pe[2].u_pe/_19998_/Y (sky130_fd_sc_hd__o21bai_1)
   0.25   13.24 ^ gen_col[1].u_pe_col/gen_pe[2].u_pe/_20001_/Y (sky130_fd_sc_hd__a21boi_0)
   0.15   13.39 v gen_col[1].u_pe_col/gen_pe[2].u_pe/_20003_/Y (sky130_fd_sc_hd__o21ai_0)
   0.29   13.68 ^ gen_col[1].u_pe_col/gen_pe[2].u_pe/_20057_/Y (sky130_fd_sc_hd__a21boi_0)
   0.09   13.76 v gen_col[1].u_pe_col/gen_pe[2].u_pe/_20289_/Y (sky130_fd_sc_hd__nor3_1)
   0.21   13.97 ^ gen_col[1].u_pe_col/gen_pe[2].u_pe/_20291_/Y (sky130_fd_sc_hd__o31ai_1)
   0.00   13.97 ^ gen_col[1].u_pe_col/gen_pe[2].u_pe/_20389_/D (sky130_fd_sc_hd__dfrtp_1)
          13.97   data arrival time

  20.00   20.00   clock clk (rise edge)
   0.00   20.00   clock network delay (ideal)
   0.00   20.00   clock reconvergence pessimism
          20.00 ^ gen_col[1].u_pe_col/gen_pe[2].u_pe/_20389_/CLK (sky130_fd_sc_hd__dfrtp_1)
  -0.10   19.90   library setup time
          19.90   data required time
---------------------------------------------------------
          19.90   data required time
         -13.97   data arrival time
---------------------------------------------------------
           5.93   slack (MET)


Startpoint: gen_col[1].u_pe_col/gen_pe[3].u_pe/_20391_
            (rising edge-triggered flip-flop clocked by clk)
Endpoint: gen_col[1].u_pe_col/gen_pe[3].u_pe/_20389_
          (rising edge-triggered flip-flop clocked by clk)
Path Group: clk
Path Type: max

  Delay    Time   Description
---------------------------------------------------------
   0.00    0.00   clock clk (rise edge)
   0.00    0.00   clock network delay (ideal)
   0.00    0.00 ^ gen_col[1].u_pe_col/gen_pe[3].u_pe/_20391_/CLK (sky130_fd_sc_hd__dfrtp_1)
   0.95    0.95 ^ gen_col[1].u_pe_col/gen_pe[3].u_pe/_20391_/Q (sky130_fd_sc_hd__dfrtp_1)
   0.19    1.14 v gen_col[1].u_pe_col/gen_pe[3].u_pe/_19720_/Y (sky130_fd_sc_hd__nand2_1)
   0.40    1.54 v gen_col[1].u_pe_col/gen_pe[3].u_pe/_19722_/X (sky130_fd_sc_hd__maj3_1)
   0.22    1.76 ^ gen_col[1].u_pe_col/gen_pe[3].u_pe/_19724_/X (sky130_fd_sc_hd__xor2_1)
   0.49    2.24 v gen_col[1].u_pe_col/gen_pe[3].u_pe/_19760_/X (sky130_fd_sc_hd__xor3_1)
   0.38    2.62 v gen_col[1].u_pe_col/gen_pe[3].u_pe/_19789_/X (sky130_fd_sc_hd__xnor3_1)
   0.47    3.09 ^ gen_col[1].u_pe_col/gen_pe[3].u_pe/_19792_/Y (sky130_fd_sc_hd__nor4_1)
   0.12    3.21 v gen_col[1].u_pe_col/gen_pe[3].u_pe/_19794_/Y (sky130_fd_sc_hd__nor2_1)
   0.27    3.48 ^ gen_col[1].u_pe_col/gen_pe[3].u_pe/_19806_/Y (sky130_fd_sc_hd__xnor2_1)
   0.13    3.61 v gen_col[1].u_pe_col/gen_pe[3].u_pe/_19825_/Y (sky130_fd_sc_hd__xnor2_1)
   0.36    3.97 v gen_col[1].u_pe_col/gen_pe[3].u_pe/_19864_/X (sky130_fd_sc_hd__maj3_1)
   0.19    4.16 ^ gen_col[1].u_pe_col/gen_pe[3].u_pe/_19866_/Y (sky130_fd_sc_hd__o32ai_1)
   0.14    4.31 v gen_col[1].u_pe_col/gen_pe[3].u_pe/_19868_/Y (sky130_fd_sc_hd__a21oi_1)
   0.27    4.57 ^ gen_col[1].u_pe_col/gen_pe[3].u_pe/_19870_/Y (sky130_fd_sc_hd__o21ai_0)
   0.13    4.70 v gen_col[1].u_pe_col/gen_pe[3].u_pe/_19872_/Y (sky130_fd_sc_hd__a21oi_1)
   0.26    4.96 ^ gen_col[1].u_pe_col/gen_pe[3].u_pe/_19875_/Y (sky130_fd_sc_hd__o21ai_0)
   0.13    5.09 v gen_col[1].u_pe_col/gen_pe[3].u_pe/_19877_/Y (sky130_fd_sc_hd__a21oi_1)
   0.26    5.36 ^ gen_col[1].u_pe_col/gen_pe[3].u_pe/_19879_/Y (sky130_fd_sc_hd__o21ai_0)
   0.17    5.53 ^ gen_col[1].u_pe_col/gen_pe[3].u_pe/_19881_/X (sky130_fd_sc_hd__a21o_1)
   0.13    5.66 ^ gen_col[1].u_pe_col/gen_pe[3].u_pe/_19884_/X (sky130_fd_sc_hd__a21o_1)
   0.14    5.80 ^ gen_col[1].u_pe_col/gen_pe[3].u_pe/_19886_/X (sky130_fd_sc_hd__a21o_1)
   0.13    5.93 ^ gen_col[1].u_pe_col/gen_pe[3].u_pe/_19888_/X (sky130_fd_sc_hd__a21o_1)
   0.11    6.04 v gen_col[1].u_pe_col/gen_pe[3].u_pe/_19891_/Y (sky130_fd_sc_hd__a21boi_0)
   0.26    6.30 ^ gen_col[1].u_pe_col/gen_pe[3].u_pe/_19893_/Y (sky130_fd_sc_hd__o21ai_0)
   0.13    6.42 v gen_col[1].u_pe_col/gen_pe[3].u_pe/_19895_/Y (sky130_fd_sc_hd__a21oi_1)
   0.26    6.68 ^ gen_col[1].u_pe_col/gen_pe[3].u_pe/_19898_/Y (sky130_fd_sc_hd__o21ai_0)
   0.13    6.81 v gen_col[1].u_pe_col/gen_pe[3].u_pe/_19901_/Y (sky130_fd_sc_hd__a21oi_1)
   0.25    7.06 ^ gen_col[1].u_pe_col/gen_pe[3].u_pe/_19905_/Y (sky130_fd_sc_hd__o21ai_0)
   0.11    7.17 v gen_col[1].u_pe_col/gen_pe[3].u_pe/_19908_/Y (sky130_fd_sc_hd__a21oi_1)
   0.25    7.42 ^ gen_col[1].u_pe_col/gen_pe[3].u_pe/_19912_/Y (sky130_fd_sc_hd__o21ai_0)
   0.12    7.54 v gen_col[1].u_pe_col/gen_pe[3].u_pe/_19915_/Y (sky130_fd_sc_hd__a21oi_1)
   0.21    7.76 ^ gen_col[1].u_pe_col/gen_pe[3].u_pe/_19918_/Y (sky130_fd_sc_hd__o21ai_0)
   0.12    7.87 v gen_col[1].u_pe_col/gen_pe[3].u_pe/_19922_/Y (sky130_fd_sc_hd__a21oi_1)
   0.25    8.12 ^ gen_col[1].u_pe_col/gen_pe[3].u_pe/_19925_/Y (sky130_fd_sc_hd__o21ai_0)
   0.11    8.23 v gen_col[1].u_pe_col/gen_pe[3].u_pe/_19927_/Y (sky130_fd_sc_hd__a21oi_1)
   0.25    8.48 ^ gen_col[1].u_pe_col/gen_pe[3].u_pe/_19931_/Y (sky130_fd_sc_hd__o21ai_0)
   0.13    8.61 v gen_col[1].u_pe_col/gen_pe[3].u_pe/_19934_/Y (sky130_fd_sc_hd__a21oi_1)
   0.25    8.86 ^ gen_col[1].u_pe_col/gen_pe[3].u_pe/_19936_/Y (sky130_fd_sc_hd__o21ai_0)
   0.16    9.03 v gen_col[1].u_pe_col/gen_pe[3].u_pe/_19939_/Y (sky130_fd_sc_hd__a21boi_0)
   0.22    9.24 ^ gen_col[1].u_pe_col/gen_pe[3].u_pe/_19943_/Y (sky130_fd_sc_hd__o21bai_1)
   0.11    9.36 v gen_col[1].u_pe_col/gen_pe[3].u_pe/_19945_/Y (sky130_fd_sc_hd__a21oi_1)
   0.20    9.56 ^ gen_col[1].u_pe_col/gen_pe[3].u_pe/_19949_/Y (sky130_fd_sc_hd__o21bai_1)
   0.12    9.68 v gen_col[1].u_pe_col/gen_pe[3].u_pe/_19951_/Y (sky130_fd_sc_hd__a21oi_1)
   0.20    9.88 ^ gen_col[1].u_pe_col/gen_pe[3].u_pe/_19954_/Y (sky130_fd_sc_hd__o21bai_1)
   0.11   10.00 v gen_col[1].u_pe_col/gen_pe[3].u_pe/_19957_/Y (sky130_fd_sc_hd__a21oi_1)
   0.26   10.25 ^ gen_col[1].u_pe_col/gen_pe[3].u_pe/_19959_/Y (sky130_fd_sc_hd__o21ai_0)
   0.14   10.40 v gen_col[1].u_pe_col/gen_pe[3].u_pe/_19961_/Y (sky130_fd_sc_hd__a21oi_1)
   0.22   10.62 ^ gen_col[1].u_pe_col/gen_pe[3].u_pe/_19968_/Y (sky130_fd_sc_hd__o211ai_1)
   0.13   10.75 v gen_col[1].u_pe_col/gen_pe[3].u_pe/_19970_/Y (sky130_fd_sc_hd__a31oi_1)
   0.25   10.99 ^ gen_col[1].u_pe_col/gen_pe[3].u_pe/_19971_/Y (sky130_fd_sc_hd__o21ai_0)
   0.09   11.09 v gen_col[1].u_pe_col/gen_pe[3].u_pe/_19973_/Y (sky130_fd_sc_hd__nand2_1)
   0.22   11.30 ^ gen_col[1].u_pe_col/gen_pe[3].u_pe/_19975_/Y (sky130_fd_sc_hd__a21oi_1)
   0.11   11.41 v gen_col[1].u_pe_col/gen_pe[3].u_pe/_19978_/Y (sky130_fd_sc_hd__o21bai_1)
   0.19   11.61 ^ gen_col[1].u_pe_col/gen_pe[3].u_pe/_19980_/Y (sky130_fd_sc_hd__a21oi_1)
   0.13   11.74 v gen_col[1].u_pe_col/gen_pe[3].u_pe/_19982_/Y (sky130_fd_sc_hd__o21ai_0)
   0.26   12.00 ^ gen_col[1].u_pe_col/gen_pe[3].u_pe/_19985_/Y (sky130_fd_sc_hd__a21boi_0)
   0.15   12.14 v gen_col[1].u_pe_col/gen_pe[3].u_pe/_19987_/Y (sky130_fd_sc_hd__o21ai_0)
   0.38   12.53 ^ gen_col[1].u_pe_col/gen_pe[3].u_pe/_19990_/Y (sky130_fd_sc_hd__a311oi_1)
   0.13   12.66 v gen_col[1].u_pe_col/gen_pe[3].u_pe/_19993_/Y (sky130_fd_sc_hd__o21bai_1)
   0.22   12.88 ^ gen_col[1].u_pe_col/gen_pe[3].u_pe/_19995_/Y (sky130_fd_sc_hd__a21oi_1)
   0.11   12.99 v gen_col[1].u_pe_col/gen_pe[3].u_pe/_19998_/Y (sky130_fd_sc_hd__o21bai_1)
   0.25   13.24 ^ gen_col[1].u_pe_col/gen_pe[3].u_pe/_20001_/Y (sky130_fd_sc_hd__a21boi_0)
   0.15   13.39 v gen_col[1].u_pe_col/gen_pe[3].u_pe/_20003_/Y (sky130_fd_sc_hd__o21ai_0)
   0.29   13.68 ^ gen_col[1].u_pe_col/gen_pe[3].u_pe/_20057_/Y (sky130_fd_sc_hd__a21boi_0)
   0.09   13.76 v gen_col[1].u_pe_col/gen_pe[3].u_pe/_20289_/Y (sky130_fd_sc_hd__nor3_1)
   0.21   13.97 ^ gen_col[1].u_pe_col/gen_pe[3].u_pe/_20291_/Y (sky130_fd_sc_hd__o31ai_1)
   0.00   13.97 ^ gen_col[1].u_pe_col/gen_pe[3].u_pe/_20389_/D (sky130_fd_sc_hd__dfrtp_1)
          13.97   data arrival time

  20.00   20.00   clock clk (rise edge)
   0.00   20.00   clock network delay (ideal)
   0.00   20.00   clock reconvergence pessimism
          20.00 ^ gen_col[1].u_pe_col/gen_pe[3].u_pe/_20389_/CLK (sky130_fd_sc_hd__dfrtp_1)
  -0.10   19.90   library setup time
          19.90   data required time
---------------------------------------------------------
          19.90   data required time
         -13.97   data arrival time
---------------------------------------------------------
           5.93   slack (MET)


Startpoint: gen_col[1].u_pe_col/gen_pe[4].u_pe/_20391_
            (rising edge-triggered flip-flop clocked by clk)
Endpoint: gen_col[1].u_pe_col/gen_pe[4].u_pe/_20389_
          (rising edge-triggered flip-flop clocked by clk)
Path Group: clk
Path Type: max

  Delay    Time   Description
---------------------------------------------------------
   0.00    0.00   clock clk (rise edge)
   0.00    0.00   clock network delay (ideal)
   0.00    0.00 ^ gen_col[1].u_pe_col/gen_pe[4].u_pe/_20391_/CLK (sky130_fd_sc_hd__dfrtp_1)
   0.95    0.95 ^ gen_col[1].u_pe_col/gen_pe[4].u_pe/_20391_/Q (sky130_fd_sc_hd__dfrtp_1)
   0.19    1.14 v gen_col[1].u_pe_col/gen_pe[4].u_pe/_19720_/Y (sky130_fd_sc_hd__nand2_1)
   0.40    1.54 v gen_col[1].u_pe_col/gen_pe[4].u_pe/_19722_/X (sky130_fd_sc_hd__maj3_1)
   0.22    1.76 ^ gen_col[1].u_pe_col/gen_pe[4].u_pe/_19724_/X (sky130_fd_sc_hd__xor2_1)
   0.49    2.24 v gen_col[1].u_pe_col/gen_pe[4].u_pe/_19760_/X (sky130_fd_sc_hd__xor3_1)
   0.38    2.62 v gen_col[1].u_pe_col/gen_pe[4].u_pe/_19789_/X (sky130_fd_sc_hd__xnor3_1)
   0.47    3.09 ^ gen_col[1].u_pe_col/gen_pe[4].u_pe/_19792_/Y (sky130_fd_sc_hd__nor4_1)
   0.12    3.21 v gen_col[1].u_pe_col/gen_pe[4].u_pe/_19794_/Y (sky130_fd_sc_hd__nor2_1)
   0.27    3.48 ^ gen_col[1].u_pe_col/gen_pe[4].u_pe/_19806_/Y (sky130_fd_sc_hd__xnor2_1)
   0.13    3.61 v gen_col[1].u_pe_col/gen_pe[4].u_pe/_19825_/Y (sky130_fd_sc_hd__xnor2_1)
   0.36    3.97 v gen_col[1].u_pe_col/gen_pe[4].u_pe/_19864_/X (sky130_fd_sc_hd__maj3_1)
   0.19    4.16 ^ gen_col[1].u_pe_col/gen_pe[4].u_pe/_19866_/Y (sky130_fd_sc_hd__o32ai_1)
   0.14    4.31 v gen_col[1].u_pe_col/gen_pe[4].u_pe/_19868_/Y (sky130_fd_sc_hd__a21oi_1)
   0.27    4.57 ^ gen_col[1].u_pe_col/gen_pe[4].u_pe/_19870_/Y (sky130_fd_sc_hd__o21ai_0)
   0.13    4.70 v gen_col[1].u_pe_col/gen_pe[4].u_pe/_19872_/Y (sky130_fd_sc_hd__a21oi_1)
   0.26    4.96 ^ gen_col[1].u_pe_col/gen_pe[4].u_pe/_19875_/Y (sky130_fd_sc_hd__o21ai_0)
   0.13    5.09 v gen_col[1].u_pe_col/gen_pe[4].u_pe/_19877_/Y (sky130_fd_sc_hd__a21oi_1)
   0.26    5.36 ^ gen_col[1].u_pe_col/gen_pe[4].u_pe/_19879_/Y (sky130_fd_sc_hd__o21ai_0)
   0.17    5.53 ^ gen_col[1].u_pe_col/gen_pe[4].u_pe/_19881_/X (sky130_fd_sc_hd__a21o_1)
   0.13    5.66 ^ gen_col[1].u_pe_col/gen_pe[4].u_pe/_19884_/X (sky130_fd_sc_hd__a21o_1)
   0.14    5.80 ^ gen_col[1].u_pe_col/gen_pe[4].u_pe/_19886_/X (sky130_fd_sc_hd__a21o_1)
   0.13    5.93 ^ gen_col[1].u_pe_col/gen_pe[4].u_pe/_19888_/X (sky130_fd_sc_hd__a21o_1)
   0.11    6.04 v gen_col[1].u_pe_col/gen_pe[4].u_pe/_19891_/Y (sky130_fd_sc_hd__a21boi_0)
   0.26    6.30 ^ gen_col[1].u_pe_col/gen_pe[4].u_pe/_19893_/Y (sky130_fd_sc_hd__o21ai_0)
   0.13    6.42 v gen_col[1].u_pe_col/gen_pe[4].u_pe/_19895_/Y (sky130_fd_sc_hd__a21oi_1)
   0.26    6.68 ^ gen_col[1].u_pe_col/gen_pe[4].u_pe/_19898_/Y (sky130_fd_sc_hd__o21ai_0)
   0.13    6.81 v gen_col[1].u_pe_col/gen_pe[4].u_pe/_19901_/Y (sky130_fd_sc_hd__a21oi_1)
   0.25    7.06 ^ gen_col[1].u_pe_col/gen_pe[4].u_pe/_19905_/Y (sky130_fd_sc_hd__o21ai_0)
   0.11    7.17 v gen_col[1].u_pe_col/gen_pe[4].u_pe/_19908_/Y (sky130_fd_sc_hd__a21oi_1)
   0.25    7.42 ^ gen_col[1].u_pe_col/gen_pe[4].u_pe/_19912_/Y (sky130_fd_sc_hd__o21ai_0)
   0.12    7.54 v gen_col[1].u_pe_col/gen_pe[4].u_pe/_19915_/Y (sky130_fd_sc_hd__a21oi_1)
   0.21    7.76 ^ gen_col[1].u_pe_col/gen_pe[4].u_pe/_19918_/Y (sky130_fd_sc_hd__o21ai_0)
   0.12    7.87 v gen_col[1].u_pe_col/gen_pe[4].u_pe/_19922_/Y (sky130_fd_sc_hd__a21oi_1)
   0.25    8.12 ^ gen_col[1].u_pe_col/gen_pe[4].u_pe/_19925_/Y (sky130_fd_sc_hd__o21ai_0)
   0.11    8.23 v gen_col[1].u_pe_col/gen_pe[4].u_pe/_19927_/Y (sky130_fd_sc_hd__a21oi_1)
   0.25    8.48 ^ gen_col[1].u_pe_col/gen_pe[4].u_pe/_19931_/Y (sky130_fd_sc_hd__o21ai_0)
   0.13    8.61 v gen_col[1].u_pe_col/gen_pe[4].u_pe/_19934_/Y (sky130_fd_sc_hd__a21oi_1)
   0.25    8.86 ^ gen_col[1].u_pe_col/gen_pe[4].u_pe/_19936_/Y (sky130_fd_sc_hd__o21ai_0)
   0.16    9.03 v gen_col[1].u_pe_col/gen_pe[4].u_pe/_19939_/Y (sky130_fd_sc_hd__a21boi_0)
   0.22    9.24 ^ gen_col[1].u_pe_col/gen_pe[4].u_pe/_19943_/Y (sky130_fd_sc_hd__o21bai_1)
   0.11    9.36 v gen_col[1].u_pe_col/gen_pe[4].u_pe/_19945_/Y (sky130_fd_sc_hd__a21oi_1)
   0.20    9.56 ^ gen_col[1].u_pe_col/gen_pe[4].u_pe/_19949_/Y (sky130_fd_sc_hd__o21bai_1)
   0.12    9.68 v gen_col[1].u_pe_col/gen_pe[4].u_pe/_19951_/Y (sky130_fd_sc_hd__a21oi_1)
   0.20    9.88 ^ gen_col[1].u_pe_col/gen_pe[4].u_pe/_19954_/Y (sky130_fd_sc_hd__o21bai_1)
   0.11   10.00 v gen_col[1].u_pe_col/gen_pe[4].u_pe/_19957_/Y (sky130_fd_sc_hd__a21oi_1)
   0.26   10.25 ^ gen_col[1].u_pe_col/gen_pe[4].u_pe/_19959_/Y (sky130_fd_sc_hd__o21ai_0)
   0.14   10.40 v gen_col[1].u_pe_col/gen_pe[4].u_pe/_19961_/Y (sky130_fd_sc_hd__a21oi_1)
   0.22   10.62 ^ gen_col[1].u_pe_col/gen_pe[4].u_pe/_19968_/Y (sky130_fd_sc_hd__o211ai_1)
   0.13   10.75 v gen_col[1].u_pe_col/gen_pe[4].u_pe/_19970_/Y (sky130_fd_sc_hd__a31oi_1)
   0.25   10.99 ^ gen_col[1].u_pe_col/gen_pe[4].u_pe/_19971_/Y (sky130_fd_sc_hd__o21ai_0)
   0.09   11.09 v gen_col[1].u_pe_col/gen_pe[4].u_pe/_19973_/Y (sky130_fd_sc_hd__nand2_1)
   0.22   11.30 ^ gen_col[1].u_pe_col/gen_pe[4].u_pe/_19975_/Y (sky130_fd_sc_hd__a21oi_1)
   0.11   11.41 v gen_col[1].u_pe_col/gen_pe[4].u_pe/_19978_/Y (sky130_fd_sc_hd__o21bai_1)
   0.19   11.61 ^ gen_col[1].u_pe_col/gen_pe[4].u_pe/_19980_/Y (sky130_fd_sc_hd__a21oi_1)
   0.13   11.74 v gen_col[1].u_pe_col/gen_pe[4].u_pe/_19982_/Y (sky130_fd_sc_hd__o21ai_0)
   0.26   12.00 ^ gen_col[1].u_pe_col/gen_pe[4].u_pe/_19985_/Y (sky130_fd_sc_hd__a21boi_0)
   0.15   12.14 v gen_col[1].u_pe_col/gen_pe[4].u_pe/_19987_/Y (sky130_fd_sc_hd__o21ai_0)
   0.38   12.53 ^ gen_col[1].u_pe_col/gen_pe[4].u_pe/_19990_/Y (sky130_fd_sc_hd__a311oi_1)
   0.13   12.66 v gen_col[1].u_pe_col/gen_pe[4].u_pe/_19993_/Y (sky130_fd_sc_hd__o21bai_1)
   0.22   12.88 ^ gen_col[1].u_pe_col/gen_pe[4].u_pe/_19995_/Y (sky130_fd_sc_hd__a21oi_1)
   0.11   12.99 v gen_col[1].u_pe_col/gen_pe[4].u_pe/_19998_/Y (sky130_fd_sc_hd__o21bai_1)
   0.25   13.24 ^ gen_col[1].u_pe_col/gen_pe[4].u_pe/_20001_/Y (sky130_fd_sc_hd__a21boi_0)
   0.15   13.39 v gen_col[1].u_pe_col/gen_pe[4].u_pe/_20003_/Y (sky130_fd_sc_hd__o21ai_0)
   0.29   13.68 ^ gen_col[1].u_pe_col/gen_pe[4].u_pe/_20057_/Y (sky130_fd_sc_hd__a21boi_0)
   0.09   13.76 v gen_col[1].u_pe_col/gen_pe[4].u_pe/_20289_/Y (sky130_fd_sc_hd__nor3_1)
   0.21   13.97 ^ gen_col[1].u_pe_col/gen_pe[4].u_pe/_20291_/Y (sky130_fd_sc_hd__o31ai_1)
   0.00   13.97 ^ gen_col[1].u_pe_col/gen_pe[4].u_pe/_20389_/D (sky130_fd_sc_hd__dfrtp_1)
          13.97   data arrival time

  20.00   20.00   clock clk (rise edge)
   0.00   20.00   clock network delay (ideal)
   0.00   20.00   clock reconvergence pessimism
          20.00 ^ gen_col[1].u_pe_col/gen_pe[4].u_pe/_20389_/CLK (sky130_fd_sc_hd__dfrtp_1)
  -0.10   19.90   library setup time
          19.90   data required time
---------------------------------------------------------
          19.90   data required time
         -13.97   data arrival time
---------------------------------------------------------
           5.93   slack (MET)


Timing Analysis Completed.
