
 /----------------------------------------------------------------------------\
 |  yosys -- Yosys Open SYnthesis Suite                                       |
 |  Copyright (C) 2012 - 2026  Claire Xenia Wolf <claire@yosyshq.com>         |
 |  Distributed under an ISC-like license, type "license" to see terms        |
 \----------------------------------------------------------------------------/
 Yosys 0.65+71 (git sha1 e56c6a954, g++ 11.4.0-1ubuntu1~22.04.3 -fPIC -O3)

-- Running command `
    read_verilog results/sv2v_output.v;
    chparam -set ROWS 4             -set COLS 4             -set DATA_WIDTH 8             -set ACC_WIDTH 32             array
    synth -top array;
    dfflibmap -liberty /home/bharathw/.ciel/ciel/sky130/versions/0fe599b2afb6708d281543108caf8310912f54af/sky130A/libs.ref/sky130_fd_sc_hd/lib/sky130_fd_sc_hd__tt_025C_1v80.lib;
    abc -liberty /home/bharathw/.ciel/ciel/sky130/versions/0fe599b2afb6708d281543108caf8310912f54af/sky130A/libs.ref/sky130_fd_sc_hd/lib/sky130_fd_sc_hd__tt_025C_1v80.lib;
    stat -liberty /home/bharathw/.ciel/ciel/sky130/versions/0fe599b2afb6708d281543108caf8310912f54af/sky130A/libs.ref/sky130_fd_sc_hd/lib/sky130_fd_sc_hd__tt_025C_1v80.lib;
    rename -top array
    write_verilog gate_level.v
' --

1. Executing Verilog-2005 frontend: results/sv2v_output.v
Parsing Verilog input from `results/sv2v_output.v' to AST representation.
Generating RTLIL representation for module `\pe'.
Generating RTLIL representation for module `\pe_col'.
Generating RTLIL representation for module `\array'.
Successfully finished Verilog frontend.
Parameter \ROWS = 4
Parameter \COLS = 4
Parameter \DATA_WIDTH = 8
Parameter \ACC_WIDTH = 32

2. Executing AST frontend in derive mode using pre-parsed AST for module `\array'.
Parameter \ROWS = 4
Parameter \COLS = 4
Parameter \DATA_WIDTH = 8
Parameter \ACC_WIDTH = 32
Generating RTLIL representation for module `$paramod$0b7bb3c04fde3d6a7ce93ab947875dc9f142c9b5\array'.

3. Executing SYNTH pass.

3.1. Executing HIERARCHY pass (managing design hierarchy).

3.1.1. Analyzing design hierarchy..
Top module:  \array
Used module:     \pe_col
Used module:         \pe
Parameter \DATA_WIDTH = 8
Parameter \ACC_WIDTH = 32

3.1.2. Executing AST frontend in derive mode using pre-parsed AST for module `\pe'.
Parameter \DATA_WIDTH = 8
Parameter \ACC_WIDTH = 32
Generating RTLIL representation for module `$paramod$8392c0aee371eac30cfcd917af9a6c37ac869d3e\pe'.
Parameter \DATA_WIDTH = 8
Parameter \ACC_WIDTH = 32
Found cached RTLIL representation for module `$paramod$8392c0aee371eac30cfcd917af9a6c37ac869d3e\pe'.
Parameter \DATA_WIDTH = 8
Parameter \ACC_WIDTH = 32
Found cached RTLIL representation for module `$paramod$8392c0aee371eac30cfcd917af9a6c37ac869d3e\pe'.
Parameter \DATA_WIDTH = 8
Parameter \ACC_WIDTH = 32
Found cached RTLIL representation for module `$paramod$8392c0aee371eac30cfcd917af9a6c37ac869d3e\pe'.
Parameter \DATA_WIDTH = 8
Parameter \ACC_WIDTH = 32
Found cached RTLIL representation for module `$paramod$8392c0aee371eac30cfcd917af9a6c37ac869d3e\pe'.
Parameter \DATA_WIDTH = 8
Parameter \ACC_WIDTH = 32
Found cached RTLIL representation for module `$paramod$8392c0aee371eac30cfcd917af9a6c37ac869d3e\pe'.
Parameter \DATA_WIDTH = 8
Parameter \ACC_WIDTH = 32
Found cached RTLIL representation for module `$paramod$8392c0aee371eac30cfcd917af9a6c37ac869d3e\pe'.
Parameter \DATA_WIDTH = 8
Parameter \ACC_WIDTH = 32
Found cached RTLIL representation for module `$paramod$8392c0aee371eac30cfcd917af9a6c37ac869d3e\pe'.
Parameter \DATA_WIDTH = 8
Parameter \ACC_WIDTH = 32
Found cached RTLIL representation for module `$paramod$8392c0aee371eac30cfcd917af9a6c37ac869d3e\pe'.
Parameter \DATA_WIDTH = 8
Parameter \ACC_WIDTH = 32
Found cached RTLIL representation for module `$paramod$8392c0aee371eac30cfcd917af9a6c37ac869d3e\pe'.
Parameter \DATA_WIDTH = 8
Parameter \ACC_WIDTH = 32
Found cached RTLIL representation for module `$paramod$8392c0aee371eac30cfcd917af9a6c37ac869d3e\pe'.
Parameter \DATA_WIDTH = 8
Parameter \ACC_WIDTH = 32
Found cached RTLIL representation for module `$paramod$8392c0aee371eac30cfcd917af9a6c37ac869d3e\pe'.
Parameter \DATA_WIDTH = 8
Parameter \ACC_WIDTH = 32
Found cached RTLIL representation for module `$paramod$8392c0aee371eac30cfcd917af9a6c37ac869d3e\pe'.
Parameter \DATA_WIDTH = 8
Parameter \ACC_WIDTH = 32
Found cached RTLIL representation for module `$paramod$8392c0aee371eac30cfcd917af9a6c37ac869d3e\pe'.
Parameter \DATA_WIDTH = 8
Parameter \ACC_WIDTH = 32
Found cached RTLIL representation for module `$paramod$8392c0aee371eac30cfcd917af9a6c37ac869d3e\pe'.
Parameter \DATA_WIDTH = 8
Parameter \ACC_WIDTH = 32
Found cached RTLIL representation for module `$paramod$8392c0aee371eac30cfcd917af9a6c37ac869d3e\pe'.
Reprocessing module pe_col because instantiated module $paramod$8392c0aee371eac30cfcd917af9a6c37ac869d3e\pe has become available.
Generating RTLIL representation for module `\pe_col'.
Parameter \ROWS = 4
Parameter \DATA_WIDTH = 8
Parameter \ACC_WIDTH = 32

3.1.3. Executing AST frontend in derive mode using pre-parsed AST for module `\pe_col'.
Parameter \ROWS = 4
Parameter \DATA_WIDTH = 8
Parameter \ACC_WIDTH = 32
Generating RTLIL representation for module `$paramod$f54540ad7336d5de696d02d68f5bbafae082e6af\pe_col'.
Parameter \ROWS = 4
Parameter \DATA_WIDTH = 8
Parameter \ACC_WIDTH = 32
Found cached RTLIL representation for module `$paramod$f54540ad7336d5de696d02d68f5bbafae082e6af\pe_col'.
Parameter \ROWS = 4
Parameter \DATA_WIDTH = 8
Parameter \ACC_WIDTH = 32
Found cached RTLIL representation for module `$paramod$f54540ad7336d5de696d02d68f5bbafae082e6af\pe_col'.
Parameter \ROWS = 4
Parameter \DATA_WIDTH = 8
Parameter \ACC_WIDTH = 32
Found cached RTLIL representation for module `$paramod$f54540ad7336d5de696d02d68f5bbafae082e6af\pe_col'.
Reprocessing module array because instantiated module $paramod$f54540ad7336d5de696d02d68f5bbafae082e6af\pe_col has become available.
Generating RTLIL representation for module `$paramod$0b7bb3c04fde3d6a7ce93ab947875dc9f142c9b5\array'.

3.1.4. Analyzing design hierarchy..
Top module:  $paramod$0b7bb3c04fde3d6a7ce93ab947875dc9f142c9b5\array
Used module:     \pe_col
Used module:         \pe
Parameter \DATA_WIDTH = 8
Parameter \ACC_WIDTH = 32
Found cached RTLIL representation for module `$paramod$8392c0aee371eac30cfcd917af9a6c37ac869d3e\pe'.
Parameter \DATA_WIDTH = 8
Parameter \ACC_WIDTH = 32
Found cached RTLIL representation for module `$paramod$8392c0aee371eac30cfcd917af9a6c37ac869d3e\pe'.
Parameter \DATA_WIDTH = 8
Parameter \ACC_WIDTH = 32
Found cached RTLIL representation for module `$paramod$8392c0aee371eac30cfcd917af9a6c37ac869d3e\pe'.
Parameter \DATA_WIDTH = 8
Parameter \ACC_WIDTH = 32
Found cached RTLIL representation for module `$paramod$8392c0aee371eac30cfcd917af9a6c37ac869d3e\pe'.
Parameter \DATA_WIDTH = 8
Parameter \ACC_WIDTH = 32
Found cached RTLIL representation for module `$paramod$8392c0aee371eac30cfcd917af9a6c37ac869d3e\pe'.
Parameter \DATA_WIDTH = 8
Parameter \ACC_WIDTH = 32
Found cached RTLIL representation for module `$paramod$8392c0aee371eac30cfcd917af9a6c37ac869d3e\pe'.
Parameter \DATA_WIDTH = 8
Parameter \ACC_WIDTH = 32
Found cached RTLIL representation for module `$paramod$8392c0aee371eac30cfcd917af9a6c37ac869d3e\pe'.
Parameter \DATA_WIDTH = 8
Parameter \ACC_WIDTH = 32
Found cached RTLIL representation for module `$paramod$8392c0aee371eac30cfcd917af9a6c37ac869d3e\pe'.
Parameter \DATA_WIDTH = 8
Parameter \ACC_WIDTH = 32
Found cached RTLIL representation for module `$paramod$8392c0aee371eac30cfcd917af9a6c37ac869d3e\pe'.
Parameter \DATA_WIDTH = 8
Parameter \ACC_WIDTH = 32
Found cached RTLIL representation for module `$paramod$8392c0aee371eac30cfcd917af9a6c37ac869d3e\pe'.
Parameter \DATA_WIDTH = 8
Parameter \ACC_WIDTH = 32
Found cached RTLIL representation for module `$paramod$8392c0aee371eac30cfcd917af9a6c37ac869d3e\pe'.
Parameter \DATA_WIDTH = 8
Parameter \ACC_WIDTH = 32
Found cached RTLIL representation for module `$paramod$8392c0aee371eac30cfcd917af9a6c37ac869d3e\pe'.
Parameter \DATA_WIDTH = 8
Parameter \ACC_WIDTH = 32
Found cached RTLIL representation for module `$paramod$8392c0aee371eac30cfcd917af9a6c37ac869d3e\pe'.
Parameter \DATA_WIDTH = 8
Parameter \ACC_WIDTH = 32
Found cached RTLIL representation for module `$paramod$8392c0aee371eac30cfcd917af9a6c37ac869d3e\pe'.
Parameter \DATA_WIDTH = 8
Parameter \ACC_WIDTH = 32
Found cached RTLIL representation for module `$paramod$8392c0aee371eac30cfcd917af9a6c37ac869d3e\pe'.
Parameter \DATA_WIDTH = 8
Parameter \ACC_WIDTH = 32
Found cached RTLIL representation for module `$paramod$8392c0aee371eac30cfcd917af9a6c37ac869d3e\pe'.
Parameter \ROWS = 4
Parameter \DATA_WIDTH = 8
Parameter \ACC_WIDTH = 32
Found cached RTLIL representation for module `$paramod$f54540ad7336d5de696d02d68f5bbafae082e6af\pe_col'.
Parameter \ROWS = 4
Parameter \DATA_WIDTH = 8
Parameter \ACC_WIDTH = 32
Found cached RTLIL representation for module `$paramod$f54540ad7336d5de696d02d68f5bbafae082e6af\pe_col'.
Parameter \ROWS = 4
Parameter \DATA_WIDTH = 8
Parameter \ACC_WIDTH = 32
Found cached RTLIL representation for module `$paramod$f54540ad7336d5de696d02d68f5bbafae082e6af\pe_col'.
Parameter \ROWS = 4
Parameter \DATA_WIDTH = 8
Parameter \ACC_WIDTH = 32
Found cached RTLIL representation for module `$paramod$f54540ad7336d5de696d02d68f5bbafae082e6af\pe_col'.

3.1.5. Analyzing design hierarchy..
Top module:  $paramod$0b7bb3c04fde3d6a7ce93ab947875dc9f142c9b5\array
Used module:     $paramod$f54540ad7336d5de696d02d68f5bbafae082e6af\pe_col
Used module:         \pe
Parameter \DATA_WIDTH = 8
Parameter \ACC_WIDTH = 32
Found cached RTLIL representation for module `$paramod$8392c0aee371eac30cfcd917af9a6c37ac869d3e\pe'.
Parameter \DATA_WIDTH = 8
Parameter \ACC_WIDTH = 32
Found cached RTLIL representation for module `$paramod$8392c0aee371eac30cfcd917af9a6c37ac869d3e\pe'.
Parameter \DATA_WIDTH = 8
Parameter \ACC_WIDTH = 32
Found cached RTLIL representation for module `$paramod$8392c0aee371eac30cfcd917af9a6c37ac869d3e\pe'.
Parameter \DATA_WIDTH = 8
Parameter \ACC_WIDTH = 32
Found cached RTLIL representation for module `$paramod$8392c0aee371eac30cfcd917af9a6c37ac869d3e\pe'.

3.1.6. Analyzing design hierarchy..
Top module:  $paramod$0b7bb3c04fde3d6a7ce93ab947875dc9f142c9b5\array
Used module:     $paramod$f54540ad7336d5de696d02d68f5bbafae082e6af\pe_col
Used module:         $paramod$8392c0aee371eac30cfcd917af9a6c37ac869d3e\pe

3.1.7. Analyzing design hierarchy..
Top module:  $paramod$0b7bb3c04fde3d6a7ce93ab947875dc9f142c9b5\array
Used module:     $paramod$f54540ad7336d5de696d02d68f5bbafae082e6af\pe_col
Used module:         $paramod$8392c0aee371eac30cfcd917af9a6c37ac869d3e\pe
Removing unused module `\pe_col'.
Removing unused module `\pe'.
Removed 2 unused modules.

3.2. Executing PROC pass (convert processes to netlists).

3.2.1. Executing PROC_CLEAN pass (remove empty switches from decision trees).
Cleaned up 0 empty switches.

3.2.2. Executing PROC_RMDEAD pass (remove dead branches from decision trees).
Marked 2 switch rules as full_case in process $proc$results/sv2v_output.v:22$299 in module $paramod$8392c0aee371eac30cfcd917af9a6c37ac869d3e\pe.
Removed a total of 0 dead cases.

3.2.3. Executing PROC_PRUNE pass (remove redundant assignments in processes).
Removed 2 redundant assignments.
Promoted 25 assignments to connections.

3.2.4. Executing PROC_INIT pass (extract init attributes).

3.2.5. Executing PROC_ARST pass (detect async resets in processes).
Found async reset \rst_n in `$paramod$8392c0aee371eac30cfcd917af9a6c37ac869d3e\pe.$proc$results/sv2v_output.v:22$299'.

3.2.6. Executing PROC_ROM pass (convert switches to ROMs).
Converted 0 switches.
<suppressed ~1 debug messages>

3.2.7. Executing PROC_MUX pass (convert decision trees to multiplexers).
Creating decoders for process `$paramod$f54540ad7336d5de696d02d68f5bbafae082e6af\pe_col.$proc$results/sv2v_output.v:73$403'.
Creating decoders for process `$paramod$f54540ad7336d5de696d02d68f5bbafae082e6af\pe_col.$proc$results/sv2v_output.v:73$402'.
Creating decoders for process `$paramod$f54540ad7336d5de696d02d68f5bbafae082e6af\pe_col.$proc$results/sv2v_output.v:73$401'.
Creating decoders for process `$paramod$f54540ad7336d5de696d02d68f5bbafae082e6af\pe_col.$proc$results/sv2v_output.v:73$400'.
Creating decoders for process `$paramod$f54540ad7336d5de696d02d68f5bbafae082e6af\pe_col.$proc$results/sv2v_output.v:58$399'.
Creating decoders for process `$paramod$8392c0aee371eac30cfcd917af9a6c37ac869d3e\pe.$proc$results/sv2v_output.v:22$299'.
     1/3: $0\data_out[7:0]
     2/3: $0\acc_out[31:0]
     3/3: $0\weight_r[7:0]
Creating decoders for process `$paramod$0b7bb3c04fde3d6a7ce93ab947875dc9f142c9b5\array.$proc$results/sv2v_output.v:118$435'.
Creating decoders for process `$paramod$0b7bb3c04fde3d6a7ce93ab947875dc9f142c9b5\array.$proc$results/sv2v_output.v:118$434'.
Creating decoders for process `$paramod$0b7bb3c04fde3d6a7ce93ab947875dc9f142c9b5\array.$proc$results/sv2v_output.v:118$433'.
Creating decoders for process `$paramod$0b7bb3c04fde3d6a7ce93ab947875dc9f142c9b5\array.$proc$results/sv2v_output.v:118$432'.
Creating decoders for process `$paramod$0b7bb3c04fde3d6a7ce93ab947875dc9f142c9b5\array.$proc$results/sv2v_output.v:118$431'.
Creating decoders for process `$paramod$0b7bb3c04fde3d6a7ce93ab947875dc9f142c9b5\array.$proc$results/sv2v_output.v:118$430'.
Creating decoders for process `$paramod$0b7bb3c04fde3d6a7ce93ab947875dc9f142c9b5\array.$proc$results/sv2v_output.v:118$429'.
Creating decoders for process `$paramod$0b7bb3c04fde3d6a7ce93ab947875dc9f142c9b5\array.$proc$results/sv2v_output.v:118$428'.
Creating decoders for process `$paramod$0b7bb3c04fde3d6a7ce93ab947875dc9f142c9b5\array.$proc$results/sv2v_output.v:118$427'.
Creating decoders for process `$paramod$0b7bb3c04fde3d6a7ce93ab947875dc9f142c9b5\array.$proc$results/sv2v_output.v:118$426'.
Creating decoders for process `$paramod$0b7bb3c04fde3d6a7ce93ab947875dc9f142c9b5\array.$proc$results/sv2v_output.v:118$425'.
Creating decoders for process `$paramod$0b7bb3c04fde3d6a7ce93ab947875dc9f142c9b5\array.$proc$results/sv2v_output.v:118$424'.
Creating decoders for process `$paramod$0b7bb3c04fde3d6a7ce93ab947875dc9f142c9b5\array.$proc$results/sv2v_output.v:118$423'.
Creating decoders for process `$paramod$0b7bb3c04fde3d6a7ce93ab947875dc9f142c9b5\array.$proc$results/sv2v_output.v:118$422'.
Creating decoders for process `$paramod$0b7bb3c04fde3d6a7ce93ab947875dc9f142c9b5\array.$proc$results/sv2v_output.v:118$421'.
Creating decoders for process `$paramod$0b7bb3c04fde3d6a7ce93ab947875dc9f142c9b5\array.$proc$results/sv2v_output.v:118$420'.
Creating decoders for process `$paramod$0b7bb3c04fde3d6a7ce93ab947875dc9f142c9b5\array.$proc$results/sv2v_output.v:104$419'.
Creating decoders for process `$paramod$0b7bb3c04fde3d6a7ce93ab947875dc9f142c9b5\array.$proc$results/sv2v_output.v:104$418'.
Creating decoders for process `$paramod$0b7bb3c04fde3d6a7ce93ab947875dc9f142c9b5\array.$proc$results/sv2v_output.v:104$417'.
Creating decoders for process `$paramod$0b7bb3c04fde3d6a7ce93ab947875dc9f142c9b5\array.$proc$results/sv2v_output.v:104$416'.

3.2.8. Executing PROC_DLATCH pass (convert process syncs to latches).
No latch inferred for signal `$paramod$f54540ad7336d5de696d02d68f5bbafae082e6af\pe_col.\acc_wire[4]' from process `$paramod$f54540ad7336d5de696d02d68f5bbafae082e6af\pe_col.$proc$results/sv2v_output.v:73$403'.
No latch inferred for signal `$paramod$f54540ad7336d5de696d02d68f5bbafae082e6af\pe_col.\acc_wire[3]' from process `$paramod$f54540ad7336d5de696d02d68f5bbafae082e6af\pe_col.$proc$results/sv2v_output.v:73$402'.
No latch inferred for signal `$paramod$f54540ad7336d5de696d02d68f5bbafae082e6af\pe_col.\acc_wire[2]' from process `$paramod$f54540ad7336d5de696d02d68f5bbafae082e6af\pe_col.$proc$results/sv2v_output.v:73$401'.
No latch inferred for signal `$paramod$f54540ad7336d5de696d02d68f5bbafae082e6af\pe_col.\acc_wire[1]' from process `$paramod$f54540ad7336d5de696d02d68f5bbafae082e6af\pe_col.$proc$results/sv2v_output.v:73$400'.
No latch inferred for signal `$paramod$f54540ad7336d5de696d02d68f5bbafae082e6af\pe_col.\acc_wire[0]' from process `$paramod$f54540ad7336d5de696d02d68f5bbafae082e6af\pe_col.$proc$results/sv2v_output.v:58$399'.
No latch inferred for signal `$paramod$0b7bb3c04fde3d6a7ce93ab947875dc9f142c9b5\array.\data_wire[19]' from process `$paramod$0b7bb3c04fde3d6a7ce93ab947875dc9f142c9b5\array.$proc$results/sv2v_output.v:118$435'.
No latch inferred for signal `$paramod$0b7bb3c04fde3d6a7ce93ab947875dc9f142c9b5\array.\data_wire[18]' from process `$paramod$0b7bb3c04fde3d6a7ce93ab947875dc9f142c9b5\array.$proc$results/sv2v_output.v:118$434'.
No latch inferred for signal `$paramod$0b7bb3c04fde3d6a7ce93ab947875dc9f142c9b5\array.\data_wire[17]' from process `$paramod$0b7bb3c04fde3d6a7ce93ab947875dc9f142c9b5\array.$proc$results/sv2v_output.v:118$433'.
No latch inferred for signal `$paramod$0b7bb3c04fde3d6a7ce93ab947875dc9f142c9b5\array.\data_wire[16]' from process `$paramod$0b7bb3c04fde3d6a7ce93ab947875dc9f142c9b5\array.$proc$results/sv2v_output.v:118$432'.
No latch inferred for signal `$paramod$0b7bb3c04fde3d6a7ce93ab947875dc9f142c9b5\array.\data_wire[15]' from process `$paramod$0b7bb3c04fde3d6a7ce93ab947875dc9f142c9b5\array.$proc$results/sv2v_output.v:118$431'.
No latch inferred for signal `$paramod$0b7bb3c04fde3d6a7ce93ab947875dc9f142c9b5\array.\data_wire[14]' from process `$paramod$0b7bb3c04fde3d6a7ce93ab947875dc9f142c9b5\array.$proc$results/sv2v_output.v:118$430'.
No latch inferred for signal `$paramod$0b7bb3c04fde3d6a7ce93ab947875dc9f142c9b5\array.\data_wire[13]' from process `$paramod$0b7bb3c04fde3d6a7ce93ab947875dc9f142c9b5\array.$proc$results/sv2v_output.v:118$429'.
No latch inferred for signal `$paramod$0b7bb3c04fde3d6a7ce93ab947875dc9f142c9b5\array.\data_wire[12]' from process `$paramod$0b7bb3c04fde3d6a7ce93ab947875dc9f142c9b5\array.$proc$results/sv2v_output.v:118$428'.
No latch inferred for signal `$paramod$0b7bb3c04fde3d6a7ce93ab947875dc9f142c9b5\array.\data_wire[11]' from process `$paramod$0b7bb3c04fde3d6a7ce93ab947875dc9f142c9b5\array.$proc$results/sv2v_output.v:118$427'.
No latch inferred for signal `$paramod$0b7bb3c04fde3d6a7ce93ab947875dc9f142c9b5\array.\data_wire[10]' from process `$paramod$0b7bb3c04fde3d6a7ce93ab947875dc9f142c9b5\array.$proc$results/sv2v_output.v:118$426'.
No latch inferred for signal `$paramod$0b7bb3c04fde3d6a7ce93ab947875dc9f142c9b5\array.\data_wire[9]' from process `$paramod$0b7bb3c04fde3d6a7ce93ab947875dc9f142c9b5\array.$proc$results/sv2v_output.v:118$425'.
No latch inferred for signal `$paramod$0b7bb3c04fde3d6a7ce93ab947875dc9f142c9b5\array.\data_wire[8]' from process `$paramod$0b7bb3c04fde3d6a7ce93ab947875dc9f142c9b5\array.$proc$results/sv2v_output.v:118$424'.
No latch inferred for signal `$paramod$0b7bb3c04fde3d6a7ce93ab947875dc9f142c9b5\array.\data_wire[7]' from process `$paramod$0b7bb3c04fde3d6a7ce93ab947875dc9f142c9b5\array.$proc$results/sv2v_output.v:118$423'.
No latch inferred for signal `$paramod$0b7bb3c04fde3d6a7ce93ab947875dc9f142c9b5\array.\data_wire[6]' from process `$paramod$0b7bb3c04fde3d6a7ce93ab947875dc9f142c9b5\array.$proc$results/sv2v_output.v:118$422'.
No latch inferred for signal `$paramod$0b7bb3c04fde3d6a7ce93ab947875dc9f142c9b5\array.\data_wire[5]' from process `$paramod$0b7bb3c04fde3d6a7ce93ab947875dc9f142c9b5\array.$proc$results/sv2v_output.v:118$421'.
No latch inferred for signal `$paramod$0b7bb3c04fde3d6a7ce93ab947875dc9f142c9b5\array.\data_wire[4]' from process `$paramod$0b7bb3c04fde3d6a7ce93ab947875dc9f142c9b5\array.$proc$results/sv2v_output.v:118$420'.
No latch inferred for signal `$paramod$0b7bb3c04fde3d6a7ce93ab947875dc9f142c9b5\array.\data_wire[3]' from process `$paramod$0b7bb3c04fde3d6a7ce93ab947875dc9f142c9b5\array.$proc$results/sv2v_output.v:104$419'.
No latch inferred for signal `$paramod$0b7bb3c04fde3d6a7ce93ab947875dc9f142c9b5\array.\data_wire[2]' from process `$paramod$0b7bb3c04fde3d6a7ce93ab947875dc9f142c9b5\array.$proc$results/sv2v_output.v:104$418'.
No latch inferred for signal `$paramod$0b7bb3c04fde3d6a7ce93ab947875dc9f142c9b5\array.\data_wire[1]' from process `$paramod$0b7bb3c04fde3d6a7ce93ab947875dc9f142c9b5\array.$proc$results/sv2v_output.v:104$417'.
No latch inferred for signal `$paramod$0b7bb3c04fde3d6a7ce93ab947875dc9f142c9b5\array.\data_wire[0]' from process `$paramod$0b7bb3c04fde3d6a7ce93ab947875dc9f142c9b5\array.$proc$results/sv2v_output.v:104$416'.

3.2.9. Executing PROC_DFF pass (convert process syncs to FFs).
Creating register for signal `$paramod$8392c0aee371eac30cfcd917af9a6c37ac869d3e\pe.\data_out' using process `$paramod$8392c0aee371eac30cfcd917af9a6c37ac869d3e\pe.$proc$results/sv2v_output.v:22$299'.
  created $adff cell `$procdff$449' with positive edge clock and positive level reset.
Creating register for signal `$paramod$8392c0aee371eac30cfcd917af9a6c37ac869d3e\pe.\acc_out' using process `$paramod$8392c0aee371eac30cfcd917af9a6c37ac869d3e\pe.$proc$results/sv2v_output.v:22$299'.
  created $adff cell `$procdff$454' with positive edge clock and positive level reset.
Creating register for signal `$paramod$8392c0aee371eac30cfcd917af9a6c37ac869d3e\pe.\weight_r' using process `$paramod$8392c0aee371eac30cfcd917af9a6c37ac869d3e\pe.$proc$results/sv2v_output.v:22$299'.
  created $adff cell `$procdff$459' with positive edge clock and positive level reset.

3.2.10. Executing PROC_MEMWR pass (convert process memory writes to cells).

3.2.11. Executing PROC_CLEAN pass (remove empty switches from decision trees).
Removing empty process `$paramod$f54540ad7336d5de696d02d68f5bbafae082e6af\pe_col.$proc$results/sv2v_output.v:73$403'.
Removing empty process `$paramod$f54540ad7336d5de696d02d68f5bbafae082e6af\pe_col.$proc$results/sv2v_output.v:73$402'.
Removing empty process `$paramod$f54540ad7336d5de696d02d68f5bbafae082e6af\pe_col.$proc$results/sv2v_output.v:73$401'.
Removing empty process `$paramod$f54540ad7336d5de696d02d68f5bbafae082e6af\pe_col.$proc$results/sv2v_output.v:73$400'.
Removing empty process `$paramod$f54540ad7336d5de696d02d68f5bbafae082e6af\pe_col.$proc$results/sv2v_output.v:58$399'.
Found and cleaned up 1 empty switch in `$paramod$8392c0aee371eac30cfcd917af9a6c37ac869d3e\pe.$proc$results/sv2v_output.v:22$299'.
Removing empty process `$paramod$8392c0aee371eac30cfcd917af9a6c37ac869d3e\pe.$proc$results/sv2v_output.v:22$299'.
Removing empty process `$paramod$0b7bb3c04fde3d6a7ce93ab947875dc9f142c9b5\array.$proc$results/sv2v_output.v:118$435'.
Removing empty process `$paramod$0b7bb3c04fde3d6a7ce93ab947875dc9f142c9b5\array.$proc$results/sv2v_output.v:118$434'.
Removing empty process `$paramod$0b7bb3c04fde3d6a7ce93ab947875dc9f142c9b5\array.$proc$results/sv2v_output.v:118$433'.
Removing empty process `$paramod$0b7bb3c04fde3d6a7ce93ab947875dc9f142c9b5\array.$proc$results/sv2v_output.v:118$432'.
Removing empty process `$paramod$0b7bb3c04fde3d6a7ce93ab947875dc9f142c9b5\array.$proc$results/sv2v_output.v:118$431'.
Removing empty process `$paramod$0b7bb3c04fde3d6a7ce93ab947875dc9f142c9b5\array.$proc$results/sv2v_output.v:118$430'.
Removing empty process `$paramod$0b7bb3c04fde3d6a7ce93ab947875dc9f142c9b5\array.$proc$results/sv2v_output.v:118$429'.
Removing empty process `$paramod$0b7bb3c04fde3d6a7ce93ab947875dc9f142c9b5\array.$proc$results/sv2v_output.v:118$428'.
Removing empty process `$paramod$0b7bb3c04fde3d6a7ce93ab947875dc9f142c9b5\array.$proc$results/sv2v_output.v:118$427'.
Removing empty process `$paramod$0b7bb3c04fde3d6a7ce93ab947875dc9f142c9b5\array.$proc$results/sv2v_output.v:118$426'.
Removing empty process `$paramod$0b7bb3c04fde3d6a7ce93ab947875dc9f142c9b5\array.$proc$results/sv2v_output.v:118$425'.
Removing empty process `$paramod$0b7bb3c04fde3d6a7ce93ab947875dc9f142c9b5\array.$proc$results/sv2v_output.v:118$424'.
Removing empty process `$paramod$0b7bb3c04fde3d6a7ce93ab947875dc9f142c9b5\array.$proc$results/sv2v_output.v:118$423'.
Removing empty process `$paramod$0b7bb3c04fde3d6a7ce93ab947875dc9f142c9b5\array.$proc$results/sv2v_output.v:118$422'.
Removing empty process `$paramod$0b7bb3c04fde3d6a7ce93ab947875dc9f142c9b5\array.$proc$results/sv2v_output.v:118$421'.
Removing empty process `$paramod$0b7bb3c04fde3d6a7ce93ab947875dc9f142c9b5\array.$proc$results/sv2v_output.v:118$420'.
Removing empty process `$paramod$0b7bb3c04fde3d6a7ce93ab947875dc9f142c9b5\array.$proc$results/sv2v_output.v:104$419'.
Removing empty process `$paramod$0b7bb3c04fde3d6a7ce93ab947875dc9f142c9b5\array.$proc$results/sv2v_output.v:104$418'.
Removing empty process `$paramod$0b7bb3c04fde3d6a7ce93ab947875dc9f142c9b5\array.$proc$results/sv2v_output.v:104$417'.
Removing empty process `$paramod$0b7bb3c04fde3d6a7ce93ab947875dc9f142c9b5\array.$proc$results/sv2v_output.v:104$416'.
Cleaned up 1 empty switch.

3.2.12. Executing OPT_EXPR pass (perform const folding).
Optimizing module $paramod$f54540ad7336d5de696d02d68f5bbafae082e6af\pe_col.
Optimizing module $paramod$8392c0aee371eac30cfcd917af9a6c37ac869d3e\pe.
<suppressed ~6 debug messages>
Optimizing module $paramod$0b7bb3c04fde3d6a7ce93ab947875dc9f142c9b5\array.

3.3. Executing OPT_EXPR pass (perform const folding).
Optimizing module $paramod$f54540ad7336d5de696d02d68f5bbafae082e6af\pe_col.
Optimizing module $paramod$8392c0aee371eac30cfcd917af9a6c37ac869d3e\pe.
Optimizing module $paramod$0b7bb3c04fde3d6a7ce93ab947875dc9f142c9b5\array.

3.4. Executing OPT_CLEAN pass (remove unused cells and wires).
Finding unused cells or wires in module $paramod$f54540ad7336d5de696d02d68f5bbafae082e6af\pe_col..
Finding unused cells or wires in module $paramod$8392c0aee371eac30cfcd917af9a6c37ac869d3e\pe..
Finding unused cells or wires in module $paramod$0b7bb3c04fde3d6a7ce93ab947875dc9f142c9b5\array..
Removed 4 unused cells and 67 unused wires.
<suppressed ~7 debug messages>

3.5. Executing CHECK pass (checking for obvious problems).
Checking module $paramod$f54540ad7336d5de696d02d68f5bbafae082e6af\pe_col...
Checking module $paramod$8392c0aee371eac30cfcd917af9a6c37ac869d3e\pe...
Checking module $paramod$0b7bb3c04fde3d6a7ce93ab947875dc9f142c9b5\array...
Found and reported 0 problems.

3.6. Executing OPT pass (performing simple optimizations).

3.6.1. Executing OPT_EXPR pass (perform const folding).
Optimizing module $paramod$f54540ad7336d5de696d02d68f5bbafae082e6af\pe_col.
Optimizing module $paramod$8392c0aee371eac30cfcd917af9a6c37ac869d3e\pe.
Optimizing module $paramod$0b7bb3c04fde3d6a7ce93ab947875dc9f142c9b5\array.

3.6.2. Executing OPT_MERGE pass (detect identical cells).
Finding identical cells in module `$paramod$f54540ad7336d5de696d02d68f5bbafae082e6af\pe_col'.
Computing hashes of 4 cells of `$paramod$f54540ad7336d5de696d02d68f5bbafae082e6af\pe_col'.
Finding duplicate cells in `$paramod$f54540ad7336d5de696d02d68f5bbafae082e6af\pe_col'.
Finding identical cells in module `$paramod$8392c0aee371eac30cfcd917af9a6c37ac869d3e\pe'.
Computing hashes of 8 cells of `$paramod$8392c0aee371eac30cfcd917af9a6c37ac869d3e\pe'.
Finding duplicate cells in `$paramod$8392c0aee371eac30cfcd917af9a6c37ac869d3e\pe'.
Finding identical cells in module `$paramod$0b7bb3c04fde3d6a7ce93ab947875dc9f142c9b5\array'.
Computing hashes of 4 cells of `$paramod$0b7bb3c04fde3d6a7ce93ab947875dc9f142c9b5\array'.
Finding duplicate cells in `$paramod$0b7bb3c04fde3d6a7ce93ab947875dc9f142c9b5\array'.
Removed a total of 0 cells.

3.6.3. Executing OPT_MUXTREE pass (detect dead branches in mux trees).
Running muxtree optimizer on module $paramod$f54540ad7336d5de696d02d68f5bbafae082e6af\pe_col..
  Creating internal representation of mux trees.
  No muxes found in this module.
Running muxtree optimizer on module $paramod$8392c0aee371eac30cfcd917af9a6c37ac869d3e\pe..
  Creating internal representation of mux trees.
  Evaluating internal representation of mux trees.
  Analyzing evaluation results.
Running muxtree optimizer on module $paramod$0b7bb3c04fde3d6a7ce93ab947875dc9f142c9b5\array..
  Creating internal representation of mux trees.
  No muxes found in this module.
Removed 0 multiplexer ports.
<suppressed ~6 debug messages>

3.6.4. Executing OPT_REDUCE pass (consolidate $*mux and $reduce_* inputs).
  Optimizing cells in module $paramod$f54540ad7336d5de696d02d68f5bbafae082e6af\pe_col.
  Optimizing cells in module $paramod$8392c0aee371eac30cfcd917af9a6c37ac869d3e\pe.
  Optimizing cells in module $paramod$0b7bb3c04fde3d6a7ce93ab947875dc9f142c9b5\array.
Performed a total of 0 changes.

3.6.5. Executing OPT_MERGE pass (detect identical cells).
Finding identical cells in module `$paramod$f54540ad7336d5de696d02d68f5bbafae082e6af\pe_col'.
Computing hashes of 4 cells of `$paramod$f54540ad7336d5de696d02d68f5bbafae082e6af\pe_col'.
Finding duplicate cells in `$paramod$f54540ad7336d5de696d02d68f5bbafae082e6af\pe_col'.
Finding identical cells in module `$paramod$8392c0aee371eac30cfcd917af9a6c37ac869d3e\pe'.
Computing hashes of 8 cells of `$paramod$8392c0aee371eac30cfcd917af9a6c37ac869d3e\pe'.
Finding duplicate cells in `$paramod$8392c0aee371eac30cfcd917af9a6c37ac869d3e\pe'.
Finding identical cells in module `$paramod$0b7bb3c04fde3d6a7ce93ab947875dc9f142c9b5\array'.
Computing hashes of 4 cells of `$paramod$0b7bb3c04fde3d6a7ce93ab947875dc9f142c9b5\array'.
Finding duplicate cells in `$paramod$0b7bb3c04fde3d6a7ce93ab947875dc9f142c9b5\array'.
Removed a total of 0 cells.

3.6.6. Executing OPT_DFF pass (perform DFF optimizations).

3.6.7. Executing OPT_CLEAN pass (remove unused cells and wires).
Finding unused cells or wires in module $paramod$f54540ad7336d5de696d02d68f5bbafae082e6af\pe_col..
Finding unused cells or wires in module $paramod$8392c0aee371eac30cfcd917af9a6c37ac869d3e\pe..
Finding unused cells or wires in module $paramod$0b7bb3c04fde3d6a7ce93ab947875dc9f142c9b5\array..

3.6.8. Executing OPT_EXPR pass (perform const folding).
Optimizing module $paramod$f54540ad7336d5de696d02d68f5bbafae082e6af\pe_col.
Optimizing module $paramod$8392c0aee371eac30cfcd917af9a6c37ac869d3e\pe.
Optimizing module $paramod$0b7bb3c04fde3d6a7ce93ab947875dc9f142c9b5\array.

3.6.9. Finished fast OPT passes. (There is nothing left to do.)

3.7. Executing FSM pass (extract and optimize FSM).

3.7.1. Executing FSM_DETECT pass (finding FSMs in design).

3.7.2. Executing FSM_EXTRACT pass (extracting FSM from design).

3.7.3. Executing FSM_OPT pass (simple optimizations of FSMs).

3.7.4. Executing OPT_CLEAN pass (remove unused cells and wires).
Finding unused cells or wires in module $paramod$f54540ad7336d5de696d02d68f5bbafae082e6af\pe_col..
Finding unused cells or wires in module $paramod$8392c0aee371eac30cfcd917af9a6c37ac869d3e\pe..
Finding unused cells or wires in module $paramod$0b7bb3c04fde3d6a7ce93ab947875dc9f142c9b5\array..

3.7.5. Executing FSM_OPT pass (simple optimizations of FSMs).

3.7.6. Executing FSM_RECODE pass (re-assigning FSM state encoding).

3.7.7. Executing FSM_INFO pass (dumping all available information on FSM cells).

3.7.8. Executing FSM_MAP pass (mapping FSMs to basic logic).

3.8. Executing OPT pass (performing simple optimizations).

3.8.1. Executing OPT_EXPR pass (perform const folding).
Optimizing module $paramod$f54540ad7336d5de696d02d68f5bbafae082e6af\pe_col.
Optimizing module $paramod$8392c0aee371eac30cfcd917af9a6c37ac869d3e\pe.
Optimizing module $paramod$0b7bb3c04fde3d6a7ce93ab947875dc9f142c9b5\array.

3.8.2. Executing OPT_MERGE pass (detect identical cells).
Finding identical cells in module `$paramod$f54540ad7336d5de696d02d68f5bbafae082e6af\pe_col'.
Computing hashes of 4 cells of `$paramod$f54540ad7336d5de696d02d68f5bbafae082e6af\pe_col'.
Finding duplicate cells in `$paramod$f54540ad7336d5de696d02d68f5bbafae082e6af\pe_col'.
Finding identical cells in module `$paramod$8392c0aee371eac30cfcd917af9a6c37ac869d3e\pe'.
Computing hashes of 8 cells of `$paramod$8392c0aee371eac30cfcd917af9a6c37ac869d3e\pe'.
Finding duplicate cells in `$paramod$8392c0aee371eac30cfcd917af9a6c37ac869d3e\pe'.
Finding identical cells in module `$paramod$0b7bb3c04fde3d6a7ce93ab947875dc9f142c9b5\array'.
Computing hashes of 4 cells of `$paramod$0b7bb3c04fde3d6a7ce93ab947875dc9f142c9b5\array'.
Finding duplicate cells in `$paramod$0b7bb3c04fde3d6a7ce93ab947875dc9f142c9b5\array'.
Removed a total of 0 cells.

3.8.3. Executing OPT_MUXTREE pass (detect dead branches in mux trees).
Running muxtree optimizer on module $paramod$f54540ad7336d5de696d02d68f5bbafae082e6af\pe_col..
  Creating internal representation of mux trees.
  No muxes found in this module.
Running muxtree optimizer on module $paramod$8392c0aee371eac30cfcd917af9a6c37ac869d3e\pe..
  Creating internal representation of mux trees.
  Evaluating internal representation of mux trees.
  Analyzing evaluation results.
Running muxtree optimizer on module $paramod$0b7bb3c04fde3d6a7ce93ab947875dc9f142c9b5\array..
  Creating internal representation of mux trees.
  No muxes found in this module.
Removed 0 multiplexer ports.
<suppressed ~6 debug messages>

3.8.4. Executing OPT_REDUCE pass (consolidate $*mux and $reduce_* inputs).
  Optimizing cells in module $paramod$f54540ad7336d5de696d02d68f5bbafae082e6af\pe_col.
  Optimizing cells in module $paramod$8392c0aee371eac30cfcd917af9a6c37ac869d3e\pe.
  Optimizing cells in module $paramod$0b7bb3c04fde3d6a7ce93ab947875dc9f142c9b5\array.
Performed a total of 0 changes.

3.8.5. Executing OPT_MERGE pass (detect identical cells).
Finding identical cells in module `$paramod$f54540ad7336d5de696d02d68f5bbafae082e6af\pe_col'.
Computing hashes of 4 cells of `$paramod$f54540ad7336d5de696d02d68f5bbafae082e6af\pe_col'.
Finding duplicate cells in `$paramod$f54540ad7336d5de696d02d68f5bbafae082e6af\pe_col'.
Finding identical cells in module `$paramod$8392c0aee371eac30cfcd917af9a6c37ac869d3e\pe'.
Computing hashes of 8 cells of `$paramod$8392c0aee371eac30cfcd917af9a6c37ac869d3e\pe'.
Finding duplicate cells in `$paramod$8392c0aee371eac30cfcd917af9a6c37ac869d3e\pe'.
Finding identical cells in module `$paramod$0b7bb3c04fde3d6a7ce93ab947875dc9f142c9b5\array'.
Computing hashes of 4 cells of `$paramod$0b7bb3c04fde3d6a7ce93ab947875dc9f142c9b5\array'.
Finding duplicate cells in `$paramod$0b7bb3c04fde3d6a7ce93ab947875dc9f142c9b5\array'.
Removed a total of 0 cells.

3.8.6. Executing OPT_DFF pass (perform DFF optimizations).
Adding EN signal on $procdff$459 ($adff) from module $paramod$8392c0aee371eac30cfcd917af9a6c37ac869d3e\pe (D = \acc_in [7:0], Q = \weight_r).

3.8.7. Executing OPT_CLEAN pass (remove unused cells and wires).
Finding unused cells or wires in module $paramod$f54540ad7336d5de696d02d68f5bbafae082e6af\pe_col..
Finding unused cells or wires in module $paramod$8392c0aee371eac30cfcd917af9a6c37ac869d3e\pe..
Finding unused cells or wires in module $paramod$0b7bb3c04fde3d6a7ce93ab947875dc9f142c9b5\array..
Removed 1 unused cells and 1 unused wires.
<suppressed ~2 debug messages>

3.8.8. Executing OPT_EXPR pass (perform const folding).
Optimizing module $paramod$f54540ad7336d5de696d02d68f5bbafae082e6af\pe_col.
Optimizing module $paramod$8392c0aee371eac30cfcd917af9a6c37ac869d3e\pe.
Optimizing module $paramod$0b7bb3c04fde3d6a7ce93ab947875dc9f142c9b5\array.

3.8.9. Rerunning OPT passes. (Maybe there is more to do..)

3.8.10. Executing OPT_MUXTREE pass (detect dead branches in mux trees).
Running muxtree optimizer on module $paramod$f54540ad7336d5de696d02d68f5bbafae082e6af\pe_col..
  Creating internal representation of mux trees.
  No muxes found in this module.
Running muxtree optimizer on module $paramod$8392c0aee371eac30cfcd917af9a6c37ac869d3e\pe..
  Creating internal representation of mux trees.
  Evaluating internal representation of mux trees.
  Analyzing evaluation results.
Running muxtree optimizer on module $paramod$0b7bb3c04fde3d6a7ce93ab947875dc9f142c9b5\array..
  Creating internal representation of mux trees.
  No muxes found in this module.
Removed 0 multiplexer ports.
<suppressed ~4 debug messages>

3.8.11. Executing OPT_REDUCE pass (consolidate $*mux and $reduce_* inputs).
  Optimizing cells in module $paramod$f54540ad7336d5de696d02d68f5bbafae082e6af\pe_col.
  Optimizing cells in module $paramod$8392c0aee371eac30cfcd917af9a6c37ac869d3e\pe.
  Optimizing cells in module $paramod$0b7bb3c04fde3d6a7ce93ab947875dc9f142c9b5\array.
Performed a total of 0 changes.

3.8.12. Executing OPT_MERGE pass (detect identical cells).
Finding identical cells in module `$paramod$f54540ad7336d5de696d02d68f5bbafae082e6af\pe_col'.
Computing hashes of 4 cells of `$paramod$f54540ad7336d5de696d02d68f5bbafae082e6af\pe_col'.
Finding duplicate cells in `$paramod$f54540ad7336d5de696d02d68f5bbafae082e6af\pe_col'.
Finding identical cells in module `$paramod$8392c0aee371eac30cfcd917af9a6c37ac869d3e\pe'.
Computing hashes of 7 cells of `$paramod$8392c0aee371eac30cfcd917af9a6c37ac869d3e\pe'.
Finding duplicate cells in `$paramod$8392c0aee371eac30cfcd917af9a6c37ac869d3e\pe'.
Finding identical cells in module `$paramod$0b7bb3c04fde3d6a7ce93ab947875dc9f142c9b5\array'.
Computing hashes of 4 cells of `$paramod$0b7bb3c04fde3d6a7ce93ab947875dc9f142c9b5\array'.
Finding duplicate cells in `$paramod$0b7bb3c04fde3d6a7ce93ab947875dc9f142c9b5\array'.
Removed a total of 0 cells.

3.8.13. Executing OPT_DFF pass (perform DFF optimizations).

3.8.14. Executing OPT_CLEAN pass (remove unused cells and wires).
Finding unused cells or wires in module $paramod$f54540ad7336d5de696d02d68f5bbafae082e6af\pe_col..
Finding unused cells or wires in module $paramod$8392c0aee371eac30cfcd917af9a6c37ac869d3e\pe..
Finding unused cells or wires in module $paramod$0b7bb3c04fde3d6a7ce93ab947875dc9f142c9b5\array..

3.8.15. Executing OPT_EXPR pass (perform const folding).
Optimizing module $paramod$f54540ad7336d5de696d02d68f5bbafae082e6af\pe_col.
Optimizing module $paramod$8392c0aee371eac30cfcd917af9a6c37ac869d3e\pe.
Optimizing module $paramod$0b7bb3c04fde3d6a7ce93ab947875dc9f142c9b5\array.

3.8.16. Finished fast OPT passes. (There is nothing left to do.)

3.9. Executing WREDUCE pass (reducing word size of cells).
Removed top 16 bits (of 32) from port Y of cell $paramod$8392c0aee371eac30cfcd917af9a6c37ac869d3e\pe.$mul$results/sv2v_output.v:21$298 ($mul).
Removed top 16 bits (of 32) from port B of cell $paramod$8392c0aee371eac30cfcd917af9a6c37ac869d3e\pe.$add$results/sv2v_output.v:35$301 ($add).

3.10. Executing PEEPOPT pass (run peephole optimizers).

3.11. Executing OPT_CLEAN pass (remove unused cells and wires).
Finding unused cells or wires in module $paramod$f54540ad7336d5de696d02d68f5bbafae082e6af\pe_col..
Finding unused cells or wires in module $paramod$8392c0aee371eac30cfcd917af9a6c37ac869d3e\pe..
Finding unused cells or wires in module $paramod$0b7bb3c04fde3d6a7ce93ab947875dc9f142c9b5\array..

3.12. Executing ALUMACC pass (create $alu and $macc cells).
Extracting $alu and $macc cells in module $paramod$f54540ad7336d5de696d02d68f5bbafae082e6af\pe_col:
  created 0 $alu and 0 $macc cells.
Extracting $alu and $macc cells in module $paramod$8392c0aee371eac30cfcd917af9a6c37ac869d3e\pe:
  creating $macc model for $add$results/sv2v_output.v:35$301 ($add).
  creating $macc model for $mul$results/sv2v_output.v:21$298 ($mul).
  merging $macc model for $mul$results/sv2v_output.v:21$298 into $add$results/sv2v_output.v:35$301.
  creating $macc cell for $add$results/sv2v_output.v:35$301: $auto$alumacc.cc:382:replace_macc$461
  created 0 $alu and 1 $macc cells.
Extracting $alu and $macc cells in module $paramod$0b7bb3c04fde3d6a7ce93ab947875dc9f142c9b5\array:
  created 0 $alu and 0 $macc cells.

3.13. Executing SHARE pass (SAT-based resource sharing).

3.14. Executing OPT pass (performing simple optimizations).

3.14.1. Executing OPT_EXPR pass (perform const folding).
Optimizing module $paramod$f54540ad7336d5de696d02d68f5bbafae082e6af\pe_col.
Optimizing module $paramod$8392c0aee371eac30cfcd917af9a6c37ac869d3e\pe.
Optimizing module $paramod$0b7bb3c04fde3d6a7ce93ab947875dc9f142c9b5\array.

3.14.2. Executing OPT_MERGE pass (detect identical cells).
Finding identical cells in module `$paramod$f54540ad7336d5de696d02d68f5bbafae082e6af\pe_col'.
Computing hashes of 4 cells of `$paramod$f54540ad7336d5de696d02d68f5bbafae082e6af\pe_col'.
Finding duplicate cells in `$paramod$f54540ad7336d5de696d02d68f5bbafae082e6af\pe_col'.
Finding identical cells in module `$paramod$8392c0aee371eac30cfcd917af9a6c37ac869d3e\pe'.
Computing hashes of 7 cells of `$paramod$8392c0aee371eac30cfcd917af9a6c37ac869d3e\pe'.
Finding duplicate cells in `$paramod$8392c0aee371eac30cfcd917af9a6c37ac869d3e\pe'.
Finding identical cells in module `$paramod$0b7bb3c04fde3d6a7ce93ab947875dc9f142c9b5\array'.
Computing hashes of 4 cells of `$paramod$0b7bb3c04fde3d6a7ce93ab947875dc9f142c9b5\array'.
Finding duplicate cells in `$paramod$0b7bb3c04fde3d6a7ce93ab947875dc9f142c9b5\array'.
Removed a total of 0 cells.

3.14.3. Executing OPT_MUXTREE pass (detect dead branches in mux trees).
Running muxtree optimizer on module $paramod$f54540ad7336d5de696d02d68f5bbafae082e6af\pe_col..
  Creating internal representation of mux trees.
  No muxes found in this module.
Running muxtree optimizer on module $paramod$8392c0aee371eac30cfcd917af9a6c37ac869d3e\pe..
  Creating internal representation of mux trees.
  Evaluating internal representation of mux trees.
  Analyzing evaluation results.
Running muxtree optimizer on module $paramod$0b7bb3c04fde3d6a7ce93ab947875dc9f142c9b5\array..
  Creating internal representation of mux trees.
  No muxes found in this module.
Removed 0 multiplexer ports.
<suppressed ~4 debug messages>

3.14.4. Executing OPT_REDUCE pass (consolidate $*mux and $reduce_* inputs).
  Optimizing cells in module $paramod$f54540ad7336d5de696d02d68f5bbafae082e6af\pe_col.
  Optimizing cells in module $paramod$8392c0aee371eac30cfcd917af9a6c37ac869d3e\pe.
  Optimizing cells in module $paramod$0b7bb3c04fde3d6a7ce93ab947875dc9f142c9b5\array.
Performed a total of 0 changes.

3.14.5. Executing OPT_MERGE pass (detect identical cells).
Finding identical cells in module `$paramod$f54540ad7336d5de696d02d68f5bbafae082e6af\pe_col'.
Computing hashes of 4 cells of `$paramod$f54540ad7336d5de696d02d68f5bbafae082e6af\pe_col'.
Finding duplicate cells in `$paramod$f54540ad7336d5de696d02d68f5bbafae082e6af\pe_col'.
Finding identical cells in module `$paramod$8392c0aee371eac30cfcd917af9a6c37ac869d3e\pe'.
Computing hashes of 7 cells of `$paramod$8392c0aee371eac30cfcd917af9a6c37ac869d3e\pe'.
Finding duplicate cells in `$paramod$8392c0aee371eac30cfcd917af9a6c37ac869d3e\pe'.
Finding identical cells in module `$paramod$0b7bb3c04fde3d6a7ce93ab947875dc9f142c9b5\array'.
Computing hashes of 4 cells of `$paramod$0b7bb3c04fde3d6a7ce93ab947875dc9f142c9b5\array'.
Finding duplicate cells in `$paramod$0b7bb3c04fde3d6a7ce93ab947875dc9f142c9b5\array'.
Removed a total of 0 cells.

3.14.6. Executing OPT_DFF pass (perform DFF optimizations).

3.14.7. Executing OPT_CLEAN pass (remove unused cells and wires).
Finding unused cells or wires in module $paramod$f54540ad7336d5de696d02d68f5bbafae082e6af\pe_col..
Finding unused cells or wires in module $paramod$8392c0aee371eac30cfcd917af9a6c37ac869d3e\pe..
Finding unused cells or wires in module $paramod$0b7bb3c04fde3d6a7ce93ab947875dc9f142c9b5\array..
Removed 1 unused cells and 0 unused wires.
<suppressed ~1 debug messages>

3.14.8. Executing OPT_EXPR pass (perform const folding).
Optimizing module $paramod$f54540ad7336d5de696d02d68f5bbafae082e6af\pe_col.
Optimizing module $paramod$8392c0aee371eac30cfcd917af9a6c37ac869d3e\pe.
Optimizing module $paramod$0b7bb3c04fde3d6a7ce93ab947875dc9f142c9b5\array.

3.14.9. Rerunning OPT passes. (Maybe there is more to do..)

3.14.10. Executing OPT_MUXTREE pass (detect dead branches in mux trees).
Running muxtree optimizer on module $paramod$f54540ad7336d5de696d02d68f5bbafae082e6af\pe_col..
  Creating internal representation of mux trees.
  No muxes found in this module.
Running muxtree optimizer on module $paramod$8392c0aee371eac30cfcd917af9a6c37ac869d3e\pe..
  Creating internal representation of mux trees.
  Evaluating internal representation of mux trees.
  Analyzing evaluation results.
Running muxtree optimizer on module $paramod$0b7bb3c04fde3d6a7ce93ab947875dc9f142c9b5\array..
  Creating internal representation of mux trees.
  No muxes found in this module.
Removed 0 multiplexer ports.
<suppressed ~4 debug messages>

3.14.11. Executing OPT_REDUCE pass (consolidate $*mux and $reduce_* inputs).
  Optimizing cells in module $paramod$f54540ad7336d5de696d02d68f5bbafae082e6af\pe_col.
  Optimizing cells in module $paramod$8392c0aee371eac30cfcd917af9a6c37ac869d3e\pe.
  Optimizing cells in module $paramod$0b7bb3c04fde3d6a7ce93ab947875dc9f142c9b5\array.
Performed a total of 0 changes.

3.14.12. Executing OPT_MERGE pass (detect identical cells).
Finding identical cells in module `$paramod$f54540ad7336d5de696d02d68f5bbafae082e6af\pe_col'.
Computing hashes of 4 cells of `$paramod$f54540ad7336d5de696d02d68f5bbafae082e6af\pe_col'.
Finding duplicate cells in `$paramod$f54540ad7336d5de696d02d68f5bbafae082e6af\pe_col'.
Finding identical cells in module `$paramod$8392c0aee371eac30cfcd917af9a6c37ac869d3e\pe'.
Computing hashes of 6 cells of `$paramod$8392c0aee371eac30cfcd917af9a6c37ac869d3e\pe'.
Finding duplicate cells in `$paramod$8392c0aee371eac30cfcd917af9a6c37ac869d3e\pe'.
Finding identical cells in module `$paramod$0b7bb3c04fde3d6a7ce93ab947875dc9f142c9b5\array'.
Computing hashes of 4 cells of `$paramod$0b7bb3c04fde3d6a7ce93ab947875dc9f142c9b5\array'.
Finding duplicate cells in `$paramod$0b7bb3c04fde3d6a7ce93ab947875dc9f142c9b5\array'.
Removed a total of 0 cells.

3.14.13. Executing OPT_DFF pass (perform DFF optimizations).

3.14.14. Executing OPT_CLEAN pass (remove unused cells and wires).
Finding unused cells or wires in module $paramod$f54540ad7336d5de696d02d68f5bbafae082e6af\pe_col..
Finding unused cells or wires in module $paramod$8392c0aee371eac30cfcd917af9a6c37ac869d3e\pe..
Finding unused cells or wires in module $paramod$0b7bb3c04fde3d6a7ce93ab947875dc9f142c9b5\array..

3.14.15. Executing OPT_EXPR pass (perform const folding).
Optimizing module $paramod$f54540ad7336d5de696d02d68f5bbafae082e6af\pe_col.
Optimizing module $paramod$8392c0aee371eac30cfcd917af9a6c37ac869d3e\pe.
Optimizing module $paramod$0b7bb3c04fde3d6a7ce93ab947875dc9f142c9b5\array.

3.14.16. Finished fast OPT passes. (There is nothing left to do.)

3.15. Executing MEMORY pass.

3.15.1. Executing OPT_MEM pass (optimize memories).
Performed a total of 0 transformations.

3.15.2. Executing OPT_MEM_PRIORITY pass (removing unnecessary memory write priority relations).
Performed a total of 0 transformations.

3.15.3. Executing OPT_MEM_FEEDBACK pass (finding memory read-to-write feedback paths).

3.15.4. Executing MEMORY_BMUX2ROM pass (converting muxes to ROMs).

3.15.5. Executing MEMORY_DFF pass (merging $dff cells to $memrd).

3.15.6. Executing OPT_CLEAN pass (remove unused cells and wires).
Finding unused cells or wires in module $paramod$f54540ad7336d5de696d02d68f5bbafae082e6af\pe_col..
Finding unused cells or wires in module $paramod$8392c0aee371eac30cfcd917af9a6c37ac869d3e\pe..
Finding unused cells or wires in module $paramod$0b7bb3c04fde3d6a7ce93ab947875dc9f142c9b5\array..

3.15.7. Executing MEMORY_SHARE pass (consolidating $memrd/$memwr cells).

3.15.8. Executing OPT_MEM_WIDEN pass (optimize memories where all ports are wide).
Performed a total of 0 transformations.

3.15.9. Executing OPT_CLEAN pass (remove unused cells and wires).
Finding unused cells or wires in module $paramod$f54540ad7336d5de696d02d68f5bbafae082e6af\pe_col..
Finding unused cells or wires in module $paramod$8392c0aee371eac30cfcd917af9a6c37ac869d3e\pe..
Finding unused cells or wires in module $paramod$0b7bb3c04fde3d6a7ce93ab947875dc9f142c9b5\array..

3.15.10. Executing MEMORY_COLLECT pass (generating $mem cells).

3.16. Executing OPT_CLEAN pass (remove unused cells and wires).
Finding unused cells or wires in module $paramod$f54540ad7336d5de696d02d68f5bbafae082e6af\pe_col..
Finding unused cells or wires in module $paramod$8392c0aee371eac30cfcd917af9a6c37ac869d3e\pe..
Finding unused cells or wires in module $paramod$0b7bb3c04fde3d6a7ce93ab947875dc9f142c9b5\array..

3.17. Executing OPT pass (performing simple optimizations).

3.17.1. Executing OPT_EXPR pass (perform const folding).
Optimizing module $paramod$f54540ad7336d5de696d02d68f5bbafae082e6af\pe_col.
Optimizing module $paramod$8392c0aee371eac30cfcd917af9a6c37ac869d3e\pe.
<suppressed ~2 debug messages>
Optimizing module $paramod$0b7bb3c04fde3d6a7ce93ab947875dc9f142c9b5\array.

3.17.2. Executing OPT_MERGE pass (detect identical cells).
Finding identical cells in module `$paramod$f54540ad7336d5de696d02d68f5bbafae082e6af\pe_col'.
Computing hashes of 4 cells of `$paramod$f54540ad7336d5de696d02d68f5bbafae082e6af\pe_col'.
Finding duplicate cells in `$paramod$f54540ad7336d5de696d02d68f5bbafae082e6af\pe_col'.
Finding identical cells in module `$paramod$8392c0aee371eac30cfcd917af9a6c37ac869d3e\pe'.
Computing hashes of 6 cells of `$paramod$8392c0aee371eac30cfcd917af9a6c37ac869d3e\pe'.
Finding duplicate cells in `$paramod$8392c0aee371eac30cfcd917af9a6c37ac869d3e\pe'.
Finding identical cells in module `$paramod$0b7bb3c04fde3d6a7ce93ab947875dc9f142c9b5\array'.
Computing hashes of 4 cells of `$paramod$0b7bb3c04fde3d6a7ce93ab947875dc9f142c9b5\array'.
Finding duplicate cells in `$paramod$0b7bb3c04fde3d6a7ce93ab947875dc9f142c9b5\array'.
Removed a total of 0 cells.

3.17.3. Executing OPT_DFF pass (perform DFF optimizations).

3.17.4. Executing OPT_CLEAN pass (remove unused cells and wires).
Finding unused cells or wires in module $paramod$f54540ad7336d5de696d02d68f5bbafae082e6af\pe_col..
Finding unused cells or wires in module $paramod$8392c0aee371eac30cfcd917af9a6c37ac869d3e\pe..
Finding unused cells or wires in module $paramod$0b7bb3c04fde3d6a7ce93ab947875dc9f142c9b5\array..

3.17.5. Finished fast OPT passes.

3.18. Executing MEMORY_MAP pass (converting memories to logic and flip-flops).

3.19. Executing OPT pass (performing simple optimizations).

3.19.1. Executing OPT_EXPR pass (perform const folding).
Optimizing module $paramod$f54540ad7336d5de696d02d68f5bbafae082e6af\pe_col.
Optimizing module $paramod$8392c0aee371eac30cfcd917af9a6c37ac869d3e\pe.
Optimizing module $paramod$0b7bb3c04fde3d6a7ce93ab947875dc9f142c9b5\array.

3.19.2. Executing OPT_MERGE pass (detect identical cells).
Finding identical cells in module `$paramod$f54540ad7336d5de696d02d68f5bbafae082e6af\pe_col'.
Computing hashes of 4 cells of `$paramod$f54540ad7336d5de696d02d68f5bbafae082e6af\pe_col'.
Finding duplicate cells in `$paramod$f54540ad7336d5de696d02d68f5bbafae082e6af\pe_col'.
Finding identical cells in module `$paramod$8392c0aee371eac30cfcd917af9a6c37ac869d3e\pe'.
Computing hashes of 6 cells of `$paramod$8392c0aee371eac30cfcd917af9a6c37ac869d3e\pe'.
Finding duplicate cells in `$paramod$8392c0aee371eac30cfcd917af9a6c37ac869d3e\pe'.
Finding identical cells in module `$paramod$0b7bb3c04fde3d6a7ce93ab947875dc9f142c9b5\array'.
Computing hashes of 4 cells of `$paramod$0b7bb3c04fde3d6a7ce93ab947875dc9f142c9b5\array'.
Finding duplicate cells in `$paramod$0b7bb3c04fde3d6a7ce93ab947875dc9f142c9b5\array'.
Removed a total of 0 cells.

3.19.3. Executing OPT_MUXTREE pass (detect dead branches in mux trees).
Running muxtree optimizer on module $paramod$f54540ad7336d5de696d02d68f5bbafae082e6af\pe_col..
  Creating internal representation of mux trees.
  No muxes found in this module.
Running muxtree optimizer on module $paramod$8392c0aee371eac30cfcd917af9a6c37ac869d3e\pe..
  Creating internal representation of mux trees.
  Evaluating internal representation of mux trees.
  Analyzing evaluation results.
Running muxtree optimizer on module $paramod$0b7bb3c04fde3d6a7ce93ab947875dc9f142c9b5\array..
  Creating internal representation of mux trees.
  No muxes found in this module.
Removed 0 multiplexer ports.
<suppressed ~4 debug messages>

3.19.4. Executing OPT_REDUCE pass (consolidate $*mux and $reduce_* inputs).
  Optimizing cells in module $paramod$f54540ad7336d5de696d02d68f5bbafae082e6af\pe_col.
  Optimizing cells in module $paramod$8392c0aee371eac30cfcd917af9a6c37ac869d3e\pe.
  Optimizing cells in module $paramod$0b7bb3c04fde3d6a7ce93ab947875dc9f142c9b5\array.
Performed a total of 0 changes.

3.19.5. Executing OPT_MERGE pass (detect identical cells).
Finding identical cells in module `$paramod$f54540ad7336d5de696d02d68f5bbafae082e6af\pe_col'.
Computing hashes of 4 cells of `$paramod$f54540ad7336d5de696d02d68f5bbafae082e6af\pe_col'.
Finding duplicate cells in `$paramod$f54540ad7336d5de696d02d68f5bbafae082e6af\pe_col'.
Finding identical cells in module `$paramod$8392c0aee371eac30cfcd917af9a6c37ac869d3e\pe'.
Computing hashes of 6 cells of `$paramod$8392c0aee371eac30cfcd917af9a6c37ac869d3e\pe'.
Finding duplicate cells in `$paramod$8392c0aee371eac30cfcd917af9a6c37ac869d3e\pe'.
Finding identical cells in module `$paramod$0b7bb3c04fde3d6a7ce93ab947875dc9f142c9b5\array'.
Computing hashes of 4 cells of `$paramod$0b7bb3c04fde3d6a7ce93ab947875dc9f142c9b5\array'.
Finding duplicate cells in `$paramod$0b7bb3c04fde3d6a7ce93ab947875dc9f142c9b5\array'.
Removed a total of 0 cells.

3.19.6. Executing OPT_SHARE pass.

3.19.7. Executing OPT_DFF pass (perform DFF optimizations).

3.19.8. Executing OPT_CLEAN pass (remove unused cells and wires).
Finding unused cells or wires in module $paramod$f54540ad7336d5de696d02d68f5bbafae082e6af\pe_col..
Finding unused cells or wires in module $paramod$8392c0aee371eac30cfcd917af9a6c37ac869d3e\pe..
Finding unused cells or wires in module $paramod$0b7bb3c04fde3d6a7ce93ab947875dc9f142c9b5\array..

3.19.9. Executing OPT_EXPR pass (perform const folding).
Optimizing module $paramod$f54540ad7336d5de696d02d68f5bbafae082e6af\pe_col.
Optimizing module $paramod$8392c0aee371eac30cfcd917af9a6c37ac869d3e\pe.
Optimizing module $paramod$0b7bb3c04fde3d6a7ce93ab947875dc9f142c9b5\array.

3.19.10. Finished fast OPT passes. (There is nothing left to do.)

3.20. Executing TECHMAP pass (map to technology primitives).

3.20.1. Executing Verilog-2005 frontend: /usr/local/bin/../share/yosys/techmap.v
Parsing Verilog input from `/usr/local/bin/../share/yosys/techmap.v' to AST representation.
Generating RTLIL representation for module `\_90_simplemap_bool_ops'.
Generating RTLIL representation for module `\_90_simplemap_reduce_ops'.
Generating RTLIL representation for module `\_90_simplemap_logic_ops'.
Generating RTLIL representation for module `\_90_simplemap_compare_ops'.
Generating RTLIL representation for module `\_90_simplemap_various'.
Generating RTLIL representation for module `\_90_simplemap_registers'.
Generating RTLIL representation for module `\_90_shift_ops_shr_shl_sshl_sshr'.
Generating RTLIL representation for module `\_90_shift_shiftx'.
Generating RTLIL representation for module `\_90_fa'.
Generating RTLIL representation for module `\_90_lcu_brent_kung'.
Generating RTLIL representation for module `\_90_alu'.
Generating RTLIL representation for module `\_90_macc'.
Generating RTLIL representation for module `\_90_alumacc'.
Generating RTLIL representation for module `$__div_mod_u'.
Generating RTLIL representation for module `$__div_mod_trunc'.
Generating RTLIL representation for module `\_90_div'.
Generating RTLIL representation for module `\_90_mod'.
Generating RTLIL representation for module `$__div_mod_floor'.
Generating RTLIL representation for module `\_90_divfloor'.
Generating RTLIL representation for module `\_90_modfloor'.
Generating RTLIL representation for module `\_90_pow'.
Generating RTLIL representation for module `\_90_demux'.
Generating RTLIL representation for module `\_90_lut'.
Generating RTLIL representation for module `$connect'.
Generating RTLIL representation for module `$input_port'.
Successfully finished Verilog frontend.

3.20.2. Continuing TECHMAP pass.
Using extmapper maccmap for cells of type $macc_v2.
  add \weight_r * \data_in (8x8 bits, signed)
  add \acc_in (32 bits, signed)
Using extmapper simplemap for cells of type $adffe.
Using extmapper simplemap for cells of type $mux.
Using extmapper simplemap for cells of type $adff.
Using template $paramod\_90_fa\WIDTH=32'00000000000000000000000000100000 for cells of type $fa.
Using template $paramod$fbc7873bff55778c0b3173955b7e4bce1d9d6834\_90_alu for cells of type $alu.
Using extmapper simplemap for cells of type $and.
Using extmapper simplemap for cells of type $not.
Using extmapper simplemap for cells of type $pos.
Using template $paramod\_90_lcu_brent_kung\WIDTH=32'00000000000000000000000000100000 for cells of type $lcu.
Using extmapper simplemap for cells of type $xor.
Using extmapper simplemap for cells of type $or.
No more expansions possible.
<suppressed ~464 debug messages>

3.21. Executing OPT pass (performing simple optimizations).

3.21.1. Executing OPT_EXPR pass (perform const folding).
Optimizing module $paramod$f54540ad7336d5de696d02d68f5bbafae082e6af\pe_col.
Optimizing module $paramod$8392c0aee371eac30cfcd917af9a6c37ac869d3e\pe.
<suppressed ~423 debug messages>
Optimizing module $paramod$0b7bb3c04fde3d6a7ce93ab947875dc9f142c9b5\array.

3.21.2. Executing OPT_MERGE pass (detect identical cells).
Finding identical cells in module `$paramod$f54540ad7336d5de696d02d68f5bbafae082e6af\pe_col'.
Computing hashes of 4 cells of `$paramod$f54540ad7336d5de696d02d68f5bbafae082e6af\pe_col'.
Finding duplicate cells in `$paramod$f54540ad7336d5de696d02d68f5bbafae082e6af\pe_col'.
Finding identical cells in module `$paramod$8392c0aee371eac30cfcd917af9a6c37ac869d3e\pe'.
Computing hashes of 1625 cells of `$paramod$8392c0aee371eac30cfcd917af9a6c37ac869d3e\pe'.
Finding duplicate cells in `$paramod$8392c0aee371eac30cfcd917af9a6c37ac869d3e\pe'.
Computing hashes of 1461 cells of `$paramod$8392c0aee371eac30cfcd917af9a6c37ac869d3e\pe'.
Finding duplicate cells in `$paramod$8392c0aee371eac30cfcd917af9a6c37ac869d3e\pe'.
Computing hashes of 1358 cells of `$paramod$8392c0aee371eac30cfcd917af9a6c37ac869d3e\pe'.
Finding duplicate cells in `$paramod$8392c0aee371eac30cfcd917af9a6c37ac869d3e\pe'.
Computing hashes of 1284 cells of `$paramod$8392c0aee371eac30cfcd917af9a6c37ac869d3e\pe'.
Finding duplicate cells in `$paramod$8392c0aee371eac30cfcd917af9a6c37ac869d3e\pe'.
Computing hashes of 1230 cells of `$paramod$8392c0aee371eac30cfcd917af9a6c37ac869d3e\pe'.
Finding duplicate cells in `$paramod$8392c0aee371eac30cfcd917af9a6c37ac869d3e\pe'.
Computing hashes of 1213 cells of `$paramod$8392c0aee371eac30cfcd917af9a6c37ac869d3e\pe'.
Finding duplicate cells in `$paramod$8392c0aee371eac30cfcd917af9a6c37ac869d3e\pe'.
Computing hashes of 1181 cells of `$paramod$8392c0aee371eac30cfcd917af9a6c37ac869d3e\pe'.
Finding duplicate cells in `$paramod$8392c0aee371eac30cfcd917af9a6c37ac869d3e\pe'.
Computing hashes of 1149 cells of `$paramod$8392c0aee371eac30cfcd917af9a6c37ac869d3e\pe'.
Finding duplicate cells in `$paramod$8392c0aee371eac30cfcd917af9a6c37ac869d3e\pe'.
Computing hashes of 1133 cells of `$paramod$8392c0aee371eac30cfcd917af9a6c37ac869d3e\pe'.
Finding duplicate cells in `$paramod$8392c0aee371eac30cfcd917af9a6c37ac869d3e\pe'.
Computing hashes of 1103 cells of `$paramod$8392c0aee371eac30cfcd917af9a6c37ac869d3e\pe'.
Finding duplicate cells in `$paramod$8392c0aee371eac30cfcd917af9a6c37ac869d3e\pe'.
<suppressed ~1566 debug messages>
Finding identical cells in module `$paramod$0b7bb3c04fde3d6a7ce93ab947875dc9f142c9b5\array'.
Computing hashes of 4 cells of `$paramod$0b7bb3c04fde3d6a7ce93ab947875dc9f142c9b5\array'.
Finding duplicate cells in `$paramod$0b7bb3c04fde3d6a7ce93ab947875dc9f142c9b5\array'.
Removed a total of 522 cells.

3.21.3. Executing OPT_DFF pass (perform DFF optimizations).

3.21.4. Executing OPT_CLEAN pass (remove unused cells and wires).
Finding unused cells or wires in module $paramod$f54540ad7336d5de696d02d68f5bbafae082e6af\pe_col..
Finding unused cells or wires in module $paramod$8392c0aee371eac30cfcd917af9a6c37ac869d3e\pe..
Finding unused cells or wires in module $paramod$0b7bb3c04fde3d6a7ce93ab947875dc9f142c9b5\array..
Removed 57 unused cells and 146 unused wires.
<suppressed ~58 debug messages>

3.21.5. Finished fast OPT passes.

3.22. Executing ABC pass (technology mapping using ABC).

3.22.1. Extracting gate netlist of module `$paramod$f54540ad7336d5de696d02d68f5bbafae082e6af\pe_col' to `<abc-temp-dir>/input.blif'..

3.22.1.1. Executed ABC.
Extracted 0 gates and 0 wires to a netlist network with 0 inputs and 0 outputs.
Don't call ABC as there is nothing to map.
Removing temp directory.

3.22.2. Extracting gate netlist of module `$paramod$8392c0aee371eac30cfcd917af9a6c37ac869d3e\pe' to `<abc-temp-dir>/input.blif'..

3.22.2.1. Executed ABC.
Extracted 998 gates and 1048 wires to a netlist network with 49 inputs and 40 outputs.
Running ABC script: <abc-temp-dir>/abc.script
ABC: UC Berkeley, ABC 1.01 (compiled May 29 2026 19:41:28)
ABC: abc 01> empty
ABC: abc 01> source <abc-temp-dir>/abc.script
ABC: + read_blif <abc-temp-dir>/input.blif 
ABC: + read_library <abc-temp-dir>/stdcells.genlib 
ABC: + strash 
ABC: + &get -n 
ABC: + &fraig -x 
ABC: + &put 
ABC: + scorr 
ABC: Warning: The network is combinational (run "fraig" or "fraig_sweep").
ABC: + dc2 
ABC: + dretime 
ABC: + strash 
ABC: + &get -n 
ABC: + &dch -f 
ABC: + &nf 
ABC: + &put 
ABC: + write_blif <abc-temp-dir>/output.blif 
ABC: 
ABC: YOSYS_ABC_DONE 

3.22.2.2. Re-integrating ABC results.
ABC RESULTS:               AND cells:      100
ABC RESULTS:            ANDNOT cells:       27
ABC RESULTS:               MUX cells:       31
ABC RESULTS:              NAND cells:      371
ABC RESULTS:               NOR cells:        4
ABC RESULTS:               NOT cells:        1
ABC RESULTS:                OR cells:       41
ABC RESULTS:             ORNOT cells:       11
ABC RESULTS:              XNOR cells:       74
ABC RESULTS:               XOR cells:      233
ABC RESULTS:        internal signals:      959
ABC RESULTS:           input signals:       49
ABC RESULTS:          output signals:       40
Removing temp directory.

3.22.3. Extracting gate netlist of module `$paramod$0b7bb3c04fde3d6a7ce93ab947875dc9f142c9b5\array' to `<abc-temp-dir>/input.blif'..

3.22.3.1. Executed ABC.
Extracted 0 gates and 0 wires to a netlist network with 0 inputs and 0 outputs.
Don't call ABC as there is nothing to map.
Removing temp directory.
Removing global temp directory.

3.23. Executing OPT pass (performing simple optimizations).

3.23.1. Executing OPT_EXPR pass (perform const folding).
Optimizing module $paramod$f54540ad7336d5de696d02d68f5bbafae082e6af\pe_col.
Optimizing module $paramod$8392c0aee371eac30cfcd917af9a6c37ac869d3e\pe.
Optimizing module $paramod$0b7bb3c04fde3d6a7ce93ab947875dc9f142c9b5\array.

3.23.2. Executing OPT_MERGE pass (detect identical cells).
Finding identical cells in module `$paramod$f54540ad7336d5de696d02d68f5bbafae082e6af\pe_col'.
Computing hashes of 4 cells of `$paramod$f54540ad7336d5de696d02d68f5bbafae082e6af\pe_col'.
Finding duplicate cells in `$paramod$f54540ad7336d5de696d02d68f5bbafae082e6af\pe_col'.
Finding identical cells in module `$paramod$8392c0aee371eac30cfcd917af9a6c37ac869d3e\pe'.
Computing hashes of 941 cells of `$paramod$8392c0aee371eac30cfcd917af9a6c37ac869d3e\pe'.
Finding duplicate cells in `$paramod$8392c0aee371eac30cfcd917af9a6c37ac869d3e\pe'.
Finding identical cells in module `$paramod$0b7bb3c04fde3d6a7ce93ab947875dc9f142c9b5\array'.
Computing hashes of 4 cells of `$paramod$0b7bb3c04fde3d6a7ce93ab947875dc9f142c9b5\array'.
Finding duplicate cells in `$paramod$0b7bb3c04fde3d6a7ce93ab947875dc9f142c9b5\array'.
Removed a total of 0 cells.

3.23.3. Executing OPT_DFF pass (perform DFF optimizations).

3.23.4. Executing OPT_CLEAN pass (remove unused cells and wires).
Finding unused cells or wires in module $paramod$f54540ad7336d5de696d02d68f5bbafae082e6af\pe_col..
Finding unused cells or wires in module $paramod$8392c0aee371eac30cfcd917af9a6c37ac869d3e\pe..
Finding unused cells or wires in module $paramod$0b7bb3c04fde3d6a7ce93ab947875dc9f142c9b5\array..
Removed 0 unused cells and 225 unused wires.
<suppressed ~1 debug messages>

3.23.5. Finished fast OPT passes.

3.24. Executing HIERARCHY pass (managing design hierarchy).
Attribute `top' found on module `$paramod$0b7bb3c04fde3d6a7ce93ab947875dc9f142c9b5\array'. Setting top module to $paramod$0b7bb3c04fde3d6a7ce93ab947875dc9f142c9b5\array.

3.24.1. Analyzing design hierarchy..
Top module:  $paramod$0b7bb3c04fde3d6a7ce93ab947875dc9f142c9b5\array
Used module:     $paramod$f54540ad7336d5de696d02d68f5bbafae082e6af\pe_col
Used module:         $paramod$8392c0aee371eac30cfcd917af9a6c37ac869d3e\pe

3.24.2. Analyzing design hierarchy..
Top module:  $paramod$0b7bb3c04fde3d6a7ce93ab947875dc9f142c9b5\array
Used module:     $paramod$f54540ad7336d5de696d02d68f5bbafae082e6af\pe_col
Used module:         $paramod$8392c0aee371eac30cfcd917af9a6c37ac869d3e\pe
Removed 0 unused modules.

3.25. Printing statistics.

=== $paramod$f54540ad7336d5de696d02d68f5bbafae082e6af\pe_col ===

        +----------Local Count, excluding submodules.
        | 
       12 wires
      291 wire bits
       12 public wires
      291 public wire bits
        7 ports
      131 port bits
        4 submodules
        4   $paramod$8392c0aee371eac30cfcd917af9a6c37ac869d3e\pe

=== $paramod$8392c0aee371eac30cfcd917af9a6c37ac869d3e\pe ===

        +----------Local Count, excluding submodules.
        | 
      864 wires
     1016 wire bits
        9 public wires
      123 public wire bits
        7 ports
       83 port bits
      941 cells
       27   $_ANDNOT_
      100   $_AND_
        8   $_DFFE_PN0P_
       40   $_DFF_PN0_
       31   $_MUX_
      371   $_NAND_
        4   $_NOR_
        1   $_NOT_
       11   $_ORNOT_
       41   $_OR_
       74   $_XNOR_
      233   $_XOR_

=== $paramod$0b7bb3c04fde3d6a7ce93ab947875dc9f142c9b5\array ===

        +----------Local Count, excluding submodules.
        | 
       35 wires
      742 wire bits
       35 public wires
      742 public wire bits
        7 ports
      326 port bits
        4 submodules
        4   $paramod$f54540ad7336d5de696d02d68f5bbafae082e6af\pe_col

=== design hierarchy ===

        +----------Count including submodules.
        | 
    15056 $paramod$0b7bb3c04fde3d6a7ce93ab947875dc9f142c9b5\array
      941   $paramod$8392c0aee371eac30cfcd917af9a6c37ac869d3e\pe

        +----------Count including submodules.
        | 
    13907 wires
    18162 wire bits
      227 public wires
     3874 public wire bits
      147 ports
     2178 port bits
        - memories
        - memory bits
        - processes
    15056 cells
      432   $_ANDNOT_
     1600   $_AND_
      128   $_DFFE_PN0P_
      640   $_DFF_PN0_
      496   $_MUX_
     5936   $_NAND_
       64   $_NOR_
       16   $_NOT_
      176   $_ORNOT_
      656   $_OR_
     1184   $_XNOR_
     3728   $_XOR_
        4 submodules
        4   $paramod$f54540ad7336d5de696d02d68f5bbafae082e6af\pe_col

3.26. Executing CHECK pass (checking for obvious problems).
Checking module $paramod$f54540ad7336d5de696d02d68f5bbafae082e6af\pe_col...
Checking module $paramod$8392c0aee371eac30cfcd917af9a6c37ac869d3e\pe...
Checking module $paramod$0b7bb3c04fde3d6a7ce93ab947875dc9f142c9b5\array...
Found and reported 0 problems.

4. Executing DFFLIBMAP pass (mapping DFF cells to sequential cells from liberty file).
  cell sky130_fd_sc_hd__dfxtp_1 (noninv, pins=3, area=20.02) is a direct match for cell type $_DFF_P_.
  cell sky130_fd_sc_hd__dfrtn_1 (noninv, pins=4, area=25.02) is a direct match for cell type $_DFF_NN0_.
  cell sky130_fd_sc_hd__dfrtp_1 (noninv, pins=4, area=25.02) is a direct match for cell type $_DFF_PN0_.
  cell sky130_fd_sc_hd__dfstp_2 (noninv, pins=4, area=26.28) is a direct match for cell type $_DFF_PN1_.
  cell sky130_fd_sc_hd__edfxtp_1 (noninv, pins=4, area=30.03) is a direct match for cell type $_DFFE_PP_.
  cell sky130_fd_sc_hd__dfbbn_1 (noninv, pins=6, area=32.53) is a direct match for cell type $_DFFSR_NNN_.
  cell sky130_fd_sc_hd__dfbbp_1 (noninv, pins=6, area=32.53) is a direct match for cell type $_DFFSR_PNN_.
  final dff cell mappings:
    unmapped dff cell: $_DFF_N_
    \sky130_fd_sc_hd__dfxtp_1 _DFF_P_ (.CLK( C), .D( D), .Q( Q));
    \sky130_fd_sc_hd__dfrtn_1 _DFF_NN0_ (.CLK_N( C), .D( D), .Q( Q), .RESET_B( R));
    unmapped dff cell: $_DFF_NN1_
    unmapped dff cell: $_DFF_NP0_
    unmapped dff cell: $_DFF_NP1_
    \sky130_fd_sc_hd__dfrtp_1 _DFF_PN0_ (.CLK( C), .D( D), .Q( Q), .RESET_B( R));
    \sky130_fd_sc_hd__dfstp_2 _DFF_PN1_ (.CLK( C), .D( D), .Q( Q), .SET_B( R));
    unmapped dff cell: $_DFF_PP0_
    unmapped dff cell: $_DFF_PP1_
    unmapped dff cell: $_DFFE_NN_
    unmapped dff cell: $_DFFE_NP_
    unmapped dff cell: $_DFFE_PN_
    \sky130_fd_sc_hd__edfxtp_1 _DFFE_PP_ (.CLK( C), .D( D), .DE( E), .Q( Q));
    \sky130_fd_sc_hd__dfbbn_1 _DFFSR_NNN_ (.CLK_N( C), .D( D), .Q( Q), .Q_N(~Q), .RESET_B( R), .SET_B( S));
    unmapped dff cell: $_DFFSR_NNP_
    unmapped dff cell: $_DFFSR_NPN_
    unmapped dff cell: $_DFFSR_NPP_
    \sky130_fd_sc_hd__dfbbp_1 _DFFSR_PNN_ (.CLK( C), .D( D), .Q( Q), .Q_N(~Q), .RESET_B( R), .SET_B( S));
    unmapped dff cell: $_DFFSR_PNP_
    unmapped dff cell: $_DFFSR_PPN_
    unmapped dff cell: $_DFFSR_PPP_

4.1. Executing DFFLEGALIZE pass (convert FFs to types supported by the target).
<suppressed ~24 debug messages>
Mapping DFF cells in module `$paramod$f54540ad7336d5de696d02d68f5bbafae082e6af\pe_col':
Mapping DFF cells in module `$paramod$8392c0aee371eac30cfcd917af9a6c37ac869d3e\pe':
  mapped 48 $_DFF_PN0_ cells to \sky130_fd_sc_hd__dfrtp_1 cells.
Mapping DFF cells in module `$paramod$0b7bb3c04fde3d6a7ce93ab947875dc9f142c9b5\array':

5. Executing ABC pass (technology mapping using ABC).

5.1. Extracting gate netlist of module `$paramod$f54540ad7336d5de696d02d68f5bbafae082e6af\pe_col' to `<abc-temp-dir>/input.blif'..
ABC: using cached merged SCL: /tmp/yosys-liberty-scl-cache/yosys_merged_e9e26d0c.scl (1 files)

5.1.1. Executed ABC.
Extracted 0 gates and 0 wires to a netlist network with 0 inputs and 0 outputs.
Don't call ABC as there is nothing to map.
Removing temp directory.

5.2. Extracting gate netlist of module `$paramod$8392c0aee371eac30cfcd917af9a6c37ac869d3e\pe' to `<abc-temp-dir>/input.blif'..
ABC: using cached merged SCL: /tmp/yosys-liberty-scl-cache/yosys_merged_e9e26d0c.scl (1 files)

5.2.1. Executed ABC.
Extracted 901 gates and 950 wires to a netlist network with 49 inputs and 48 outputs.
Running ABC script: <abc-temp-dir>/abc.script
ABC: UC Berkeley, ABC 1.01 (compiled May 29 2026 19:41:28)
ABC: abc 01> empty
ABC: abc 01> source <abc-temp-dir>/abc.script
ABC: + read_blif <abc-temp-dir>/input.blif 
ABC: + read_scl /tmp/yosys-liberty-scl-cache/yosys_merged_e9e26d0c.scl 
ABC: Warning: Detected 9 multi-output cells (for example, "sky130_fd_sc_hd__fa_1").
ABC: + strash 
ABC: + &get -n 
ABC: + &fraig -x 
ABC: + &put 
ABC: + scorr 
ABC: Warning: The network is combinational (run "fraig" or "fraig_sweep").
ABC: + dc2 
ABC: + dretime 
ABC: + strash 
ABC: + &get -n 
ABC: + &dch -f 
ABC: + &nf 
ABC: + &put 
ABC: + write_blif <abc-temp-dir>/output.blif 
ABC: 
ABC: YOSYS_ABC_DONE 

5.2.2. Re-integrating ABC results.
ABC RESULTS:   sky130_fd_sc_hd__a21boi_0 cells:        1
ABC RESULTS:   sky130_fd_sc_hd__a21o_1 cells:        1
ABC RESULTS:   sky130_fd_sc_hd__a21oi_1 cells:       44
ABC RESULTS:   sky130_fd_sc_hd__a22oi_1 cells:        3
ABC RESULTS:   sky130_fd_sc_hd__a2bb2oi_1 cells:        1
ABC RESULTS:   sky130_fd_sc_hd__a31o_1 cells:        1
ABC RESULTS:   sky130_fd_sc_hd__a31oi_1 cells:        2
ABC RESULTS:   sky130_fd_sc_hd__a32o_1 cells:        2
ABC RESULTS:   sky130_fd_sc_hd__and2_0 cells:       12
ABC RESULTS:   sky130_fd_sc_hd__and3_1 cells:        4
ABC RESULTS:   sky130_fd_sc_hd__and4_1 cells:        1
ABC RESULTS:   sky130_fd_sc_hd__clkinv_1 cells:       20
ABC RESULTS:   sky130_fd_sc_hd__lpflow_inputiso1p_1 cells:        3
ABC RESULTS:   sky130_fd_sc_hd__lpflow_isobufsrc_1 cells:       36
ABC RESULTS:   sky130_fd_sc_hd__maj3_1 cells:       64
ABC RESULTS:   sky130_fd_sc_hd__mux2_1 cells:        1
ABC RESULTS:   sky130_fd_sc_hd__nand2_1 cells:       91
ABC RESULTS:   sky130_fd_sc_hd__nand2b_1 cells:       20
ABC RESULTS:   sky130_fd_sc_hd__nand3_1 cells:        5
ABC RESULTS:   sky130_fd_sc_hd__nand3b_1 cells:        1
ABC RESULTS:   sky130_fd_sc_hd__nand4_1 cells:        1
ABC RESULTS:   sky130_fd_sc_hd__nor2_1 cells:       40
ABC RESULTS:   sky130_fd_sc_hd__nor2b_1 cells:        1
ABC RESULTS:   sky130_fd_sc_hd__nor3_1 cells:        6
ABC RESULTS:   sky130_fd_sc_hd__o21a_1 cells:        4
ABC RESULTS:   sky130_fd_sc_hd__o21ai_0 cells:       59
ABC RESULTS:   sky130_fd_sc_hd__o21ba_1 cells:        1
ABC RESULTS:   sky130_fd_sc_hd__o21bai_1 cells:        1
ABC RESULTS:   sky130_fd_sc_hd__o22ai_1 cells:        4
ABC RESULTS:   sky130_fd_sc_hd__o31ai_1 cells:       10
ABC RESULTS:   sky130_fd_sc_hd__or3_1 cells:        1
ABC RESULTS:   sky130_fd_sc_hd__xnor2_1 cells:      178
ABC RESULTS:   sky130_fd_sc_hd__xnor3_1 cells:       11
ABC RESULTS:   sky130_fd_sc_hd__xor2_1 cells:       82
ABC RESULTS:   sky130_fd_sc_hd__xor3_1 cells:        2
ABC RESULTS:        internal signals:      853
ABC RESULTS:           input signals:       49
ABC RESULTS:          output signals:       48
Removing temp directory.

5.3. Extracting gate netlist of module `$paramod$0b7bb3c04fde3d6a7ce93ab947875dc9f142c9b5\array' to `<abc-temp-dir>/input.blif'..
ABC: using cached merged SCL: /tmp/yosys-liberty-scl-cache/yosys_merged_e9e26d0c.scl (1 files)

5.3.1. Executed ABC.
Extracted 0 gates and 0 wires to a netlist network with 0 inputs and 0 outputs.
Don't call ABC as there is nothing to map.
Removing temp directory.
Removing global temp directory.

6. Printing statistics.

=== $paramod$f54540ad7336d5de696d02d68f5bbafae082e6af\pe_col ===

        +----------Local Count, excluding submodules.
        |        +-Local Area, excluding submodules.
        |        | 
       12        - wires
      291        - wire bits
       12        - public wires
      291        - public wire bits
        7        - ports
      131        - port bits
        4        - submodules
        4        -   $paramod$8392c0aee371eac30cfcd917af9a6c37ac869d3e\pe

   Chip area for module '$paramod$f54540ad7336d5de696d02d68f5bbafae082e6af\pe_col': 0.000000
     of which used for sequential elements: 0.000000 (-nan%)

=== $paramod$8392c0aee371eac30cfcd917af9a6c37ac869d3e\pe ===

        +----------Local Count, excluding submodules.
        |        +-Local Area, excluding submodules.
        |        | 
     1635        - wires
     1787        - wire bits
        9        - public wires
      123        - public wire bits
        7        - ports
       83        - port bits
      762  6.3E+03 cells
        1    7.507   sky130_fd_sc_hd__a21boi_0
        1    7.507   sky130_fd_sc_hd__a21o_1
       44  220.211   sky130_fd_sc_hd__a21oi_1
        3   22.522   sky130_fd_sc_hd__a22oi_1
        1    8.758   sky130_fd_sc_hd__a2bb2oi_1
        1    8.758   sky130_fd_sc_hd__a31o_1
        2   12.512   sky130_fd_sc_hd__a31oi_1
        2   20.019   sky130_fd_sc_hd__a32o_1
       12   75.072   sky130_fd_sc_hd__and2_0
        4   25.024   sky130_fd_sc_hd__and3_1
        1    8.758   sky130_fd_sc_hd__and4_1
       20   75.072   sky130_fd_sc_hd__clkinv_1
       48  1.2E+03   sky130_fd_sc_hd__dfrtp_1
        3   18.768   sky130_fd_sc_hd__lpflow_inputiso1p_1
       36  225.216   sky130_fd_sc_hd__lpflow_isobufsrc_1
       64  640.614   sky130_fd_sc_hd__maj3_1
        1   11.261   sky130_fd_sc_hd__mux2_1
       91  341.578   sky130_fd_sc_hd__nand2_1
       20   125.12   sky130_fd_sc_hd__nand2b_1
        5   25.024   sky130_fd_sc_hd__nand3_1
        1    7.507   sky130_fd_sc_hd__nand3b_1
        1    6.256   sky130_fd_sc_hd__nand4_1
       40  150.144   sky130_fd_sc_hd__nor2_1
        1    6.256   sky130_fd_sc_hd__nor2b_1
        6   30.029   sky130_fd_sc_hd__nor3_1
        4   30.029   sky130_fd_sc_hd__o21a_1
       59  295.283   sky130_fd_sc_hd__o21ai_0
        1    10.01   sky130_fd_sc_hd__o21ba_1
        1    7.507   sky130_fd_sc_hd__o21bai_1
        4   25.024   sky130_fd_sc_hd__o22ai_1
       10   75.072   sky130_fd_sc_hd__o31ai_1
        1    6.256   sky130_fd_sc_hd__or3_1
      178 1.56E+03   sky130_fd_sc_hd__xnor2_1
       11  247.738   sky130_fd_sc_hd__xnor3_1
       82  718.189   sky130_fd_sc_hd__xor2_1
        2   47.546   sky130_fd_sc_hd__xor3_1

   Chip area for module '$paramod$8392c0aee371eac30cfcd917af9a6c37ac869d3e\pe': 6302.294400
     of which used for sequential elements: 1201.152000 (19.06%)

=== $paramod$0b7bb3c04fde3d6a7ce93ab947875dc9f142c9b5\array ===

        +----------Local Count, excluding submodules.
        |        +-Local Area, excluding submodules.
        |        | 
       35        - wires
      742        - wire bits
       35        - public wires
      742        - public wire bits
        7        - ports
      326        - port bits
        4        - submodules
        4        -   $paramod$f54540ad7336d5de696d02d68f5bbafae082e6af\pe_col

   Chip area for module '$paramod$0b7bb3c04fde3d6a7ce93ab947875dc9f142c9b5\array': 0.000000
     of which used for sequential elements: 0.000000 (-nan%)

=== design hierarchy ===

        +----------Count including submodules.
        |        +-Area including submodules.
        |        | 
    12192 1.01E+05 $paramod$0b7bb3c04fde3d6a7ce93ab947875dc9f142c9b5\array
      762  6.3E+03   $paramod$8392c0aee371eac30cfcd917af9a6c37ac869d3e\pe

        +----------Count including submodules.
        |        +-Area including submodules.
        |        | 
    26243        - wires
    30498        - wire bits
      227        - public wires
     3874        - public wire bits
      147        - ports
     2178        - port bits
        -        - memories
        -        - memory bits
        -        - processes
    12192 1.01E+05 cells
       16  120.115   sky130_fd_sc_hd__a21boi_0
       16  120.115   sky130_fd_sc_hd__a21o_1
      704 3.52E+03   sky130_fd_sc_hd__a21oi_1
       48  360.346   sky130_fd_sc_hd__a22oi_1
       16  140.134   sky130_fd_sc_hd__a2bb2oi_1
       16  140.134   sky130_fd_sc_hd__a31o_1
       32  200.192   sky130_fd_sc_hd__a31oi_1
       32  320.307   sky130_fd_sc_hd__a32o_1
      192  1.2E+03   sky130_fd_sc_hd__and2_0
       64  400.384   sky130_fd_sc_hd__and3_1
       16  140.134   sky130_fd_sc_hd__and4_1
      320  1.2E+03   sky130_fd_sc_hd__clkinv_1
      768 1.92E+04   sky130_fd_sc_hd__dfrtp_1
       48  300.288   sky130_fd_sc_hd__lpflow_inputiso1p_1
      576  3.6E+03   sky130_fd_sc_hd__lpflow_isobufsrc_1
     1024 1.02E+04   sky130_fd_sc_hd__maj3_1
       16  180.173   sky130_fd_sc_hd__mux2_1
     1456 5.47E+03   sky130_fd_sc_hd__nand2_1
      320  2001.92   sky130_fd_sc_hd__nand2b_1
       80  400.384   sky130_fd_sc_hd__nand3_1
       16  120.115   sky130_fd_sc_hd__nand3b_1
       16  100.096   sky130_fd_sc_hd__nand4_1
      640  2.4E+03   sky130_fd_sc_hd__nor2_1
       16  100.096   sky130_fd_sc_hd__nor2b_1
       96  480.461   sky130_fd_sc_hd__nor3_1
       64  480.461   sky130_fd_sc_hd__o21a_1
      944 4.72E+03   sky130_fd_sc_hd__o21ai_0
       16  160.154   sky130_fd_sc_hd__o21ba_1
       16  120.115   sky130_fd_sc_hd__o21bai_1
       64  400.384   sky130_fd_sc_hd__o22ai_1
      160  1.2E+03   sky130_fd_sc_hd__o31ai_1
       16  100.096   sky130_fd_sc_hd__or3_1
     2848 2.49E+04   sky130_fd_sc_hd__xnor2_1
      176 3.96E+03   sky130_fd_sc_hd__xnor3_1
     1312 1.15E+04   sky130_fd_sc_hd__xor2_1
       32   760.73   sky130_fd_sc_hd__xor3_1
        4 1.01E+05 submodules
        4 1.01E+05   $paramod$f54540ad7336d5de696d02d68f5bbafae082e6af\pe_col

   Chip area for top module '$paramod$0b7bb3c04fde3d6a7ce93ab947875dc9f142c9b5\array': 100836.710400
     of which used for sequential elements: 19218.432000 (19.06%)

Renaming module $paramod$0b7bb3c04fde3d6a7ce93ab947875dc9f142c9b5\array to array.

7. Executing Verilog backend.

7.1. Executing BMUXMAP pass.

7.2. Executing DEMUXMAP pass.
Dumping module `$paramod$8392c0aee371eac30cfcd917af9a6c37ac869d3e\pe'.
Dumping module `$paramod$f54540ad7336d5de696d02d68f5bbafae082e6af\pe_col'.
Dumping module `\array'.

End of script. Logfile hash: f07e1f4304, time: 0.80s, user: 0.38s, system: 0.06s, MEM: 50.00 MB peak
Yosys 0.65+71 (git sha1 e56c6a954, g++ 11.4.0-1ubuntu1~22.04.3 -fPIC -O3)
Time spent: 51% 2x abc (0 sec), 14% 3x read_verilog (0 sec), ...
