OpenSTA 3.1.0  Copyright (c) 2026, Parallax Software, Inc.
License GPLv3: GNU GPL version 3 <http://gnu.org/licenses/gpl.html>

This is free software, and you are free to change and redistribute it
under certain conditions; type `show_copying' for details. 
This program comes with ABSOLUTELY NO WARRANTY; for details type `show_warranty'.
Warning 503: timing.tcl line 1, report_checks -group_count is deprecated. Use -group_path_count instead.
Startpoint: gen_col[9].u_pe_col/gen_pe[0].u_pe/_7633_
            (rising edge-triggered flip-flop clocked by clk)
Endpoint: gen_col[10].u_pe_col/gen_pe[0].u_pe/_7711_
          (rising edge-triggered flip-flop clocked by clk)
Path Group: clk
Path Type: max

  Delay    Time   Description
---------------------------------------------------------
   0.00    0.00   clock clk (rise edge)
   0.00    0.00   clock network delay (ideal)
   0.00    0.00 ^ gen_col[9].u_pe_col/gen_pe[0].u_pe/_7633_/CLK (sky130_fd_sc_hd__dfrtp_1)
   0.51    0.51 v gen_col[9].u_pe_col/gen_pe[0].u_pe/_7633_/Q (sky130_fd_sc_hd__dfrtp_1)
   5.38    5.89 ^ gen_col[10].u_pe_col/gen_pe[0].u_pe/_5316_/Y (sky130_fd_sc_hd__a31oi_1)
   0.41    6.30 v gen_col[10].u_pe_col/gen_pe[0].u_pe/_6499_/Y (sky130_fd_sc_hd__xnor2_1)
   0.48    6.78 ^ gen_col[10].u_pe_col/gen_pe[0].u_pe/_6580_/Y (sky130_fd_sc_hd__xnor2_1)
   0.17    6.95 ^ gen_col[10].u_pe_col/gen_pe[0].u_pe/_6581_/Y (sky130_fd_sc_hd__xnor2_1)
   0.17    7.12 ^ gen_col[10].u_pe_col/gen_pe[0].u_pe/_6582_/Y (sky130_fd_sc_hd__xnor2_1)
   0.22    7.34 ^ gen_col[10].u_pe_col/gen_pe[0].u_pe/_6656_/X (sky130_fd_sc_hd__xor2_1)
   0.18    7.52 ^ gen_col[10].u_pe_col/gen_pe[0].u_pe/_6658_/X (sky130_fd_sc_hd__xor2_1)
   0.21    7.74 ^ gen_col[10].u_pe_col/gen_pe[0].u_pe/_6731_/X (sky130_fd_sc_hd__xor2_1)
   0.09    7.83 v gen_col[10].u_pe_col/gen_pe[0].u_pe/_7329_/X (sky130_fd_sc_hd__xor2_1)
   0.07    7.89 ^ gen_col[10].u_pe_col/gen_pe[0].u_pe/_7330_/Y (sky130_fd_sc_hd__clkinv_1)
   0.08    7.97 v gen_col[10].u_pe_col/gen_pe[0].u_pe/_7331_/Y (sky130_fd_sc_hd__a21oi_1)
   0.20    8.18 ^ gen_col[10].u_pe_col/gen_pe[0].u_pe/_7333_/Y (sky130_fd_sc_hd__o21bai_1)
   0.13    8.31 v gen_col[10].u_pe_col/gen_pe[0].u_pe/_7335_/Y (sky130_fd_sc_hd__a21oi_1)
   0.21    8.52 ^ gen_col[10].u_pe_col/gen_pe[0].u_pe/_7339_/Y (sky130_fd_sc_hd__o211ai_1)
   0.13    8.65 v gen_col[10].u_pe_col/gen_pe[0].u_pe/_7341_/Y (sky130_fd_sc_hd__a31oi_1)
   0.31    8.96 ^ gen_col[10].u_pe_col/gen_pe[0].u_pe/_7344_/Y (sky130_fd_sc_hd__o21ai_0)
   0.17    9.13 v gen_col[10].u_pe_col/gen_pe[0].u_pe/_7348_/Y (sky130_fd_sc_hd__a211oi_1)
   0.43    9.56 ^ gen_col[10].u_pe_col/gen_pe[0].u_pe/_7351_/Y (sky130_fd_sc_hd__o311ai_0)
   0.18    9.74 v gen_col[10].u_pe_col/gen_pe[0].u_pe/_7354_/Y (sky130_fd_sc_hd__a311oi_1)
   0.31   10.05 ^ gen_col[10].u_pe_col/gen_pe[0].u_pe/_7356_/Y (sky130_fd_sc_hd__o31ai_1)
   0.14   10.19 v gen_col[10].u_pe_col/gen_pe[0].u_pe/_7358_/Y (sky130_fd_sc_hd__a21oi_1)
   0.26   10.44 ^ gen_col[10].u_pe_col/gen_pe[0].u_pe/_7360_/Y (sky130_fd_sc_hd__o21ai_0)
   0.19   10.63 ^ gen_col[10].u_pe_col/gen_pe[0].u_pe/_7362_/X (sky130_fd_sc_hd__a21o_1)
   0.09   10.72 v gen_col[10].u_pe_col/gen_pe[0].u_pe/_7365_/Y (sky130_fd_sc_hd__a211oi_1)
   0.44   11.16 ^ gen_col[10].u_pe_col/gen_pe[0].u_pe/_7368_/Y (sky130_fd_sc_hd__o311ai_0)
   0.22   11.37 v gen_col[10].u_pe_col/gen_pe[0].u_pe/_7371_/Y (sky130_fd_sc_hd__a311oi_1)
   0.43   11.81 ^ gen_col[10].u_pe_col/gen_pe[0].u_pe/_7374_/Y (sky130_fd_sc_hd__o311ai_0)
   0.21   12.02 v gen_col[10].u_pe_col/gen_pe[0].u_pe/_7377_/Y (sky130_fd_sc_hd__a311oi_1)
   0.38   12.39 ^ gen_col[10].u_pe_col/gen_pe[0].u_pe/_7380_/Y (sky130_fd_sc_hd__o311ai_0)
   0.18   12.57 v gen_col[10].u_pe_col/gen_pe[0].u_pe/_7382_/Y (sky130_fd_sc_hd__a31oi_1)
   0.41   12.98 v gen_col[10].u_pe_col/gen_pe[0].u_pe/_7384_/X (sky130_fd_sc_hd__maj3_1)
   0.28   13.27 ^ gen_col[10].u_pe_col/gen_pe[0].u_pe/_7388_/Y (sky130_fd_sc_hd__o211ai_1)
   0.18   13.45 v gen_col[10].u_pe_col/gen_pe[0].u_pe/_7391_/Y (sky130_fd_sc_hd__a311oi_1)
   0.46   13.90 ^ gen_col[10].u_pe_col/gen_pe[0].u_pe/_7394_/Y (sky130_fd_sc_hd__o311ai_0)
   0.19   14.10 v gen_col[10].u_pe_col/gen_pe[0].u_pe/_7396_/Y (sky130_fd_sc_hd__a31oi_1)
   0.40   14.50 v gen_col[10].u_pe_col/gen_pe[0].u_pe/_7398_/X (sky130_fd_sc_hd__maj3_1)
   0.39   14.89 v gen_col[10].u_pe_col/gen_pe[0].u_pe/_7400_/X (sky130_fd_sc_hd__maj3_1)
   0.39   15.29 v gen_col[10].u_pe_col/gen_pe[0].u_pe/_7402_/X (sky130_fd_sc_hd__maj3_1)
   0.40   15.69 v gen_col[10].u_pe_col/gen_pe[0].u_pe/_7404_/X (sky130_fd_sc_hd__maj3_1)
   0.31   16.00 v gen_col[10].u_pe_col/gen_pe[0].u_pe/_7406_/X (sky130_fd_sc_hd__a211o_1)
   0.16   16.16 v gen_col[10].u_pe_col/gen_pe[0].u_pe/_7596_/X (sky130_fd_sc_hd__and3_1)
   0.17   16.33 ^ gen_col[10].u_pe_col/gen_pe[0].u_pe/_7597_/Y (sky130_fd_sc_hd__o31ai_1)
   0.00   16.33 ^ gen_col[10].u_pe_col/gen_pe[0].u_pe/_7711_/D (sky130_fd_sc_hd__dfrtp_1)
          16.33   data arrival time

  20.00   20.00   clock clk (rise edge)
   0.00   20.00   clock network delay (ideal)
   0.00   20.00   clock reconvergence pessimism
          20.00 ^ gen_col[10].u_pe_col/gen_pe[0].u_pe/_7711_/CLK (sky130_fd_sc_hd__dfrtp_1)
  -0.10   19.90   library setup time
          19.90   data required time
---------------------------------------------------------
          19.90   data required time
         -16.33   data arrival time
---------------------------------------------------------
           3.58   slack (MET)


Startpoint: gen_col[9].u_pe_col/gen_pe[10].u_pe/_7633_
            (rising edge-triggered flip-flop clocked by clk)
Endpoint: gen_col[10].u_pe_col/gen_pe[10].u_pe/_7711_
          (rising edge-triggered flip-flop clocked by clk)
Path Group: clk
Path Type: max

  Delay    Time   Description
---------------------------------------------------------
   0.00    0.00   clock clk (rise edge)
   0.00    0.00   clock network delay (ideal)
   0.00    0.00 ^ gen_col[9].u_pe_col/gen_pe[10].u_pe/_7633_/CLK (sky130_fd_sc_hd__dfrtp_1)
   0.51    0.51 v gen_col[9].u_pe_col/gen_pe[10].u_pe/_7633_/Q (sky130_fd_sc_hd__dfrtp_1)
   5.38    5.89 ^ gen_col[10].u_pe_col/gen_pe[10].u_pe/_5316_/Y (sky130_fd_sc_hd__a31oi_1)
   0.41    6.30 v gen_col[10].u_pe_col/gen_pe[10].u_pe/_6499_/Y (sky130_fd_sc_hd__xnor2_1)
   0.48    6.78 ^ gen_col[10].u_pe_col/gen_pe[10].u_pe/_6580_/Y (sky130_fd_sc_hd__xnor2_1)
   0.17    6.95 ^ gen_col[10].u_pe_col/gen_pe[10].u_pe/_6581_/Y (sky130_fd_sc_hd__xnor2_1)
   0.17    7.12 ^ gen_col[10].u_pe_col/gen_pe[10].u_pe/_6582_/Y (sky130_fd_sc_hd__xnor2_1)
   0.22    7.34 ^ gen_col[10].u_pe_col/gen_pe[10].u_pe/_6656_/X (sky130_fd_sc_hd__xor2_1)
   0.18    7.52 ^ gen_col[10].u_pe_col/gen_pe[10].u_pe/_6658_/X (sky130_fd_sc_hd__xor2_1)
   0.21    7.74 ^ gen_col[10].u_pe_col/gen_pe[10].u_pe/_6731_/X (sky130_fd_sc_hd__xor2_1)
   0.09    7.83 v gen_col[10].u_pe_col/gen_pe[10].u_pe/_7329_/X (sky130_fd_sc_hd__xor2_1)
   0.07    7.89 ^ gen_col[10].u_pe_col/gen_pe[10].u_pe/_7330_/Y (sky130_fd_sc_hd__clkinv_1)
   0.08    7.97 v gen_col[10].u_pe_col/gen_pe[10].u_pe/_7331_/Y (sky130_fd_sc_hd__a21oi_1)
   0.20    8.18 ^ gen_col[10].u_pe_col/gen_pe[10].u_pe/_7333_/Y (sky130_fd_sc_hd__o21bai_1)
   0.13    8.31 v gen_col[10].u_pe_col/gen_pe[10].u_pe/_7335_/Y (sky130_fd_sc_hd__a21oi_1)
   0.21    8.52 ^ gen_col[10].u_pe_col/gen_pe[10].u_pe/_7339_/Y (sky130_fd_sc_hd__o211ai_1)
   0.13    8.65 v gen_col[10].u_pe_col/gen_pe[10].u_pe/_7341_/Y (sky130_fd_sc_hd__a31oi_1)
   0.31    8.96 ^ gen_col[10].u_pe_col/gen_pe[10].u_pe/_7344_/Y (sky130_fd_sc_hd__o21ai_0)
   0.17    9.13 v gen_col[10].u_pe_col/gen_pe[10].u_pe/_7348_/Y (sky130_fd_sc_hd__a211oi_1)
   0.43    9.56 ^ gen_col[10].u_pe_col/gen_pe[10].u_pe/_7351_/Y (sky130_fd_sc_hd__o311ai_0)
   0.18    9.74 v gen_col[10].u_pe_col/gen_pe[10].u_pe/_7354_/Y (sky130_fd_sc_hd__a311oi_1)
   0.31   10.05 ^ gen_col[10].u_pe_col/gen_pe[10].u_pe/_7356_/Y (sky130_fd_sc_hd__o31ai_1)
   0.14   10.19 v gen_col[10].u_pe_col/gen_pe[10].u_pe/_7358_/Y (sky130_fd_sc_hd__a21oi_1)
   0.26   10.44 ^ gen_col[10].u_pe_col/gen_pe[10].u_pe/_7360_/Y (sky130_fd_sc_hd__o21ai_0)
   0.19   10.63 ^ gen_col[10].u_pe_col/gen_pe[10].u_pe/_7362_/X (sky130_fd_sc_hd__a21o_1)
   0.09   10.72 v gen_col[10].u_pe_col/gen_pe[10].u_pe/_7365_/Y (sky130_fd_sc_hd__a211oi_1)
   0.44   11.16 ^ gen_col[10].u_pe_col/gen_pe[10].u_pe/_7368_/Y (sky130_fd_sc_hd__o311ai_0)
   0.22   11.37 v gen_col[10].u_pe_col/gen_pe[10].u_pe/_7371_/Y (sky130_fd_sc_hd__a311oi_1)
   0.43   11.81 ^ gen_col[10].u_pe_col/gen_pe[10].u_pe/_7374_/Y (sky130_fd_sc_hd__o311ai_0)
   0.21   12.02 v gen_col[10].u_pe_col/gen_pe[10].u_pe/_7377_/Y (sky130_fd_sc_hd__a311oi_1)
   0.38   12.39 ^ gen_col[10].u_pe_col/gen_pe[10].u_pe/_7380_/Y (sky130_fd_sc_hd__o311ai_0)
   0.18   12.57 v gen_col[10].u_pe_col/gen_pe[10].u_pe/_7382_/Y (sky130_fd_sc_hd__a31oi_1)
   0.41   12.98 v gen_col[10].u_pe_col/gen_pe[10].u_pe/_7384_/X (sky130_fd_sc_hd__maj3_1)
   0.28   13.27 ^ gen_col[10].u_pe_col/gen_pe[10].u_pe/_7388_/Y (sky130_fd_sc_hd__o211ai_1)
   0.18   13.45 v gen_col[10].u_pe_col/gen_pe[10].u_pe/_7391_/Y (sky130_fd_sc_hd__a311oi_1)
   0.46   13.90 ^ gen_col[10].u_pe_col/gen_pe[10].u_pe/_7394_/Y (sky130_fd_sc_hd__o311ai_0)
   0.19   14.10 v gen_col[10].u_pe_col/gen_pe[10].u_pe/_7396_/Y (sky130_fd_sc_hd__a31oi_1)
   0.40   14.50 v gen_col[10].u_pe_col/gen_pe[10].u_pe/_7398_/X (sky130_fd_sc_hd__maj3_1)
   0.39   14.89 v gen_col[10].u_pe_col/gen_pe[10].u_pe/_7400_/X (sky130_fd_sc_hd__maj3_1)
   0.39   15.29 v gen_col[10].u_pe_col/gen_pe[10].u_pe/_7402_/X (sky130_fd_sc_hd__maj3_1)
   0.40   15.69 v gen_col[10].u_pe_col/gen_pe[10].u_pe/_7404_/X (sky130_fd_sc_hd__maj3_1)
   0.31   16.00 v gen_col[10].u_pe_col/gen_pe[10].u_pe/_7406_/X (sky130_fd_sc_hd__a211o_1)
   0.16   16.16 v gen_col[10].u_pe_col/gen_pe[10].u_pe/_7596_/X (sky130_fd_sc_hd__and3_1)
   0.17   16.33 ^ gen_col[10].u_pe_col/gen_pe[10].u_pe/_7597_/Y (sky130_fd_sc_hd__o31ai_1)
   0.00   16.33 ^ gen_col[10].u_pe_col/gen_pe[10].u_pe/_7711_/D (sky130_fd_sc_hd__dfrtp_1)
          16.33   data arrival time

  20.00   20.00   clock clk (rise edge)
   0.00   20.00   clock network delay (ideal)
   0.00   20.00   clock reconvergence pessimism
          20.00 ^ gen_col[10].u_pe_col/gen_pe[10].u_pe/_7711_/CLK (sky130_fd_sc_hd__dfrtp_1)
  -0.10   19.90   library setup time
          19.90   data required time
---------------------------------------------------------
          19.90   data required time
         -16.33   data arrival time
---------------------------------------------------------
           3.58   slack (MET)


Startpoint: gen_col[9].u_pe_col/gen_pe[11].u_pe/_7633_
            (rising edge-triggered flip-flop clocked by clk)
Endpoint: gen_col[10].u_pe_col/gen_pe[11].u_pe/_7711_
          (rising edge-triggered flip-flop clocked by clk)
Path Group: clk
Path Type: max

  Delay    Time   Description
---------------------------------------------------------
   0.00    0.00   clock clk (rise edge)
   0.00    0.00   clock network delay (ideal)
   0.00    0.00 ^ gen_col[9].u_pe_col/gen_pe[11].u_pe/_7633_/CLK (sky130_fd_sc_hd__dfrtp_1)
   0.51    0.51 v gen_col[9].u_pe_col/gen_pe[11].u_pe/_7633_/Q (sky130_fd_sc_hd__dfrtp_1)
   5.38    5.89 ^ gen_col[10].u_pe_col/gen_pe[11].u_pe/_5316_/Y (sky130_fd_sc_hd__a31oi_1)
   0.41    6.30 v gen_col[10].u_pe_col/gen_pe[11].u_pe/_6499_/Y (sky130_fd_sc_hd__xnor2_1)
   0.48    6.78 ^ gen_col[10].u_pe_col/gen_pe[11].u_pe/_6580_/Y (sky130_fd_sc_hd__xnor2_1)
   0.17    6.95 ^ gen_col[10].u_pe_col/gen_pe[11].u_pe/_6581_/Y (sky130_fd_sc_hd__xnor2_1)
   0.17    7.12 ^ gen_col[10].u_pe_col/gen_pe[11].u_pe/_6582_/Y (sky130_fd_sc_hd__xnor2_1)
   0.22    7.34 ^ gen_col[10].u_pe_col/gen_pe[11].u_pe/_6656_/X (sky130_fd_sc_hd__xor2_1)
   0.18    7.52 ^ gen_col[10].u_pe_col/gen_pe[11].u_pe/_6658_/X (sky130_fd_sc_hd__xor2_1)
   0.21    7.74 ^ gen_col[10].u_pe_col/gen_pe[11].u_pe/_6731_/X (sky130_fd_sc_hd__xor2_1)
   0.09    7.83 v gen_col[10].u_pe_col/gen_pe[11].u_pe/_7329_/X (sky130_fd_sc_hd__xor2_1)
   0.07    7.89 ^ gen_col[10].u_pe_col/gen_pe[11].u_pe/_7330_/Y (sky130_fd_sc_hd__clkinv_1)
   0.08    7.97 v gen_col[10].u_pe_col/gen_pe[11].u_pe/_7331_/Y (sky130_fd_sc_hd__a21oi_1)
   0.20    8.18 ^ gen_col[10].u_pe_col/gen_pe[11].u_pe/_7333_/Y (sky130_fd_sc_hd__o21bai_1)
   0.13    8.31 v gen_col[10].u_pe_col/gen_pe[11].u_pe/_7335_/Y (sky130_fd_sc_hd__a21oi_1)
   0.21    8.52 ^ gen_col[10].u_pe_col/gen_pe[11].u_pe/_7339_/Y (sky130_fd_sc_hd__o211ai_1)
   0.13    8.65 v gen_col[10].u_pe_col/gen_pe[11].u_pe/_7341_/Y (sky130_fd_sc_hd__a31oi_1)
   0.31    8.96 ^ gen_col[10].u_pe_col/gen_pe[11].u_pe/_7344_/Y (sky130_fd_sc_hd__o21ai_0)
   0.17    9.13 v gen_col[10].u_pe_col/gen_pe[11].u_pe/_7348_/Y (sky130_fd_sc_hd__a211oi_1)
   0.43    9.56 ^ gen_col[10].u_pe_col/gen_pe[11].u_pe/_7351_/Y (sky130_fd_sc_hd__o311ai_0)
   0.18    9.74 v gen_col[10].u_pe_col/gen_pe[11].u_pe/_7354_/Y (sky130_fd_sc_hd__a311oi_1)
   0.31   10.05 ^ gen_col[10].u_pe_col/gen_pe[11].u_pe/_7356_/Y (sky130_fd_sc_hd__o31ai_1)
   0.14   10.19 v gen_col[10].u_pe_col/gen_pe[11].u_pe/_7358_/Y (sky130_fd_sc_hd__a21oi_1)
   0.26   10.44 ^ gen_col[10].u_pe_col/gen_pe[11].u_pe/_7360_/Y (sky130_fd_sc_hd__o21ai_0)
   0.19   10.63 ^ gen_col[10].u_pe_col/gen_pe[11].u_pe/_7362_/X (sky130_fd_sc_hd__a21o_1)
   0.09   10.72 v gen_col[10].u_pe_col/gen_pe[11].u_pe/_7365_/Y (sky130_fd_sc_hd__a211oi_1)
   0.44   11.16 ^ gen_col[10].u_pe_col/gen_pe[11].u_pe/_7368_/Y (sky130_fd_sc_hd__o311ai_0)
   0.22   11.37 v gen_col[10].u_pe_col/gen_pe[11].u_pe/_7371_/Y (sky130_fd_sc_hd__a311oi_1)
   0.43   11.81 ^ gen_col[10].u_pe_col/gen_pe[11].u_pe/_7374_/Y (sky130_fd_sc_hd__o311ai_0)
   0.21   12.02 v gen_col[10].u_pe_col/gen_pe[11].u_pe/_7377_/Y (sky130_fd_sc_hd__a311oi_1)
   0.38   12.39 ^ gen_col[10].u_pe_col/gen_pe[11].u_pe/_7380_/Y (sky130_fd_sc_hd__o311ai_0)
   0.18   12.57 v gen_col[10].u_pe_col/gen_pe[11].u_pe/_7382_/Y (sky130_fd_sc_hd__a31oi_1)
   0.41   12.98 v gen_col[10].u_pe_col/gen_pe[11].u_pe/_7384_/X (sky130_fd_sc_hd__maj3_1)
   0.28   13.27 ^ gen_col[10].u_pe_col/gen_pe[11].u_pe/_7388_/Y (sky130_fd_sc_hd__o211ai_1)
   0.18   13.45 v gen_col[10].u_pe_col/gen_pe[11].u_pe/_7391_/Y (sky130_fd_sc_hd__a311oi_1)
   0.46   13.90 ^ gen_col[10].u_pe_col/gen_pe[11].u_pe/_7394_/Y (sky130_fd_sc_hd__o311ai_0)
   0.19   14.10 v gen_col[10].u_pe_col/gen_pe[11].u_pe/_7396_/Y (sky130_fd_sc_hd__a31oi_1)
   0.40   14.50 v gen_col[10].u_pe_col/gen_pe[11].u_pe/_7398_/X (sky130_fd_sc_hd__maj3_1)
   0.39   14.89 v gen_col[10].u_pe_col/gen_pe[11].u_pe/_7400_/X (sky130_fd_sc_hd__maj3_1)
   0.39   15.29 v gen_col[10].u_pe_col/gen_pe[11].u_pe/_7402_/X (sky130_fd_sc_hd__maj3_1)
   0.40   15.69 v gen_col[10].u_pe_col/gen_pe[11].u_pe/_7404_/X (sky130_fd_sc_hd__maj3_1)
   0.31   16.00 v gen_col[10].u_pe_col/gen_pe[11].u_pe/_7406_/X (sky130_fd_sc_hd__a211o_1)
   0.16   16.16 v gen_col[10].u_pe_col/gen_pe[11].u_pe/_7596_/X (sky130_fd_sc_hd__and3_1)
   0.17   16.33 ^ gen_col[10].u_pe_col/gen_pe[11].u_pe/_7597_/Y (sky130_fd_sc_hd__o31ai_1)
   0.00   16.33 ^ gen_col[10].u_pe_col/gen_pe[11].u_pe/_7711_/D (sky130_fd_sc_hd__dfrtp_1)
          16.33   data arrival time

  20.00   20.00   clock clk (rise edge)
   0.00   20.00   clock network delay (ideal)
   0.00   20.00   clock reconvergence pessimism
          20.00 ^ gen_col[10].u_pe_col/gen_pe[11].u_pe/_7711_/CLK (sky130_fd_sc_hd__dfrtp_1)
  -0.10   19.90   library setup time
          19.90   data required time
---------------------------------------------------------
          19.90   data required time
         -16.33   data arrival time
---------------------------------------------------------
           3.58   slack (MET)


Startpoint: gen_col[9].u_pe_col/gen_pe[12].u_pe/_7633_
            (rising edge-triggered flip-flop clocked by clk)
Endpoint: gen_col[10].u_pe_col/gen_pe[12].u_pe/_7711_
          (rising edge-triggered flip-flop clocked by clk)
Path Group: clk
Path Type: max

  Delay    Time   Description
---------------------------------------------------------
   0.00    0.00   clock clk (rise edge)
   0.00    0.00   clock network delay (ideal)
   0.00    0.00 ^ gen_col[9].u_pe_col/gen_pe[12].u_pe/_7633_/CLK (sky130_fd_sc_hd__dfrtp_1)
   0.51    0.51 v gen_col[9].u_pe_col/gen_pe[12].u_pe/_7633_/Q (sky130_fd_sc_hd__dfrtp_1)
   5.38    5.89 ^ gen_col[10].u_pe_col/gen_pe[12].u_pe/_5316_/Y (sky130_fd_sc_hd__a31oi_1)
   0.41    6.30 v gen_col[10].u_pe_col/gen_pe[12].u_pe/_6499_/Y (sky130_fd_sc_hd__xnor2_1)
   0.48    6.78 ^ gen_col[10].u_pe_col/gen_pe[12].u_pe/_6580_/Y (sky130_fd_sc_hd__xnor2_1)
   0.17    6.95 ^ gen_col[10].u_pe_col/gen_pe[12].u_pe/_6581_/Y (sky130_fd_sc_hd__xnor2_1)
   0.17    7.12 ^ gen_col[10].u_pe_col/gen_pe[12].u_pe/_6582_/Y (sky130_fd_sc_hd__xnor2_1)
   0.22    7.34 ^ gen_col[10].u_pe_col/gen_pe[12].u_pe/_6656_/X (sky130_fd_sc_hd__xor2_1)
   0.18    7.52 ^ gen_col[10].u_pe_col/gen_pe[12].u_pe/_6658_/X (sky130_fd_sc_hd__xor2_1)
   0.21    7.74 ^ gen_col[10].u_pe_col/gen_pe[12].u_pe/_6731_/X (sky130_fd_sc_hd__xor2_1)
   0.09    7.83 v gen_col[10].u_pe_col/gen_pe[12].u_pe/_7329_/X (sky130_fd_sc_hd__xor2_1)
   0.07    7.89 ^ gen_col[10].u_pe_col/gen_pe[12].u_pe/_7330_/Y (sky130_fd_sc_hd__clkinv_1)
   0.08    7.97 v gen_col[10].u_pe_col/gen_pe[12].u_pe/_7331_/Y (sky130_fd_sc_hd__a21oi_1)
   0.20    8.18 ^ gen_col[10].u_pe_col/gen_pe[12].u_pe/_7333_/Y (sky130_fd_sc_hd__o21bai_1)
   0.13    8.31 v gen_col[10].u_pe_col/gen_pe[12].u_pe/_7335_/Y (sky130_fd_sc_hd__a21oi_1)
   0.21    8.52 ^ gen_col[10].u_pe_col/gen_pe[12].u_pe/_7339_/Y (sky130_fd_sc_hd__o211ai_1)
   0.13    8.65 v gen_col[10].u_pe_col/gen_pe[12].u_pe/_7341_/Y (sky130_fd_sc_hd__a31oi_1)
   0.31    8.96 ^ gen_col[10].u_pe_col/gen_pe[12].u_pe/_7344_/Y (sky130_fd_sc_hd__o21ai_0)
   0.17    9.13 v gen_col[10].u_pe_col/gen_pe[12].u_pe/_7348_/Y (sky130_fd_sc_hd__a211oi_1)
   0.43    9.56 ^ gen_col[10].u_pe_col/gen_pe[12].u_pe/_7351_/Y (sky130_fd_sc_hd__o311ai_0)
   0.18    9.74 v gen_col[10].u_pe_col/gen_pe[12].u_pe/_7354_/Y (sky130_fd_sc_hd__a311oi_1)
   0.31   10.05 ^ gen_col[10].u_pe_col/gen_pe[12].u_pe/_7356_/Y (sky130_fd_sc_hd__o31ai_1)
   0.14   10.19 v gen_col[10].u_pe_col/gen_pe[12].u_pe/_7358_/Y (sky130_fd_sc_hd__a21oi_1)
   0.26   10.44 ^ gen_col[10].u_pe_col/gen_pe[12].u_pe/_7360_/Y (sky130_fd_sc_hd__o21ai_0)
   0.19   10.63 ^ gen_col[10].u_pe_col/gen_pe[12].u_pe/_7362_/X (sky130_fd_sc_hd__a21o_1)
   0.09   10.72 v gen_col[10].u_pe_col/gen_pe[12].u_pe/_7365_/Y (sky130_fd_sc_hd__a211oi_1)
   0.44   11.16 ^ gen_col[10].u_pe_col/gen_pe[12].u_pe/_7368_/Y (sky130_fd_sc_hd__o311ai_0)
   0.22   11.37 v gen_col[10].u_pe_col/gen_pe[12].u_pe/_7371_/Y (sky130_fd_sc_hd__a311oi_1)
   0.43   11.81 ^ gen_col[10].u_pe_col/gen_pe[12].u_pe/_7374_/Y (sky130_fd_sc_hd__o311ai_0)
   0.21   12.02 v gen_col[10].u_pe_col/gen_pe[12].u_pe/_7377_/Y (sky130_fd_sc_hd__a311oi_1)
   0.38   12.39 ^ gen_col[10].u_pe_col/gen_pe[12].u_pe/_7380_/Y (sky130_fd_sc_hd__o311ai_0)
   0.18   12.57 v gen_col[10].u_pe_col/gen_pe[12].u_pe/_7382_/Y (sky130_fd_sc_hd__a31oi_1)
   0.41   12.98 v gen_col[10].u_pe_col/gen_pe[12].u_pe/_7384_/X (sky130_fd_sc_hd__maj3_1)
   0.28   13.27 ^ gen_col[10].u_pe_col/gen_pe[12].u_pe/_7388_/Y (sky130_fd_sc_hd__o211ai_1)
   0.18   13.45 v gen_col[10].u_pe_col/gen_pe[12].u_pe/_7391_/Y (sky130_fd_sc_hd__a311oi_1)
   0.46   13.90 ^ gen_col[10].u_pe_col/gen_pe[12].u_pe/_7394_/Y (sky130_fd_sc_hd__o311ai_0)
   0.19   14.10 v gen_col[10].u_pe_col/gen_pe[12].u_pe/_7396_/Y (sky130_fd_sc_hd__a31oi_1)
   0.40   14.50 v gen_col[10].u_pe_col/gen_pe[12].u_pe/_7398_/X (sky130_fd_sc_hd__maj3_1)
   0.39   14.89 v gen_col[10].u_pe_col/gen_pe[12].u_pe/_7400_/X (sky130_fd_sc_hd__maj3_1)
   0.39   15.29 v gen_col[10].u_pe_col/gen_pe[12].u_pe/_7402_/X (sky130_fd_sc_hd__maj3_1)
   0.40   15.69 v gen_col[10].u_pe_col/gen_pe[12].u_pe/_7404_/X (sky130_fd_sc_hd__maj3_1)
   0.31   16.00 v gen_col[10].u_pe_col/gen_pe[12].u_pe/_7406_/X (sky130_fd_sc_hd__a211o_1)
   0.16   16.16 v gen_col[10].u_pe_col/gen_pe[12].u_pe/_7596_/X (sky130_fd_sc_hd__and3_1)
   0.17   16.33 ^ gen_col[10].u_pe_col/gen_pe[12].u_pe/_7597_/Y (sky130_fd_sc_hd__o31ai_1)
   0.00   16.33 ^ gen_col[10].u_pe_col/gen_pe[12].u_pe/_7711_/D (sky130_fd_sc_hd__dfrtp_1)
          16.33   data arrival time

  20.00   20.00   clock clk (rise edge)
   0.00   20.00   clock network delay (ideal)
   0.00   20.00   clock reconvergence pessimism
          20.00 ^ gen_col[10].u_pe_col/gen_pe[12].u_pe/_7711_/CLK (sky130_fd_sc_hd__dfrtp_1)
  -0.10   19.90   library setup time
          19.90   data required time
---------------------------------------------------------
          19.90   data required time
         -16.33   data arrival time
---------------------------------------------------------
           3.58   slack (MET)


Startpoint: gen_col[9].u_pe_col/gen_pe[13].u_pe/_7633_
            (rising edge-triggered flip-flop clocked by clk)
Endpoint: gen_col[10].u_pe_col/gen_pe[13].u_pe/_7711_
          (rising edge-triggered flip-flop clocked by clk)
Path Group: clk
Path Type: max

  Delay    Time   Description
---------------------------------------------------------
   0.00    0.00   clock clk (rise edge)
   0.00    0.00   clock network delay (ideal)
   0.00    0.00 ^ gen_col[9].u_pe_col/gen_pe[13].u_pe/_7633_/CLK (sky130_fd_sc_hd__dfrtp_1)
   0.51    0.51 v gen_col[9].u_pe_col/gen_pe[13].u_pe/_7633_/Q (sky130_fd_sc_hd__dfrtp_1)
   5.38    5.89 ^ gen_col[10].u_pe_col/gen_pe[13].u_pe/_5316_/Y (sky130_fd_sc_hd__a31oi_1)
   0.41    6.30 v gen_col[10].u_pe_col/gen_pe[13].u_pe/_6499_/Y (sky130_fd_sc_hd__xnor2_1)
   0.48    6.78 ^ gen_col[10].u_pe_col/gen_pe[13].u_pe/_6580_/Y (sky130_fd_sc_hd__xnor2_1)
   0.17    6.95 ^ gen_col[10].u_pe_col/gen_pe[13].u_pe/_6581_/Y (sky130_fd_sc_hd__xnor2_1)
   0.17    7.12 ^ gen_col[10].u_pe_col/gen_pe[13].u_pe/_6582_/Y (sky130_fd_sc_hd__xnor2_1)
   0.22    7.34 ^ gen_col[10].u_pe_col/gen_pe[13].u_pe/_6656_/X (sky130_fd_sc_hd__xor2_1)
   0.18    7.52 ^ gen_col[10].u_pe_col/gen_pe[13].u_pe/_6658_/X (sky130_fd_sc_hd__xor2_1)
   0.21    7.74 ^ gen_col[10].u_pe_col/gen_pe[13].u_pe/_6731_/X (sky130_fd_sc_hd__xor2_1)
   0.09    7.83 v gen_col[10].u_pe_col/gen_pe[13].u_pe/_7329_/X (sky130_fd_sc_hd__xor2_1)
   0.07    7.89 ^ gen_col[10].u_pe_col/gen_pe[13].u_pe/_7330_/Y (sky130_fd_sc_hd__clkinv_1)
   0.08    7.97 v gen_col[10].u_pe_col/gen_pe[13].u_pe/_7331_/Y (sky130_fd_sc_hd__a21oi_1)
   0.20    8.18 ^ gen_col[10].u_pe_col/gen_pe[13].u_pe/_7333_/Y (sky130_fd_sc_hd__o21bai_1)
   0.13    8.31 v gen_col[10].u_pe_col/gen_pe[13].u_pe/_7335_/Y (sky130_fd_sc_hd__a21oi_1)
   0.21    8.52 ^ gen_col[10].u_pe_col/gen_pe[13].u_pe/_7339_/Y (sky130_fd_sc_hd__o211ai_1)
   0.13    8.65 v gen_col[10].u_pe_col/gen_pe[13].u_pe/_7341_/Y (sky130_fd_sc_hd__a31oi_1)
   0.31    8.96 ^ gen_col[10].u_pe_col/gen_pe[13].u_pe/_7344_/Y (sky130_fd_sc_hd__o21ai_0)
   0.17    9.13 v gen_col[10].u_pe_col/gen_pe[13].u_pe/_7348_/Y (sky130_fd_sc_hd__a211oi_1)
   0.43    9.56 ^ gen_col[10].u_pe_col/gen_pe[13].u_pe/_7351_/Y (sky130_fd_sc_hd__o311ai_0)
   0.18    9.74 v gen_col[10].u_pe_col/gen_pe[13].u_pe/_7354_/Y (sky130_fd_sc_hd__a311oi_1)
   0.31   10.05 ^ gen_col[10].u_pe_col/gen_pe[13].u_pe/_7356_/Y (sky130_fd_sc_hd__o31ai_1)
   0.14   10.19 v gen_col[10].u_pe_col/gen_pe[13].u_pe/_7358_/Y (sky130_fd_sc_hd__a21oi_1)
   0.26   10.44 ^ gen_col[10].u_pe_col/gen_pe[13].u_pe/_7360_/Y (sky130_fd_sc_hd__o21ai_0)
   0.19   10.63 ^ gen_col[10].u_pe_col/gen_pe[13].u_pe/_7362_/X (sky130_fd_sc_hd__a21o_1)
   0.09   10.72 v gen_col[10].u_pe_col/gen_pe[13].u_pe/_7365_/Y (sky130_fd_sc_hd__a211oi_1)
   0.44   11.16 ^ gen_col[10].u_pe_col/gen_pe[13].u_pe/_7368_/Y (sky130_fd_sc_hd__o311ai_0)
   0.22   11.37 v gen_col[10].u_pe_col/gen_pe[13].u_pe/_7371_/Y (sky130_fd_sc_hd__a311oi_1)
   0.43   11.81 ^ gen_col[10].u_pe_col/gen_pe[13].u_pe/_7374_/Y (sky130_fd_sc_hd__o311ai_0)
   0.21   12.02 v gen_col[10].u_pe_col/gen_pe[13].u_pe/_7377_/Y (sky130_fd_sc_hd__a311oi_1)
   0.38   12.39 ^ gen_col[10].u_pe_col/gen_pe[13].u_pe/_7380_/Y (sky130_fd_sc_hd__o311ai_0)
   0.18   12.57 v gen_col[10].u_pe_col/gen_pe[13].u_pe/_7382_/Y (sky130_fd_sc_hd__a31oi_1)
   0.41   12.98 v gen_col[10].u_pe_col/gen_pe[13].u_pe/_7384_/X (sky130_fd_sc_hd__maj3_1)
   0.28   13.27 ^ gen_col[10].u_pe_col/gen_pe[13].u_pe/_7388_/Y (sky130_fd_sc_hd__o211ai_1)
   0.18   13.45 v gen_col[10].u_pe_col/gen_pe[13].u_pe/_7391_/Y (sky130_fd_sc_hd__a311oi_1)
   0.46   13.90 ^ gen_col[10].u_pe_col/gen_pe[13].u_pe/_7394_/Y (sky130_fd_sc_hd__o311ai_0)
   0.19   14.10 v gen_col[10].u_pe_col/gen_pe[13].u_pe/_7396_/Y (sky130_fd_sc_hd__a31oi_1)
   0.40   14.50 v gen_col[10].u_pe_col/gen_pe[13].u_pe/_7398_/X (sky130_fd_sc_hd__maj3_1)
   0.39   14.89 v gen_col[10].u_pe_col/gen_pe[13].u_pe/_7400_/X (sky130_fd_sc_hd__maj3_1)
   0.39   15.29 v gen_col[10].u_pe_col/gen_pe[13].u_pe/_7402_/X (sky130_fd_sc_hd__maj3_1)
   0.40   15.69 v gen_col[10].u_pe_col/gen_pe[13].u_pe/_7404_/X (sky130_fd_sc_hd__maj3_1)
   0.31   16.00 v gen_col[10].u_pe_col/gen_pe[13].u_pe/_7406_/X (sky130_fd_sc_hd__a211o_1)
   0.16   16.16 v gen_col[10].u_pe_col/gen_pe[13].u_pe/_7596_/X (sky130_fd_sc_hd__and3_1)
   0.17   16.33 ^ gen_col[10].u_pe_col/gen_pe[13].u_pe/_7597_/Y (sky130_fd_sc_hd__o31ai_1)
   0.00   16.33 ^ gen_col[10].u_pe_col/gen_pe[13].u_pe/_7711_/D (sky130_fd_sc_hd__dfrtp_1)
          16.33   data arrival time

  20.00   20.00   clock clk (rise edge)
   0.00   20.00   clock network delay (ideal)
   0.00   20.00   clock reconvergence pessimism
          20.00 ^ gen_col[10].u_pe_col/gen_pe[13].u_pe/_7711_/CLK (sky130_fd_sc_hd__dfrtp_1)
  -0.10   19.90   library setup time
          19.90   data required time
---------------------------------------------------------
          19.90   data required time
         -16.33   data arrival time
---------------------------------------------------------
           3.58   slack (MET)


Timing Analysis Completed.
