
 /----------------------------------------------------------------------------\
 |  yosys -- Yosys Open SYnthesis Suite                                       |
 |  Copyright (C) 2012 - 2026  Claire Xenia Wolf <claire@yosyshq.com>         |
 |  Distributed under an ISC-like license, type "license" to see terms        |
 \----------------------------------------------------------------------------/
 Yosys 0.65+71 (git sha1 e56c6a954, g++ 11.4.0-1ubuntu1~22.04.3 -fPIC -O3)

-- Running command `
    read_verilog results/sv2v_output.v;
    chparam -set ROWS 4             -set COLS 4             -set DATA_WIDTH 8             -set ACC_WIDTH 64             array
    synth -top array;
    dfflibmap -liberty /home/bharathw/.ciel/ciel/sky130/versions/0fe599b2afb6708d281543108caf8310912f54af/sky130A/libs.ref/sky130_fd_sc_hd/lib/sky130_fd_sc_hd__tt_025C_1v80.lib;
    abc -liberty /home/bharathw/.ciel/ciel/sky130/versions/0fe599b2afb6708d281543108caf8310912f54af/sky130A/libs.ref/sky130_fd_sc_hd/lib/sky130_fd_sc_hd__tt_025C_1v80.lib;
    stat -liberty /home/bharathw/.ciel/ciel/sky130/versions/0fe599b2afb6708d281543108caf8310912f54af/sky130A/libs.ref/sky130_fd_sc_hd/lib/sky130_fd_sc_hd__tt_025C_1v80.lib;
    rename -top array
    write_verilog gate_level.v
' --

1. Executing Verilog-2005 frontend: results/sv2v_output.v
Parsing Verilog input from `results/sv2v_output.v' to AST representation.
Generating RTLIL representation for module `\pe'.
Generating RTLIL representation for module `\pe_col'.
Generating RTLIL representation for module `\array'.
Successfully finished Verilog frontend.
Parameter \ROWS = 4
Parameter \COLS = 4
Parameter \DATA_WIDTH = 8
Parameter \ACC_WIDTH = 64

2. Executing AST frontend in derive mode using pre-parsed AST for module `\array'.
Parameter \ROWS = 4
Parameter \COLS = 4
Parameter \DATA_WIDTH = 8
Parameter \ACC_WIDTH = 64
Generating RTLIL representation for module `$paramod$efa8b036ae5db744f6f2c74368bb201696078bfb\array'.

3. Executing SYNTH pass.

3.1. Executing HIERARCHY pass (managing design hierarchy).

3.1.1. Analyzing design hierarchy..
Top module:  \array
Used module:     \pe_col
Used module:         \pe
Parameter \DATA_WIDTH = 8
Parameter \ACC_WIDTH = 32

3.1.2. Executing AST frontend in derive mode using pre-parsed AST for module `\pe'.
Parameter \DATA_WIDTH = 8
Parameter \ACC_WIDTH = 32
Generating RTLIL representation for module `$paramod$8392c0aee371eac30cfcd917af9a6c37ac869d3e\pe'.
Parameter \DATA_WIDTH = 8
Parameter \ACC_WIDTH = 32
Found cached RTLIL representation for module `$paramod$8392c0aee371eac30cfcd917af9a6c37ac869d3e\pe'.
Parameter \DATA_WIDTH = 8
Parameter \ACC_WIDTH = 32
Found cached RTLIL representation for module `$paramod$8392c0aee371eac30cfcd917af9a6c37ac869d3e\pe'.
Parameter \DATA_WIDTH = 8
Parameter \ACC_WIDTH = 32
Found cached RTLIL representation for module `$paramod$8392c0aee371eac30cfcd917af9a6c37ac869d3e\pe'.
Parameter \DATA_WIDTH = 8
Parameter \ACC_WIDTH = 32
Found cached RTLIL representation for module `$paramod$8392c0aee371eac30cfcd917af9a6c37ac869d3e\pe'.
Parameter \DATA_WIDTH = 8
Parameter \ACC_WIDTH = 32
Found cached RTLIL representation for module `$paramod$8392c0aee371eac30cfcd917af9a6c37ac869d3e\pe'.
Parameter \DATA_WIDTH = 8
Parameter \ACC_WIDTH = 32
Found cached RTLIL representation for module `$paramod$8392c0aee371eac30cfcd917af9a6c37ac869d3e\pe'.
Parameter \DATA_WIDTH = 8
Parameter \ACC_WIDTH = 32
Found cached RTLIL representation for module `$paramod$8392c0aee371eac30cfcd917af9a6c37ac869d3e\pe'.
Parameter \DATA_WIDTH = 8
Parameter \ACC_WIDTH = 32
Found cached RTLIL representation for module `$paramod$8392c0aee371eac30cfcd917af9a6c37ac869d3e\pe'.
Parameter \DATA_WIDTH = 8
Parameter \ACC_WIDTH = 32
Found cached RTLIL representation for module `$paramod$8392c0aee371eac30cfcd917af9a6c37ac869d3e\pe'.
Parameter \DATA_WIDTH = 8
Parameter \ACC_WIDTH = 32
Found cached RTLIL representation for module `$paramod$8392c0aee371eac30cfcd917af9a6c37ac869d3e\pe'.
Parameter \DATA_WIDTH = 8
Parameter \ACC_WIDTH = 32
Found cached RTLIL representation for module `$paramod$8392c0aee371eac30cfcd917af9a6c37ac869d3e\pe'.
Parameter \DATA_WIDTH = 8
Parameter \ACC_WIDTH = 32
Found cached RTLIL representation for module `$paramod$8392c0aee371eac30cfcd917af9a6c37ac869d3e\pe'.
Parameter \DATA_WIDTH = 8
Parameter \ACC_WIDTH = 32
Found cached RTLIL representation for module `$paramod$8392c0aee371eac30cfcd917af9a6c37ac869d3e\pe'.
Parameter \DATA_WIDTH = 8
Parameter \ACC_WIDTH = 32
Found cached RTLIL representation for module `$paramod$8392c0aee371eac30cfcd917af9a6c37ac869d3e\pe'.
Parameter \DATA_WIDTH = 8
Parameter \ACC_WIDTH = 32
Found cached RTLIL representation for module `$paramod$8392c0aee371eac30cfcd917af9a6c37ac869d3e\pe'.
Reprocessing module pe_col because instantiated module $paramod$8392c0aee371eac30cfcd917af9a6c37ac869d3e\pe has become available.
Generating RTLIL representation for module `\pe_col'.
Parameter \ROWS = 4
Parameter \DATA_WIDTH = 8
Parameter \ACC_WIDTH = 64

3.1.3. Executing AST frontend in derive mode using pre-parsed AST for module `\pe_col'.
Parameter \ROWS = 4
Parameter \DATA_WIDTH = 8
Parameter \ACC_WIDTH = 64
Generating RTLIL representation for module `$paramod$df2e76e9adf843e4cf552d7a3456b243a3ee14cd\pe_col'.
Parameter \ROWS = 4
Parameter \DATA_WIDTH = 8
Parameter \ACC_WIDTH = 64
Found cached RTLIL representation for module `$paramod$df2e76e9adf843e4cf552d7a3456b243a3ee14cd\pe_col'.
Parameter \ROWS = 4
Parameter \DATA_WIDTH = 8
Parameter \ACC_WIDTH = 64
Found cached RTLIL representation for module `$paramod$df2e76e9adf843e4cf552d7a3456b243a3ee14cd\pe_col'.
Parameter \ROWS = 4
Parameter \DATA_WIDTH = 8
Parameter \ACC_WIDTH = 64
Found cached RTLIL representation for module `$paramod$df2e76e9adf843e4cf552d7a3456b243a3ee14cd\pe_col'.
Reprocessing module array because instantiated module $paramod$df2e76e9adf843e4cf552d7a3456b243a3ee14cd\pe_col has become available.
Generating RTLIL representation for module `$paramod$efa8b036ae5db744f6f2c74368bb201696078bfb\array'.

3.1.4. Analyzing design hierarchy..
Top module:  $paramod$efa8b036ae5db744f6f2c74368bb201696078bfb\array
Used module:     \pe_col
Used module:         \pe
Parameter \DATA_WIDTH = 8
Parameter \ACC_WIDTH = 32
Found cached RTLIL representation for module `$paramod$8392c0aee371eac30cfcd917af9a6c37ac869d3e\pe'.
Parameter \DATA_WIDTH = 8
Parameter \ACC_WIDTH = 32
Found cached RTLIL representation for module `$paramod$8392c0aee371eac30cfcd917af9a6c37ac869d3e\pe'.
Parameter \DATA_WIDTH = 8
Parameter \ACC_WIDTH = 32
Found cached RTLIL representation for module `$paramod$8392c0aee371eac30cfcd917af9a6c37ac869d3e\pe'.
Parameter \DATA_WIDTH = 8
Parameter \ACC_WIDTH = 32
Found cached RTLIL representation for module `$paramod$8392c0aee371eac30cfcd917af9a6c37ac869d3e\pe'.
Parameter \DATA_WIDTH = 8
Parameter \ACC_WIDTH = 32
Found cached RTLIL representation for module `$paramod$8392c0aee371eac30cfcd917af9a6c37ac869d3e\pe'.
Parameter \DATA_WIDTH = 8
Parameter \ACC_WIDTH = 32
Found cached RTLIL representation for module `$paramod$8392c0aee371eac30cfcd917af9a6c37ac869d3e\pe'.
Parameter \DATA_WIDTH = 8
Parameter \ACC_WIDTH = 32
Found cached RTLIL representation for module `$paramod$8392c0aee371eac30cfcd917af9a6c37ac869d3e\pe'.
Parameter \DATA_WIDTH = 8
Parameter \ACC_WIDTH = 32
Found cached RTLIL representation for module `$paramod$8392c0aee371eac30cfcd917af9a6c37ac869d3e\pe'.
Parameter \DATA_WIDTH = 8
Parameter \ACC_WIDTH = 32
Found cached RTLIL representation for module `$paramod$8392c0aee371eac30cfcd917af9a6c37ac869d3e\pe'.
Parameter \DATA_WIDTH = 8
Parameter \ACC_WIDTH = 32
Found cached RTLIL representation for module `$paramod$8392c0aee371eac30cfcd917af9a6c37ac869d3e\pe'.
Parameter \DATA_WIDTH = 8
Parameter \ACC_WIDTH = 32
Found cached RTLIL representation for module `$paramod$8392c0aee371eac30cfcd917af9a6c37ac869d3e\pe'.
Parameter \DATA_WIDTH = 8
Parameter \ACC_WIDTH = 32
Found cached RTLIL representation for module `$paramod$8392c0aee371eac30cfcd917af9a6c37ac869d3e\pe'.
Parameter \DATA_WIDTH = 8
Parameter \ACC_WIDTH = 32
Found cached RTLIL representation for module `$paramod$8392c0aee371eac30cfcd917af9a6c37ac869d3e\pe'.
Parameter \DATA_WIDTH = 8
Parameter \ACC_WIDTH = 32
Found cached RTLIL representation for module `$paramod$8392c0aee371eac30cfcd917af9a6c37ac869d3e\pe'.
Parameter \DATA_WIDTH = 8
Parameter \ACC_WIDTH = 32
Found cached RTLIL representation for module `$paramod$8392c0aee371eac30cfcd917af9a6c37ac869d3e\pe'.
Parameter \DATA_WIDTH = 8
Parameter \ACC_WIDTH = 32
Found cached RTLIL representation for module `$paramod$8392c0aee371eac30cfcd917af9a6c37ac869d3e\pe'.
Parameter \ROWS = 4
Parameter \DATA_WIDTH = 8
Parameter \ACC_WIDTH = 64
Found cached RTLIL representation for module `$paramod$df2e76e9adf843e4cf552d7a3456b243a3ee14cd\pe_col'.
Parameter \ROWS = 4
Parameter \DATA_WIDTH = 8
Parameter \ACC_WIDTH = 64
Found cached RTLIL representation for module `$paramod$df2e76e9adf843e4cf552d7a3456b243a3ee14cd\pe_col'.
Parameter \ROWS = 4
Parameter \DATA_WIDTH = 8
Parameter \ACC_WIDTH = 64
Found cached RTLIL representation for module `$paramod$df2e76e9adf843e4cf552d7a3456b243a3ee14cd\pe_col'.
Parameter \ROWS = 4
Parameter \DATA_WIDTH = 8
Parameter \ACC_WIDTH = 64
Found cached RTLIL representation for module `$paramod$df2e76e9adf843e4cf552d7a3456b243a3ee14cd\pe_col'.

3.1.5. Analyzing design hierarchy..
Top module:  $paramod$efa8b036ae5db744f6f2c74368bb201696078bfb\array
Used module:     $paramod$df2e76e9adf843e4cf552d7a3456b243a3ee14cd\pe_col
Used module:         \pe
Parameter \DATA_WIDTH = 8
Parameter \ACC_WIDTH = 64

3.1.6. Executing AST frontend in derive mode using pre-parsed AST for module `\pe'.
Parameter \DATA_WIDTH = 8
Parameter \ACC_WIDTH = 64
Generating RTLIL representation for module `$paramod$c7f9a3607328e4ea27915ee14549af43b2aed85c\pe'.
Parameter \DATA_WIDTH = 8
Parameter \ACC_WIDTH = 64
Found cached RTLIL representation for module `$paramod$c7f9a3607328e4ea27915ee14549af43b2aed85c\pe'.
Parameter \DATA_WIDTH = 8
Parameter \ACC_WIDTH = 64
Found cached RTLIL representation for module `$paramod$c7f9a3607328e4ea27915ee14549af43b2aed85c\pe'.
Parameter \DATA_WIDTH = 8
Parameter \ACC_WIDTH = 64
Found cached RTLIL representation for module `$paramod$c7f9a3607328e4ea27915ee14549af43b2aed85c\pe'.
Reprocessing module $paramod$df2e76e9adf843e4cf552d7a3456b243a3ee14cd\pe_col because instantiated module $paramod$c7f9a3607328e4ea27915ee14549af43b2aed85c\pe has become available.
Generating RTLIL representation for module `$paramod$df2e76e9adf843e4cf552d7a3456b243a3ee14cd\pe_col'.

3.1.7. Analyzing design hierarchy..
Top module:  $paramod$efa8b036ae5db744f6f2c74368bb201696078bfb\array
Used module:     $paramod$df2e76e9adf843e4cf552d7a3456b243a3ee14cd\pe_col
Used module:         \pe
Parameter \DATA_WIDTH = 8
Parameter \ACC_WIDTH = 64
Found cached RTLIL representation for module `$paramod$c7f9a3607328e4ea27915ee14549af43b2aed85c\pe'.
Parameter \DATA_WIDTH = 8
Parameter \ACC_WIDTH = 64
Found cached RTLIL representation for module `$paramod$c7f9a3607328e4ea27915ee14549af43b2aed85c\pe'.
Parameter \DATA_WIDTH = 8
Parameter \ACC_WIDTH = 64
Found cached RTLIL representation for module `$paramod$c7f9a3607328e4ea27915ee14549af43b2aed85c\pe'.
Parameter \DATA_WIDTH = 8
Parameter \ACC_WIDTH = 64
Found cached RTLIL representation for module `$paramod$c7f9a3607328e4ea27915ee14549af43b2aed85c\pe'.

3.1.8. Analyzing design hierarchy..
Top module:  $paramod$efa8b036ae5db744f6f2c74368bb201696078bfb\array
Used module:     $paramod$df2e76e9adf843e4cf552d7a3456b243a3ee14cd\pe_col
Used module:         $paramod$c7f9a3607328e4ea27915ee14549af43b2aed85c\pe

3.1.9. Analyzing design hierarchy..
Top module:  $paramod$efa8b036ae5db744f6f2c74368bb201696078bfb\array
Used module:     $paramod$df2e76e9adf843e4cf552d7a3456b243a3ee14cd\pe_col
Used module:         $paramod$c7f9a3607328e4ea27915ee14549af43b2aed85c\pe
Removing unused module `\pe_col'.
Removing unused module `$paramod$8392c0aee371eac30cfcd917af9a6c37ac869d3e\pe'.
Removing unused module `\pe'.
Removed 3 unused modules.

3.2. Executing PROC pass (convert processes to netlists).

3.2.1. Executing PROC_CLEAN pass (remove empty switches from decision trees).
Cleaned up 0 empty switches.

3.2.2. Executing PROC_RMDEAD pass (remove dead branches from decision trees).
Marked 2 switch rules as full_case in process $proc$results/sv2v_output.v:22$417 in module $paramod$c7f9a3607328e4ea27915ee14549af43b2aed85c\pe.
Removed a total of 0 dead cases.

3.2.3. Executing PROC_PRUNE pass (remove redundant assignments in processes).
Removed 2 redundant assignments.
Promoted 25 assignments to connections.

3.2.4. Executing PROC_INIT pass (extract init attributes).

3.2.5. Executing PROC_ARST pass (detect async resets in processes).
Found async reset \rst_n in `$paramod$c7f9a3607328e4ea27915ee14549af43b2aed85c\pe.$proc$results/sv2v_output.v:22$417'.

3.2.6. Executing PROC_ROM pass (convert switches to ROMs).
Converted 0 switches.
<suppressed ~1 debug messages>

3.2.7. Executing PROC_MUX pass (convert decision trees to multiplexers).
Creating decoders for process `$paramod$c7f9a3607328e4ea27915ee14549af43b2aed85c\pe.$proc$results/sv2v_output.v:22$417'.
     1/3: $0\data_out[7:0]
     2/3: $0\acc_out[63:0]
     3/3: $0\weight_r[7:0]
Creating decoders for process `$paramod$df2e76e9adf843e4cf552d7a3456b243a3ee14cd\pe_col.$proc$results/sv2v_output.v:73$440'.
Creating decoders for process `$paramod$df2e76e9adf843e4cf552d7a3456b243a3ee14cd\pe_col.$proc$results/sv2v_output.v:73$439'.
Creating decoders for process `$paramod$df2e76e9adf843e4cf552d7a3456b243a3ee14cd\pe_col.$proc$results/sv2v_output.v:73$438'.
Creating decoders for process `$paramod$df2e76e9adf843e4cf552d7a3456b243a3ee14cd\pe_col.$proc$results/sv2v_output.v:73$437'.
Creating decoders for process `$paramod$df2e76e9adf843e4cf552d7a3456b243a3ee14cd\pe_col.$proc$results/sv2v_output.v:58$436'.
Creating decoders for process `$paramod$efa8b036ae5db744f6f2c74368bb201696078bfb\array.$proc$results/sv2v_output.v:118$415'.
Creating decoders for process `$paramod$efa8b036ae5db744f6f2c74368bb201696078bfb\array.$proc$results/sv2v_output.v:118$414'.
Creating decoders for process `$paramod$efa8b036ae5db744f6f2c74368bb201696078bfb\array.$proc$results/sv2v_output.v:118$413'.
Creating decoders for process `$paramod$efa8b036ae5db744f6f2c74368bb201696078bfb\array.$proc$results/sv2v_output.v:118$412'.
Creating decoders for process `$paramod$efa8b036ae5db744f6f2c74368bb201696078bfb\array.$proc$results/sv2v_output.v:118$411'.
Creating decoders for process `$paramod$efa8b036ae5db744f6f2c74368bb201696078bfb\array.$proc$results/sv2v_output.v:118$410'.
Creating decoders for process `$paramod$efa8b036ae5db744f6f2c74368bb201696078bfb\array.$proc$results/sv2v_output.v:118$409'.
Creating decoders for process `$paramod$efa8b036ae5db744f6f2c74368bb201696078bfb\array.$proc$results/sv2v_output.v:118$408'.
Creating decoders for process `$paramod$efa8b036ae5db744f6f2c74368bb201696078bfb\array.$proc$results/sv2v_output.v:118$407'.
Creating decoders for process `$paramod$efa8b036ae5db744f6f2c74368bb201696078bfb\array.$proc$results/sv2v_output.v:118$406'.
Creating decoders for process `$paramod$efa8b036ae5db744f6f2c74368bb201696078bfb\array.$proc$results/sv2v_output.v:118$405'.
Creating decoders for process `$paramod$efa8b036ae5db744f6f2c74368bb201696078bfb\array.$proc$results/sv2v_output.v:118$404'.
Creating decoders for process `$paramod$efa8b036ae5db744f6f2c74368bb201696078bfb\array.$proc$results/sv2v_output.v:118$403'.
Creating decoders for process `$paramod$efa8b036ae5db744f6f2c74368bb201696078bfb\array.$proc$results/sv2v_output.v:118$402'.
Creating decoders for process `$paramod$efa8b036ae5db744f6f2c74368bb201696078bfb\array.$proc$results/sv2v_output.v:118$401'.
Creating decoders for process `$paramod$efa8b036ae5db744f6f2c74368bb201696078bfb\array.$proc$results/sv2v_output.v:118$400'.
Creating decoders for process `$paramod$efa8b036ae5db744f6f2c74368bb201696078bfb\array.$proc$results/sv2v_output.v:104$399'.
Creating decoders for process `$paramod$efa8b036ae5db744f6f2c74368bb201696078bfb\array.$proc$results/sv2v_output.v:104$398'.
Creating decoders for process `$paramod$efa8b036ae5db744f6f2c74368bb201696078bfb\array.$proc$results/sv2v_output.v:104$397'.
Creating decoders for process `$paramod$efa8b036ae5db744f6f2c74368bb201696078bfb\array.$proc$results/sv2v_output.v:104$396'.

3.2.8. Executing PROC_DLATCH pass (convert process syncs to latches).
No latch inferred for signal `$paramod$df2e76e9adf843e4cf552d7a3456b243a3ee14cd\pe_col.\acc_wire[4]' from process `$paramod$df2e76e9adf843e4cf552d7a3456b243a3ee14cd\pe_col.$proc$results/sv2v_output.v:73$440'.
No latch inferred for signal `$paramod$df2e76e9adf843e4cf552d7a3456b243a3ee14cd\pe_col.\acc_wire[3]' from process `$paramod$df2e76e9adf843e4cf552d7a3456b243a3ee14cd\pe_col.$proc$results/sv2v_output.v:73$439'.
No latch inferred for signal `$paramod$df2e76e9adf843e4cf552d7a3456b243a3ee14cd\pe_col.\acc_wire[2]' from process `$paramod$df2e76e9adf843e4cf552d7a3456b243a3ee14cd\pe_col.$proc$results/sv2v_output.v:73$438'.
No latch inferred for signal `$paramod$df2e76e9adf843e4cf552d7a3456b243a3ee14cd\pe_col.\acc_wire[1]' from process `$paramod$df2e76e9adf843e4cf552d7a3456b243a3ee14cd\pe_col.$proc$results/sv2v_output.v:73$437'.
No latch inferred for signal `$paramod$df2e76e9adf843e4cf552d7a3456b243a3ee14cd\pe_col.\acc_wire[0]' from process `$paramod$df2e76e9adf843e4cf552d7a3456b243a3ee14cd\pe_col.$proc$results/sv2v_output.v:58$436'.
No latch inferred for signal `$paramod$efa8b036ae5db744f6f2c74368bb201696078bfb\array.\data_wire[19]' from process `$paramod$efa8b036ae5db744f6f2c74368bb201696078bfb\array.$proc$results/sv2v_output.v:118$415'.
No latch inferred for signal `$paramod$efa8b036ae5db744f6f2c74368bb201696078bfb\array.\data_wire[18]' from process `$paramod$efa8b036ae5db744f6f2c74368bb201696078bfb\array.$proc$results/sv2v_output.v:118$414'.
No latch inferred for signal `$paramod$efa8b036ae5db744f6f2c74368bb201696078bfb\array.\data_wire[17]' from process `$paramod$efa8b036ae5db744f6f2c74368bb201696078bfb\array.$proc$results/sv2v_output.v:118$413'.
No latch inferred for signal `$paramod$efa8b036ae5db744f6f2c74368bb201696078bfb\array.\data_wire[16]' from process `$paramod$efa8b036ae5db744f6f2c74368bb201696078bfb\array.$proc$results/sv2v_output.v:118$412'.
No latch inferred for signal `$paramod$efa8b036ae5db744f6f2c74368bb201696078bfb\array.\data_wire[15]' from process `$paramod$efa8b036ae5db744f6f2c74368bb201696078bfb\array.$proc$results/sv2v_output.v:118$411'.
No latch inferred for signal `$paramod$efa8b036ae5db744f6f2c74368bb201696078bfb\array.\data_wire[14]' from process `$paramod$efa8b036ae5db744f6f2c74368bb201696078bfb\array.$proc$results/sv2v_output.v:118$410'.
No latch inferred for signal `$paramod$efa8b036ae5db744f6f2c74368bb201696078bfb\array.\data_wire[13]' from process `$paramod$efa8b036ae5db744f6f2c74368bb201696078bfb\array.$proc$results/sv2v_output.v:118$409'.
No latch inferred for signal `$paramod$efa8b036ae5db744f6f2c74368bb201696078bfb\array.\data_wire[12]' from process `$paramod$efa8b036ae5db744f6f2c74368bb201696078bfb\array.$proc$results/sv2v_output.v:118$408'.
No latch inferred for signal `$paramod$efa8b036ae5db744f6f2c74368bb201696078bfb\array.\data_wire[11]' from process `$paramod$efa8b036ae5db744f6f2c74368bb201696078bfb\array.$proc$results/sv2v_output.v:118$407'.
No latch inferred for signal `$paramod$efa8b036ae5db744f6f2c74368bb201696078bfb\array.\data_wire[10]' from process `$paramod$efa8b036ae5db744f6f2c74368bb201696078bfb\array.$proc$results/sv2v_output.v:118$406'.
No latch inferred for signal `$paramod$efa8b036ae5db744f6f2c74368bb201696078bfb\array.\data_wire[9]' from process `$paramod$efa8b036ae5db744f6f2c74368bb201696078bfb\array.$proc$results/sv2v_output.v:118$405'.
No latch inferred for signal `$paramod$efa8b036ae5db744f6f2c74368bb201696078bfb\array.\data_wire[8]' from process `$paramod$efa8b036ae5db744f6f2c74368bb201696078bfb\array.$proc$results/sv2v_output.v:118$404'.
No latch inferred for signal `$paramod$efa8b036ae5db744f6f2c74368bb201696078bfb\array.\data_wire[7]' from process `$paramod$efa8b036ae5db744f6f2c74368bb201696078bfb\array.$proc$results/sv2v_output.v:118$403'.
No latch inferred for signal `$paramod$efa8b036ae5db744f6f2c74368bb201696078bfb\array.\data_wire[6]' from process `$paramod$efa8b036ae5db744f6f2c74368bb201696078bfb\array.$proc$results/sv2v_output.v:118$402'.
No latch inferred for signal `$paramod$efa8b036ae5db744f6f2c74368bb201696078bfb\array.\data_wire[5]' from process `$paramod$efa8b036ae5db744f6f2c74368bb201696078bfb\array.$proc$results/sv2v_output.v:118$401'.
No latch inferred for signal `$paramod$efa8b036ae5db744f6f2c74368bb201696078bfb\array.\data_wire[4]' from process `$paramod$efa8b036ae5db744f6f2c74368bb201696078bfb\array.$proc$results/sv2v_output.v:118$400'.
No latch inferred for signal `$paramod$efa8b036ae5db744f6f2c74368bb201696078bfb\array.\data_wire[3]' from process `$paramod$efa8b036ae5db744f6f2c74368bb201696078bfb\array.$proc$results/sv2v_output.v:104$399'.
No latch inferred for signal `$paramod$efa8b036ae5db744f6f2c74368bb201696078bfb\array.\data_wire[2]' from process `$paramod$efa8b036ae5db744f6f2c74368bb201696078bfb\array.$proc$results/sv2v_output.v:104$398'.
No latch inferred for signal `$paramod$efa8b036ae5db744f6f2c74368bb201696078bfb\array.\data_wire[1]' from process `$paramod$efa8b036ae5db744f6f2c74368bb201696078bfb\array.$proc$results/sv2v_output.v:104$397'.
No latch inferred for signal `$paramod$efa8b036ae5db744f6f2c74368bb201696078bfb\array.\data_wire[0]' from process `$paramod$efa8b036ae5db744f6f2c74368bb201696078bfb\array.$proc$results/sv2v_output.v:104$396'.

3.2.9. Executing PROC_DFF pass (convert process syncs to FFs).
Creating register for signal `$paramod$c7f9a3607328e4ea27915ee14549af43b2aed85c\pe.\data_out' using process `$paramod$c7f9a3607328e4ea27915ee14549af43b2aed85c\pe.$proc$results/sv2v_output.v:22$417'.
  created $adff cell `$procdff$454' with positive edge clock and positive level reset.
Creating register for signal `$paramod$c7f9a3607328e4ea27915ee14549af43b2aed85c\pe.\acc_out' using process `$paramod$c7f9a3607328e4ea27915ee14549af43b2aed85c\pe.$proc$results/sv2v_output.v:22$417'.
  created $adff cell `$procdff$459' with positive edge clock and positive level reset.
Creating register for signal `$paramod$c7f9a3607328e4ea27915ee14549af43b2aed85c\pe.\weight_r' using process `$paramod$c7f9a3607328e4ea27915ee14549af43b2aed85c\pe.$proc$results/sv2v_output.v:22$417'.
  created $adff cell `$procdff$464' with positive edge clock and positive level reset.

3.2.10. Executing PROC_MEMWR pass (convert process memory writes to cells).

3.2.11. Executing PROC_CLEAN pass (remove empty switches from decision trees).
Found and cleaned up 1 empty switch in `$paramod$c7f9a3607328e4ea27915ee14549af43b2aed85c\pe.$proc$results/sv2v_output.v:22$417'.
Removing empty process `$paramod$c7f9a3607328e4ea27915ee14549af43b2aed85c\pe.$proc$results/sv2v_output.v:22$417'.
Removing empty process `$paramod$df2e76e9adf843e4cf552d7a3456b243a3ee14cd\pe_col.$proc$results/sv2v_output.v:73$440'.
Removing empty process `$paramod$df2e76e9adf843e4cf552d7a3456b243a3ee14cd\pe_col.$proc$results/sv2v_output.v:73$439'.
Removing empty process `$paramod$df2e76e9adf843e4cf552d7a3456b243a3ee14cd\pe_col.$proc$results/sv2v_output.v:73$438'.
Removing empty process `$paramod$df2e76e9adf843e4cf552d7a3456b243a3ee14cd\pe_col.$proc$results/sv2v_output.v:73$437'.
Removing empty process `$paramod$df2e76e9adf843e4cf552d7a3456b243a3ee14cd\pe_col.$proc$results/sv2v_output.v:58$436'.
Removing empty process `$paramod$efa8b036ae5db744f6f2c74368bb201696078bfb\array.$proc$results/sv2v_output.v:118$415'.
Removing empty process `$paramod$efa8b036ae5db744f6f2c74368bb201696078bfb\array.$proc$results/sv2v_output.v:118$414'.
Removing empty process `$paramod$efa8b036ae5db744f6f2c74368bb201696078bfb\array.$proc$results/sv2v_output.v:118$413'.
Removing empty process `$paramod$efa8b036ae5db744f6f2c74368bb201696078bfb\array.$proc$results/sv2v_output.v:118$412'.
Removing empty process `$paramod$efa8b036ae5db744f6f2c74368bb201696078bfb\array.$proc$results/sv2v_output.v:118$411'.
Removing empty process `$paramod$efa8b036ae5db744f6f2c74368bb201696078bfb\array.$proc$results/sv2v_output.v:118$410'.
Removing empty process `$paramod$efa8b036ae5db744f6f2c74368bb201696078bfb\array.$proc$results/sv2v_output.v:118$409'.
Removing empty process `$paramod$efa8b036ae5db744f6f2c74368bb201696078bfb\array.$proc$results/sv2v_output.v:118$408'.
Removing empty process `$paramod$efa8b036ae5db744f6f2c74368bb201696078bfb\array.$proc$results/sv2v_output.v:118$407'.
Removing empty process `$paramod$efa8b036ae5db744f6f2c74368bb201696078bfb\array.$proc$results/sv2v_output.v:118$406'.
Removing empty process `$paramod$efa8b036ae5db744f6f2c74368bb201696078bfb\array.$proc$results/sv2v_output.v:118$405'.
Removing empty process `$paramod$efa8b036ae5db744f6f2c74368bb201696078bfb\array.$proc$results/sv2v_output.v:118$404'.
Removing empty process `$paramod$efa8b036ae5db744f6f2c74368bb201696078bfb\array.$proc$results/sv2v_output.v:118$403'.
Removing empty process `$paramod$efa8b036ae5db744f6f2c74368bb201696078bfb\array.$proc$results/sv2v_output.v:118$402'.
Removing empty process `$paramod$efa8b036ae5db744f6f2c74368bb201696078bfb\array.$proc$results/sv2v_output.v:118$401'.
Removing empty process `$paramod$efa8b036ae5db744f6f2c74368bb201696078bfb\array.$proc$results/sv2v_output.v:118$400'.
Removing empty process `$paramod$efa8b036ae5db744f6f2c74368bb201696078bfb\array.$proc$results/sv2v_output.v:104$399'.
Removing empty process `$paramod$efa8b036ae5db744f6f2c74368bb201696078bfb\array.$proc$results/sv2v_output.v:104$398'.
Removing empty process `$paramod$efa8b036ae5db744f6f2c74368bb201696078bfb\array.$proc$results/sv2v_output.v:104$397'.
Removing empty process `$paramod$efa8b036ae5db744f6f2c74368bb201696078bfb\array.$proc$results/sv2v_output.v:104$396'.
Cleaned up 1 empty switch.

3.2.12. Executing OPT_EXPR pass (perform const folding).
Optimizing module $paramod$c7f9a3607328e4ea27915ee14549af43b2aed85c\pe.
<suppressed ~6 debug messages>
Optimizing module $paramod$df2e76e9adf843e4cf552d7a3456b243a3ee14cd\pe_col.
Optimizing module $paramod$efa8b036ae5db744f6f2c74368bb201696078bfb\array.

3.3. Executing OPT_EXPR pass (perform const folding).
Optimizing module $paramod$c7f9a3607328e4ea27915ee14549af43b2aed85c\pe.
Optimizing module $paramod$df2e76e9adf843e4cf552d7a3456b243a3ee14cd\pe_col.
Optimizing module $paramod$efa8b036ae5db744f6f2c74368bb201696078bfb\array.

3.4. Executing OPT_CLEAN pass (remove unused cells and wires).
Finding unused cells or wires in module $paramod$c7f9a3607328e4ea27915ee14549af43b2aed85c\pe..
Finding unused cells or wires in module $paramod$df2e76e9adf843e4cf552d7a3456b243a3ee14cd\pe_col..
Finding unused cells or wires in module $paramod$efa8b036ae5db744f6f2c74368bb201696078bfb\array..
Removed 4 unused cells and 67 unused wires.
<suppressed ~7 debug messages>

3.5. Executing CHECK pass (checking for obvious problems).
Checking module $paramod$c7f9a3607328e4ea27915ee14549af43b2aed85c\pe...
Checking module $paramod$df2e76e9adf843e4cf552d7a3456b243a3ee14cd\pe_col...
Checking module $paramod$efa8b036ae5db744f6f2c74368bb201696078bfb\array...
Found and reported 0 problems.

3.6. Executing OPT pass (performing simple optimizations).

3.6.1. Executing OPT_EXPR pass (perform const folding).
Optimizing module $paramod$c7f9a3607328e4ea27915ee14549af43b2aed85c\pe.
Optimizing module $paramod$df2e76e9adf843e4cf552d7a3456b243a3ee14cd\pe_col.
Optimizing module $paramod$efa8b036ae5db744f6f2c74368bb201696078bfb\array.

3.6.2. Executing OPT_MERGE pass (detect identical cells).
Finding identical cells in module `$paramod$c7f9a3607328e4ea27915ee14549af43b2aed85c\pe'.
Computing hashes of 8 cells of `$paramod$c7f9a3607328e4ea27915ee14549af43b2aed85c\pe'.
Finding duplicate cells in `$paramod$c7f9a3607328e4ea27915ee14549af43b2aed85c\pe'.
Finding identical cells in module `$paramod$df2e76e9adf843e4cf552d7a3456b243a3ee14cd\pe_col'.
Computing hashes of 4 cells of `$paramod$df2e76e9adf843e4cf552d7a3456b243a3ee14cd\pe_col'.
Finding duplicate cells in `$paramod$df2e76e9adf843e4cf552d7a3456b243a3ee14cd\pe_col'.
Finding identical cells in module `$paramod$efa8b036ae5db744f6f2c74368bb201696078bfb\array'.
Computing hashes of 4 cells of `$paramod$efa8b036ae5db744f6f2c74368bb201696078bfb\array'.
Finding duplicate cells in `$paramod$efa8b036ae5db744f6f2c74368bb201696078bfb\array'.
Removed a total of 0 cells.

3.6.3. Executing OPT_MUXTREE pass (detect dead branches in mux trees).
Running muxtree optimizer on module $paramod$c7f9a3607328e4ea27915ee14549af43b2aed85c\pe..
  Creating internal representation of mux trees.
  Evaluating internal representation of mux trees.
  Analyzing evaluation results.
Running muxtree optimizer on module $paramod$df2e76e9adf843e4cf552d7a3456b243a3ee14cd\pe_col..
  Creating internal representation of mux trees.
  No muxes found in this module.
Running muxtree optimizer on module $paramod$efa8b036ae5db744f6f2c74368bb201696078bfb\array..
  Creating internal representation of mux trees.
  No muxes found in this module.
Removed 0 multiplexer ports.
<suppressed ~6 debug messages>

3.6.4. Executing OPT_REDUCE pass (consolidate $*mux and $reduce_* inputs).
  Optimizing cells in module $paramod$c7f9a3607328e4ea27915ee14549af43b2aed85c\pe.
  Optimizing cells in module $paramod$df2e76e9adf843e4cf552d7a3456b243a3ee14cd\pe_col.
  Optimizing cells in module $paramod$efa8b036ae5db744f6f2c74368bb201696078bfb\array.
Performed a total of 0 changes.

3.6.5. Executing OPT_MERGE pass (detect identical cells).
Finding identical cells in module `$paramod$c7f9a3607328e4ea27915ee14549af43b2aed85c\pe'.
Computing hashes of 8 cells of `$paramod$c7f9a3607328e4ea27915ee14549af43b2aed85c\pe'.
Finding duplicate cells in `$paramod$c7f9a3607328e4ea27915ee14549af43b2aed85c\pe'.
Finding identical cells in module `$paramod$df2e76e9adf843e4cf552d7a3456b243a3ee14cd\pe_col'.
Computing hashes of 4 cells of `$paramod$df2e76e9adf843e4cf552d7a3456b243a3ee14cd\pe_col'.
Finding duplicate cells in `$paramod$df2e76e9adf843e4cf552d7a3456b243a3ee14cd\pe_col'.
Finding identical cells in module `$paramod$efa8b036ae5db744f6f2c74368bb201696078bfb\array'.
Computing hashes of 4 cells of `$paramod$efa8b036ae5db744f6f2c74368bb201696078bfb\array'.
Finding duplicate cells in `$paramod$efa8b036ae5db744f6f2c74368bb201696078bfb\array'.
Removed a total of 0 cells.

3.6.6. Executing OPT_DFF pass (perform DFF optimizations).

3.6.7. Executing OPT_CLEAN pass (remove unused cells and wires).
Finding unused cells or wires in module $paramod$c7f9a3607328e4ea27915ee14549af43b2aed85c\pe..
Finding unused cells or wires in module $paramod$df2e76e9adf843e4cf552d7a3456b243a3ee14cd\pe_col..
Finding unused cells or wires in module $paramod$efa8b036ae5db744f6f2c74368bb201696078bfb\array..

3.6.8. Executing OPT_EXPR pass (perform const folding).
Optimizing module $paramod$c7f9a3607328e4ea27915ee14549af43b2aed85c\pe.
Optimizing module $paramod$df2e76e9adf843e4cf552d7a3456b243a3ee14cd\pe_col.
Optimizing module $paramod$efa8b036ae5db744f6f2c74368bb201696078bfb\array.

3.6.9. Finished fast OPT passes. (There is nothing left to do.)

3.7. Executing FSM pass (extract and optimize FSM).

3.7.1. Executing FSM_DETECT pass (finding FSMs in design).

3.7.2. Executing FSM_EXTRACT pass (extracting FSM from design).

3.7.3. Executing FSM_OPT pass (simple optimizations of FSMs).

3.7.4. Executing OPT_CLEAN pass (remove unused cells and wires).
Finding unused cells or wires in module $paramod$c7f9a3607328e4ea27915ee14549af43b2aed85c\pe..
Finding unused cells or wires in module $paramod$df2e76e9adf843e4cf552d7a3456b243a3ee14cd\pe_col..
Finding unused cells or wires in module $paramod$efa8b036ae5db744f6f2c74368bb201696078bfb\array..

3.7.5. Executing FSM_OPT pass (simple optimizations of FSMs).

3.7.6. Executing FSM_RECODE pass (re-assigning FSM state encoding).

3.7.7. Executing FSM_INFO pass (dumping all available information on FSM cells).

3.7.8. Executing FSM_MAP pass (mapping FSMs to basic logic).

3.8. Executing OPT pass (performing simple optimizations).

3.8.1. Executing OPT_EXPR pass (perform const folding).
Optimizing module $paramod$c7f9a3607328e4ea27915ee14549af43b2aed85c\pe.
Optimizing module $paramod$df2e76e9adf843e4cf552d7a3456b243a3ee14cd\pe_col.
Optimizing module $paramod$efa8b036ae5db744f6f2c74368bb201696078bfb\array.

3.8.2. Executing OPT_MERGE pass (detect identical cells).
Finding identical cells in module `$paramod$c7f9a3607328e4ea27915ee14549af43b2aed85c\pe'.
Computing hashes of 8 cells of `$paramod$c7f9a3607328e4ea27915ee14549af43b2aed85c\pe'.
Finding duplicate cells in `$paramod$c7f9a3607328e4ea27915ee14549af43b2aed85c\pe'.
Finding identical cells in module `$paramod$df2e76e9adf843e4cf552d7a3456b243a3ee14cd\pe_col'.
Computing hashes of 4 cells of `$paramod$df2e76e9adf843e4cf552d7a3456b243a3ee14cd\pe_col'.
Finding duplicate cells in `$paramod$df2e76e9adf843e4cf552d7a3456b243a3ee14cd\pe_col'.
Finding identical cells in module `$paramod$efa8b036ae5db744f6f2c74368bb201696078bfb\array'.
Computing hashes of 4 cells of `$paramod$efa8b036ae5db744f6f2c74368bb201696078bfb\array'.
Finding duplicate cells in `$paramod$efa8b036ae5db744f6f2c74368bb201696078bfb\array'.
Removed a total of 0 cells.

3.8.3. Executing OPT_MUXTREE pass (detect dead branches in mux trees).
Running muxtree optimizer on module $paramod$c7f9a3607328e4ea27915ee14549af43b2aed85c\pe..
  Creating internal representation of mux trees.
  Evaluating internal representation of mux trees.
  Analyzing evaluation results.
Running muxtree optimizer on module $paramod$df2e76e9adf843e4cf552d7a3456b243a3ee14cd\pe_col..
  Creating internal representation of mux trees.
  No muxes found in this module.
Running muxtree optimizer on module $paramod$efa8b036ae5db744f6f2c74368bb201696078bfb\array..
  Creating internal representation of mux trees.
  No muxes found in this module.
Removed 0 multiplexer ports.
<suppressed ~6 debug messages>

3.8.4. Executing OPT_REDUCE pass (consolidate $*mux and $reduce_* inputs).
  Optimizing cells in module $paramod$c7f9a3607328e4ea27915ee14549af43b2aed85c\pe.
  Optimizing cells in module $paramod$df2e76e9adf843e4cf552d7a3456b243a3ee14cd\pe_col.
  Optimizing cells in module $paramod$efa8b036ae5db744f6f2c74368bb201696078bfb\array.
Performed a total of 0 changes.

3.8.5. Executing OPT_MERGE pass (detect identical cells).
Finding identical cells in module `$paramod$c7f9a3607328e4ea27915ee14549af43b2aed85c\pe'.
Computing hashes of 8 cells of `$paramod$c7f9a3607328e4ea27915ee14549af43b2aed85c\pe'.
Finding duplicate cells in `$paramod$c7f9a3607328e4ea27915ee14549af43b2aed85c\pe'.
Finding identical cells in module `$paramod$df2e76e9adf843e4cf552d7a3456b243a3ee14cd\pe_col'.
Computing hashes of 4 cells of `$paramod$df2e76e9adf843e4cf552d7a3456b243a3ee14cd\pe_col'.
Finding duplicate cells in `$paramod$df2e76e9adf843e4cf552d7a3456b243a3ee14cd\pe_col'.
Finding identical cells in module `$paramod$efa8b036ae5db744f6f2c74368bb201696078bfb\array'.
Computing hashes of 4 cells of `$paramod$efa8b036ae5db744f6f2c74368bb201696078bfb\array'.
Finding duplicate cells in `$paramod$efa8b036ae5db744f6f2c74368bb201696078bfb\array'.
Removed a total of 0 cells.

3.8.6. Executing OPT_DFF pass (perform DFF optimizations).
Adding EN signal on $procdff$464 ($adff) from module $paramod$c7f9a3607328e4ea27915ee14549af43b2aed85c\pe (D = \acc_in [7:0], Q = \weight_r).

3.8.7. Executing OPT_CLEAN pass (remove unused cells and wires).
Finding unused cells or wires in module $paramod$c7f9a3607328e4ea27915ee14549af43b2aed85c\pe..
Finding unused cells or wires in module $paramod$df2e76e9adf843e4cf552d7a3456b243a3ee14cd\pe_col..
Finding unused cells or wires in module $paramod$efa8b036ae5db744f6f2c74368bb201696078bfb\array..
Removed 1 unused cells and 1 unused wires.
<suppressed ~2 debug messages>

3.8.8. Executing OPT_EXPR pass (perform const folding).
Optimizing module $paramod$c7f9a3607328e4ea27915ee14549af43b2aed85c\pe.
Optimizing module $paramod$df2e76e9adf843e4cf552d7a3456b243a3ee14cd\pe_col.
Optimizing module $paramod$efa8b036ae5db744f6f2c74368bb201696078bfb\array.

3.8.9. Rerunning OPT passes. (Maybe there is more to do..)

3.8.10. Executing OPT_MUXTREE pass (detect dead branches in mux trees).
Running muxtree optimizer on module $paramod$c7f9a3607328e4ea27915ee14549af43b2aed85c\pe..
  Creating internal representation of mux trees.
  Evaluating internal representation of mux trees.
  Analyzing evaluation results.
Running muxtree optimizer on module $paramod$df2e76e9adf843e4cf552d7a3456b243a3ee14cd\pe_col..
  Creating internal representation of mux trees.
  No muxes found in this module.
Running muxtree optimizer on module $paramod$efa8b036ae5db744f6f2c74368bb201696078bfb\array..
  Creating internal representation of mux trees.
  No muxes found in this module.
Removed 0 multiplexer ports.
<suppressed ~4 debug messages>

3.8.11. Executing OPT_REDUCE pass (consolidate $*mux and $reduce_* inputs).
  Optimizing cells in module $paramod$c7f9a3607328e4ea27915ee14549af43b2aed85c\pe.
  Optimizing cells in module $paramod$df2e76e9adf843e4cf552d7a3456b243a3ee14cd\pe_col.
  Optimizing cells in module $paramod$efa8b036ae5db744f6f2c74368bb201696078bfb\array.
Performed a total of 0 changes.

3.8.12. Executing OPT_MERGE pass (detect identical cells).
Finding identical cells in module `$paramod$c7f9a3607328e4ea27915ee14549af43b2aed85c\pe'.
Computing hashes of 7 cells of `$paramod$c7f9a3607328e4ea27915ee14549af43b2aed85c\pe'.
Finding duplicate cells in `$paramod$c7f9a3607328e4ea27915ee14549af43b2aed85c\pe'.
Finding identical cells in module `$paramod$df2e76e9adf843e4cf552d7a3456b243a3ee14cd\pe_col'.
Computing hashes of 4 cells of `$paramod$df2e76e9adf843e4cf552d7a3456b243a3ee14cd\pe_col'.
Finding duplicate cells in `$paramod$df2e76e9adf843e4cf552d7a3456b243a3ee14cd\pe_col'.
Finding identical cells in module `$paramod$efa8b036ae5db744f6f2c74368bb201696078bfb\array'.
Computing hashes of 4 cells of `$paramod$efa8b036ae5db744f6f2c74368bb201696078bfb\array'.
Finding duplicate cells in `$paramod$efa8b036ae5db744f6f2c74368bb201696078bfb\array'.
Removed a total of 0 cells.

3.8.13. Executing OPT_DFF pass (perform DFF optimizations).

3.8.14. Executing OPT_CLEAN pass (remove unused cells and wires).
Finding unused cells or wires in module $paramod$c7f9a3607328e4ea27915ee14549af43b2aed85c\pe..
Finding unused cells or wires in module $paramod$df2e76e9adf843e4cf552d7a3456b243a3ee14cd\pe_col..
Finding unused cells or wires in module $paramod$efa8b036ae5db744f6f2c74368bb201696078bfb\array..

3.8.15. Executing OPT_EXPR pass (perform const folding).
Optimizing module $paramod$c7f9a3607328e4ea27915ee14549af43b2aed85c\pe.
Optimizing module $paramod$df2e76e9adf843e4cf552d7a3456b243a3ee14cd\pe_col.
Optimizing module $paramod$efa8b036ae5db744f6f2c74368bb201696078bfb\array.

3.8.16. Finished fast OPT passes. (There is nothing left to do.)

3.9. Executing WREDUCE pass (reducing word size of cells).
Removed top 48 bits (of 64) from port Y of cell $paramod$c7f9a3607328e4ea27915ee14549af43b2aed85c\pe.$mul$results/sv2v_output.v:21$416 ($mul).
Removed top 48 bits (of 64) from port B of cell $paramod$c7f9a3607328e4ea27915ee14549af43b2aed85c\pe.$add$results/sv2v_output.v:35$419 ($add).

3.10. Executing PEEPOPT pass (run peephole optimizers).

3.11. Executing OPT_CLEAN pass (remove unused cells and wires).
Finding unused cells or wires in module $paramod$c7f9a3607328e4ea27915ee14549af43b2aed85c\pe..
Finding unused cells or wires in module $paramod$df2e76e9adf843e4cf552d7a3456b243a3ee14cd\pe_col..
Finding unused cells or wires in module $paramod$efa8b036ae5db744f6f2c74368bb201696078bfb\array..

3.12. Executing ALUMACC pass (create $alu and $macc cells).
Extracting $alu and $macc cells in module $paramod$c7f9a3607328e4ea27915ee14549af43b2aed85c\pe:
  creating $macc model for $add$results/sv2v_output.v:35$419 ($add).
  creating $macc model for $mul$results/sv2v_output.v:21$416 ($mul).
  merging $macc model for $mul$results/sv2v_output.v:21$416 into $add$results/sv2v_output.v:35$419.
  creating $macc cell for $add$results/sv2v_output.v:35$419: $auto$alumacc.cc:382:replace_macc$466
  created 0 $alu and 1 $macc cells.
Extracting $alu and $macc cells in module $paramod$df2e76e9adf843e4cf552d7a3456b243a3ee14cd\pe_col:
  created 0 $alu and 0 $macc cells.
Extracting $alu and $macc cells in module $paramod$efa8b036ae5db744f6f2c74368bb201696078bfb\array:
  created 0 $alu and 0 $macc cells.

3.13. Executing SHARE pass (SAT-based resource sharing).

3.14. Executing OPT pass (performing simple optimizations).

3.14.1. Executing OPT_EXPR pass (perform const folding).
Optimizing module $paramod$c7f9a3607328e4ea27915ee14549af43b2aed85c\pe.
Optimizing module $paramod$df2e76e9adf843e4cf552d7a3456b243a3ee14cd\pe_col.
Optimizing module $paramod$efa8b036ae5db744f6f2c74368bb201696078bfb\array.

3.14.2. Executing OPT_MERGE pass (detect identical cells).
Finding identical cells in module `$paramod$c7f9a3607328e4ea27915ee14549af43b2aed85c\pe'.
Computing hashes of 7 cells of `$paramod$c7f9a3607328e4ea27915ee14549af43b2aed85c\pe'.
Finding duplicate cells in `$paramod$c7f9a3607328e4ea27915ee14549af43b2aed85c\pe'.
Finding identical cells in module `$paramod$df2e76e9adf843e4cf552d7a3456b243a3ee14cd\pe_col'.
Computing hashes of 4 cells of `$paramod$df2e76e9adf843e4cf552d7a3456b243a3ee14cd\pe_col'.
Finding duplicate cells in `$paramod$df2e76e9adf843e4cf552d7a3456b243a3ee14cd\pe_col'.
Finding identical cells in module `$paramod$efa8b036ae5db744f6f2c74368bb201696078bfb\array'.
Computing hashes of 4 cells of `$paramod$efa8b036ae5db744f6f2c74368bb201696078bfb\array'.
Finding duplicate cells in `$paramod$efa8b036ae5db744f6f2c74368bb201696078bfb\array'.
Removed a total of 0 cells.

3.14.3. Executing OPT_MUXTREE pass (detect dead branches in mux trees).
Running muxtree optimizer on module $paramod$c7f9a3607328e4ea27915ee14549af43b2aed85c\pe..
  Creating internal representation of mux trees.
  Evaluating internal representation of mux trees.
  Analyzing evaluation results.
Running muxtree optimizer on module $paramod$df2e76e9adf843e4cf552d7a3456b243a3ee14cd\pe_col..
  Creating internal representation of mux trees.
  No muxes found in this module.
Running muxtree optimizer on module $paramod$efa8b036ae5db744f6f2c74368bb201696078bfb\array..
  Creating internal representation of mux trees.
  No muxes found in this module.
Removed 0 multiplexer ports.
<suppressed ~4 debug messages>

3.14.4. Executing OPT_REDUCE pass (consolidate $*mux and $reduce_* inputs).
  Optimizing cells in module $paramod$c7f9a3607328e4ea27915ee14549af43b2aed85c\pe.
  Optimizing cells in module $paramod$df2e76e9adf843e4cf552d7a3456b243a3ee14cd\pe_col.
  Optimizing cells in module $paramod$efa8b036ae5db744f6f2c74368bb201696078bfb\array.
Performed a total of 0 changes.

3.14.5. Executing OPT_MERGE pass (detect identical cells).
Finding identical cells in module `$paramod$c7f9a3607328e4ea27915ee14549af43b2aed85c\pe'.
Computing hashes of 7 cells of `$paramod$c7f9a3607328e4ea27915ee14549af43b2aed85c\pe'.
Finding duplicate cells in `$paramod$c7f9a3607328e4ea27915ee14549af43b2aed85c\pe'.
Finding identical cells in module `$paramod$df2e76e9adf843e4cf552d7a3456b243a3ee14cd\pe_col'.
Computing hashes of 4 cells of `$paramod$df2e76e9adf843e4cf552d7a3456b243a3ee14cd\pe_col'.
Finding duplicate cells in `$paramod$df2e76e9adf843e4cf552d7a3456b243a3ee14cd\pe_col'.
Finding identical cells in module `$paramod$efa8b036ae5db744f6f2c74368bb201696078bfb\array'.
Computing hashes of 4 cells of `$paramod$efa8b036ae5db744f6f2c74368bb201696078bfb\array'.
Finding duplicate cells in `$paramod$efa8b036ae5db744f6f2c74368bb201696078bfb\array'.
Removed a total of 0 cells.

3.14.6. Executing OPT_DFF pass (perform DFF optimizations).

3.14.7. Executing OPT_CLEAN pass (remove unused cells and wires).
Finding unused cells or wires in module $paramod$c7f9a3607328e4ea27915ee14549af43b2aed85c\pe..
Finding unused cells or wires in module $paramod$df2e76e9adf843e4cf552d7a3456b243a3ee14cd\pe_col..
Finding unused cells or wires in module $paramod$efa8b036ae5db744f6f2c74368bb201696078bfb\array..
Removed 1 unused cells and 0 unused wires.
<suppressed ~1 debug messages>

3.14.8. Executing OPT_EXPR pass (perform const folding).
Optimizing module $paramod$c7f9a3607328e4ea27915ee14549af43b2aed85c\pe.
Optimizing module $paramod$df2e76e9adf843e4cf552d7a3456b243a3ee14cd\pe_col.
Optimizing module $paramod$efa8b036ae5db744f6f2c74368bb201696078bfb\array.

3.14.9. Rerunning OPT passes. (Maybe there is more to do..)

3.14.10. Executing OPT_MUXTREE pass (detect dead branches in mux trees).
Running muxtree optimizer on module $paramod$c7f9a3607328e4ea27915ee14549af43b2aed85c\pe..
  Creating internal representation of mux trees.
  Evaluating internal representation of mux trees.
  Analyzing evaluation results.
Running muxtree optimizer on module $paramod$df2e76e9adf843e4cf552d7a3456b243a3ee14cd\pe_col..
  Creating internal representation of mux trees.
  No muxes found in this module.
Running muxtree optimizer on module $paramod$efa8b036ae5db744f6f2c74368bb201696078bfb\array..
  Creating internal representation of mux trees.
  No muxes found in this module.
Removed 0 multiplexer ports.
<suppressed ~4 debug messages>

3.14.11. Executing OPT_REDUCE pass (consolidate $*mux and $reduce_* inputs).
  Optimizing cells in module $paramod$c7f9a3607328e4ea27915ee14549af43b2aed85c\pe.
  Optimizing cells in module $paramod$df2e76e9adf843e4cf552d7a3456b243a3ee14cd\pe_col.
  Optimizing cells in module $paramod$efa8b036ae5db744f6f2c74368bb201696078bfb\array.
Performed a total of 0 changes.

3.14.12. Executing OPT_MERGE pass (detect identical cells).
Finding identical cells in module `$paramod$c7f9a3607328e4ea27915ee14549af43b2aed85c\pe'.
Computing hashes of 6 cells of `$paramod$c7f9a3607328e4ea27915ee14549af43b2aed85c\pe'.
Finding duplicate cells in `$paramod$c7f9a3607328e4ea27915ee14549af43b2aed85c\pe'.
Finding identical cells in module `$paramod$df2e76e9adf843e4cf552d7a3456b243a3ee14cd\pe_col'.
Computing hashes of 4 cells of `$paramod$df2e76e9adf843e4cf552d7a3456b243a3ee14cd\pe_col'.
Finding duplicate cells in `$paramod$df2e76e9adf843e4cf552d7a3456b243a3ee14cd\pe_col'.
Finding identical cells in module `$paramod$efa8b036ae5db744f6f2c74368bb201696078bfb\array'.
Computing hashes of 4 cells of `$paramod$efa8b036ae5db744f6f2c74368bb201696078bfb\array'.
Finding duplicate cells in `$paramod$efa8b036ae5db744f6f2c74368bb201696078bfb\array'.
Removed a total of 0 cells.

3.14.13. Executing OPT_DFF pass (perform DFF optimizations).

3.14.14. Executing OPT_CLEAN pass (remove unused cells and wires).
Finding unused cells or wires in module $paramod$c7f9a3607328e4ea27915ee14549af43b2aed85c\pe..
Finding unused cells or wires in module $paramod$df2e76e9adf843e4cf552d7a3456b243a3ee14cd\pe_col..
Finding unused cells or wires in module $paramod$efa8b036ae5db744f6f2c74368bb201696078bfb\array..

3.14.15. Executing OPT_EXPR pass (perform const folding).
Optimizing module $paramod$c7f9a3607328e4ea27915ee14549af43b2aed85c\pe.
Optimizing module $paramod$df2e76e9adf843e4cf552d7a3456b243a3ee14cd\pe_col.
Optimizing module $paramod$efa8b036ae5db744f6f2c74368bb201696078bfb\array.

3.14.16. Finished fast OPT passes. (There is nothing left to do.)

3.15. Executing MEMORY pass.

3.15.1. Executing OPT_MEM pass (optimize memories).
Performed a total of 0 transformations.

3.15.2. Executing OPT_MEM_PRIORITY pass (removing unnecessary memory write priority relations).
Performed a total of 0 transformations.

3.15.3. Executing OPT_MEM_FEEDBACK pass (finding memory read-to-write feedback paths).

3.15.4. Executing MEMORY_BMUX2ROM pass (converting muxes to ROMs).

3.15.5. Executing MEMORY_DFF pass (merging $dff cells to $memrd).

3.15.6. Executing OPT_CLEAN pass (remove unused cells and wires).
Finding unused cells or wires in module $paramod$c7f9a3607328e4ea27915ee14549af43b2aed85c\pe..
Finding unused cells or wires in module $paramod$df2e76e9adf843e4cf552d7a3456b243a3ee14cd\pe_col..
Finding unused cells or wires in module $paramod$efa8b036ae5db744f6f2c74368bb201696078bfb\array..

3.15.7. Executing MEMORY_SHARE pass (consolidating $memrd/$memwr cells).

3.15.8. Executing OPT_MEM_WIDEN pass (optimize memories where all ports are wide).
Performed a total of 0 transformations.

3.15.9. Executing OPT_CLEAN pass (remove unused cells and wires).
Finding unused cells or wires in module $paramod$c7f9a3607328e4ea27915ee14549af43b2aed85c\pe..
Finding unused cells or wires in module $paramod$df2e76e9adf843e4cf552d7a3456b243a3ee14cd\pe_col..
Finding unused cells or wires in module $paramod$efa8b036ae5db744f6f2c74368bb201696078bfb\array..

3.15.10. Executing MEMORY_COLLECT pass (generating $mem cells).

3.16. Executing OPT_CLEAN pass (remove unused cells and wires).
Finding unused cells or wires in module $paramod$c7f9a3607328e4ea27915ee14549af43b2aed85c\pe..
Finding unused cells or wires in module $paramod$df2e76e9adf843e4cf552d7a3456b243a3ee14cd\pe_col..
Finding unused cells or wires in module $paramod$efa8b036ae5db744f6f2c74368bb201696078bfb\array..

3.17. Executing OPT pass (performing simple optimizations).

3.17.1. Executing OPT_EXPR pass (perform const folding).
Optimizing module $paramod$c7f9a3607328e4ea27915ee14549af43b2aed85c\pe.
<suppressed ~2 debug messages>
Optimizing module $paramod$df2e76e9adf843e4cf552d7a3456b243a3ee14cd\pe_col.
Optimizing module $paramod$efa8b036ae5db744f6f2c74368bb201696078bfb\array.

3.17.2. Executing OPT_MERGE pass (detect identical cells).
Finding identical cells in module `$paramod$c7f9a3607328e4ea27915ee14549af43b2aed85c\pe'.
Computing hashes of 6 cells of `$paramod$c7f9a3607328e4ea27915ee14549af43b2aed85c\pe'.
Finding duplicate cells in `$paramod$c7f9a3607328e4ea27915ee14549af43b2aed85c\pe'.
Finding identical cells in module `$paramod$df2e76e9adf843e4cf552d7a3456b243a3ee14cd\pe_col'.
Computing hashes of 4 cells of `$paramod$df2e76e9adf843e4cf552d7a3456b243a3ee14cd\pe_col'.
Finding duplicate cells in `$paramod$df2e76e9adf843e4cf552d7a3456b243a3ee14cd\pe_col'.
Finding identical cells in module `$paramod$efa8b036ae5db744f6f2c74368bb201696078bfb\array'.
Computing hashes of 4 cells of `$paramod$efa8b036ae5db744f6f2c74368bb201696078bfb\array'.
Finding duplicate cells in `$paramod$efa8b036ae5db744f6f2c74368bb201696078bfb\array'.
Removed a total of 0 cells.

3.17.3. Executing OPT_DFF pass (perform DFF optimizations).

3.17.4. Executing OPT_CLEAN pass (remove unused cells and wires).
Finding unused cells or wires in module $paramod$c7f9a3607328e4ea27915ee14549af43b2aed85c\pe..
Finding unused cells or wires in module $paramod$df2e76e9adf843e4cf552d7a3456b243a3ee14cd\pe_col..
Finding unused cells or wires in module $paramod$efa8b036ae5db744f6f2c74368bb201696078bfb\array..

3.17.5. Finished fast OPT passes.

3.18. Executing MEMORY_MAP pass (converting memories to logic and flip-flops).

3.19. Executing OPT pass (performing simple optimizations).

3.19.1. Executing OPT_EXPR pass (perform const folding).
Optimizing module $paramod$c7f9a3607328e4ea27915ee14549af43b2aed85c\pe.
Optimizing module $paramod$df2e76e9adf843e4cf552d7a3456b243a3ee14cd\pe_col.
Optimizing module $paramod$efa8b036ae5db744f6f2c74368bb201696078bfb\array.

3.19.2. Executing OPT_MERGE pass (detect identical cells).
Finding identical cells in module `$paramod$c7f9a3607328e4ea27915ee14549af43b2aed85c\pe'.
Computing hashes of 6 cells of `$paramod$c7f9a3607328e4ea27915ee14549af43b2aed85c\pe'.
Finding duplicate cells in `$paramod$c7f9a3607328e4ea27915ee14549af43b2aed85c\pe'.
Finding identical cells in module `$paramod$df2e76e9adf843e4cf552d7a3456b243a3ee14cd\pe_col'.
Computing hashes of 4 cells of `$paramod$df2e76e9adf843e4cf552d7a3456b243a3ee14cd\pe_col'.
Finding duplicate cells in `$paramod$df2e76e9adf843e4cf552d7a3456b243a3ee14cd\pe_col'.
Finding identical cells in module `$paramod$efa8b036ae5db744f6f2c74368bb201696078bfb\array'.
Computing hashes of 4 cells of `$paramod$efa8b036ae5db744f6f2c74368bb201696078bfb\array'.
Finding duplicate cells in `$paramod$efa8b036ae5db744f6f2c74368bb201696078bfb\array'.
Removed a total of 0 cells.

3.19.3. Executing OPT_MUXTREE pass (detect dead branches in mux trees).
Running muxtree optimizer on module $paramod$c7f9a3607328e4ea27915ee14549af43b2aed85c\pe..
  Creating internal representation of mux trees.
  Evaluating internal representation of mux trees.
  Analyzing evaluation results.
Running muxtree optimizer on module $paramod$df2e76e9adf843e4cf552d7a3456b243a3ee14cd\pe_col..
  Creating internal representation of mux trees.
  No muxes found in this module.
Running muxtree optimizer on module $paramod$efa8b036ae5db744f6f2c74368bb201696078bfb\array..
  Creating internal representation of mux trees.
  No muxes found in this module.
Removed 0 multiplexer ports.
<suppressed ~4 debug messages>

3.19.4. Executing OPT_REDUCE pass (consolidate $*mux and $reduce_* inputs).
  Optimizing cells in module $paramod$c7f9a3607328e4ea27915ee14549af43b2aed85c\pe.
  Optimizing cells in module $paramod$df2e76e9adf843e4cf552d7a3456b243a3ee14cd\pe_col.
  Optimizing cells in module $paramod$efa8b036ae5db744f6f2c74368bb201696078bfb\array.
Performed a total of 0 changes.

3.19.5. Executing OPT_MERGE pass (detect identical cells).
Finding identical cells in module `$paramod$c7f9a3607328e4ea27915ee14549af43b2aed85c\pe'.
Computing hashes of 6 cells of `$paramod$c7f9a3607328e4ea27915ee14549af43b2aed85c\pe'.
Finding duplicate cells in `$paramod$c7f9a3607328e4ea27915ee14549af43b2aed85c\pe'.
Finding identical cells in module `$paramod$df2e76e9adf843e4cf552d7a3456b243a3ee14cd\pe_col'.
Computing hashes of 4 cells of `$paramod$df2e76e9adf843e4cf552d7a3456b243a3ee14cd\pe_col'.
Finding duplicate cells in `$paramod$df2e76e9adf843e4cf552d7a3456b243a3ee14cd\pe_col'.
Finding identical cells in module `$paramod$efa8b036ae5db744f6f2c74368bb201696078bfb\array'.
Computing hashes of 4 cells of `$paramod$efa8b036ae5db744f6f2c74368bb201696078bfb\array'.
Finding duplicate cells in `$paramod$efa8b036ae5db744f6f2c74368bb201696078bfb\array'.
Removed a total of 0 cells.

3.19.6. Executing OPT_SHARE pass.

3.19.7. Executing OPT_DFF pass (perform DFF optimizations).

3.19.8. Executing OPT_CLEAN pass (remove unused cells and wires).
Finding unused cells or wires in module $paramod$c7f9a3607328e4ea27915ee14549af43b2aed85c\pe..
Finding unused cells or wires in module $paramod$df2e76e9adf843e4cf552d7a3456b243a3ee14cd\pe_col..
Finding unused cells or wires in module $paramod$efa8b036ae5db744f6f2c74368bb201696078bfb\array..

3.19.9. Executing OPT_EXPR pass (perform const folding).
Optimizing module $paramod$c7f9a3607328e4ea27915ee14549af43b2aed85c\pe.
Optimizing module $paramod$df2e76e9adf843e4cf552d7a3456b243a3ee14cd\pe_col.
Optimizing module $paramod$efa8b036ae5db744f6f2c74368bb201696078bfb\array.

3.19.10. Finished fast OPT passes. (There is nothing left to do.)

3.20. Executing TECHMAP pass (map to technology primitives).

3.20.1. Executing Verilog-2005 frontend: /usr/local/bin/../share/yosys/techmap.v
Parsing Verilog input from `/usr/local/bin/../share/yosys/techmap.v' to AST representation.
Generating RTLIL representation for module `\_90_simplemap_bool_ops'.
Generating RTLIL representation for module `\_90_simplemap_reduce_ops'.
Generating RTLIL representation for module `\_90_simplemap_logic_ops'.
Generating RTLIL representation for module `\_90_simplemap_compare_ops'.
Generating RTLIL representation for module `\_90_simplemap_various'.
Generating RTLIL representation for module `\_90_simplemap_registers'.
Generating RTLIL representation for module `\_90_shift_ops_shr_shl_sshl_sshr'.
Generating RTLIL representation for module `\_90_shift_shiftx'.
Generating RTLIL representation for module `\_90_fa'.
Generating RTLIL representation for module `\_90_lcu_brent_kung'.
Generating RTLIL representation for module `\_90_alu'.
Generating RTLIL representation for module `\_90_macc'.
Generating RTLIL representation for module `\_90_alumacc'.
Generating RTLIL representation for module `$__div_mod_u'.
Generating RTLIL representation for module `$__div_mod_trunc'.
Generating RTLIL representation for module `\_90_div'.
Generating RTLIL representation for module `\_90_mod'.
Generating RTLIL representation for module `$__div_mod_floor'.
Generating RTLIL representation for module `\_90_divfloor'.
Generating RTLIL representation for module `\_90_modfloor'.
Generating RTLIL representation for module `\_90_pow'.
Generating RTLIL representation for module `\_90_demux'.
Generating RTLIL representation for module `\_90_lut'.
Generating RTLIL representation for module `$connect'.
Generating RTLIL representation for module `$input_port'.
Successfully finished Verilog frontend.

3.20.2. Continuing TECHMAP pass.
Using extmapper maccmap for cells of type $macc_v2.
  add \weight_r * \data_in (8x8 bits, signed)
  add \acc_in (64 bits, signed)
Using extmapper simplemap for cells of type $adffe.
Using extmapper simplemap for cells of type $mux.
Using extmapper simplemap for cells of type $adff.
Using template $paramod\_90_fa\WIDTH=32'00000000000000000000000001000000 for cells of type $fa.
Using template $paramod$039520c137afc9cd69dd56c3fb11a4e1fbe5f664\_90_alu for cells of type $alu.
Using extmapper simplemap for cells of type $and.
Using extmapper simplemap for cells of type $not.
Using extmapper simplemap for cells of type $pos.
Using template $paramod\_90_lcu_brent_kung\WIDTH=32'00000000000000000000000001000000 for cells of type $lcu.
Using extmapper simplemap for cells of type $xor.
Using extmapper simplemap for cells of type $or.
No more expansions possible.
<suppressed ~653 debug messages>

3.21. Executing OPT pass (performing simple optimizations).

3.21.1. Executing OPT_EXPR pass (perform const folding).
Optimizing module $paramod$c7f9a3607328e4ea27915ee14549af43b2aed85c\pe.
<suppressed ~647 debug messages>
Optimizing module $paramod$df2e76e9adf843e4cf552d7a3456b243a3ee14cd\pe_col.
Optimizing module $paramod$efa8b036ae5db744f6f2c74368bb201696078bfb\array.

3.21.2. Executing OPT_MERGE pass (detect identical cells).
Finding identical cells in module `$paramod$c7f9a3607328e4ea27915ee14549af43b2aed85c\pe'.
Computing hashes of 3446 cells of `$paramod$c7f9a3607328e4ea27915ee14549af43b2aed85c\pe'.
Finding duplicate cells in `$paramod$c7f9a3607328e4ea27915ee14549af43b2aed85c\pe'.
Computing hashes of 3026 cells of `$paramod$c7f9a3607328e4ea27915ee14549af43b2aed85c\pe'.
Finding duplicate cells in `$paramod$c7f9a3607328e4ea27915ee14549af43b2aed85c\pe'.
Computing hashes of 2763 cells of `$paramod$c7f9a3607328e4ea27915ee14549af43b2aed85c\pe'.
Finding duplicate cells in `$paramod$c7f9a3607328e4ea27915ee14549af43b2aed85c\pe'.
Computing hashes of 2561 cells of `$paramod$c7f9a3607328e4ea27915ee14549af43b2aed85c\pe'.
Finding duplicate cells in `$paramod$c7f9a3607328e4ea27915ee14549af43b2aed85c\pe'.
Computing hashes of 2411 cells of `$paramod$c7f9a3607328e4ea27915ee14549af43b2aed85c\pe'.
Finding duplicate cells in `$paramod$c7f9a3607328e4ea27915ee14549af43b2aed85c\pe'.
Computing hashes of 2362 cells of `$paramod$c7f9a3607328e4ea27915ee14549af43b2aed85c\pe'.
Finding duplicate cells in `$paramod$c7f9a3607328e4ea27915ee14549af43b2aed85c\pe'.
Computing hashes of 2266 cells of `$paramod$c7f9a3607328e4ea27915ee14549af43b2aed85c\pe'.
Finding duplicate cells in `$paramod$c7f9a3607328e4ea27915ee14549af43b2aed85c\pe'.
Computing hashes of 2170 cells of `$paramod$c7f9a3607328e4ea27915ee14549af43b2aed85c\pe'.
Finding duplicate cells in `$paramod$c7f9a3607328e4ea27915ee14549af43b2aed85c\pe'.
Computing hashes of 2122 cells of `$paramod$c7f9a3607328e4ea27915ee14549af43b2aed85c\pe'.
Finding duplicate cells in `$paramod$c7f9a3607328e4ea27915ee14549af43b2aed85c\pe'.
Computing hashes of 2028 cells of `$paramod$c7f9a3607328e4ea27915ee14549af43b2aed85c\pe'.
Finding duplicate cells in `$paramod$c7f9a3607328e4ea27915ee14549af43b2aed85c\pe'.
<suppressed ~4254 debug messages>
Finding identical cells in module `$paramod$df2e76e9adf843e4cf552d7a3456b243a3ee14cd\pe_col'.
Computing hashes of 4 cells of `$paramod$df2e76e9adf843e4cf552d7a3456b243a3ee14cd\pe_col'.
Finding duplicate cells in `$paramod$df2e76e9adf843e4cf552d7a3456b243a3ee14cd\pe_col'.
Finding identical cells in module `$paramod$efa8b036ae5db744f6f2c74368bb201696078bfb\array'.
Computing hashes of 4 cells of `$paramod$efa8b036ae5db744f6f2c74368bb201696078bfb\array'.
Finding duplicate cells in `$paramod$efa8b036ae5db744f6f2c74368bb201696078bfb\array'.
Removed a total of 1418 cells.

3.21.3. Executing OPT_DFF pass (perform DFF optimizations).

3.21.4. Executing OPT_CLEAN pass (remove unused cells and wires).
Finding unused cells or wires in module $paramod$c7f9a3607328e4ea27915ee14549af43b2aed85c\pe..
Finding unused cells or wires in module $paramod$df2e76e9adf843e4cf552d7a3456b243a3ee14cd\pe_col..
Finding unused cells or wires in module $paramod$efa8b036ae5db744f6f2c74368bb201696078bfb\array..
Removed 92 unused cells and 149 unused wires.
<suppressed ~93 debug messages>

3.21.5. Finished fast OPT passes.

3.22. Executing ABC pass (technology mapping using ABC).

3.22.1. Extracting gate netlist of module `$paramod$c7f9a3607328e4ea27915ee14549af43b2aed85c\pe' to `<abc-temp-dir>/input.blif'..

3.22.1.1. Executed ABC.
Extracted 1856 gates and 1938 wires to a netlist network with 81 inputs and 72 outputs.
Running ABC script: <abc-temp-dir>/abc.script
ABC: UC Berkeley, ABC 1.01 (compiled May 29 2026 19:41:28)
ABC: abc 01> empty
ABC: abc 01> source <abc-temp-dir>/abc.script
ABC: + read_blif <abc-temp-dir>/input.blif 
ABC: + read_library <abc-temp-dir>/stdcells.genlib 
ABC: + strash 
ABC: + &get -n 
ABC: + &fraig -x 
ABC: + &put 
ABC: + scorr 
ABC: Warning: The network is combinational (run "fraig" or "fraig_sweep").
ABC: + dc2 
ABC: + dretime 
ABC: + strash 
ABC: + &get -n 
ABC: + &dch -f 
ABC: + &nf 
ABC: + &put 
ABC: + write_blif <abc-temp-dir>/output.blif 
ABC: 
ABC: YOSYS_ABC_DONE 

3.22.1.2. Re-integrating ABC results.
ABC RESULTS:               AND cells:      157
ABC RESULTS:            ANDNOT cells:       35
ABC RESULTS:               MUX cells:       61
ABC RESULTS:              NAND cells:      670
ABC RESULTS:               NOR cells:        9
ABC RESULTS:               NOT cells:        2
ABC RESULTS:                OR cells:       71
ABC RESULTS:             ORNOT cells:       69
ABC RESULTS:              XNOR cells:      217
ABC RESULTS:               XOR cells:      339
ABC RESULTS:        internal signals:     1785
ABC RESULTS:           input signals:       81
ABC RESULTS:          output signals:       72
Removing temp directory.

3.22.2. Extracting gate netlist of module `$paramod$df2e76e9adf843e4cf552d7a3456b243a3ee14cd\pe_col' to `<abc-temp-dir>/input.blif'..

3.22.2.1. Executed ABC.
Extracted 0 gates and 0 wires to a netlist network with 0 inputs and 0 outputs.
Don't call ABC as there is nothing to map.
Removing temp directory.

3.22.3. Extracting gate netlist of module `$paramod$efa8b036ae5db744f6f2c74368bb201696078bfb\array' to `<abc-temp-dir>/input.blif'..

3.22.3.1. Executed ABC.
Extracted 0 gates and 0 wires to a netlist network with 0 inputs and 0 outputs.
Don't call ABC as there is nothing to map.
Removing temp directory.
Removing global temp directory.

3.23. Executing OPT pass (performing simple optimizations).

3.23.1. Executing OPT_EXPR pass (perform const folding).
Optimizing module $paramod$c7f9a3607328e4ea27915ee14549af43b2aed85c\pe.
Optimizing module $paramod$df2e76e9adf843e4cf552d7a3456b243a3ee14cd\pe_col.
Optimizing module $paramod$efa8b036ae5db744f6f2c74368bb201696078bfb\array.

3.23.2. Executing OPT_MERGE pass (detect identical cells).
Finding identical cells in module `$paramod$c7f9a3607328e4ea27915ee14549af43b2aed85c\pe'.
Computing hashes of 1710 cells of `$paramod$c7f9a3607328e4ea27915ee14549af43b2aed85c\pe'.
Finding duplicate cells in `$paramod$c7f9a3607328e4ea27915ee14549af43b2aed85c\pe'.
Finding identical cells in module `$paramod$df2e76e9adf843e4cf552d7a3456b243a3ee14cd\pe_col'.
Computing hashes of 4 cells of `$paramod$df2e76e9adf843e4cf552d7a3456b243a3ee14cd\pe_col'.
Finding duplicate cells in `$paramod$df2e76e9adf843e4cf552d7a3456b243a3ee14cd\pe_col'.
Finding identical cells in module `$paramod$efa8b036ae5db744f6f2c74368bb201696078bfb\array'.
Computing hashes of 4 cells of `$paramod$efa8b036ae5db744f6f2c74368bb201696078bfb\array'.
Finding duplicate cells in `$paramod$efa8b036ae5db744f6f2c74368bb201696078bfb\array'.
Removed a total of 0 cells.

3.23.3. Executing OPT_DFF pass (perform DFF optimizations).

3.23.4. Executing OPT_CLEAN pass (remove unused cells and wires).
Finding unused cells or wires in module $paramod$c7f9a3607328e4ea27915ee14549af43b2aed85c\pe..
Finding unused cells or wires in module $paramod$df2e76e9adf843e4cf552d7a3456b243a3ee14cd\pe_col..
Finding unused cells or wires in module $paramod$efa8b036ae5db744f6f2c74368bb201696078bfb\array..
Removed 0 unused cells and 411 unused wires.
<suppressed ~1 debug messages>

3.23.5. Finished fast OPT passes.

3.24. Executing HIERARCHY pass (managing design hierarchy).
Attribute `top' found on module `$paramod$efa8b036ae5db744f6f2c74368bb201696078bfb\array'. Setting top module to $paramod$efa8b036ae5db744f6f2c74368bb201696078bfb\array.

3.24.1. Analyzing design hierarchy..
Top module:  $paramod$efa8b036ae5db744f6f2c74368bb201696078bfb\array
Used module:     $paramod$df2e76e9adf843e4cf552d7a3456b243a3ee14cd\pe_col
Used module:         $paramod$c7f9a3607328e4ea27915ee14549af43b2aed85c\pe

3.24.2. Analyzing design hierarchy..
Top module:  $paramod$efa8b036ae5db744f6f2c74368bb201696078bfb\array
Used module:     $paramod$df2e76e9adf843e4cf552d7a3456b243a3ee14cd\pe_col
Used module:         $paramod$c7f9a3607328e4ea27915ee14549af43b2aed85c\pe
Removed 0 unused modules.

3.25. Printing statistics.

=== $paramod$c7f9a3607328e4ea27915ee14549af43b2aed85c\pe ===

        +----------Local Count, excluding submodules.
        | 
     1569 wires
     1849 wire bits
        9 public wires
      219 public wire bits
        7 ports
      147 port bits
     1710 cells
       35   $_ANDNOT_
      157   $_AND_
        8   $_DFFE_PN0P_
       72   $_DFF_PN0_
       61   $_MUX_
      670   $_NAND_
        9   $_NOR_
        2   $_NOT_
       69   $_ORNOT_
       71   $_OR_
      217   $_XNOR_
      339   $_XOR_

=== $paramod$df2e76e9adf843e4cf552d7a3456b243a3ee14cd\pe_col ===

        +----------Local Count, excluding submodules.
        | 
       12 wires
      515 wire bits
       12 public wires
      515 public wire bits
        7 ports
      195 port bits
        4 submodules
        4   $paramod$c7f9a3607328e4ea27915ee14549af43b2aed85c\pe

=== $paramod$efa8b036ae5db744f6f2c74368bb201696078bfb\array ===

        +----------Local Count, excluding submodules.
        | 
       35 wires
      998 wire bits
       35 public wires
      998 public wire bits
        7 ports
      582 port bits
        4 submodules
        4   $paramod$df2e76e9adf843e4cf552d7a3456b243a3ee14cd\pe_col

=== design hierarchy ===

        +----------Count including submodules.
        | 
    27360 $paramod$efa8b036ae5db744f6f2c74368bb201696078bfb\array
     1710   $paramod$c7f9a3607328e4ea27915ee14549af43b2aed85c\pe

        +----------Count including submodules.
        | 
    25187 wires
    32642 wire bits
      227 public wires
     6562 public wire bits
      147 ports
     3714 port bits
        - memories
        - memory bits
        - processes
    27360 cells
      560   $_ANDNOT_
     2512   $_AND_
      128   $_DFFE_PN0P_
     1152   $_DFF_PN0_
      976   $_MUX_
    10720   $_NAND_
      144   $_NOR_
       32   $_NOT_
     1104   $_ORNOT_
     1136   $_OR_
     3472   $_XNOR_
     5424   $_XOR_
        4 submodules
        4   $paramod$df2e76e9adf843e4cf552d7a3456b243a3ee14cd\pe_col

3.26. Executing CHECK pass (checking for obvious problems).
Checking module $paramod$c7f9a3607328e4ea27915ee14549af43b2aed85c\pe...
Checking module $paramod$df2e76e9adf843e4cf552d7a3456b243a3ee14cd\pe_col...
Checking module $paramod$efa8b036ae5db744f6f2c74368bb201696078bfb\array...
Found and reported 0 problems.

4. Executing DFFLIBMAP pass (mapping DFF cells to sequential cells from liberty file).
  cell sky130_fd_sc_hd__dfxtp_1 (noninv, pins=3, area=20.02) is a direct match for cell type $_DFF_P_.
  cell sky130_fd_sc_hd__dfrtn_1 (noninv, pins=4, area=25.02) is a direct match for cell type $_DFF_NN0_.
  cell sky130_fd_sc_hd__dfrtp_1 (noninv, pins=4, area=25.02) is a direct match for cell type $_DFF_PN0_.
  cell sky130_fd_sc_hd__dfstp_2 (noninv, pins=4, area=26.28) is a direct match for cell type $_DFF_PN1_.
  cell sky130_fd_sc_hd__edfxtp_1 (noninv, pins=4, area=30.03) is a direct match for cell type $_DFFE_PP_.
  cell sky130_fd_sc_hd__dfbbn_1 (noninv, pins=6, area=32.53) is a direct match for cell type $_DFFSR_NNN_.
  cell sky130_fd_sc_hd__dfbbp_1 (noninv, pins=6, area=32.53) is a direct match for cell type $_DFFSR_PNN_.
  final dff cell mappings:
    unmapped dff cell: $_DFF_N_
    \sky130_fd_sc_hd__dfxtp_1 _DFF_P_ (.CLK( C), .D( D), .Q( Q));
    \sky130_fd_sc_hd__dfrtn_1 _DFF_NN0_ (.CLK_N( C), .D( D), .Q( Q), .RESET_B( R));
    unmapped dff cell: $_DFF_NN1_
    unmapped dff cell: $_DFF_NP0_
    unmapped dff cell: $_DFF_NP1_
    \sky130_fd_sc_hd__dfrtp_1 _DFF_PN0_ (.CLK( C), .D( D), .Q( Q), .RESET_B( R));
    \sky130_fd_sc_hd__dfstp_2 _DFF_PN1_ (.CLK( C), .D( D), .Q( Q), .SET_B( R));
    unmapped dff cell: $_DFF_PP0_
    unmapped dff cell: $_DFF_PP1_
    unmapped dff cell: $_DFFE_NN_
    unmapped dff cell: $_DFFE_NP_
    unmapped dff cell: $_DFFE_PN_
    \sky130_fd_sc_hd__edfxtp_1 _DFFE_PP_ (.CLK( C), .D( D), .DE( E), .Q( Q));
    \sky130_fd_sc_hd__dfbbn_1 _DFFSR_NNN_ (.CLK_N( C), .D( D), .Q( Q), .Q_N(~Q), .RESET_B( R), .SET_B( S));
    unmapped dff cell: $_DFFSR_NNP_
    unmapped dff cell: $_DFFSR_NPN_
    unmapped dff cell: $_DFFSR_NPP_
    \sky130_fd_sc_hd__dfbbp_1 _DFFSR_PNN_ (.CLK( C), .D( D), .Q( Q), .Q_N(~Q), .RESET_B( R), .SET_B( S));
    unmapped dff cell: $_DFFSR_PNP_
    unmapped dff cell: $_DFFSR_PPN_
    unmapped dff cell: $_DFFSR_PPP_

4.1. Executing DFFLEGALIZE pass (convert FFs to types supported by the target).
<suppressed ~24 debug messages>
Mapping DFF cells in module `$paramod$c7f9a3607328e4ea27915ee14549af43b2aed85c\pe':
  mapped 80 $_DFF_PN0_ cells to \sky130_fd_sc_hd__dfrtp_1 cells.
Mapping DFF cells in module `$paramod$df2e76e9adf843e4cf552d7a3456b243a3ee14cd\pe_col':
Mapping DFF cells in module `$paramod$efa8b036ae5db744f6f2c74368bb201696078bfb\array':

5. Executing ABC pass (technology mapping using ABC).

5.1. Extracting gate netlist of module `$paramod$c7f9a3607328e4ea27915ee14549af43b2aed85c\pe' to `<abc-temp-dir>/input.blif'..
ABC: using cached merged SCL: /tmp/yosys-liberty-scl-cache/yosys_merged_e9e26d0c.scl (1 files)

5.1.1. Executed ABC.
Extracted 1638 gates and 1719 wires to a netlist network with 81 inputs and 80 outputs.
Running ABC script: <abc-temp-dir>/abc.script
ABC: UC Berkeley, ABC 1.01 (compiled May 29 2026 19:41:28)
ABC: abc 01> empty
ABC: abc 01> source <abc-temp-dir>/abc.script
ABC: + read_blif <abc-temp-dir>/input.blif 
ABC: + read_scl /tmp/yosys-liberty-scl-cache/yosys_merged_e9e26d0c.scl 
ABC: Warning: Detected 9 multi-output cells (for example, "sky130_fd_sc_hd__fa_1").
ABC: + strash 
ABC: + &get -n 
ABC: + &fraig -x 
ABC: + &put 
ABC: + scorr 
ABC: Warning: The network is combinational (run "fraig" or "fraig_sweep").
ABC: + dc2 
ABC: + dretime 
ABC: + strash 
ABC: + &get -n 
ABC: + &dch -f 
ABC: + &nf 
ABC: + &put 
ABC: + write_blif <abc-temp-dir>/output.blif 
ABC: 
ABC: YOSYS_ABC_DONE 

5.1.2. Re-integrating ABC results.
ABC RESULTS:   sky130_fd_sc_hd__a211o_1 cells:        2
ABC RESULTS:   sky130_fd_sc_hd__a211oi_1 cells:        2
ABC RESULTS:   sky130_fd_sc_hd__a21boi_0 cells:        5
ABC RESULTS:   sky130_fd_sc_hd__a21o_1 cells:        4
ABC RESULTS:   sky130_fd_sc_hd__a21oi_1 cells:       89
ABC RESULTS:   sky130_fd_sc_hd__a22o_1 cells:        2
ABC RESULTS:   sky130_fd_sc_hd__a22oi_1 cells:        2
ABC RESULTS:   sky130_fd_sc_hd__a31oi_1 cells:        3
ABC RESULTS:   sky130_fd_sc_hd__a32o_1 cells:        1
ABC RESULTS:   sky130_fd_sc_hd__a32oi_1 cells:        1
ABC RESULTS:   sky130_fd_sc_hd__and2_0 cells:       17
ABC RESULTS:   sky130_fd_sc_hd__and3_1 cells:        6
ABC RESULTS:   sky130_fd_sc_hd__clkinv_1 cells:       26
ABC RESULTS:   sky130_fd_sc_hd__lpflow_inputiso1p_1 cells:       12
ABC RESULTS:   sky130_fd_sc_hd__lpflow_isobufsrc_1 cells:       21
ABC RESULTS:   sky130_fd_sc_hd__maj3_1 cells:       92
ABC RESULTS:   sky130_fd_sc_hd__mux2_1 cells:        1
ABC RESULTS:   sky130_fd_sc_hd__mux2i_1 cells:        1
ABC RESULTS:   sky130_fd_sc_hd__nand2_1 cells:      130
ABC RESULTS:   sky130_fd_sc_hd__nand2b_1 cells:       48
ABC RESULTS:   sky130_fd_sc_hd__nand3_1 cells:        9
ABC RESULTS:   sky130_fd_sc_hd__nand3b_1 cells:        1
ABC RESULTS:   sky130_fd_sc_hd__nand4_1 cells:        1
ABC RESULTS:   sky130_fd_sc_hd__nor2_1 cells:      129
ABC RESULTS:   sky130_fd_sc_hd__nor2b_1 cells:        1
ABC RESULTS:   sky130_fd_sc_hd__nor3_1 cells:       22
ABC RESULTS:   sky130_fd_sc_hd__o211ai_1 cells:        1
ABC RESULTS:   sky130_fd_sc_hd__o21a_1 cells:       21
ABC RESULTS:   sky130_fd_sc_hd__o21ai_0 cells:       97
ABC RESULTS:   sky130_fd_sc_hd__o21bai_1 cells:        4
ABC RESULTS:   sky130_fd_sc_hd__o22ai_1 cells:        4
ABC RESULTS:   sky130_fd_sc_hd__o311a_1 cells:        2
ABC RESULTS:   sky130_fd_sc_hd__o311ai_0 cells:        1
ABC RESULTS:   sky130_fd_sc_hd__o31a_1 cells:        2
ABC RESULTS:   sky130_fd_sc_hd__o31ai_1 cells:       27
ABC RESULTS:   sky130_fd_sc_hd__or3_1 cells:        3
ABC RESULTS:   sky130_fd_sc_hd__or3b_1 cells:        1
ABC RESULTS:   sky130_fd_sc_hd__xnor2_1 cells:      351
ABC RESULTS:   sky130_fd_sc_hd__xnor3_1 cells:       15
ABC RESULTS:   sky130_fd_sc_hd__xor2_1 cells:      129
ABC RESULTS:   sky130_fd_sc_hd__xor3_1 cells:        1
ABC RESULTS:        internal signals:     1558
ABC RESULTS:           input signals:       81
ABC RESULTS:          output signals:       80
Removing temp directory.

5.2. Extracting gate netlist of module `$paramod$df2e76e9adf843e4cf552d7a3456b243a3ee14cd\pe_col' to `<abc-temp-dir>/input.blif'..
ABC: using cached merged SCL: /tmp/yosys-liberty-scl-cache/yosys_merged_e9e26d0c.scl (1 files)

5.2.1. Executed ABC.
Extracted 0 gates and 0 wires to a netlist network with 0 inputs and 0 outputs.
Don't call ABC as there is nothing to map.
Removing temp directory.

5.3. Extracting gate netlist of module `$paramod$efa8b036ae5db744f6f2c74368bb201696078bfb\array' to `<abc-temp-dir>/input.blif'..
ABC: using cached merged SCL: /tmp/yosys-liberty-scl-cache/yosys_merged_e9e26d0c.scl (1 files)

5.3.1. Executed ABC.
Extracted 0 gates and 0 wires to a netlist network with 0 inputs and 0 outputs.
Don't call ABC as there is nothing to map.
Removing temp directory.
Removing global temp directory.

6. Printing statistics.

=== $paramod$c7f9a3607328e4ea27915ee14549af43b2aed85c\pe ===

        +----------Local Count, excluding submodules.
        |        +-Local Area, excluding submodules.
        |        | 
     2945        - wires
     3225        - wire bits
        9        - public wires
      219        - public wire bits
        7        - ports
      147        - port bits
     1367  1.1E+04 cells
        2   17.517   sky130_fd_sc_hd__a211o_1
        2   15.014   sky130_fd_sc_hd__a211oi_1
        5   37.536   sky130_fd_sc_hd__a21boi_0
        4   30.029   sky130_fd_sc_hd__a21o_1
       89  445.427   sky130_fd_sc_hd__a21oi_1
        2   17.517   sky130_fd_sc_hd__a22o_1
        2   15.014   sky130_fd_sc_hd__a22oi_1
        3   18.768   sky130_fd_sc_hd__a31oi_1
        1    10.01   sky130_fd_sc_hd__a32o_1
        1    8.758   sky130_fd_sc_hd__a32oi_1
       17  106.352   sky130_fd_sc_hd__and2_0
        6   37.536   sky130_fd_sc_hd__and3_1
       26   97.594   sky130_fd_sc_hd__clkinv_1
       80  2001.92   sky130_fd_sc_hd__dfrtp_1
       12   75.072   sky130_fd_sc_hd__lpflow_inputiso1p_1
       21  131.376   sky130_fd_sc_hd__lpflow_isobufsrc_1
       92  920.883   sky130_fd_sc_hd__maj3_1
        1   11.261   sky130_fd_sc_hd__mux2_1
        1    10.01   sky130_fd_sc_hd__mux2i_1
      130  487.968   sky130_fd_sc_hd__nand2_1
       48  300.288   sky130_fd_sc_hd__nand2b_1
        9   45.043   sky130_fd_sc_hd__nand3_1
        1    7.507   sky130_fd_sc_hd__nand3b_1
        1    6.256   sky130_fd_sc_hd__nand4_1
      129  484.214   sky130_fd_sc_hd__nor2_1
        1    6.256   sky130_fd_sc_hd__nor2b_1
       22  110.106   sky130_fd_sc_hd__nor3_1
        1    7.507   sky130_fd_sc_hd__o211ai_1
       21  157.651   sky130_fd_sc_hd__o21a_1
       97  485.466   sky130_fd_sc_hd__o21ai_0
        4   30.029   sky130_fd_sc_hd__o21bai_1
        4   25.024   sky130_fd_sc_hd__o22ai_1
        2   20.019   sky130_fd_sc_hd__o311a_1
        1    8.758   sky130_fd_sc_hd__o311ai_0
        2   17.517   sky130_fd_sc_hd__o31a_1
       27  202.694   sky130_fd_sc_hd__o31ai_1
        3   18.768   sky130_fd_sc_hd__or3_1
        1    8.758   sky130_fd_sc_hd__or3b_1
      351 3.07E+03   sky130_fd_sc_hd__xnor2_1
       15  337.824   sky130_fd_sc_hd__xnor3_1
      129 1.13E+03   sky130_fd_sc_hd__xor2_1
        1   23.773   sky130_fd_sc_hd__xor3_1

   Chip area for module '$paramod$c7f9a3607328e4ea27915ee14549af43b2aed85c\pe': 11003.052800
     of which used for sequential elements: 2001.920000 (18.19%)

=== $paramod$df2e76e9adf843e4cf552d7a3456b243a3ee14cd\pe_col ===

        +----------Local Count, excluding submodules.
        |        +-Local Area, excluding submodules.
        |        | 
       12        - wires
      515        - wire bits
       12        - public wires
      515        - public wire bits
        7        - ports
      195        - port bits
        4        - submodules
        4        -   $paramod$c7f9a3607328e4ea27915ee14549af43b2aed85c\pe

   Chip area for module '$paramod$df2e76e9adf843e4cf552d7a3456b243a3ee14cd\pe_col': 0.000000
     of which used for sequential elements: 0.000000 (-nan%)

=== $paramod$efa8b036ae5db744f6f2c74368bb201696078bfb\array ===

        +----------Local Count, excluding submodules.
        |        +-Local Area, excluding submodules.
        |        | 
       35        - wires
      998        - wire bits
       35        - public wires
      998        - public wire bits
        7        - ports
      582        - port bits
        4        - submodules
        4        -   $paramod$df2e76e9adf843e4cf552d7a3456b243a3ee14cd\pe_col

   Chip area for module '$paramod$efa8b036ae5db744f6f2c74368bb201696078bfb\array': 0.000000
     of which used for sequential elements: 0.000000 (-nan%)

=== design hierarchy ===

        +----------Count including submodules.
        |        +-Area including submodules.
        |        | 
    21872 1.76E+05 $paramod$efa8b036ae5db744f6f2c74368bb201696078bfb\array
     1367  1.1E+04   $paramod$c7f9a3607328e4ea27915ee14549af43b2aed85c\pe

        +----------Count including submodules.
        |        +-Area including submodules.
        |        | 
    47203        - wires
    54658        - wire bits
      227        - public wires
     6562        - public wire bits
      147        - ports
     3714        - port bits
        -        - memories
        -        - memory bits
        -        - processes
    21872 1.76E+05 cells
       32  280.269   sky130_fd_sc_hd__a211o_1
       32   240.23   sky130_fd_sc_hd__a211oi_1
       80  600.576   sky130_fd_sc_hd__a21boi_0
       64  480.461   sky130_fd_sc_hd__a21o_1
     1424 7.13E+03   sky130_fd_sc_hd__a21oi_1
       32  280.269   sky130_fd_sc_hd__a22o_1
       32   240.23   sky130_fd_sc_hd__a22oi_1
       48  300.288   sky130_fd_sc_hd__a31oi_1
       16  160.154   sky130_fd_sc_hd__a32o_1
       16  140.134   sky130_fd_sc_hd__a32oi_1
      272  1.7E+03   sky130_fd_sc_hd__and2_0
       96  600.576   sky130_fd_sc_hd__and3_1
      416 1.56E+03   sky130_fd_sc_hd__clkinv_1
     1280  3.2E+04   sky130_fd_sc_hd__dfrtp_1
      192  1.2E+03   sky130_fd_sc_hd__lpflow_inputiso1p_1
      336  2.1E+03   sky130_fd_sc_hd__lpflow_isobufsrc_1
     1472 1.47E+04   sky130_fd_sc_hd__maj3_1
       16  180.173   sky130_fd_sc_hd__mux2_1
       16  160.154   sky130_fd_sc_hd__mux2i_1
     2080 7.81E+03   sky130_fd_sc_hd__nand2_1
      768  4.8E+03   sky130_fd_sc_hd__nand2b_1
      144  720.691   sky130_fd_sc_hd__nand3_1
       16  120.115   sky130_fd_sc_hd__nand3b_1
       16  100.096   sky130_fd_sc_hd__nand4_1
     2064  7747.43   sky130_fd_sc_hd__nor2_1
       16  100.096   sky130_fd_sc_hd__nor2b_1
      352  1761.69   sky130_fd_sc_hd__nor3_1
       16  120.115   sky130_fd_sc_hd__o211ai_1
      336 2.52E+03   sky130_fd_sc_hd__o21a_1
     1552  7767.45   sky130_fd_sc_hd__o21ai_0
       64  480.461   sky130_fd_sc_hd__o21bai_1
       64  400.384   sky130_fd_sc_hd__o22ai_1
       32  320.307   sky130_fd_sc_hd__o311a_1
       16  140.134   sky130_fd_sc_hd__o311ai_0
       32  280.269   sky130_fd_sc_hd__o31a_1
      432  3243.11   sky130_fd_sc_hd__o31ai_1
       48  300.288   sky130_fd_sc_hd__or3_1
       16  140.134   sky130_fd_sc_hd__or3b_1
     5616 4.92E+04   sky130_fd_sc_hd__xnor2_1
      240 5.41E+03   sky130_fd_sc_hd__xnor3_1
     2064 1.81E+04   sky130_fd_sc_hd__xor2_1
       16  380.365   sky130_fd_sc_hd__xor3_1
        4 1.76E+05 submodules
        4 1.76E+05   $paramod$df2e76e9adf843e4cf552d7a3456b243a3ee14cd\pe_col

   Chip area for top module '$paramod$efa8b036ae5db744f6f2c74368bb201696078bfb\array': 176048.844800
     of which used for sequential elements: 32030.720000 (18.19%)

Renaming module $paramod$efa8b036ae5db744f6f2c74368bb201696078bfb\array to array.

7. Executing Verilog backend.

7.1. Executing BMUXMAP pass.

7.2. Executing DEMUXMAP pass.
Dumping module `$paramod$c7f9a3607328e4ea27915ee14549af43b2aed85c\pe'.
Dumping module `$paramod$df2e76e9adf843e4cf552d7a3456b243a3ee14cd\pe_col'.
Dumping module `\array'.

End of script. Logfile hash: d7c69602c7, time: 1.13s, user: 0.53s, system: 0.07s, MEM: 51.50 MB peak
Yosys 0.65+71 (git sha1 e56c6a954, g++ 11.4.0-1ubuntu1~22.04.3 -fPIC -O3)
Time spent: 52% 2x abc (0 sec), 10% 3x read_verilog (0 sec), ...
