OpenSTA 3.1.0  Copyright (c) 2026, Parallax Software, Inc.
License GPLv3: GNU GPL version 3 <http://gnu.org/licenses/gpl.html>

This is free software, and you are free to change and redistribute it
under certain conditions; type `show_copying' for details. 
This program comes with ABSOLUTELY NO WARRANTY; for details type `show_warranty'.
Warning 503: timing.tcl line 1, report_checks -group_count is deprecated. Use -group_path_count instead.
Startpoint: gen_col[0].u_pe_col/gen_pe[0].u_pe/_2299_
            (rising edge-triggered flip-flop clocked by clk)
Endpoint: gen_col[0].u_pe_col/gen_pe[0].u_pe/_2345_
          (rising edge-triggered flip-flop clocked by clk)
Path Group: clk
Path Type: max

  Delay    Time   Description
---------------------------------------------------------
   0.00    0.00   clock clk (rise edge)
   0.00    0.00   clock network delay (ideal)
   0.00    0.00 ^ gen_col[0].u_pe_col/gen_pe[0].u_pe/_2299_/CLK (sky130_fd_sc_hd__dfrtp_1)
   0.62    0.62 ^ gen_col[0].u_pe_col/gen_pe[0].u_pe/_2299_/Q (sky130_fd_sc_hd__dfrtp_1)
   0.17    0.79 v gen_col[0].u_pe_col/gen_pe[0].u_pe/_1974_/Y (sky130_fd_sc_hd__nand2_1)
   0.39    1.18 v gen_col[0].u_pe_col/gen_pe[0].u_pe/_2002_/X (sky130_fd_sc_hd__maj3_1)
   0.39    1.57 v gen_col[0].u_pe_col/gen_pe[0].u_pe/_2024_/X (sky130_fd_sc_hd__xnor3_1)
   0.21    1.78 ^ gen_col[0].u_pe_col/gen_pe[0].u_pe/_2026_/Y (sky130_fd_sc_hd__xnor2_1)
   0.22    2.00 ^ gen_col[0].u_pe_col/gen_pe[0].u_pe/_2045_/X (sky130_fd_sc_hd__xor2_1)
   0.19    2.18 ^ gen_col[0].u_pe_col/gen_pe[0].u_pe/_2046_/X (sky130_fd_sc_hd__xor2_1)
   0.10    2.29 v gen_col[0].u_pe_col/gen_pe[0].u_pe/_2061_/Y (sky130_fd_sc_hd__xnor2_1)
   0.37    2.65 v gen_col[0].u_pe_col/gen_pe[0].u_pe/_2070_/X (sky130_fd_sc_hd__maj3_1)
   0.38    3.04 v gen_col[0].u_pe_col/gen_pe[0].u_pe/_2072_/X (sky130_fd_sc_hd__maj3_1)
   0.25    3.28 ^ gen_col[0].u_pe_col/gen_pe[0].u_pe/_2075_/Y (sky130_fd_sc_hd__a21boi_0)
   0.17    3.45 v gen_col[0].u_pe_col/gen_pe[0].u_pe/_2078_/Y (sky130_fd_sc_hd__o21ai_0)
   0.20    3.65 ^ gen_col[0].u_pe_col/gen_pe[0].u_pe/_2081_/Y (sky130_fd_sc_hd__a21oi_1)
   0.13    3.78 v gen_col[0].u_pe_col/gen_pe[0].u_pe/_2084_/Y (sky130_fd_sc_hd__o21bai_1)
   0.19    3.97 ^ gen_col[0].u_pe_col/gen_pe[0].u_pe/_2086_/Y (sky130_fd_sc_hd__a21oi_1)
   0.15    4.12 v gen_col[0].u_pe_col/gen_pe[0].u_pe/_2088_/Y (sky130_fd_sc_hd__o21ai_0)
   0.20    4.32 ^ gen_col[0].u_pe_col/gen_pe[0].u_pe/_2091_/Y (sky130_fd_sc_hd__a21oi_1)
   0.15    4.47 v gen_col[0].u_pe_col/gen_pe[0].u_pe/_2094_/Y (sky130_fd_sc_hd__o21ai_0)
   0.17    4.64 ^ gen_col[0].u_pe_col/gen_pe[0].u_pe/_2221_/Y (sky130_fd_sc_hd__a21oi_1)
   0.08    4.72 v gen_col[0].u_pe_col/gen_pe[0].u_pe/_2279_/Y (sky130_fd_sc_hd__xnor2_1)
   0.27    4.99 v gen_col[0].u_pe_col/gen_pe[0].u_pe/_2280_/X (sky130_fd_sc_hd__mux2_1)
   0.00    4.99 v gen_col[0].u_pe_col/gen_pe[0].u_pe/_2345_/D (sky130_fd_sc_hd__dfrtp_1)
           4.99   data arrival time

  20.00   20.00   clock clk (rise edge)
   0.00   20.00   clock network delay (ideal)
   0.00   20.00   clock reconvergence pessimism
          20.00 ^ gen_col[0].u_pe_col/gen_pe[0].u_pe/_2345_/CLK (sky130_fd_sc_hd__dfrtp_1)
  -0.13   19.87   library setup time
          19.87   data required time
---------------------------------------------------------
          19.87   data required time
          -4.99   data arrival time
---------------------------------------------------------
          14.89   slack (MET)


Startpoint: gen_col[0].u_pe_col/gen_pe[10].u_pe/_2299_
            (rising edge-triggered flip-flop clocked by clk)
Endpoint: gen_col[0].u_pe_col/gen_pe[10].u_pe/_2345_
          (rising edge-triggered flip-flop clocked by clk)
Path Group: clk
Path Type: max

  Delay    Time   Description
---------------------------------------------------------
   0.00    0.00   clock clk (rise edge)
   0.00    0.00   clock network delay (ideal)
   0.00    0.00 ^ gen_col[0].u_pe_col/gen_pe[10].u_pe/_2299_/CLK (sky130_fd_sc_hd__dfrtp_1)
   0.62    0.62 ^ gen_col[0].u_pe_col/gen_pe[10].u_pe/_2299_/Q (sky130_fd_sc_hd__dfrtp_1)
   0.17    0.79 v gen_col[0].u_pe_col/gen_pe[10].u_pe/_1974_/Y (sky130_fd_sc_hd__nand2_1)
   0.39    1.18 v gen_col[0].u_pe_col/gen_pe[10].u_pe/_2002_/X (sky130_fd_sc_hd__maj3_1)
   0.39    1.57 v gen_col[0].u_pe_col/gen_pe[10].u_pe/_2024_/X (sky130_fd_sc_hd__xnor3_1)
   0.21    1.78 ^ gen_col[0].u_pe_col/gen_pe[10].u_pe/_2026_/Y (sky130_fd_sc_hd__xnor2_1)
   0.22    2.00 ^ gen_col[0].u_pe_col/gen_pe[10].u_pe/_2045_/X (sky130_fd_sc_hd__xor2_1)
   0.19    2.18 ^ gen_col[0].u_pe_col/gen_pe[10].u_pe/_2046_/X (sky130_fd_sc_hd__xor2_1)
   0.10    2.29 v gen_col[0].u_pe_col/gen_pe[10].u_pe/_2061_/Y (sky130_fd_sc_hd__xnor2_1)
   0.37    2.65 v gen_col[0].u_pe_col/gen_pe[10].u_pe/_2070_/X (sky130_fd_sc_hd__maj3_1)
   0.38    3.04 v gen_col[0].u_pe_col/gen_pe[10].u_pe/_2072_/X (sky130_fd_sc_hd__maj3_1)
   0.25    3.28 ^ gen_col[0].u_pe_col/gen_pe[10].u_pe/_2075_/Y (sky130_fd_sc_hd__a21boi_0)
   0.17    3.45 v gen_col[0].u_pe_col/gen_pe[10].u_pe/_2078_/Y (sky130_fd_sc_hd__o21ai_0)
   0.20    3.65 ^ gen_col[0].u_pe_col/gen_pe[10].u_pe/_2081_/Y (sky130_fd_sc_hd__a21oi_1)
   0.13    3.78 v gen_col[0].u_pe_col/gen_pe[10].u_pe/_2084_/Y (sky130_fd_sc_hd__o21bai_1)
   0.19    3.97 ^ gen_col[0].u_pe_col/gen_pe[10].u_pe/_2086_/Y (sky130_fd_sc_hd__a21oi_1)
   0.15    4.12 v gen_col[0].u_pe_col/gen_pe[10].u_pe/_2088_/Y (sky130_fd_sc_hd__o21ai_0)
   0.20    4.32 ^ gen_col[0].u_pe_col/gen_pe[10].u_pe/_2091_/Y (sky130_fd_sc_hd__a21oi_1)
   0.15    4.47 v gen_col[0].u_pe_col/gen_pe[10].u_pe/_2094_/Y (sky130_fd_sc_hd__o21ai_0)
   0.17    4.64 ^ gen_col[0].u_pe_col/gen_pe[10].u_pe/_2221_/Y (sky130_fd_sc_hd__a21oi_1)
   0.08    4.72 v gen_col[0].u_pe_col/gen_pe[10].u_pe/_2279_/Y (sky130_fd_sc_hd__xnor2_1)
   0.27    4.99 v gen_col[0].u_pe_col/gen_pe[10].u_pe/_2280_/X (sky130_fd_sc_hd__mux2_1)
   0.00    4.99 v gen_col[0].u_pe_col/gen_pe[10].u_pe/_2345_/D (sky130_fd_sc_hd__dfrtp_1)
           4.99   data arrival time

  20.00   20.00   clock clk (rise edge)
   0.00   20.00   clock network delay (ideal)
   0.00   20.00   clock reconvergence pessimism
          20.00 ^ gen_col[0].u_pe_col/gen_pe[10].u_pe/_2345_/CLK (sky130_fd_sc_hd__dfrtp_1)
  -0.13   19.87   library setup time
          19.87   data required time
---------------------------------------------------------
          19.87   data required time
          -4.99   data arrival time
---------------------------------------------------------
          14.89   slack (MET)


Startpoint: gen_col[0].u_pe_col/gen_pe[11].u_pe/_2299_
            (rising edge-triggered flip-flop clocked by clk)
Endpoint: gen_col[0].u_pe_col/gen_pe[11].u_pe/_2345_
          (rising edge-triggered flip-flop clocked by clk)
Path Group: clk
Path Type: max

  Delay    Time   Description
---------------------------------------------------------
   0.00    0.00   clock clk (rise edge)
   0.00    0.00   clock network delay (ideal)
   0.00    0.00 ^ gen_col[0].u_pe_col/gen_pe[11].u_pe/_2299_/CLK (sky130_fd_sc_hd__dfrtp_1)
   0.62    0.62 ^ gen_col[0].u_pe_col/gen_pe[11].u_pe/_2299_/Q (sky130_fd_sc_hd__dfrtp_1)
   0.17    0.79 v gen_col[0].u_pe_col/gen_pe[11].u_pe/_1974_/Y (sky130_fd_sc_hd__nand2_1)
   0.39    1.18 v gen_col[0].u_pe_col/gen_pe[11].u_pe/_2002_/X (sky130_fd_sc_hd__maj3_1)
   0.39    1.57 v gen_col[0].u_pe_col/gen_pe[11].u_pe/_2024_/X (sky130_fd_sc_hd__xnor3_1)
   0.21    1.78 ^ gen_col[0].u_pe_col/gen_pe[11].u_pe/_2026_/Y (sky130_fd_sc_hd__xnor2_1)
   0.22    2.00 ^ gen_col[0].u_pe_col/gen_pe[11].u_pe/_2045_/X (sky130_fd_sc_hd__xor2_1)
   0.19    2.18 ^ gen_col[0].u_pe_col/gen_pe[11].u_pe/_2046_/X (sky130_fd_sc_hd__xor2_1)
   0.10    2.29 v gen_col[0].u_pe_col/gen_pe[11].u_pe/_2061_/Y (sky130_fd_sc_hd__xnor2_1)
   0.37    2.65 v gen_col[0].u_pe_col/gen_pe[11].u_pe/_2070_/X (sky130_fd_sc_hd__maj3_1)
   0.38    3.04 v gen_col[0].u_pe_col/gen_pe[11].u_pe/_2072_/X (sky130_fd_sc_hd__maj3_1)
   0.25    3.28 ^ gen_col[0].u_pe_col/gen_pe[11].u_pe/_2075_/Y (sky130_fd_sc_hd__a21boi_0)
   0.17    3.45 v gen_col[0].u_pe_col/gen_pe[11].u_pe/_2078_/Y (sky130_fd_sc_hd__o21ai_0)
   0.20    3.65 ^ gen_col[0].u_pe_col/gen_pe[11].u_pe/_2081_/Y (sky130_fd_sc_hd__a21oi_1)
   0.13    3.78 v gen_col[0].u_pe_col/gen_pe[11].u_pe/_2084_/Y (sky130_fd_sc_hd__o21bai_1)
   0.19    3.97 ^ gen_col[0].u_pe_col/gen_pe[11].u_pe/_2086_/Y (sky130_fd_sc_hd__a21oi_1)
   0.15    4.12 v gen_col[0].u_pe_col/gen_pe[11].u_pe/_2088_/Y (sky130_fd_sc_hd__o21ai_0)
   0.20    4.32 ^ gen_col[0].u_pe_col/gen_pe[11].u_pe/_2091_/Y (sky130_fd_sc_hd__a21oi_1)
   0.15    4.47 v gen_col[0].u_pe_col/gen_pe[11].u_pe/_2094_/Y (sky130_fd_sc_hd__o21ai_0)
   0.17    4.64 ^ gen_col[0].u_pe_col/gen_pe[11].u_pe/_2221_/Y (sky130_fd_sc_hd__a21oi_1)
   0.08    4.72 v gen_col[0].u_pe_col/gen_pe[11].u_pe/_2279_/Y (sky130_fd_sc_hd__xnor2_1)
   0.27    4.99 v gen_col[0].u_pe_col/gen_pe[11].u_pe/_2280_/X (sky130_fd_sc_hd__mux2_1)
   0.00    4.99 v gen_col[0].u_pe_col/gen_pe[11].u_pe/_2345_/D (sky130_fd_sc_hd__dfrtp_1)
           4.99   data arrival time

  20.00   20.00   clock clk (rise edge)
   0.00   20.00   clock network delay (ideal)
   0.00   20.00   clock reconvergence pessimism
          20.00 ^ gen_col[0].u_pe_col/gen_pe[11].u_pe/_2345_/CLK (sky130_fd_sc_hd__dfrtp_1)
  -0.13   19.87   library setup time
          19.87   data required time
---------------------------------------------------------
          19.87   data required time
          -4.99   data arrival time
---------------------------------------------------------
          14.89   slack (MET)


Startpoint: gen_col[0].u_pe_col/gen_pe[12].u_pe/_2299_
            (rising edge-triggered flip-flop clocked by clk)
Endpoint: gen_col[0].u_pe_col/gen_pe[12].u_pe/_2345_
          (rising edge-triggered flip-flop clocked by clk)
Path Group: clk
Path Type: max

  Delay    Time   Description
---------------------------------------------------------
   0.00    0.00   clock clk (rise edge)
   0.00    0.00   clock network delay (ideal)
   0.00    0.00 ^ gen_col[0].u_pe_col/gen_pe[12].u_pe/_2299_/CLK (sky130_fd_sc_hd__dfrtp_1)
   0.62    0.62 ^ gen_col[0].u_pe_col/gen_pe[12].u_pe/_2299_/Q (sky130_fd_sc_hd__dfrtp_1)
   0.17    0.79 v gen_col[0].u_pe_col/gen_pe[12].u_pe/_1974_/Y (sky130_fd_sc_hd__nand2_1)
   0.39    1.18 v gen_col[0].u_pe_col/gen_pe[12].u_pe/_2002_/X (sky130_fd_sc_hd__maj3_1)
   0.39    1.57 v gen_col[0].u_pe_col/gen_pe[12].u_pe/_2024_/X (sky130_fd_sc_hd__xnor3_1)
   0.21    1.78 ^ gen_col[0].u_pe_col/gen_pe[12].u_pe/_2026_/Y (sky130_fd_sc_hd__xnor2_1)
   0.22    2.00 ^ gen_col[0].u_pe_col/gen_pe[12].u_pe/_2045_/X (sky130_fd_sc_hd__xor2_1)
   0.19    2.18 ^ gen_col[0].u_pe_col/gen_pe[12].u_pe/_2046_/X (sky130_fd_sc_hd__xor2_1)
   0.10    2.29 v gen_col[0].u_pe_col/gen_pe[12].u_pe/_2061_/Y (sky130_fd_sc_hd__xnor2_1)
   0.37    2.65 v gen_col[0].u_pe_col/gen_pe[12].u_pe/_2070_/X (sky130_fd_sc_hd__maj3_1)
   0.38    3.04 v gen_col[0].u_pe_col/gen_pe[12].u_pe/_2072_/X (sky130_fd_sc_hd__maj3_1)
   0.25    3.28 ^ gen_col[0].u_pe_col/gen_pe[12].u_pe/_2075_/Y (sky130_fd_sc_hd__a21boi_0)
   0.17    3.45 v gen_col[0].u_pe_col/gen_pe[12].u_pe/_2078_/Y (sky130_fd_sc_hd__o21ai_0)
   0.20    3.65 ^ gen_col[0].u_pe_col/gen_pe[12].u_pe/_2081_/Y (sky130_fd_sc_hd__a21oi_1)
   0.13    3.78 v gen_col[0].u_pe_col/gen_pe[12].u_pe/_2084_/Y (sky130_fd_sc_hd__o21bai_1)
   0.19    3.97 ^ gen_col[0].u_pe_col/gen_pe[12].u_pe/_2086_/Y (sky130_fd_sc_hd__a21oi_1)
   0.15    4.12 v gen_col[0].u_pe_col/gen_pe[12].u_pe/_2088_/Y (sky130_fd_sc_hd__o21ai_0)
   0.20    4.32 ^ gen_col[0].u_pe_col/gen_pe[12].u_pe/_2091_/Y (sky130_fd_sc_hd__a21oi_1)
   0.15    4.47 v gen_col[0].u_pe_col/gen_pe[12].u_pe/_2094_/Y (sky130_fd_sc_hd__o21ai_0)
   0.17    4.64 ^ gen_col[0].u_pe_col/gen_pe[12].u_pe/_2221_/Y (sky130_fd_sc_hd__a21oi_1)
   0.08    4.72 v gen_col[0].u_pe_col/gen_pe[12].u_pe/_2279_/Y (sky130_fd_sc_hd__xnor2_1)
   0.27    4.99 v gen_col[0].u_pe_col/gen_pe[12].u_pe/_2280_/X (sky130_fd_sc_hd__mux2_1)
   0.00    4.99 v gen_col[0].u_pe_col/gen_pe[12].u_pe/_2345_/D (sky130_fd_sc_hd__dfrtp_1)
           4.99   data arrival time

  20.00   20.00   clock clk (rise edge)
   0.00   20.00   clock network delay (ideal)
   0.00   20.00   clock reconvergence pessimism
          20.00 ^ gen_col[0].u_pe_col/gen_pe[12].u_pe/_2345_/CLK (sky130_fd_sc_hd__dfrtp_1)
  -0.13   19.87   library setup time
          19.87   data required time
---------------------------------------------------------
          19.87   data required time
          -4.99   data arrival time
---------------------------------------------------------
          14.89   slack (MET)


Startpoint: gen_col[0].u_pe_col/gen_pe[13].u_pe/_2299_
            (rising edge-triggered flip-flop clocked by clk)
Endpoint: gen_col[0].u_pe_col/gen_pe[13].u_pe/_2345_
          (rising edge-triggered flip-flop clocked by clk)
Path Group: clk
Path Type: max

  Delay    Time   Description
---------------------------------------------------------
   0.00    0.00   clock clk (rise edge)
   0.00    0.00   clock network delay (ideal)
   0.00    0.00 ^ gen_col[0].u_pe_col/gen_pe[13].u_pe/_2299_/CLK (sky130_fd_sc_hd__dfrtp_1)
   0.62    0.62 ^ gen_col[0].u_pe_col/gen_pe[13].u_pe/_2299_/Q (sky130_fd_sc_hd__dfrtp_1)
   0.17    0.79 v gen_col[0].u_pe_col/gen_pe[13].u_pe/_1974_/Y (sky130_fd_sc_hd__nand2_1)
   0.39    1.18 v gen_col[0].u_pe_col/gen_pe[13].u_pe/_2002_/X (sky130_fd_sc_hd__maj3_1)
   0.39    1.57 v gen_col[0].u_pe_col/gen_pe[13].u_pe/_2024_/X (sky130_fd_sc_hd__xnor3_1)
   0.21    1.78 ^ gen_col[0].u_pe_col/gen_pe[13].u_pe/_2026_/Y (sky130_fd_sc_hd__xnor2_1)
   0.22    2.00 ^ gen_col[0].u_pe_col/gen_pe[13].u_pe/_2045_/X (sky130_fd_sc_hd__xor2_1)
   0.19    2.18 ^ gen_col[0].u_pe_col/gen_pe[13].u_pe/_2046_/X (sky130_fd_sc_hd__xor2_1)
   0.10    2.29 v gen_col[0].u_pe_col/gen_pe[13].u_pe/_2061_/Y (sky130_fd_sc_hd__xnor2_1)
   0.37    2.65 v gen_col[0].u_pe_col/gen_pe[13].u_pe/_2070_/X (sky130_fd_sc_hd__maj3_1)
   0.38    3.04 v gen_col[0].u_pe_col/gen_pe[13].u_pe/_2072_/X (sky130_fd_sc_hd__maj3_1)
   0.25    3.28 ^ gen_col[0].u_pe_col/gen_pe[13].u_pe/_2075_/Y (sky130_fd_sc_hd__a21boi_0)
   0.17    3.45 v gen_col[0].u_pe_col/gen_pe[13].u_pe/_2078_/Y (sky130_fd_sc_hd__o21ai_0)
   0.20    3.65 ^ gen_col[0].u_pe_col/gen_pe[13].u_pe/_2081_/Y (sky130_fd_sc_hd__a21oi_1)
   0.13    3.78 v gen_col[0].u_pe_col/gen_pe[13].u_pe/_2084_/Y (sky130_fd_sc_hd__o21bai_1)
   0.19    3.97 ^ gen_col[0].u_pe_col/gen_pe[13].u_pe/_2086_/Y (sky130_fd_sc_hd__a21oi_1)
   0.15    4.12 v gen_col[0].u_pe_col/gen_pe[13].u_pe/_2088_/Y (sky130_fd_sc_hd__o21ai_0)
   0.20    4.32 ^ gen_col[0].u_pe_col/gen_pe[13].u_pe/_2091_/Y (sky130_fd_sc_hd__a21oi_1)
   0.15    4.47 v gen_col[0].u_pe_col/gen_pe[13].u_pe/_2094_/Y (sky130_fd_sc_hd__o21ai_0)
   0.17    4.64 ^ gen_col[0].u_pe_col/gen_pe[13].u_pe/_2221_/Y (sky130_fd_sc_hd__a21oi_1)
   0.08    4.72 v gen_col[0].u_pe_col/gen_pe[13].u_pe/_2279_/Y (sky130_fd_sc_hd__xnor2_1)
   0.27    4.99 v gen_col[0].u_pe_col/gen_pe[13].u_pe/_2280_/X (sky130_fd_sc_hd__mux2_1)
   0.00    4.99 v gen_col[0].u_pe_col/gen_pe[13].u_pe/_2345_/D (sky130_fd_sc_hd__dfrtp_1)
           4.99   data arrival time

  20.00   20.00   clock clk (rise edge)
   0.00   20.00   clock network delay (ideal)
   0.00   20.00   clock reconvergence pessimism
          20.00 ^ gen_col[0].u_pe_col/gen_pe[13].u_pe/_2345_/CLK (sky130_fd_sc_hd__dfrtp_1)
  -0.13   19.87   library setup time
          19.87   data required time
---------------------------------------------------------
          19.87   data required time
          -4.99   data arrival time
---------------------------------------------------------
          14.89   slack (MET)


Timing Analysis Completed.
